Godot Engine v4.7.stable.official.5b4e0cb0f - https://godotengine.org

[ModLoader] content source=workspace active=C:/Users/Jonathan/Desktop/open-bfme/.private/content-packs/rotwk-men-vslice/3be646b007e086152f6136b19549c9ec5a62a099d107e10e635ad5d39c5b317b
[ContentDB] interface-art: 915 images from C:/Users/Jonathan/Desktop/open-bfme/.private/content-packs/bfme2-men-vslice/7de517bf146582f10741750b50d63f9955c42d1fe2aa13200757fc6fb29f217a/data/interface-art/index.json
[ContentDB] interface-art: 1115 images from C:/Users/Jonathan/Desktop/open-bfme/.private/content-packs/rotwk-men-vslice/3be646b007e086152f6136b19549c9ec5a62a099d107e10e635ad5d39c5b317b/data/interface-art/index.json
[ContentDB] legacy-demo: packs=23 units=33 buildings=42 factions=4 powers=10 research=7 maps=4
[ContentDB] playable: factions=7 (angmar, dwarves, elves, isengard, men, mordor, wild) units=137 structures=148 skipped_units=0
NAVAL_WATER_ROUTE PASS category_naval_is_naval
NAVAL_WATER_ROUTE PASS kindof_ship_is_naval
NAVAL_WATER_ROUTE PASS infantry_is_not_naval
NAVAL_WATER_ROUTE PASS ship_uses_water_query
NAVAL_WATER_ROUTE PASS infantry_uses_land_query
Godot_v4.7-stable_win64_console.exe : NAVAL_WATER_ROUTE FAIL land_only_provider_refuses_ship_by_name (assigned=true 
reason=)
At C:\Users\Jonathan\AppData\Local\Temp\ps-script-13d370f4-7431-4881-b427-04001b1821cb.ps1:94 char:79
+ ... nsole.exe"; & $g --headless --path game --script "res://tests/naval_w ...
+                 ~~~~~~~~~~~~~~~~~~~~~~~~~~~~~~~~~~~~~~~~~~~~~~~~~~~~~~~~~
    + CategoryInfo          : NotSpecified: (NAVAL_WATER_ROU...d=true reason=):String) [], RemoteException
    + FullyQualifiedErrorId : NativeCommandError
 
NAVAL_WATER_ROUTE FAIL land_only_provider_is_never_queried_for_a_ship (land=1)
NAVAL_WATER_ROUTE FAIL absent_provider_refuses_ship_instead_of_fabricating_a_route (assigned=true reason=)
NAVAL_WATER_ROUTE_RESULT passed=5 failed=3
