OPENBFME_PINNED_PYTHON_READY path=c:\Users\Jonathan\Desktop\open-bfme\.private\retail-work\tools\cpython-3.12.13\python.exe version=3.12.13 sha256=32783151cd5d
OPENBFME_IMPORTER_PYTHON=c:\Users\Jonathan\Desktop\open-bfme\.private\retail-work\tools\python-3.12-env\Scripts\python.exe
OPENBFME_IMPORTER_PYTHON_READY version=3.12.13 pillow=12.2.0 fonttools=4.61.1 defusedxml=0.7.1 pytest=9.1.1
RETAIL_INSTALL WARN BFME2_INSTALL is set to "c:\Users\Jonathan\Desktop\open-bfme\.private\retail-work\editions\rotwk\layered-install\layer-1-bfme2 " but no game.dat was found there.
============================= test session starts =============================
platform win32 -- Python 3.12.13, pytest-9.1.1, pluggy-1.6.0 -- c:\Users\Jonathan\Desktop\open-bfme\.private\retail-work\tools\python-3.12-env\Scripts\python.exe
rootdir: c:\Users\Jonathan\Desktop\open-bfme
collecting ... collected 3649 items

importer/tests/test_animation_speed_factor_range.py::test_authored_animation_speed_range_uses_exact_animation_scope PASSED [  0%]
importer/tests/test_animation_speed_factor_range.py::test_authored_animation_speed_range_fails_closed[1.0] PASSED [  0%]
importer/tests/test_animation_speed_factor_range.py::test_authored_animation_speed_range_fails_closed[fast slow] PASSED [  0%]
importer/tests/test_animation_speed_factor_range.py::test_authored_animation_speed_range_fails_closed[0 1] PASSED [  0%]
importer/tests/test_animation_speed_factor_range.py::test_authored_animation_speed_range_fails_closed[1.2 0.8] PASSED [  0%]
importer/tests/test_animation_speed_factor_range.py::test_integer_animation_property_uses_exact_scope_and_preserves_receipt[AnimationBlendTime-0-0] PASSED [  0%]
importer/tests/test_animation_speed_factor_range.py::test_integer_animation_property_uses_exact_scope_and_preserves_receipt[AnimationBlendTime-1666-1666] PASSED [  0%]
importer/tests/test_animation_speed_factor_range.py::test_integer_animation_property_uses_exact_scope_and_preserves_receipt[AnimationPriority-0-0] PASSED [  0%]
importer/tests/test_animation_speed_factor_range.py::test_integer_animation_property_uses_exact_scope_and_preserves_receipt[AnimationPriority-500-500] PASSED [  0%]
importer/tests/test_animation_speed_factor_range.py::test_integer_animation_property_does_not_leak_across_defining_object PASSED [  0%]
importer/tests/test_animation_speed_factor_range.py::test_integer_animation_property_fails_closed[-1] PASSED [  0%]
importer/tests/test_animation_speed_factor_range.py::test_integer_animation_property_fails_closed[1.5] PASSED [  0%]
importer/tests/test_animation_speed_factor_range.py::test_integer_animation_property_fails_closed[10 ms] PASSED [  0%]
importer/tests/test_animation_speed_factor_range.py::test_integer_animation_property_fails_closed[] PASSED [  0%]
importer/tests/test_animation_speed_factor_range.py::test_integer_animation_property_fails_closed[2147483648] PASSED [  0%]
importer/tests/test_animation_speed_factor_range.py::test_repeated_animation_scalar_uses_last_authored_value PASSED [  0%]
importer/tests/test_animation_speed_factor_range.py::test_anonymous_sibling_animation_blocks_keep_exact_property_ownership PASSED [  0%]
importer/tests/test_armor_compiler.py::test_armor_table_resolves_scalars_and_provenance PASSED [  0%]
importer/tests/test_armor_compiler.py::test_armor_table_resolves_authored_damage_scalar PASSED [  0%]
importer/tests/test_armor_compiler.py::test_armor_table_accepts_retail_bare_percent_magnitudes PASSED [  0%]
importer/tests/test_armor_compiler.py::test_armor_table_fails_closed_on_unknown_set PASSED [  0%]
importer/tests/test_armor_compiler.py::test_armor_table_fails_closed_on_conflicting_rows PASSED [  0%]
importer/tests/test_armor_compiler.py::test_armor_table_fails_closed_on_missing_default PASSED [  0%]
importer/tests/test_armor_compiler.py::test_armor_table_fails_closed_on_unknown_damage_type PASSED [  0%]
importer/tests/test_armor_compiler.py::test_frost_accepted_under_rotwk PASSED [  0%]
importer/tests/test_armor_compiler.py::test_frost_rejected_under_bfme2 PASSED [  0%]
importer/tests/test_armor_compiler.py::test_unknown_damage_type_rejected_under_both_games PASSED [  0%]
importer/tests/test_armor_compiler.py::test_unknown_game_fails_closed PASSED [  0%]
importer/tests/test_armor_compiler.py::test_bfme2_vocabulary_accepted_under_rotwk PASSED [  0%]
importer/tests/test_armor_compiler.py::test_armor_contract_without_armor_set_records_engine_passthrough PASSED [  0%]
importer/tests/test_armor_compiler.py::test_armor_contract_resolves_base_and_upgrade_sets PASSED [  0%]
importer/tests/test_armor_compiler.py::test_armor_contract_defaults_armor_set_flag PASSED [  0%]
importer/tests/test_armor_compiler.py::test_armor_contract_records_missing_authored_set_as_engine_passthrough PASSED [  0%]
importer/tests/test_armor_compiler.py::test_armor_contract_still_fails_closed_on_malformed_known_set PASSED [  0%]
importer/tests/test_armor_compiler.py::test_bfme2_outpost_and_signal_fire_use_retail_null_armor_damage PASSED [  0%]
importer/tests/test_armor_compiler.py::test_armor_contract_records_a_dangling_upgrade_as_an_engine_no_op PASSED [  0%]
importer/tests/test_armor_compiler.py::test_armor_contract_records_dangling_upgrade_with_flag_authored_explicitly PASSED [  1%]
importer/tests/test_armor_compiler.py::test_armor_contract_treats_an_empty_armor_set_flag_as_the_default PASSED [  1%]
importer/tests/test_armor_compiler.py::test_armor_contract_records_unmatched_upgrade_sets PASSED [  1%]
importer/tests/test_armor_compiler.py::test_armor_contract_keeps_mount_state_sets_out_of_the_upgrade_gate PASSED [  1%]
importer/tests/test_armor_compiler.py::test_armor_contract_mount_state_set_still_matches_its_own_upgrade PASSED [  1%]
importer/tests/test_armor_compiler.py::test_armor_contract_mixed_mount_upgrade_set_is_conditional_without_armor_upgrade PASSED [  1%]
importer/tests/test_armor_compiler.py::test_weapon_upgrade_compiles_weapon_swap PASSED [  1%]
importer/tests/test_armor_compiler.py::test_weapon_upgrade_compiles_warhead_upgrade PASSED [  1%]
importer/tests/test_armor_compiler.py::test_weapon_upgrade_compiles_nugget_upgrade PASSED [  1%]
importer/tests/test_armor_compiler.py::test_weapon_upgrade_deduplicates_repeated_behaviors PASSED [  1%]
importer/tests/test_armor_compiler.py::test_weapon_upgrade_fails_closed_on_unresolvable_swap PASSED [  1%]
importer/tests/test_armor_compiler.py::test_weapon_upgrade_fails_closed_without_any_effect PASSED [  1%]
importer/tests/test_armor_compiler.py::test_weapon_upgrade_emits_legality_only_with_duplicate_player_weapon PASSED [  1%]
importer/tests/test_armor_compiler.py::test_noldor_default_silverthorn_shell_is_production_legality_only PASSED [  1%]
importer/tests/test_armor_compiler.py::test_named_silverthorn_upgrade_without_default_silverthorn_still_fails PASSED [  1%]
importer/tests/test_armor_compiler.py::test_horde_coordination_weapon_swap_preserves_range_without_damage PASSED [  1%]
importer/tests/test_armor_compiler.py::test_unit_descriptor_carries_compiled_armor_and_forge_upgrades PASSED [  1%]
importer/tests/test_armor_compiler.py::test_structure_descriptor_carries_compiled_armor PASSED [  1%]
importer/tests/test_armor_compiler.py::test_unit_descriptor_records_absent_authored_armor_as_passthrough PASSED [  1%]
importer/tests/test_armor_compiler.py::test_status_bits_dummy_upgrade_resolves_gated_nugget_effect PASSED [  1%]
importer/tests/test_armor_compiler.py::test_status_bits_dummy_upgrade_resolves_player_upgrade_weapon_swap PASSED [  1%]
importer/tests/test_armor_compiler.py::test_status_bits_horde_trigger_joins_member_weapon_swap_only PASSED [  1%]
importer/tests/test_armor_compiler.py::test_status_bits_horde_trigger_joins_member_coordination_weapon PASSED [  1%]
importer/tests/test_armor_compiler.py::test_status_bits_unrelated_horde_trigger_does_not_join_member_weapon PASSED [  1%]
importer/tests/test_armor_compiler.py::test_status_bits_legality_marker_stays_out_of_weapon_upgrades PASSED [  1%]
importer/tests/test_armor_compiler.py::test_status_bits_same_player_upgrade_weapon_is_not_a_swap PASSED [  1%]
importer/tests/test_armor_compiler.py::test_status_bits_weapon_swap_fails_closed_without_authored_damage PASSED [  1%]
importer/tests/test_asset_census.py::AssetCensusTests::test_case_insensitive_precedence_winners_and_totals_are_exact PASSED [  1%]
importer/tests/test_asset_census.py::AssetCensusTests::test_classification_is_case_insensitive_path_aware_and_explicit 
importer/tests/test_asset_census.py::AssetCensusTests::test_classification_is_case_insensitive_path_aware_and_explicit PASSED [  1%]
importer/tests/test_asset_census.py::AssetCensusTests::test_neutral_output_is_order_independent_json_ready_and_payload_free PASSED [  1%]
importer/tests/test_asset_census.py::AssetCensusTests::test_unsafe_catalog_paths_fail_closed PASSED [  1%]
importer/tests/test_banner_carrier_contract.py::test_banner_carrier_defaults_min_level_to_two PASSED [  1%]
importer/tests/test_banner_carrier_contract.py::test_banner_carrier_respects_authored_min_level_zero PASSED [  1%]
importer/tests/test_banner_carrier_contract.py::test_banner_carrier_absent_when_not_authored PASSED [  1%]
importer/tests/test_banner_carrier_contract.py::test_banner_carrier_rejects_bad_position PASSED [  1%]
importer/tests/test_banner_carrier_contract.py::test_banner_update_retains_authored_respawn_lower_bounds PASSED [  1%]
importer/tests/test_banner_carrier_contract.py::test_banner_update_without_authored_death_timer_cannot_respawn PASSED [  2%]
importer/tests/test_banner_carrier_contract.py::test_banner_update_rejects_invented_or_symbolic_respawn_time PASSED [  2%]
importer/tests/test_bfme2_neutral_visual_recipe_oracle.py::test_real_neutral_visual_recipe_closes_exact_retail_form[AragornOathbreaker1] PASSED [  2%]
importer/tests/test_bfme2_neutral_visual_recipe_oracle.py::test_real_neutral_visual_recipe_closes_exact_retail_form[CINE_GrnDrgn_Flying] PASSED [  2%]
importer/tests/test_bfme2_neutral_visual_recipe_oracle.py::test_real_neutral_visual_recipe_closes_exact_retail_form[IsengardMurderOfCrows] PASSED [  2%]
importer/tests/test_bfme2_neutral_visual_recipe_oracle.py::test_real_neutral_visual_recipe_closes_exact_retail_form[RohanOathbreaker1] PASSED [  2%]
importer/tests/test_bfme2_neutral_visual_recipe_oracle.py::test_real_neutral_visual_recipe_closes_exact_retail_form[WildBatCloud] PASSED [  2%]
importer/tests/test_bfme2_neutral_visual_recipe_oracle.py::test_real_neutral_visual_recipe_closes_exact_retail_form[RohanOathbreakersCavalry] PASSED [  2%]
importer/tests/test_bfme2_neutral_visual_recipe_oracle.py::test_real_neutral_visual_recipe_closes_exact_retail_form[CreateAHeroFamiliar_Base] PASSED [  2%]
importer/tests/test_bfme2_neutral_visual_recipe_oracle.py::test_real_neutral_visual_recipe_closes_exact_retail_form[MordorBalrog] PASSED [  2%]
importer/tests/test_bfme2_neutral_visual_recipe_oracle.py::test_real_static_idle_gap_survives_neutral_artifact_envelope[CINE_GrnDrgn_Flying-WUDrogoth_FLYS-data/ini/object/cinematic/cinematicobjects.ini-28711] PASSED [  2%]
importer/tests/test_bfme2_neutral_visual_recipe_oracle.py::test_real_static_idle_gap_survives_neutral_artifact_envelope[IsengardMurderOfCrows-Crebain_SKL.Crebain_IDLA-data/ini/object/neutral/neutralunits.ini-3051] PASSED [  2%]
importer/tests/test_big.py::BigArchiveTests::test_bounded_in_memory_read_revalidates_entry PASSED [  2%]
importer/tests/test_big.py::BigArchiveTests::test_cached_bytes_are_verified_against_current_archive PASSED [  2%]
importer/tests/test_big.py::BigArchiveTests::test_extraction_limits_apply_before_writes PASSED [  2%]
importer/tests/test_big.py::BigArchiveTests::test_rejects_case_colliding_extraction_targets PASSED [  2%]
importer/tests/test_big.py::BigArchiveTests::test_rejects_forged_entry_metadata_not_in_directory PASSED [  2%]
importer/tests/test_big.py::BigArchiveTests::test_rejects_parent_traversal PASSED [  2%]
importer/tests/test_big.py::BigArchiveTests::test_rejects_windows_device_and_ads_paths 
importer/tests/test_big.py::BigArchiveTests::test_rejects_windows_device_and_ads_paths PASSED [  2%]
importer/tests/test_big.py::BigArchiveTests::test_stream_parse_and_exact_extract PASSED [  2%]
importer/tests/test_blender_tool_cache.py::BlenderToolCacheTests::test_override_tree_is_attested_but_never_purged PASSED [  2%]
importer/tests/test_blender_tool_cache.py::BlenderToolCacheTests::test_pinned_plugin_bootstrap_recovers_caches_then_attests_git PASSED [  2%]
importer/tests/test_blender_tool_cache.py::BlenderToolCacheTests::test_plugin_override_is_attested_but_never_purged PASSED [  2%]
importer/tests/test_blender_tool_cache.py::BlenderToolCacheTests::test_plugin_prepare_rejects_commit_and_source_drift PASSED [  2%]
importer/tests/test_blender_tool_cache.py::BlenderToolCacheTests::test_plugin_status_is_observational_and_does_not_remove_cache PASSED [  2%]
importer/tests/test_blender_tool_cache.py::BlenderToolCacheTests::test_prepare_fails_closed_on_source_and_executable_mutation PASSED [  2%]
importer/tests/test_blender_tool_cache.py::BlenderToolCacheTests::test_prepare_removes_only_bounded_cache_then_attests_exact_tree PASSED [  2%]
importer/tests/test_blender_tool_cache.py::BlenderToolCacheTests::test_purge_bounds_are_checked_before_any_removal PASSED [  2%]
importer/tests/test_blender_tool_cache.py::BlenderToolCacheTests::test_purge_refuses_link_without_touching_external_target SKIPPED [  2%]
importer/tests/test_blender_tool_cache.py::BlenderToolCacheTests::test_tool_status_is_observational_and_does_not_remove_cache PASSED [  2%]
importer/tests/test_blender_tool_cache.py::BlenderToolCacheTests::test_w3d_execution_prepares_blender_then_plugin PASSED [  2%]
importer/tests/test_blender_tool_cache.py::BlenderToolCacheTests::test_w3d_preflight_defers_expensive_attestation_to_batch PASSED [  2%]
importer/tests/test_blender_tool_cache.py::PluginProvenanceExactRootTests::test_plugin_nested_in_a_checkout_does_not_inherit_its_head PASSED [  2%]
importer/tests/test_blender_tool_cache.py::PluginProvenanceExactRootTests::test_plugin_status_never_inherits_an_enclosing_checkouts_commit PASSED [  2%]
importer/tests/test_blender_tool_cache.py::PluginProvenanceExactRootTests::test_updater_submodule_must_be_its_own_repository_root PASSED [  2%]
importer/tests/test_bundle.py::BundleDigestTests::test_digest_is_order_independent_and_byte_sensitive PASSED [  2%]
importer/tests/test_bundle.py::W3dBundleMetadataTests::test_fixture_produces_semantic_payload_free_bundle_metadata PASSED [  2%]
importer/tests/test_bundle.py::W3dBundleMetadataTests::test_report_fails_closed_on_remaining_helpers_wrong_hand_or_missing_role 
importer/tests/test_bundle.py::W3dBundleMetadataTests::test_report_fails_closed_on_remaining_helpers_wrong_hand_or_missing_role PASSED [  3%]
importer/tests/test_bundle.py::W3dBundleMetadataTests::test_report_rejects_noncanonical_inventory_and_unrequested_capability PASSED [  3%]
importer/tests/test_cah_model_pack.py::test_mesh_list_is_derived_from_the_descriptor_not_a_hardcoded_roster PASSED [  3%]
importer/tests/test_cah_model_pack.py::test_a_new_subclass_in_the_descriptor_enters_the_pack_automatically PASSED [  3%]
importer/tests/test_cah_model_pack.py::test_resources_convert_each_mesh_to_its_contracted_pack_path PASSED [  3%]
importer/tests/test_cah_model_pack.py::test_textures_ride_as_a_staged_companion_resource PASSED [  3%]
importer/tests/test_cah_model_pack.py::test_missing_retail_w3d_is_refused_by_name PASSED [  3%]
importer/tests/test_cah_model_pack.py::test_mesh_without_a_skeleton_refuses_rather_than_staging_a_loose_skin PASSED [  3%]
importer/tests/test_cah_model_pack.py::test_one_mesh_bound_to_two_hierarchies_refuses PASSED [  3%]
importer/tests/test_cah_model_pack.py::test_emitted_resources_are_valid_to_the_import_profile_schema PASSED [  3%]
importer/tests/test_cah_model_pack.py::test_texture_resolver_bridges_authored_tga_to_the_compiled_dds PASSED [  3%]
importer/tests/test_cah_model_pack.py::test_texture_resolver_handles_rotwk_space_bearing_texture_names PASSED [  3%]
importer/tests/test_cah_model_pack.py::test_unresolved_texture_refuses_rather_than_shipping_an_untextured_hero PASSED [  3%]
importer/tests/test_cah_model_pack.py::test_swap_targets_publish_under_the_retail_basename PASSED [  3%]
importer/tests/test_cah_model_pack.py::test_both_ends_of_a_swap_are_published PASSED [  3%]
importer/tests/test_cah_model_pack.py::test_the_authored_tga_bridges_to_the_compiled_dds PASSED [  3%]
importer/tests/test_cah_model_pack.py::test_a_swap_target_retail_lacks_refuses_the_compile PASSED [  3%]
importer/tests/test_cah_model_pack.py::test_a_system_with_no_swaps_ships_nothing PASSED [  3%]
importer/tests/test_cah_model_pack.py::test_a_creation_screen_mesh_converts_through_the_animated_lane PASSED [  3%]
importer/tests/test_cah_model_pack.py::test_a_battlefield_mesh_keeps_the_still_lane PASSED [  3%]
importer/tests/test_cah_model_pack.py::test_a_clip_retail_never_shipped_is_a_named_gap_not_a_refusal PASSED [  3%]
importer/tests/test_cah_model_pack.py::test_a_mesh_the_install_lacks_is_still_fatal PASSED [  3%]
importer/tests/test_cah_model_pack.py::test_the_receipt_counts_animated_meshes PASSED [  3%]
importer/tests/test_cah_system_compiler.py::CahSystemCompilerTests::test_appearance_options_publish_declared_group_order_without_guessing PASSED [  3%]
importer/tests/test_cah_system_compiler.py::CahSystemCompilerTests::test_attribute_spend_is_one_point_per_step_above_the_minimum PASSED [  3%]
importer/tests/test_cah_system_compiler.py::CahSystemCompilerTests::test_award_and_stat_definitions_are_compiled PASSED [  3%]
importer/tests/test_cah_system_compiler.py::CahSystemCompilerTests::test_base_stats_follow_the_authored_reference_not_a_guessed_define PASSED [  3%]
importer/tests/test_cah_system_compiler.py::CahSystemCompilerTests::test_compilation_is_deterministic PASSED [  3%]
importer/tests/test_cah_system_compiler.py::CahSystemCompilerTests::test_compiles_classes_groups_and_ladders PASSED [  3%]
importer/tests/test_cah_system_compiler.py::CahSystemCompilerTests::test_digests_reject_a_tampered_document PASSED [  3%]
importer/tests/test_cah_system_compiler.py::CahSystemCompilerTests::test_rejects_a_group_order_that_disagrees_with_the_upgrade_name PASSED [  3%]
importer/tests/test_cah_system_compiler.py::CahSystemCompilerTests::test_rejects_a_missing_document_by_name PASSED [  3%]
importer/tests/test_cah_system_compiler.py::CahSystemCompilerTests::test_rejects_a_subclass_whose_default_does_not_spend_its_budget PASSED [  3%]
importer/tests/test_cah_system_compiler.py::CahSystemCompilerTests::test_rejects_an_unresolvable_include PASSED [  3%]
importer/tests/test_cah_system_compiler.py::CahSystemCompilerTests::test_rejects_unordered_min_default_max PASSED [  3%]
importer/tests/test_cah_system_compiler.py::CahSystemCompilerTests::test_runtime_is_a_separate_identity_over_the_same_table PASSED [  3%]
importer/tests/test_cah_system_compiler.py::CahSystemCompilerTests::test_subclass_default_colors_are_typed_rgb_triples PASSED [  4%]
importer/tests/test_cah_system_compiler.py::CahSystemCompilerTests::test_subclass_fixed_voice_routes_are_compiled PASSED [  4%]
importer/tests/test_cah_system_compiler.py::CahSystemCompilerTests::test_voice_projection_limitations_are_named PASSED [  4%]
importer/tests/test_cah_system_compiler.py::CahPowerScreenTests::test_a_tree_is_the_recovered_prerequisite_chain PASSED [  4%]
importer/tests/test_cah_system_compiler.py::CahPowerScreenTests::test_class_binding_is_checked_against_the_declared_class_upgrades PASSED [  4%]
importer/tests/test_cah_system_compiler.py::CahPowerScreenTests::test_costs_resolve_through_the_defines_not_as_literals PASSED [  4%]
importer/tests/test_cah_system_compiler.py::CahPowerScreenTests::test_none_is_the_spelling_for_no_prerequisite PASSED [  4%]
importer/tests/test_cah_system_compiler.py::CahPowerScreenTests::test_only_buttons_carrying_the_cah_ui_fields_are_powers PASSED [  4%]
importer/tests/test_cah_system_compiler.py::CahPowerScreenTests::test_rejects_a_cost_that_resolves_to_nothing PASSED [  4%]
importer/tests/test_cah_system_compiler.py::CahPowerScreenTests::test_rejects_a_power_bound_to_a_class_that_does_not_exist PASSED [  4%]
importer/tests/test_cah_system_compiler.py::CahPowerScreenTests::test_rejects_a_power_no_class_can_select PASSED [  4%]
importer/tests/test_cah_system_compiler.py::CahPowerScreenTests::test_rejects_a_prerequisite_that_names_no_power_button PASSED [  4%]
importer/tests/test_cah_system_compiler.py::CahPowerScreenTests::test_the_catalog_reaches_the_runtime_document PASSED [  4%]
importer/tests/test_cah_system_compiler.py::CahModelBindingTests::test_a_conditional_state_never_becomes_the_base_mesh PASSED [  4%]
importer/tests/test_cah_system_compiler.py::CahModelBindingTests::test_mounted_shares_the_flag_without_replacing_the_base PASSED [  4%]
importer/tests/test_cah_system_compiler.py::CahModelBindingTests::test_rejects_a_flag_raised_with_no_art_behind_it PASSED [  4%]
importer/tests/test_cah_system_compiler.py::CahModelBindingTests::test_rejects_a_subclass_with_no_mesh PASSED [  4%]
importer/tests/test_cah_system_compiler.py::CahModelBindingTests::test_the_base_mesh_is_hoisted_and_the_rig_travels_with_it PASSED [  4%]
importer/tests/test_cah_system_compiler.py::CahModelBindingTests::test_the_battlefield_and_creation_screen_meshes_differ PASSED [  4%]
importer/tests/test_cah_system_compiler.py::CahModelBindingTests::test_the_flag_is_recovered_from_the_trigger_pair PASSED [  4%]
importer/tests/test_cah_system_compiler.py::CahModelBindingTests::test_view_info_is_compiled_as_numbers PASSED [  4%]
importer/tests/test_cah_system_compiler.py::CahExperienceLadderTests::test_a_kind_the_runtime_cannot_apply_is_evidence_not_a_modifier PASSED [  4%]
importer/tests/test_cah_system_compiler.py::CahExperienceLadderTests::test_per_level_effects_are_resolved_not_merely_named PASSED [  4%]
importer/tests/test_cah_system_compiler.py::CahExperienceLadderTests::test_ranks_are_a_contiguous_chain PASSED [  4%]
importer/tests/test_cah_system_compiler.py::CahExperienceLadderTests::test_rejects_a_gap_that_would_strand_a_level PASSED [  4%]
importer/tests/test_cah_system_compiler.py::CahExperienceLadderTests::test_rejects_a_level_naming_a_modifier_list_that_does_not_exist PASSED [  4%]
importer/tests/test_cah_system_compiler.py::CahExperienceLadderTests::test_the_ladder_reaches_the_runtime_document PASSED [  4%]
importer/tests/test_cah_system_compiler.py::CahExperienceLadderTests::test_thresholds_resolve_through_the_defines PASSED [  4%]
importer/tests/test_cah_system_compiler.py::CahGarmentSubObjectTests::test_a_malformed_texture_swap_refuses_the_compile PASSED [  4%]
importer/tests/test_cah_system_compiler.py::CahGarmentSubObjectTests::test_a_module_triggered_by_nothing_refuses_the_compile PASSED [  4%]
importer/tests/test_cah_system_compiler.py::CahGarmentSubObjectTests::test_an_option_carries_the_sub_objects_its_upgrade_reveals PASSED [  4%]
importer/tests/test_cah_system_compiler.py::CahGarmentSubObjectTests::test_an_option_no_module_triggers_still_carries_the_shape PASSED [  4%]
importer/tests/test_cah_system_compiler.py::CahGarmentSubObjectTests::test_sub_object_names_keep_the_authored_spelling PASSED [  4%]
importer/tests/test_cah_system_compiler.py::CahGarmentSubObjectTests::test_texture_swaps_carry_both_ends_and_the_recolour_flag PASSED [  4%]
importer/tests/test_cah_system_compiler.py::CahGarmentSubObjectTests::test_the_default_hidden_set_is_the_whole_corpus_not_one_subclass PASSED [  4%]
importer/tests/test_cah_system_compiler.py::CahGarmentSubObjectTests::test_the_garment_document_is_required PASSED [  4%]
importer/tests/test_cah_system_compiler.py::CahGarmentSubObjectTests::test_two_modules_on_one_upgrade_merge_rather_than_overwrite PASSED [  4%]
importer/tests/test_cah_system_compiler.py::CahWeaponCombatTests::test_a_non_weapon_option_carries_no_combat_block PASSED [  5%]
importer/tests/test_cah_system_compiler.py::CahWeaponCombatTests::test_a_toggle_weapon_set_rides_beside_the_base_not_over_it PASSED [  5%]
importer/tests/test_cah_system_compiler.py::CahWeaponCombatTests::test_a_weapon_option_carries_its_resolved_combat_numbers PASSED [  5%]
importer/tests/test_cah_system_compiler.py::CahWeaponCombatTests::test_a_weapon_template_the_corpus_lacks_refuses_the_compile PASSED [  5%]
importer/tests/test_cah_system_compiler.py::CahWeaponCombatTests::test_a_weapon_with_no_damage_nugget_refuses_the_compile PASSED [  5%]
importer/tests/test_cah_system_compiler.py::CahWeaponCombatTests::test_an_unresolvable_weapon_is_named_never_zeroed PASSED [  5%]
importer/tests/test_cah_system_compiler.py::CahWeaponCombatTests::test_combat_coverage_reaches_the_runtime_document PASSED [  5%]
importer/tests/test_cah_system_compiler.py::CahWeaponCombatTests::test_only_the_first_damage_nugget_is_compiled PASSED [  5%]
importer/tests/test_cah_system_compiler.py::CahObjectBaselineTests::test_a_locomotor_the_corpus_lacks_refuses_the_compile PASSED [  5%]
importer/tests/test_cah_system_compiler.py::CahObjectBaselineTests::test_an_object_with_no_normal_locomotor_set_refuses PASSED [  5%]
importer/tests/test_cah_system_compiler.py::CahObjectBaselineTests::test_base_health_is_the_object_body_not_a_constant PASSED [  5%]
importer/tests/test_cah_system_compiler.py::CahObjectBaselineTests::test_the_baseline_is_compiled_from_the_object_and_its_locomotor PASSED [  5%]
importer/tests/test_cah_system_compiler.py::CahObjectBaselineTests::test_the_baseline_reaches_the_runtime_document PASSED [  5%]
importer/tests/test_cah_system_compiler.py::CahAuthoredGarmentDefaultTests::test_a_marker_naming_an_undeclared_upgrade_refuses_the_compile PASSED [  5%]
importer/tests/test_cah_system_compiler.py::CahAuthoredGarmentDefaultTests::test_an_unmarked_group_contributes_no_default PASSED [  5%]
importer/tests/test_cah_system_compiler.py::CahAuthoredGarmentDefaultTests::test_an_unspaced_marker_still_yields_both_names PASSED [  5%]
importer/tests/test_cah_system_compiler.py::CahAuthoredGarmentDefaultTests::test_the_catalog_row_carries_the_default_flag PASSED [  5%]
importer/tests/test_cah_system_compiler.py::CahAuthoredGarmentDefaultTests::test_the_default_outfit_reaches_the_default_show_set PASSED [  5%]
importer/tests/test_cah_system_compiler.py::CahAuthoredGarmentDefaultTests::test_the_defaults_reach_the_runtime_document PASSED [  5%]
importer/tests/test_cah_system_compiler.py::CahAuthoredGarmentDefaultTests::test_the_marked_option_is_the_subclass_group_default PASSED [  5%]
importer/tests/test_cah_system_compiler.py::CahAuthoredGarmentDefaultTests::test_two_markers_in_one_group_refuse_the_compile PASSED [  5%]
importer/tests/test_cah_system_compiler.py::CahCreationIdleTests::test_a_battlefield_state_contributes_no_creation_idle PASSED [  5%]
importer/tests/test_cah_system_compiler.py::CahCreationIdleTests::test_a_fractional_chance_survives_verbatim PASSED [  5%]
importer/tests/test_cah_system_compiler.py::CahCreationIdleTests::test_a_system_with_no_special_anim_field_refuses PASSED [  5%]
importer/tests/test_cah_system_compiler.py::CahCreationIdleTests::test_a_system_with_no_special_chance_refuses PASSED [  5%]
importer/tests/test_cah_system_compiler.py::CahCreationIdleTests::test_an_anim_file_with_no_creation_state_refuses PASSED [  5%]
importer/tests/test_cah_system_compiler.py::CahCreationIdleTests::test_each_entry_carries_the_converted_glb_animation_name PASSED [  5%]
importer/tests/test_cah_system_compiler.py::CahCreationIdleTests::test_the_glb_name_rule_matches_the_blender_adapter PASSED [  5%]
importer/tests/test_cah_system_compiler.py::CahCreationIdleTests::test_the_idle_names_are_built_from_the_subclass_anim_prefix PASSED [  5%]
importer/tests/test_cah_system_compiler.py::CahCreationIdleTests::test_the_idle_plan_reaches_the_runtime_document PASSED [  5%]
importer/tests/test_cah_system_compiler.py::CahCreationIdleTests::test_the_special_chance_is_a_percent_float_not_a_fraction PASSED [  5%]
importer/tests/test_cah_system_compiler.py::CahCreationIdleTests::test_the_specials_are_not_repeated_in_the_base_loop PASSED [  5%]
importer/tests/test_cah_system_compiler.py::CahCreationIdleTests::test_the_three_specials_come_off_the_system_block PASSED [  5%]
importer/tests/test_castle_behavior.py::test_compiles_all_seven_faction_assignments_with_exact_bse_values[Men-Fortress_Men] PASSED [  5%]
importer/tests/test_castle_behavior.py::test_compiles_all_seven_faction_assignments_with_exact_bse_values[Elves-Fortress_Elves] PASSED [  5%]
importer/tests/test_castle_behavior.py::test_compiles_all_seven_faction_assignments_with_exact_bse_values[Dwarves-Fortress_Dwarven] PASSED [  5%]
importer/tests/test_castle_behavior.py::test_compiles_all_seven_faction_assignments_with_exact_bse_values[Isengard-Fortress_Isengard] PASSED [  6%]
importer/tests/test_castle_behavior.py::test_compiles_all_seven_faction_assignments_with_exact_bse_values[Mordor-Fortress_Mordor] PASSED [  6%]
importer/tests/test_castle_behavior.py::test_compiles_all_seven_faction_assignments_with_exact_bse_values[Wild-Fortress_Wild] PASSED [  6%]
importer/tests/test_castle_behavior.py::test_compiles_all_seven_faction_assignments_with_exact_bse_values[Angmar-Fortress_Angmar] PASSED [  6%]
importer/tests/test_castle_behavior.py::test_authored_castle_missing_faction_assignment_fails_closed PASSED [  6%]
importer/tests/test_castle_behavior.py::test_no_castle_module_is_honestly_absent PASSED [  6%]
importer/tests/test_castle_capabilities.py::test_vocabulary_is_the_six_named_capabilities_in_canonical_order PASSED [  6%]
importer/tests/test_castle_capabilities.py::test_index_registers_all_three_definition_keywords PASSED [  6%]
importer/tests/test_castle_capabilities.py::test_index_preserves_authored_name_case_and_source PASSED [  6%]
importer/tests/test_castle_capabilities.py::test_childobject_inherits_parent_kindof_and_modules PASSED [  6%]
importer/tests/test_castle_capabilities.py::test_childobject_own_kindof_replaces_parent PASSED [  6%]
importer/tests/test_castle_capabilities.py::test_objectreskin_inherits_parent_surface PASSED [  6%]
importer/tests/test_castle_capabilities.py::test_unresolved_parent_fails_closed PASSED [  6%]
importer/tests/test_castle_capabilities.py::test_plain_object_editor_annotation_is_not_a_parent PASSED [  6%]
importer/tests/test_castle_capabilities.py::test_empty_corpus_fails_closed PASSED [  6%]
importer/tests/test_castle_capabilities.py::test_garrison_detection_keys_on_the_contain_module_never_the_kindof PASSED [  6%]
importer/tests/test_castle_capabilities.py::test_citadel_slaughter_contain_is_not_a_garrison PASSED [  6%]
importer/tests/test_castle_capabilities.py::test_gate_detection_uses_kindof_or_the_gate_module PASSED [  6%]
importer/tests/test_castle_capabilities.py::test_derivation_counts_placements_not_unique_types PASSED [  6%]
importer/tests/test_castle_capabilities.py::test_derivation_is_case_insensitive_and_lists_unresolved_uniquely PASSED [  6%]
importer/tests/test_castle_capabilities.py::test_derivation_reports_no_false_capabilities_on_plain_scenery PASSED [  6%]
importer/tests/test_castle_capabilities.py::test_required_capabilities_follow_the_vocabulary_order PASSED [  6%]
importer/tests/test_castle_capabilities.py::test_validate_capability_subset_accepts_canonical_subsets PASSED [  6%]
importer/tests/test_castle_capabilities.py::test_validate_capability_subset_fails_closed[required0] PASSED [  6%]
importer/tests/test_castle_capabilities.py::test_validate_capability_subset_fails_closed[required1] PASSED [  6%]
importer/tests/test_castle_capabilities.py::test_validate_capability_subset_fails_closed[required2] PASSED [  6%]
importer/tests/test_castle_capabilities.py::test_validate_capability_subset_fails_closed[required3] PASSED [  6%]
importer/tests/test_castle_capabilities.py::test_validate_capability_subset_fails_closed[required4] PASSED [  6%]
importer/tests/test_castle_capabilities.py::test_castle_siege_contract_v2_shape PASSED [  6%]
importer/tests/test_castle_capabilities.py::test_castle_siege_contract_v2_rejects_a_noncanonical_required PASSED [  6%]
importer/tests/test_castle_capabilities_oracle.py::test_index_covers_all_three_definition_keywords PASSED [  6%]
importer/tests/test_castle_capabilities_oracle.py::test_every_castle_map_is_covered_by_the_oracle_matrix PASSED [  6%]
importer/tests/test_castle_capabilities_oracle.py::test_capability_matrix_matches_retail[maps/map wor ang carn dum/map wor ang carn dum.map] PASSED [  6%]
importer/tests/test_castle_capabilities_oracle.py::test_capability_matrix_matches_retail[maps/map wor ang fornost/map wor ang fornost.map] PASSED [  6%]
importer/tests/test_castle_capabilities_oracle.py::test_capability_matrix_matches_retail[maps/map wor black gate/map wor black gate.map] PASSED [  6%]
importer/tests/test_castle_capabilities_oracle.py::test_capability_matrix_matches_retail[maps/map wor dol guldur/map wor dol guldur.map] PASSED [  6%]
importer/tests/test_castle_capabilities_oracle.py::test_capability_matrix_matches_retail[maps/map wor erebor/map wor erebor.map] PASSED [  6%]
importer/tests/test_castle_capabilities_oracle.py::test_capability_matrix_matches_retail[maps/map wor grey havens/map wor grey havens.map] PASSED [  7%]
importer/tests/test_castle_capabilities_oracle.py::test_capability_matrix_matches_retail[maps/map wor helms deep/map wor helms deep.map] PASSED [  7%]
importer/tests/test_castle_capabilities_oracle.py::test_capability_matrix_matches_retail[maps/map wor isengard/map wor isengard.map] PASSED [  7%]
importer/tests/test_castle_capabilities_oracle.py::test_capability_matrix_matches_retail[maps/map wor minas morgul/map wor minas morgul.map] PASSED [  7%]
importer/tests/test_castle_capabilities_oracle.py::test_capability_matrix_matches_retail[maps/map wor minas tirith/map wor minas tirith.map] PASSED [  7%]
importer/tests/test_castle_capabilities_oracle.py::test_carn_dum_childobject_trap_stays_pinned PASSED [  7%]
importer/tests/test_castle_capabilities_oracle.py::test_erebor_garrison_trap_stays_pinned PASSED [  7%]
importer/tests/test_castle_capabilities_oracle.py::test_unresolved_typenames_are_zero_or_explained[maps/map wor ang carn dum/map wor ang carn dum.map] PASSED [  7%]
importer/tests/test_castle_capabilities_oracle.py::test_unresolved_typenames_are_zero_or_explained[maps/map wor ang fornost/map wor ang fornost.map] PASSED [  7%]
importer/tests/test_castle_capabilities_oracle.py::test_unresolved_typenames_are_zero_or_explained[maps/map wor black gate/map wor black gate.map] PASSED [  7%]
importer/tests/test_castle_capabilities_oracle.py::test_unresolved_typenames_are_zero_or_explained[maps/map wor dol guldur/map wor dol guldur.map] PASSED [  7%]
importer/tests/test_castle_capabilities_oracle.py::test_unresolved_typenames_are_zero_or_explained[maps/map wor erebor/map wor erebor.map] PASSED [  7%]
importer/tests/test_castle_capabilities_oracle.py::test_unresolved_typenames_are_zero_or_explained[maps/map wor grey havens/map wor grey havens.map] PASSED [  7%]
importer/tests/test_castle_capabilities_oracle.py::test_unresolved_typenames_are_zero_or_explained[maps/map wor helms deep/map wor helms deep.map] PASSED [  7%]
importer/tests/test_castle_capabilities_oracle.py::test_unresolved_typenames_are_zero_or_explained[maps/map wor isengard/map wor isengard.map] PASSED [  7%]
importer/tests/test_castle_capabilities_oracle.py::test_unresolved_typenames_are_zero_or_explained[maps/map wor minas morgul/map wor minas morgul.map] PASSED [  7%]
importer/tests/test_castle_capabilities_oracle.py::test_unresolved_typenames_are_zero_or_explained[maps/map wor minas tirith/map wor minas tirith.map] PASSED [  7%]
importer/tests/test_castle_capabilities_oracle.py::test_map_profile_contract_is_the_v2_derivation[maps/map wor ang carn dum/map wor ang carn dum.map] PASSED [  7%]
importer/tests/test_castle_capabilities_oracle.py::test_map_profile_contract_is_the_v2_derivation[maps/map wor ang fornost/map wor ang fornost.map] PASSED [  7%]
importer/tests/test_castle_capabilities_oracle.py::test_map_profile_contract_is_the_v2_derivation[maps/map wor black gate/map wor black gate.map] PASSED [  7%]
importer/tests/test_castle_capabilities_oracle.py::test_map_profile_contract_is_the_v2_derivation[maps/map wor dol guldur/map wor dol guldur.map] PASSED [  7%]
importer/tests/test_castle_capabilities_oracle.py::test_map_profile_contract_is_the_v2_derivation[maps/map wor erebor/map wor erebor.map] PASSED [  7%]
importer/tests/test_castle_capabilities_oracle.py::test_map_profile_contract_is_the_v2_derivation[maps/map wor grey havens/map wor grey havens.map] PASSED [  7%]
importer/tests/test_castle_capabilities_oracle.py::test_map_profile_contract_is_the_v2_derivation[maps/map wor helms deep/map wor helms deep.map] PASSED [  7%]
importer/tests/test_castle_capabilities_oracle.py::test_map_profile_contract_is_the_v2_derivation[maps/map wor isengard/map wor isengard.map] PASSED [  7%]
importer/tests/test_castle_capabilities_oracle.py::test_map_profile_contract_is_the_v2_derivation[maps/map wor minas morgul/map wor minas morgul.map] PASSED [  7%]
importer/tests/test_castle_capabilities_oracle.py::test_map_profile_contract_is_the_v2_derivation[maps/map wor minas tirith/map wor minas tirith.map] PASSED [  7%]
importer/tests/test_castle_capabilities_oracle.py::test_compiled_erebor_objects_json_agrees_with_parsed_placements PASSED [  7%]
importer/tests/test_castle_fixtures.py::test_admission_compiles_gate_health_armor_geometry_and_modules FAILED [  7%]
importer/tests/test_castle_fixtures.py::test_admission_resolves_health_macros_and_child_objects FAILED [  7%]
importer/tests/test_castle_fixtures.py::test_admission_fails_closed_on_unknown_type PASSED [  7%]
importer/tests/test_castle_fixtures.py::test_fixtures_roles_and_exclusions FAILED [  7%]
importer/tests/test_castle_fixtures.py::test_fixtures_capabilities_are_the_v2_requirement_set FAILED [  7%]
importer/tests/test_castle_fixtures.py::test_gate_fixture_carries_module_block_and_named_geometries FAILED [  7%]
importer/tests/test_castle_fixtures.py::test_garrison_fixture_carries_contain_block FAILED [  7%]
importer/tests/test_castle_fixtures.py::test_fixtures_carry_type_contracts_and_placement_properties FAILED [  7%]
importer/tests/test_castle_fixtures.py::test_validate_accepts_builder_output FAILED [  8%]
importer/tests/test_castle_fixtures.py::test_validate_refuses_malformed_documents[<lambda>-schema0] FAILED [  8%]
importer/tests/test_castle_fixtures.py::test_validate_refuses_malformed_documents[<lambda>-schema1] FAILED [  8%]
importer/tests/test_castle_fixtures.py::test_validate_refuses_malformed_documents[<lambda>-capabilit] FAILED [  8%]
importer/tests/test_castle_fixtures.py::test_validate_refuses_malformed_documents[<lambda>-unknown castle capability] FAILED [  8%]
importer/tests/test_castle_fixtures.py::test_validate_refuses_malformed_documents[<lambda>-canonical order] FAILED [  8%]
importer/tests/test_castle_fixtures.py::test_validate_refuses_malformed_documents[<lambda>-count] FAILED [  8%]
importer/tests/test_castle_fixtures.py::test_validate_refuses_malformed_documents[<lambda>-role] FAILED [  8%]
importer/tests/test_castle_fixtures.py::test_validate_refuses_malformed_documents[<lambda>-typeName] FAILED [  8%]
importer/tests/test_castle_fixtures.py::test_validate_refuses_malformed_documents[<lambda>-duplicate] FAILED [  8%]
importer/tests/test_castle_fixtures.py::test_validate_refuses_malformed_documents[<lambda>-originalOwner] FAILED [  8%]
importer/tests/test_castle_fixtures.py::test_validate_refuses_malformed_documents[<lambda>-maxHealth] FAILED [  8%]
importer/tests/test_castle_fixtures.py::test_validate_refuses_malformed_documents[<lambda>-armor] FAILED [  8%]
importer/tests/test_castle_fixtures.py::test_validate_refuses_malformed_documents[<lambda>-geometries] FAILED [  8%]
importer/tests/test_castle_fixtures.py::test_validate_refuses_malformed_documents[<lambda>-containMax] FAILED [  8%]
importer/tests/test_castle_fixtures.py::test_validate_refuses_malformed_documents[<lambda>-garrison] FAILED [  8%]
importer/tests/test_castle_fixtures.py::test_convert_sage_map_emits_fixtures_document FAILED [  8%]
importer/tests/test_castle_fixtures.py::test_convert_sage_map_without_fixtures_stays_silent PASSED [  8%]
importer/tests/test_castle_fixtures.py::test_convert_sage_map_refuses_malformed_fixtures FAILED [  8%]
importer/tests/test_castle_fixtures.py::test_seed_disposition_seeds_combat_structures PASSED [  8%]
importer/tests/test_castle_fixtures.py::test_seed_disposition_defers_creep_lairs_to_the_creep_lane PASSED [  8%]
importer/tests/test_castle_fixtures.py::test_seed_disposition_skips_inert_scenery PASSED [  8%]
importer/tests/test_castle_fixtures.py::test_seed_disposition_skips_capturable_flags PASSED [  8%]
importer/tests/test_castle_fixtures.py::test_map_fixture_object_id_is_loader_safe PASSED [  8%]
importer/tests/test_castle_fixtures.py::test_map_fixture_object_id_refuses_unsafe_names PASSED [  8%]
importer/tests/test_castle_fixtures.py::test_rebind_moves_seeded_fixture_types_to_structures PASSED [  8%]
importer/tests/test_castle_fixtures.py::test_rebind_leaves_deferred_fixture_types_renderable PASSED [  8%]
importer/tests/test_castle_fixtures.py::test_rebind_records_fixture_types_without_a_visual_binding PASSED [  8%]
importer/tests/test_castle_fixtures.py::test_rebind_refuses_a_fixture_type_declared_logical PASSED [  8%]
importer/tests/test_castle_fixtures.py::test_rebind_refuses_object_id_casefold_collisions PASSED [  8%]
importer/tests/test_castle_fixtures.py::test_rebind_refuses_malformed_binding_rows PASSED [  8%]
importer/tests/test_castle_fixtures_oracle.py::test_erebor_gate_doors_descriptor_matches_authored_ini PASSED [  8%]
importer/tests/test_castle_fixtures_oracle.py::test_eb_garrisonable_tower_descriptor_matches_authored_ini PASSED [  8%]
importer/tests/test_castle_fixtures_oracle.py::test_erebor_emits_one_gate_fixture_with_authored_contract ERROR [  8%]
importer/tests/test_castle_fixtures_oracle.py::test_erebor_emits_six_garrison_fixtures_with_contain_max_3 ERROR [  8%]
importer/tests/test_castle_fixtures_oracle.py::test_every_castle_map_fixtures_validate_and_match_the_matrix[maps/map wor ang carn dum/map wor ang carn dum.map] ERROR [  8%]
importer/tests/test_castle_fixtures_oracle.py::test_every_castle_map_fixtures_validate_and_match_the_matrix[maps/map wor ang fornost/map wor ang fornost.map] ERROR [  8%]
importer/tests/test_castle_fixtures_oracle.py::test_every_castle_map_fixtures_validate_and_match_the_matrix[maps/map wor black gate/map wor black gate.map] ERROR [  9%]
importer/tests/test_castle_fixtures_oracle.py::test_every_castle_map_fixtures_validate_and_match_the_matrix[maps/map wor dol guldur/map wor dol guldur.map] ERROR [  9%]
importer/tests/test_castle_fixtures_oracle.py::test_every_castle_map_fixtures_validate_and_match_the_matrix[maps/map wor erebor/map wor erebor.map] ERROR [  9%]
importer/tests/test_castle_fixtures_oracle.py::test_every_castle_map_fixtures_validate_and_match_the_matrix[maps/map wor grey havens/map wor grey havens.map] ERROR [  9%]
importer/tests/test_castle_fixtures_oracle.py::test_every_castle_map_fixtures_validate_and_match_the_matrix[maps/map wor helms deep/map wor helms deep.map] ERROR [  9%]
importer/tests/test_castle_fixtures_oracle.py::test_every_castle_map_fixtures_validate_and_match_the_matrix[maps/map wor isengard/map wor isengard.map] ERROR [  9%]
importer/tests/test_castle_fixtures_oracle.py::test_every_castle_map_fixtures_validate_and_match_the_matrix[maps/map wor minas morgul/map wor minas morgul.map] ERROR [  9%]
importer/tests/test_castle_fixtures_oracle.py::test_every_castle_map_fixtures_validate_and_match_the_matrix[maps/map wor minas tirith/map wor minas tirith.map] ERROR [  9%]
importer/tests/test_castle_fixtures_oracle.py::test_compiled_erebor_fixtures_agree_with_parsed_fixtures PASSED [  9%]
importer/tests/test_castle_fixtures_oracle.py::test_registry_tool_emits_fixtures_options_for_castle_maps_only PASSED [  9%]
importer/tests/test_castle_fixtures_oracle.py::test_map_profile_wires_fixtures_for_castle_maps_only PASSED [  9%]
importer/tests/test_castle_fixtures_oracle.py::test_fixture_seed_disposition_matches_oracle[maps/map wor ang carn dum/map wor ang carn dum.map] ERROR [  9%]
importer/tests/test_castle_fixtures_oracle.py::test_fixture_seed_disposition_matches_oracle[maps/map wor ang fornost/map wor ang fornost.map] ERROR [  9%]
importer/tests/test_castle_fixtures_oracle.py::test_fixture_seed_disposition_matches_oracle[maps/map wor black gate/map wor black gate.map] ERROR [  9%]
importer/tests/test_castle_fixtures_oracle.py::test_fixture_seed_disposition_matches_oracle[maps/map wor dol guldur/map wor dol guldur.map] ERROR [  9%]
importer/tests/test_castle_fixtures_oracle.py::test_fixture_seed_disposition_matches_oracle[maps/map wor erebor/map wor erebor.map] ERROR [  9%]
importer/tests/test_castle_fixtures_oracle.py::test_fixture_seed_disposition_matches_oracle[maps/map wor grey havens/map wor grey havens.map] ERROR [  9%]
importer/tests/test_castle_fixtures_oracle.py::test_fixture_seed_disposition_matches_oracle[maps/map wor helms deep/map wor helms deep.map] ERROR [  9%]
importer/tests/test_castle_fixtures_oracle.py::test_fixture_seed_disposition_matches_oracle[maps/map wor isengard/map wor isengard.map] ERROR [  9%]
importer/tests/test_castle_fixtures_oracle.py::test_fixture_seed_disposition_matches_oracle[maps/map wor minas morgul/map wor minas morgul.map] ERROR [  9%]
importer/tests/test_castle_fixtures_oracle.py::test_fixture_seed_disposition_matches_oracle[maps/map wor minas tirith/map wor minas tirith.map] ERROR [  9%]
importer/tests/test_castle_fixtures_oracle.py::test_cooked_erebor_bindings_classify_seeded_types_as_lifecycle_structures ERROR [  9%]
importer/tests/test_castle_fixtures_oracle.py::test_map_profile_rebinds_fixture_types_when_fixtures_and_bindings_meet PASSED [  9%]
importer/tests/test_castle_fixtures_oracle.py::test_map_profile_fixtures_rejection_fails_closed_even_non_strict PASSED [  9%]
importer/tests/test_castle_map_admission.py::test_multimap_registry_catalog_uses_the_same_finite_castle_admission PASSED [  9%]
importer/tests/test_castle_map_admission.py::test_amon_sul_remains_an_ordinary_skirmish_map PASSED [  9%]
importer/tests/test_castle_map_admission.py::test_castle_contract_names_the_missing_skirmish_ai_libraries PASSED [  9%]
importer/tests/test_castle_map_admission.py::test_castle_document_refuses_an_incomplete_gap_inventory PASSED [  9%]
importer/tests/test_castle_map_admission.py::test_castle_document_accepts_a_v2_capability_contract PASSED [  9%]
importer/tests/test_castle_map_admission.py::test_castle_document_still_accepts_the_legacy_v1_contract PASSED [  9%]
importer/tests/test_castle_map_admission.py::test_castle_document_refuses_malformed_v2_contracts[contract0] PASSED [  9%]
importer/tests/test_castle_map_admission.py::test_castle_document_refuses_malformed_v2_contracts[contract1] PASSED [  9%]
importer/tests/test_castle_map_admission.py::test_castle_document_refuses_malformed_v2_contracts[contract2] PASSED [  9%]
importer/tests/test_castle_map_admission.py::test_castle_document_refuses_malformed_v2_contracts[contract3] PASSED [  9%]
importer/tests/test_castle_map_admission.py::test_castle_document_refuses_malformed_v2_contracts[contract4] PASSED [  9%]
importer/tests/test_castle_map_admission.py::test_real_rotwk_castle_family_is_admitted_to_skirmish_without_rejections PASSED [  9%]
importer/tests/test_castle_map_admission.py::test_real_erebor_compiles_a_castle_document_with_wall_gate_and_garrison PASSED [ 10%]
importer/tests/test_castle_map_admission.py::test_real_multimap_tool_emits_castle_contract_into_resource_metadata PASSED [ 10%]
importer/tests/test_catalog_profile.py::CatalogProfileTests::test_catalog_detects_new_archive_and_same_metadata_directory_change PASSED [ 10%]
importer/tests/test_catalog_profile.py::CatalogProfileTests::test_language_patch_wins_base_and_unsafe_pack_id_is_rejected PASSED [ 10%]
importer/tests/test_catalog_profile.py::CatalogProfileTests::test_loaded_catalog_entries_are_bound_to_reopened_big_directory PASSED [ 10%]
importer/tests/test_catalog_profile.py::CatalogProfileTests::test_loaded_catalog_rejects_forged_archive_precedence PASSED [ 10%]
importer/tests/test_catalog_profile.py::CatalogProfileTests::test_men_fords_w3d_contract_requires_equipment_without_expanding_closure PASSED [ 10%]
importer/tests/test_catalog_profile.py::CatalogProfileTests::test_patch_archive_wins_and_profile_is_bounded PASSED [ 10%]
importer/tests/test_catalog_profile.py::CatalogProfileTests::test_policy_catalog_identity_is_portable_across_install_roots PASSED [ 10%]
importer/tests/test_catalog_profile.py::CatalogProfileTests::test_policy_catalog_ignores_extras_and_rejects_member_payload_drift PASSED [ 10%]
importer/tests/test_catalog_profile.py::CatalogProfileTests::test_profile_rejects_duplicate_patterns_unsafe_outputs_and_nonfinite_json 
importer/tests/test_catalog_profile.py::CatalogProfileTests::test_profile_rejects_duplicate_patterns_unsafe_outputs_and_nonfinite_json PASSED [ 10%]
importer/tests/test_catalog_profile.py::CatalogProfileTests::test_required_rule_reports_each_missing_exact_pattern PASSED [ 10%]
importer/tests/test_catalog_profile.py::CatalogProfileTests::test_tracked_bfme2_106_policy_has_receipt_bound_107_archive_set PASSED [ 10%]
importer/tests/test_cli.py::CliTests::test_bootstrap_tools_returns_success_without_faction_summary PASSED [ 10%]
importer/tests/test_cli.py::CliTests::test_census_factions_writes_discovered_rows PASSED [ 10%]
importer/tests/test_cli.py::CliTests::test_generate_faction_profile_parser_requires_install PASSED [ 10%]
importer/tests/test_cli.py::CliTests::test_generate_faction_profile_writes_deterministic_private_profile PASSED [ 10%]
importer/tests/test_cli.py::CliTests::test_generate_map_profile_writes_deterministic_private_profile PASSED [ 10%]
importer/tests/test_cli.py::CliTests::test_import_faction_parser_accepts_all_six_factions PASSED [ 10%]
importer/tests/test_cli.py::CliTests::test_incomplete_faction_plan_writes_report_and_returns_six PASSED [ 10%]
importer/tests/test_cli.py::CliTests::test_living_world_output_may_never_land_inside_the_repository PASSED [ 10%]
importer/tests/test_cli.py::CliTests::test_living_world_refuses_an_edgeless_surface PASSED [ 10%]
importer/tests/test_cli.py::CliTests::test_living_world_writes_the_document_and_summarises_it PASSED [ 10%]
importer/tests/test_cli.py::CliTests::test_main_restores_the_state_root_environment_it_exported PASSED [ 10%]
importer/tests/test_cli.py::CliTests::test_non_men_census_uses_the_curated_faction_roots PASSED [ 10%]
importer/tests/test_cli.py::CliTests::test_rotwk_catalog_reuses_matching_layered_install PASSED [ 10%]
importer/tests/test_cli.py::CliTests::test_rotwk_conversion_is_admitted_and_routes_through_the_converter PASSED [ 10%]
importer/tests/test_cli.py::CliTests::test_unknown_game_is_rejected_by_the_cli PASSED [ 10%]
importer/tests/test_cli_hero_catalog.py::test_cli_writes_complete_hero_catalog_and_keeps_deferrals_visible PASSED [ 10%]
importer/tests/test_cli_module_entrypoint.py::test_module_invocation_help_runs_main FAILED [ 10%]
importer/tests/test_cli_module_entrypoint.py::test_module_invocation_bad_subcommand_fails_loudly PASSED [ 10%]
importer/tests/test_cli_neutral_mob_catalog.py::test_map_object_documents_supply_exact_non_road_scenario_roots PASSED [ 10%]
importer/tests/test_cli_neutral_mob_catalog.py::test_cli_writes_complete_neutral_mob_catalog PASSED [ 10%]
importer/tests/test_cli_neutral_mob_catalog.py::test_cli_recipe_assets_root_compiles_all_neutral_domains FAILED [ 10%]
importer/tests/test_cli_neutral_mob_catalog.py::test_cli_red_rerun_removes_stale_neutral_profile PASSED [ 10%]
importer/tests/test_cli_ship_catalog.py::test_cli_writes_complete_catalog_for_each_edition[bfme2] PASSED [ 10%]
importer/tests/test_cli_ship_catalog.py::test_cli_writes_complete_catalog_for_each_edition[rotwk] PASSED [ 10%]
importer/tests/test_cli_ship_catalog.py::test_cli_routes_buildable_and_scenario_ships_through_recipe_pipeline FAILED [ 11%]
importer/tests/test_cli_ship_catalog.py::test_cli_keeps_recipe_failure_deferred_and_returns_six PASSED [ 11%]
importer/tests/test_close_goal_prop_bindings.py::test_renderable_glb_requires_a_reachable_mesh_node PASSED [ 11%]
importer/tests/test_close_goal_prop_bindings.py::test_map_resolution_and_conversion_status_are_synchronized PASSED [ 11%]
importer/tests/test_conversion_ledger.py::test_ledger_percentages_and_jsonl PASSED [ 11%]
importer/tests/test_cross_faction_upgrade_packs.py::test_non_men_pack_carries_its_horde_referenced_upgrade_contracts PASSED [ 11%]
importer/tests/test_cross_faction_upgrade_packs.py::test_coexisting_factions_never_drop_or_leak_each_others_contracts PASSED [ 11%]
importer/tests/test_crush_locomotor_compile.py::test_cavalry_compiles_authored_crush_and_locomotor PASSED [ 11%]
importer/tests/test_crush_locomotor_compile.py::test_infantry_compiles_crushable_and_reform_45 PASSED [ 11%]
importer/tests/test_cursor_art.py::test_cur_decode_applies_the_and_mask_and_reads_the_hotspot PASSED [ 11%]
importer/tests/test_cursor_art.py::test_cur_decode_is_top_down_not_bottom_up PASSED [ 11%]
importer/tests/test_cursor_art.py::test_ani_decode_reads_frames_sequence_and_rates PASSED [ 11%]
importer/tests/test_cursor_art.py::test_ani_without_seq_or_rate_falls_back_to_the_header_rate PASSED [ 11%]
importer/tests/test_cursor_art.py::test_ani_refuses_a_frame_count_that_disagrees_with_the_payload PASSED [ 11%]
importer/tests/test_cursor_art.py::test_ani_refuses_raw_dib_frames PASSED [ 11%]
importer/tests/test_cursor_art.py::test_decode_cursor_dispatches_on_the_container_magic PASSED [ 11%]
importer/tests/test_cursor_art.py::test_animated_cursor_refuses_an_out_of_range_sequence_step PASSED [ 11%]
importer/tests/test_cursor_art.py::test_icon_container_refuses_a_non_iconodir_header PASSED [ 11%]
importer/tests/test_cursor_art.py::test_cursor_source_filename[SCCAttack-sccattack.ani] PASSED [ 11%]
importer/tests/test_cursor_art.py::test_cursor_source_filename[SCCPointer.cur-sccpointer.cur] PASSED [ 11%]
importer/tests/test_cursor_art.py::test_cursor_source_filename[beacon.CUR-beacon.cur] PASSED [ 11%]
importer/tests/test_cursor_art.py::test_cursor_source_filename[Magnify-magnify.ani] PASSED [ 11%]
importer/tests/test_cursor_art.py::test_cursor_source_filename_refuses_unsafe_or_unknown_art[] PASSED [ 11%]
importer/tests/test_cursor_art.py::test_cursor_source_filename_refuses_unsafe_or_unknown_art[../evil.ani] PASSED [ 11%]
importer/tests/test_cursor_art.py::test_cursor_source_filename_refuses_unsafe_or_unknown_art[cursors/deep.ani] PASSED [ 11%]
importer/tests/test_cursor_art.py::test_cursor_source_filename_refuses_unsafe_or_unknown_art[art.tga] PASSED [ 11%]
importer/tests/test_cursor_art.py::test_parse_mouse_cursor_bindings PASSED [ 11%]
importer/tests/test_cursor_art.py::test_parse_mouse_cursor_bindings_ignores_the_mouse_block PASSED [ 11%]
importer/tests/test_cursor_pack.py::test_plan_carries_one_payload_and_aliases_the_shared_art PASSED [ 11%]
importer/tests/test_cursor_pack.py::test_plan_prefers_the_ini_hotspot_over_the_art_hotspot PASSED [ 11%]
importer/tests/test_cursor_pack.py::test_plan_names_gaps_instead_of_dropping_or_substituting PASSED [ 11%]
importer/tests/test_cursor_pack.py::test_plan_refuses_a_pack_that_would_carry_no_art PASSED [ 11%]
importer/tests/test_cursor_pack.py::test_plan_records_the_retail_source_digests PASSED [ 11%]
importer/tests/test_cursor_pack.py::test_plan_is_deterministic PASSED    [ 11%]
importer/tests/test_cursor_pack.py::test_composed_profile_is_a_loadable_supplemental_pack PASSED [ 11%]
importer/tests/test_cursor_pack.py::test_resolve_cursors_root_handles_flat_and_layered_installs PASSED [ 11%]
importer/tests/test_cursor_pack.py::test_loose_reader_refuses_to_escape_the_cursor_directory PASSED [ 12%]
importer/tests/test_cursor_pack.py::test_default_cursor_names_carry_the_retail_move_family PASSED [ 12%]
importer/tests/test_cursor_pack.py::test_plan_carries_the_move_cursor_when_mouse_ini_binds_it PASSED [ 12%]
importer/tests/test_dependency_check.py::test_check_dependencies_missing_install PASSED [ 12%]
importer/tests/test_dependency_check.py::test_check_dependencies_soft_w3d_for_convert_mode PASSED [ 12%]
importer/tests/test_dependency_check.py::test_check_dependencies_men_build_requires_blender PASSED [ 12%]
importer/tests/test_dependency_check.py::test_python_version_item_present PASSED [ 12%]
importer/tests/test_dev_pack_and_shared_cache.py::SharedMediaCacheKeyTests::test_media_key_changes_with_source_and_tool PASSED [ 12%]
importer/tests/test_dev_pack_and_shared_cache.py::SharedMediaCacheKeyTests::test_media_key_ignores_pack_relative_path_prefix PASSED [ 12%]
importer/tests/test_dev_pack_and_shared_cache.py::SharedMediaCacheKeyTests::test_w3d_logical_key_ignores_absolute_output_path PASSED [ 12%]
importer/tests/test_dev_pack_and_shared_cache.py::LightAuditTests::test_dev_env_enables_light_audit_by_default PASSED [ 12%]
importer/tests/test_dev_pack_and_shared_cache.py::LightAuditTests::test_light_audit_skips_hash_but_catches_size PASSED [ 12%]
importer/tests/test_dev_pack_and_shared_cache.py::SoftToolAttestTests::test_end_batch_refuses_plugin_cleanliness_from_enclosing_checkout PASSED [ 12%]
importer/tests/test_dev_pack_and_shared_cache.py::SoftToolAttestTests::test_shipping_end_attest_defaults_to_full_not_soft PASSED [ 12%]
importer/tests/test_dev_pack_and_shared_cache.py::SoftToolAttestTests::test_soft_fingerprint_changes_when_script_changes PASSED [ 12%]
importer/tests/test_dev_pack_and_shared_cache.py::DevCliTests::test_apply_dev_mode_sets_env_defaults PASSED [ 12%]
importer/tests/test_dev_pack_and_shared_cache.py::DevCliTests::test_import_faction_convert_forwards_jobs_and_dev PASSED [ 12%]
importer/tests/test_dev_pack_and_shared_cache.py::DevCliTests::test_parser_accepts_dev_and_convert_jobs PASSED [ 12%]
importer/tests/test_diagnostics.py::RunDirectoryLayoutTests::test_component_name_is_restricted_to_the_shared_vocabulary PASSED [ 12%]
importer/tests/test_diagnostics.py::RunDirectoryLayoutTests::test_default_log_root_follows_localappdata_and_the_override PASSED [ 12%]
importer/tests/test_diagnostics.py::RunDirectoryLayoutTests::test_run_directory_name_and_files_match_the_shared_contract PASSED [ 12%]
importer/tests/test_diagnostics.py::JsonlSchemaTests::test_every_event_carries_exactly_the_contract_keys PASSED [ 12%]
importer/tests/test_diagnostics.py::JsonlSchemaTests::test_human_log_lines_are_timestamped_and_name_the_event PASSED [ 12%]
importer/tests/test_diagnostics.py::RedactionTests::test_content_digests_survive_redaction PASSED [ 12%]
importer/tests/test_diagnostics.py::RedactionTests::test_paths_this_process_never_configured_are_still_masked PASSED [ 12%]
importer/tests/test_diagnostics.py::RedactionTests::test_redact_is_pure_and_recursive PASSED [ 12%]
importer/tests/test_diagnostics.py::RedactionTests::test_secret_named_environment_values_are_masked_in_env_json PASSED [ 12%]
importer/tests/test_diagnostics.py::RedactionTests::test_secrets_and_home_paths_never_reach_disk PASSED [ 12%]
importer/tests/test_diagnostics.py::RetentionTests::test_collision_suffixed_runs_are_prunable PASSED [ 12%]
importer/tests/test_diagnostics.py::RetentionTests::test_failure_runs_are_dropped_beyond_the_hard_ceiling PASSED [ 12%]
importer/tests/test_diagnostics.py::RetentionTests::test_failure_runs_are_kept_past_the_normal_window PASSED [ 12%]
importer/tests/test_diagnostics.py::RetentionTests::test_start_prunes_down_to_the_newest_runs PASSED [ 12%]
importer/tests/test_diagnostics.py::RetentionTests::test_unrelated_directories_are_never_pruned PASSED [ 12%]
importer/tests/test_diagnostics.py::FailureCaptureTests::test_error_txt_records_traceback_and_recent_lines PASSED [ 12%]
importer/tests/test_diagnostics.py::FailureCaptureTests::test_phase_context_manager_records_the_exception_and_reraises PASSED [ 12%]
importer/tests/test_diagnostics.py::DisabledByDefaultTests::test_active_run_is_a_disabled_singleton_until_one_starts PASSED [ 12%]
importer/tests/test_diagnostics.py::DisabledByDefaultTests::test_diagnostics_off_creates_nothing_and_no_ops PASSED [ 12%]
importer/tests/test_diagnostics.py::DisabledByDefaultTests::test_environment_flag_and_explicit_flag_both_enable PASSED [ 13%]
importer/tests/test_diagnostics.py::FailClosedTests::test_unusable_log_root_warns_loudly_and_never_raises PASSED [ 13%]
importer/tests/test_diagnostics.py::FailClosedTests::test_write_failures_mid_run_do_not_propagate PASSED [ 13%]
importer/tests/test_diagnostics.py::IdentityTests::test_a_disabled_run_never_reads_the_selection PASSED [ 13%]
importer/tests/test_diagnostics.py::IdentityTests::test_identity_reports_the_selection_it_actually_read PASSED [ 13%]
importer/tests/test_diagnostics.py::IdentityTests::test_missing_selection_is_reported_not_guessed PASSED [ 13%]
importer/tests/test_diagnostics.py::CliWiringTests::test_cli_exposes_a_global_diagnostics_flag PASSED [ 13%]
importer/tests/test_diagnostics.py::CliWiringTests::test_component_follows_the_command PASSED [ 13%]
importer/tests/test_diagnostics.py::ToolDiscoveryLoggingTests::test_environment_override_is_named_as_such PASSED [ 13%]
importer/tests/test_diagnostics.py::ToolDiscoveryLoggingTests::test_missing_tool_is_recorded_rather_than_returned_silently PASSED [ 13%]
importer/tests/test_diagnostics.py::ToolDiscoveryLoggingTests::test_path_fallback_for_a_pinned_tool_is_logged_as_a_warning PASSED [ 13%]
importer/tests/test_diagnostics.py::CliEndToEndTests::test_a_failing_command_leaves_a_complete_run_directory PASSED [ 13%]
importer/tests/test_diagnostics.py::CliEndToEndTests::test_without_the_flag_no_run_directory_appears PASSED [ 13%]
importer/tests/test_economy_healing_timers.py::test_income_interval_and_amount_are_resolved_object_scalars PASSED [ 13%]
importer/tests/test_economy_healing_timers.py::test_auto_heal_contract_resolves_authored_cadence_and_restart_delay PASSED [ 13%]
importer/tests/test_edition_overlay.py::EditionOverlayTests::test_configurable_file_and_byte_limits_reject_before_copy PASSED [ 13%]
importer/tests/test_edition_overlay.py::EditionOverlayTests::test_cross_layer_case_variant_is_shadowed_but_file_directory_collision_rejects PASSED [ 13%]
importer/tests/test_edition_overlay.py::EditionOverlayTests::test_different_source_catalog_formats_are_rejected PASSED [ 13%]
importer/tests/test_edition_overlay.py::EditionOverlayTests::test_expansion_wins_with_bound_identity_and_established_manifest_schema PASSED [ 13%]
importer/tests/test_edition_overlay.py::EditionOverlayTests::test_force_publish_failure_rolls_back_and_removes_staging PASSED [ 13%]
importer/tests/test_edition_overlay.py::EditionOverlayTests::test_manifest_is_deterministic_across_output_locations PASSED [ 13%]
importer/tests/test_edition_overlay.py::EditionOverlayTests::test_manifest_path_escape_and_case_collision_are_rejected PASSED [ 13%]
importer/tests/test_edition_overlay.py::EditionOverlayTests::test_noop_reuse_fully_verifies_and_does_not_rewrite_output PASSED [ 13%]
importer/tests/test_edition_overlay.py::EditionOverlayTests::test_output_payloads_are_independent_regular_files_not_hardlinks PASSED [ 13%]
importer/tests/test_edition_overlay.py::EditionOverlayTests::test_output_tamper_extra_file_and_hardlink_are_rejected_on_reuse PASSED [ 13%]
importer/tests/test_edition_overlay.py::EditionOverlayTests::test_post_publish_backtest_failure_restores_prior_output PASSED [ 13%]
importer/tests/test_edition_overlay.py::EditionOverlayTests::test_roots_and_output_must_not_overlap_without_creating_paths PASSED [ 13%]
importer/tests/test_edition_overlay.py::EditionOverlayTests::test_source_hardlink_is_rejected PASSED [ 13%]
importer/tests/test_edition_overlay.py::EditionOverlayTests::test_source_manifest_seals_change_identity_without_changing_payload_aggregate PASSED [ 13%]
importer/tests/test_edition_overlay.py::EditionOverlayTests::test_source_missing_file_and_stale_aggregate_fail_closed PASSED [ 13%]
importer/tests/test_edition_overlay.py::EditionOverlayTests::test_source_mutation_after_hash_is_detected_before_publish PASSED [ 13%]
importer/tests/test_edition_overlay.py::EditionOverlayTests::test_source_payload_tamper_and_extraneous_entries_fail_closed PASSED [ 13%]
importer/tests/test_edition_overlay.py::EditionOverlayTests::test_source_symlink_is_rejected SKIPPED [ 13%]
importer/tests/test_effective_assets_catalog.py::test_sealed_manifest_is_the_exact_catalog_and_byte_source PASSED [ 13%]
importer/tests/test_effective_assets_catalog.py::test_sealed_catalog_reader_fails_on_post_manifest_size_drift PASSED [ 13%]
importer/tests/test_effective_assets_catalog.py::test_overlay_preserves_layered_semantics_and_adds_missing_assets PASSED [ 13%]
importer/tests/test_effective_assets_identity.py::EffectiveAssetsIdentityTests::test_a_cache_from_an_older_install_is_refused_as_stale PASSED [ 14%]
importer/tests/test_effective_assets_identity.py::EffectiveAssetsIdentityTests::test_a_tree_without_a_manifest_is_refused_rather_than_guessed PASSED [ 14%]
importer/tests/test_effective_assets_identity.py::EffectiveAssetsIdentityTests::test_an_unpatched_tree_stays_unidentified_instead_of_being_labelled 
importer/tests/test_effective_assets_identity.py::EffectiveAssetsIdentityTests::test_an_unpatched_tree_stays_unidentified_instead_of_being_labelled PASSED [ 14%]
importer/tests/test_effective_assets_identity.py::EffectiveAssetsIdentityTests::test_describe_records_failures_instead_of_raising PASSED [ 14%]
importer/tests/test_effective_assets_identity.py::EffectiveAssetsIdentityTests::test_edited_bytes_are_caught_by_size_and_by_hash PASSED [ 14%]
importer/tests/test_effective_assets_identity.py::EffectiveAssetsIdentityTests::test_expansion_evidence_outranks_the_base_layer_beneath_it PASSED [ 14%]
importer/tests/test_effective_assets_identity.py::EffectiveAssetsIdentityTests::test_identity_names_the_edition_each_tree_holds PASSED [ 14%]
importer/tests/test_effective_assets_identity.py::EffectiveAssetsIdentityTests::test_reading_the_bfme2_tree_as_rotwk_is_refused PASSED [ 14%]
importer/tests/test_effective_assets_identity.py::EffectiveAssetsIdentityTests::test_reading_the_rotwk_tree_as_bfme2_is_refused PASSED [ 14%]
importer/tests/test_effective_assets_identity.py::EffectiveAssetsIdentityTests::test_the_two_trees_are_confusable_by_path_and_distinct_by_bytes PASSED [ 14%]
importer/tests/test_effective_assets_identity.py::EffectiveAssetsIdentityCliTests::test_cli_refuses_a_wrong_tree_with_a_structured_diagnostic PASSED [ 14%]
importer/tests/test_effective_assets_identity.py::EffectiveAssetsIdentityCliTests::test_cli_reports_the_edition_and_exits_zero PASSED [ 14%]
importer/tests/test_eva_created_events.py::test_created_event_bindings_match_the_from_bytes_census PASSED [ 14%]
importer/tests/test_eva_created_events.py::test_named_unit_created_bindings_resolve_from_the_oracle PASSED [ 14%]
importer/tests/test_eva_created_events.py::test_child_object_inherits_parent_voice_created PASSED [ 14%]
importer/tests/test_eva_created_events.py::test_spawn_fx_eva_event_owner_maps_fortress_heroes PASSED [ 14%]
importer/tests/test_eva_created_events.py::test_every_bound_event_is_an_authored_eva_block PASSED [ 14%]
importer/tests/test_eva_created_events.py::test_composed_overlay_document_carries_the_created_events_section PASSED [ 14%]
importer/tests/test_eva_overlay_delivery.py::test_every_eva_authored_side_has_a_player_template PASSED [ 14%]
importer/tests/test_eva_overlay_delivery.py::test_angmar_maps_to_its_rotwk_player_template PASSED [ 14%]
importer/tests/test_eva_overlay_delivery.py::test_compose_tool_addresses_the_catalog_of_the_requested_game[bfme2-bfme2.json] PASSED [ 14%]
importer/tests/test_eva_overlay_delivery.py::test_compose_tool_addresses_the_catalog_of_the_requested_game[rotwk-rotwk.json] PASSED [ 14%]
importer/tests/test_eva_overlay_delivery.py::test_compose_tool_defaults_to_the_bfme2_catalog PASSED [ 14%]
importer/tests/test_eva_overlay_delivery.py::test_audio_validator_accepts_the_rotwk_census_target[Men] PASSED [ 14%]
importer/tests/test_eva_overlay_delivery.py::test_audio_validator_accepts_the_rotwk_census_target[Angmar] PASSED [ 14%]
importer/tests/test_eva_overlay_delivery.py::test_audio_validator_still_refuses_an_incoherent_edition_target PASSED [ 14%]
importer/tests/test_eva_overlay_delivery.py::test_compose_tool_refuses_a_census_from_another_edition[bfme2] PASSED [ 14%]
importer/tests/test_eva_overlay_delivery.py::test_compose_tool_refuses_a_census_from_another_edition[rotwk] PASSED [ 14%]
importer/tests/test_eva_overlay_delivery.py::test_compose_tool_accepts_the_matching_edition_census PASSED [ 14%]
importer/tests/test_eva_overlay_delivery.py::test_angmar_eva_set_survives_retails_own_broken_sample_references PASSED [ 14%]
importer/tests/test_eva_overlay_delivery.py::test_the_six_intact_sides_lose_nothing[Men] PASSED [ 14%]
importer/tests/test_eva_overlay_delivery.py::test_the_six_intact_sides_lose_nothing[Elves] PASSED [ 14%]
importer/tests/test_eva_overlay_delivery.py::test_the_six_intact_sides_lose_nothing[Dwarves] PASSED [ 14%]
importer/tests/test_eva_overlay_delivery.py::test_the_six_intact_sides_lose_nothing[Isengard] PASSED [ 14%]
importer/tests/test_eva_overlay_delivery.py::test_the_six_intact_sides_lose_nothing[Mordor] PASSED [ 14%]
importer/tests/test_eva_overlay_delivery.py::test_the_six_intact_sides_lose_nothing[Wild] PASSED [ 14%]
importer/tests/test_eva_overlay_delivery.py::test_rotwk_overlay_binds_the_effective_assets_oracle_not_the_big_catalog PASSED [ 14%]
importer/tests/test_eva_overlay_delivery.py::test_bfme2_keeps_reading_its_big_catalog PASSED [ 15%]
importer/tests/test_eva_overlay_delivery.py::test_every_pruned_definition_is_disclosed_not_just_the_deleted_ones PASSED [ 15%]
importer/tests/test_eva_overlay_delivery.py::test_side_map_leaves_orphaned_by_a_prune_are_recorded PASSED [ 15%]
importer/tests/test_eva_overlay_delivery.py::test_missing_samples_are_never_mapped_onto_their_shipped_counterparts PASSED [ 15%]
importer/tests/test_eva_overlay_delivery.py::test_eva_document_declares_the_schema_fields_it_does_not_compile PASSED [ 15%]
importer/tests/test_faction_census.py::test_object_audio_schema_distinguishes_silence_eva_sound_and_alias PASSED [ 15%]
importer/tests/test_faction_census.py::FactionCensusTests::test_additive_sound_prefix_resolves_the_namespaced_identifier PASSED [ 15%]
importer/tests/test_faction_census.py::FactionCensusTests::test_case_variant_mapped_image_references_share_one_identity PASSED [ 15%]
importer/tests/test_faction_census.py::FactionCensusTests::test_command_reachable_census_is_deterministic_and_payload_free PASSED [ 15%]
importer/tests/test_faction_census.py::FactionCensusTests::test_conflicting_command_button_duplicate_remains_ambiguous PASSED [ 15%]
importer/tests/test_faction_census.py::FactionCensusTests::test_duplicate_object_is_reported_as_ambiguous_not_silently_selected PASSED [ 15%]
importer/tests/test_faction_census.py::FactionCensusTests::test_faction_aliases_resolve_against_discovered_templates PASSED [ 15%]
importer/tests/test_faction_census.py::FactionCensusTests::test_generic_hero_roster_preserves_authored_order_and_duplicates PASSED [ 15%]
importer/tests/test_faction_census.py::FactionCensusTests::test_generic_identity_binds_template_and_explicit_implicit_roots PASSED [ 15%]
importer/tests/test_faction_census.py::FactionCensusTests::test_implicit_root_order_is_stable_and_case_collisions_fail PASSED [ 15%]
importer/tests/test_faction_census.py::FactionCensusTests::test_missing_authored_audio_target_remains_an_unresolved_edge PASSED [ 15%]
importer/tests/test_faction_census.py::FactionCensusTests::test_missing_retail_ui_atlas_is_an_explicit_graph_gap PASSED [ 15%]
importer/tests/test_faction_census.py::FactionCensusTests::test_missing_secondary_command_audio_is_not_dropped PASSED [ 15%]
importer/tests/test_faction_census.py::FactionCensusTests::test_module_scoped_button_image_never_shadows_top_level_portrait PASSED [ 15%]
importer/tests/test_faction_census.py::FactionCensusTests::test_non_men_template_uses_source_side_and_intrinsic_science PASSED [ 15%]
importer/tests/test_faction_census.py::FactionCensusTests::test_playable_template_predicate_is_exact_and_fail_closed PASSED [ 15%]
importer/tests/test_faction_census.py::FactionCensusTests::test_resolved_command_set_declared_source_null_fails_closed PASSED [ 15%]
importer/tests/test_faction_census.py::FactionCensusTests::test_resolved_texture_declared_source_null_fails_closed PASSED [ 15%]
importer/tests/test_faction_census.py::FactionCensusTests::test_semantically_identical_command_button_duplicate_is_one_definition PASSED [ 15%]
importer/tests/test_faction_census.py::FactionCensusTests::test_source_null_command_set_policy_covers_only_declared_retail_gaps PASSED [ 15%]
importer/tests/test_faction_census.py::FactionCensusTests::test_source_null_texture_policy_covers_only_declared_retail_gaps PASSED [ 15%]
importer/tests/test_faction_census.py::FactionCensusTests::test_spellbook_fx_sound_nuggets_become_audio_roots PASSED [ 15%]
importer/tests/test_faction_census.py::FactionCensusTests::test_wrong_player_template_side_fails_closed PASSED [ 15%]
importer/tests/test_faction_census.py::FactionCensusEvaTests::test_eva_voice_prefix_routes_side_announcer_sounds PASSED [ 15%]
importer/tests/test_faction_census.py::FactionCensusEvaTests::test_missing_eva_event_is_an_explicit_gap PASSED [ 15%]
importer/tests/test_faction_census.py::FactionCensusMusicTests::test_declared_music_roots_resolve_through_music_tracks PASSED [ 15%]
importer/tests/test_faction_census.py::FactionCensusMusicTests::test_undeclared_or_missing_music_root_fails_closed PASSED [ 15%]
importer/tests/test_faction_census_weapon_audio.py::WeaponAudioCensusTests::test_census_without_weapon_document_claims_no_weapon_chain PASSED [ 15%]
importer/tests/test_faction_census_weapon_audio.py::WeaponAudioCensusTests::test_weapon_audio_chain_routes_edges_and_samples PASSED [ 15%]
importer/tests/test_faction_census_weapon_audio.py::WeaponAudioCensusTests::test_weapon_fire_fx_parser_indexes_authored_fx_names PASSED [ 15%]
importer/tests/test_faction_import.py::test_engine_managed_extension_gap_becomes_named_exclusion_at_convert_boundary PASSED [ 15%]
importer/tests/test_faction_import.py::test_plan_accounts_for_each_object_once_and_is_deterministic PASSED [ 16%]
importer/tests/test_faction_import.py::test_unresolved_leaf_prevents_false_ready_state PASSED [ 16%]
importer/tests/test_faction_import.py::test_duplicate_object_identity_is_rejected PASSED [ 16%]
importer/tests/test_faction_import.py::test_missing_effective_object_is_counted_as_a_gap PASSED [ 16%]
importer/tests/test_faction_import.py::test_compiler_initialization_failure_accounts_for_every_object_as_gap PASSED [ 16%]
importer/tests/test_faction_import.py::test_conversion_rejects_bfme2_catalog_without_106_policy PASSED [ 16%]
importer/tests/test_faction_import.py::test_conversion_rejects_unknown_game PASSED [ 16%]
importer/tests/test_faction_import.py::test_conversion_admits_rotwk_data_driven_catalog PASSED [ 16%]
importer/tests/test_faction_import.py::test_census_resolved_but_unparseable_object_is_a_parser_gap PASSED [ 16%]
importer/tests/test_faction_import.py::test_descriptor_coverage_alone_cannot_claim_publication_readiness PASSED [ 16%]
importer/tests/test_faction_import.py::test_plan_rejects_invalid_graph_identity[inputSetSha256-None-factionGraphInputSetSha256] PASSED [ 16%]
importer/tests/test_faction_import.py::test_plan_rejects_invalid_graph_identity[inputSetSha256-AAAAAAAAAAAAAAAAAAAAAAAAAAAAAAAAAAAAAAAAAAAAAAAAAAAAAAAAAAAAAAAA-factionGraphInputSetSha256] PASSED [ 16%]
importer/tests/test_faction_import.py::test_plan_rejects_negative_unresolved_count PASSED [ 16%]
importer/tests/test_faction_import.py::test_plan_rejects_invalid_catalog_and_target_identities PASSED [ 16%]
importer/tests/test_faction_import.py::test_plan_does_not_infer_side_from_player_template_spelling PASSED [ 16%]
importer/tests/test_faction_import.py::test_conversion_converts_units_and_structures_and_is_deterministic PASSED [ 16%]
importer/tests/test_faction_import.py::test_conversion_records_per_object_failures_and_continues PASSED [ 16%]
importer/tests/test_faction_import.py::test_conversion_converts_banner_and_fails_closed_for_bare_spellbook PASSED [ 16%]
importer/tests/test_faction_import.py::test_foundation_without_visuals_is_excluded_with_descriptor_evidence PASSED [ 16%]
importer/tests/test_faction_import.py::test_fortress_center_generic_skips_visual_closure PASSED [ 16%]
importer/tests/test_faction_import.py::test_plan_routes_structures_and_banner_members_for_conversion PASSED [ 16%]
importer/tests/test_faction_import.py::test_plan_expands_nested_horde_banner_child_from_layered_documents PASSED [ 16%]
importer/tests/test_faction_import.py::test_plan_expands_layered_command_object_missing_from_sealed_graph PASSED [ 16%]
importer/tests/test_faction_import.py::test_plan_routes_spellbook_through_the_spellbook_lane PASSED [ 16%]
importer/tests/test_faction_import.py::test_plan_rejects_a_spellbook_descriptor_with_a_foreign_identity PASSED [ 16%]
importer/tests/test_faction_import.py::test_resolved_structure_images_bind_construct_icon_and_record_gaps PASSED [ 16%]
importer/tests/test_faction_import.py::test_resolved_structure_images_record_absent_evidence_gaps PASSED [ 16%]
importer/tests/test_faction_import.py::test_resolved_structure_images_without_media_closure_record_gaps PASSED [ 16%]
importer/tests/test_faction_import.py::test_unresolved_construct_image_is_an_explicit_gap_row PASSED [ 16%]
importer/tests/test_faction_object_cache.py::test_documents_fingerprint_is_order_independent PASSED [ 16%]
importer/tests/test_faction_object_cache.py::test_compiler_salt_covers_shared_armor_upgrade_compiler PASSED [ 16%]
importer/tests/test_faction_object_cache.py::test_object_cache_key_changes_with_inputs PASSED [ 16%]
importer/tests/test_faction_object_cache.py::test_durable_assets_fp_uses_manifest_aggregate PASSED [ 16%]
importer/tests/test_faction_object_cache.py::test_non_ini_assets_fp_excludes_only_data_ini_rows PASSED [ 16%]
importer/tests/test_faction_object_cache.py::test_clear_compiler_identity_token_memo_clears_both_identity_layers PASSED [ 16%]
importer/tests/test_faction_object_cache.py::test_policy_roots_fingerprint_is_order_independent PASSED [ 16%]
importer/tests/test_faction_object_cache.py::test_faction_object_cache_roundtrip PASSED [ 16%]
importer/tests/test_faction_object_cache.py::test_unexpected_convert_exception_becomes_gap_not_batch_abort PASSED [ 17%]
importer/tests/test_faction_object_cache.py::test_conversion_cache_hit_skips_recompile PASSED [ 17%]
importer/tests/test_faction_object_cache.py::test_parallel_convert_preserves_plan_order_and_aggregate PASSED [ 17%]
importer/tests/test_faction_object_cache.py::test_object_cache_disabled_without_state_root PASSED [ 17%]
importer/tests/test_faction_object_cache.py::test_graph_identity_change_invalidates_object_cache PASSED [ 17%]
importer/tests/test_faction_object_cache.py::test_numeric_defines_change_invalidates_object_cache PASSED [ 17%]
importer/tests/test_faction_object_cache.py::test_shared_cache_env_routes_object_cache PASSED [ 17%]
importer/tests/test_faction_policy.py::test_every_playable_faction_has_curated_roots PASSED [ 17%]
importer/tests/test_faction_policy.py::test_men_roots_preserve_the_established_census_identity PASSED [ 17%]
importer/tests/test_faction_policy.py::test_lookup_is_casefold_insensitive PASSED [ 17%]
importer/tests/test_faction_policy.py::test_unknown_faction_fails_closed PASSED [ 17%]
importer/tests/test_faction_policy.py::test_rotwk_angmar_curates_fortress_roots_and_shared_retail_nulls PASSED [ 17%]
importer/tests/test_faction_policy.py::test_rotwk_base_faction_reuses_its_fortress_composite_roots PASSED [ 17%]
importer/tests/test_faction_policy.py::test_invalid_player_template_identity_is_rejected[] PASSED [ 17%]
importer/tests/test_faction_policy.py::test_invalid_player_template_identity_is_rejected[None] PASSED [ 17%]
importer/tests/test_faction_policy.py::test_invalid_player_template_identity_is_rejected[7] PASSED [ 17%]
importer/tests/test_faction_policy.py::test_root_rows_are_well_formed_and_unique PASSED [ 17%]
importer/tests/test_faction_profile.py::test_composes_only_coverage_approved_artifacts PASSED [ 17%]
importer/tests/test_faction_profile.py::test_pack_id_is_derived_per_faction PASSED [ 17%]
importer/tests/test_faction_profile.py::test_banner_carrier_composes_through_playable_unit_lane PASSED [ 17%]
importer/tests/test_faction_profile.py::test_rejects_unknown_faction PASSED [ 17%]
importer/tests/test_faction_profile.py::test_angmar_is_a_registered_rotwk_faction PASSED [ 17%]
importer/tests/test_faction_profile.py::test_rotwk_faction_pack_id_is_game_prefixed PASSED [ 17%]
importer/tests/test_faction_profile.py::test_rotwk_lean_pack_retains_universal_selection_decal_contract PASSED [ 17%]
importer/tests/test_faction_profile.py::test_rotwk_men_host_retains_living_world_without_duplicating_supplements PASSED [ 17%]
importer/tests/test_faction_profile.py::test_rotwk_living_world_registration_is_atomic PASSED [ 17%]
importer/tests/test_faction_profile.py::test_rotwk_lean_pack_fails_closed_without_selection_decal_contract PASSED [ 17%]
importer/tests/test_faction_profile.py::test_bfme2_compose_does_not_require_selection_decal_contract PASSED [ 17%]
importer/tests/test_faction_profile.py::test_rejects_unsupported_compose_game PASSED [ 17%]
importer/tests/test_faction_profile.py::test_rejects_tampered_coverage_before_reading_artifacts PASSED [ 17%]
importer/tests/test_faction_profile.py::test_rejects_recipe_not_bound_to_coverage PASSED [ 17%]
importer/tests/test_faction_profile.py::test_horde_member_row_aliases_parent_horde_recipe PASSED [ 17%]
importer/tests/test_faction_profile.py::test_rejects_horde_member_alias_without_parent_row PASSED [ 17%]
importer/tests/test_faction_profile.py::test_rejects_horde_member_alias_with_unbound_recipe PASSED [ 17%]
importer/tests/test_faction_slice_pack_documents.py::test_rotwk_compose_ships_pack_strings_document PASSED [ 17%]
importer/tests/test_faction_slice_pack_documents.py::test_referenced_id_absent_from_retail_is_recorded_as_source_null_evidence PASSED [ 17%]
importer/tests/test_faction_slice_pack_documents.py::test_empty_retail_row_is_shipped_verbatim_not_reclassified PASSED [ 18%]
importer/tests/test_faction_slice_pack_documents.py::test_bfme2_compose_merges_existing_census_rows PASSED [ 18%]
importer/tests/test_faction_slice_pack_documents.py::test_strings_document_is_deterministic PASSED [ 18%]
importer/tests/test_faction_slice_pack_documents.py::test_compose_without_string_catalog_keeps_legacy_shape PASSED [ 18%]
importer/tests/test_faction_slice_pack_documents.py::test_rotwk_men_compose_publishes_cah_system_table PASSED [ 18%]
importer/tests/test_faction_slice_pack_documents.py::test_rotwk_men_compose_owns_ring_system_and_conversion_resources PASSED [ 18%]
importer/tests/test_faction_slice_pack_documents.py::test_cah_table_controlbar_ids_are_covered_by_the_strings_lane PASSED [ 18%]
importer/tests/test_faction_slice_pack_documents.py::test_cah_system_is_refused_outside_the_rotwk_men_host PASSED [ 18%]
importer/tests/test_faction_slice_pack_documents.py::test_tampered_cah_runtime_refuses_the_compose PASSED [ 18%]
importer/tests/test_faction_slice_pack_documents.py::test_wrong_schema_cah_runtime_refuses_the_compose PASSED [ 18%]
importer/tests/test_faction_slice_pack_documents.py::test_rotwk_men_compose_ships_the_meshes_the_cah_table_names PASSED [ 18%]
importer/tests/test_faction_slice_pack_documents.py::test_cah_meshes_without_the_table_refuse_the_compose PASSED [ 18%]
importer/tests/test_faction_slice_pack_documents.py::test_men_host_compose_publishes_the_interface_art_index PASSED [ 18%]
importer/tests/test_faction_slice_pack_documents.py::test_interface_art_index_is_refused_outside_the_men_host PASSED [ 18%]
importer/tests/test_faction_slice_pack_documents.py::test_interface_art_document_with_a_foreign_schema_refuses PASSED [ 18%]
importer/tests/test_faction_slice_pack_documents.py::test_the_cah_host_publishes_the_create_a_hero_string_namespaces PASSED [ 18%]
importer/tests/test_faction_slice_pack_documents.py::test_a_referenced_apt_label_resolves_through_the_widened_scrape PASSED [ 18%]
importer/tests/test_faction_slice_pack_documents.py::test_a_label_retail_never_authored_stays_evidence PASSED [ 18%]
importer/tests/test_faction_slice_pack_documents.py::test_a_non_cah_pack_does_not_publish_the_namespaces PASSED [ 18%]
importer/tests/test_faction_slice_pack_documents.py::test_a_referenced_id_resolves_under_the_spelling_that_referenced_it PASSED [ 18%]
importer/tests/test_faction_slice_pack_documents.py::test_a_case_miss_is_never_counted_as_retail_absent PASSED [ 18%]
importer/tests/test_faction_slice_pack_documents.py::test_the_object_namespace_is_scraped PASSED [ 18%]
importer/tests/test_full_asset_extract.py::FullAssetExtractTests::test_cli_exposes_extract_all_assets PASSED [ 18%]
importer/tests/test_full_asset_extract.py::FullAssetExtractTests::test_core_plan_extract_and_build_reject_m3_catalog_drift 
importer/tests/test_full_asset_extract.py::FullAssetExtractTests::test_core_plan_extract_and_build_reject_m3_catalog_drift PASSED [ 18%]
importer/tests/test_full_asset_extract.py::FullAssetExtractTests::test_extracts_canonical_effective_tree_and_manifest PASSED [ 18%]
importer/tests/test_full_asset_extract.py::FullAssetExtractTests::test_noop_verifies_cached_bytes_against_archive_payload PASSED [ 18%]
importer/tests/test_full_asset_extract.py::FullAssetExtractTests::test_plan_report_retains_catalog_identity PASSED [ 18%]
importer/tests/test_full_asset_extract.py::FullAssetExtractTests::test_rejects_file_directory_collision_before_writing PASSED [ 18%]
importer/tests/test_full_asset_extract.py::FullAssetExtractTests::test_rejects_stale_unsafe_and_over_limit_catalogs_before_writing PASSED [ 18%]
importer/tests/test_full_asset_extract.py::FullAssetExtractTests::test_repeat_is_verified_noop_and_force_is_transactional PASSED [ 18%]
importer/tests/test_game_editions.py::RetailGameEditionTests::test_doctor_recognizes_each_installed_game_identity PASSED [ 18%]
importer/tests/test_game_editions.py::RetailGameEditionTests::test_expansion_patch_precedence_is_explicit PASSED [ 18%]
importer/tests/test_game_editions.py::RetailGameEditionTests::test_game_definitions_and_workspace_routing_are_bounded PASSED [ 18%]
importer/tests/test_game_editions.py::RetailGameEditionTests::test_rotwk_catalog_and_effective_tree_do_not_touch_bfme2_paths PASSED [ 18%]
importer/tests/test_geometry_footprint.py::GeometryOffsetTests::test_contact_point_parses_spaced_axes_and_purpose PASSED [ 18%]
importer/tests/test_geometry_footprint.py::GeometryOffsetTests::test_contact_point_without_purpose_is_preserved PASSED [ 18%]
importer/tests/test_geometry_footprint.py::GeometryOffsetTests::test_empty_offset_is_absent PASSED [ 18%]
importer/tests/test_geometry_footprint.py::GeometryOffsetTests::test_malformed_contact_point_fails_closed PASSED [ 19%]
importer/tests/test_geometry_footprint.py::GeometryOffsetTests::test_missing_axes_default_to_zero PASSED [ 19%]
importer/tests/test_geometry_footprint.py::GeometryOffsetTests::test_parses_authored_axis_triple PASSED [ 19%]
importer/tests/test_geometry_footprint.py::GeometryOffsetTests::test_unparseable_offset_is_refused PASSED [ 19%]
importer/tests/test_geometry_footprint.py::GeometryFootprintTests::test_barracks_union_matches_retail_half_extents PASSED [ 19%]
importer/tests/test_geometry_footprint.py::GeometryFootprintTests::test_no_pieces_yield_no_footprint PASSED [ 19%]
importer/tests/test_geometry_footprint.py::GeometryFootprintTests::test_radius_is_the_largest_half_extent_not_the_half_diagonal PASSED [ 19%]
importer/tests/test_geometry_footprint.py::GeometryFootprintTests::test_unresolved_scalars_leave_the_piece_unmeasured PASSED [ 19%]
importer/tests/test_geometry_footprint.py::StructureGeometryContractTests::test_structure_descriptor_carries_the_authored_footprint PASSED [ 19%]
importer/tests/test_geometry_footprint.py::StructureGeometryContractTests::test_structure_without_geometry_carries_no_row PASSED [ 19%]
importer/tests/test_geometry_footprint.py::UnitGeometryContractTests::test_horde_descriptor_carries_the_member_footprint PASSED [ 19%]
importer/tests/test_geometry_footprint.py::UnitGeometryContractTests::test_unit_without_geometry_carries_no_row PASSED [ 19%]
importer/tests/test_hero_catalog.py::test_catalog_accounts_for_hero_family_without_fake_route PASSED [ 19%]
importer/tests/test_hero_catalog.py::test_catalog_rejects_unknown_game PASSED [ 19%]
importer/tests/test_hero_catalog.py::test_effective_retail_direct_hero_family_is_completely_accounted_for[bfme2.json-bfme2-113] FAILED [ 19%]
importer/tests/test_hero_catalog.py::test_effective_retail_direct_hero_family_is_completely_accounted_for[rotwk-layered.json-rotwk-139] FAILED [ 19%]
importer/tests/test_hero_summon_leaf_closure.py::TestSummonLeafClosure::test_multiple_auras_and_activation_fields_are_preserved PASSED [ 19%]
importer/tests/test_hero_summon_leaf_closure.py::TestSummonLeafClosure::test_disabled_aura_without_upgrade_edge_is_fail_closed PASSED [ 19%]
importer/tests/test_hero_summon_leaf_closure.py::TestSummonLeafClosure::test_real_loader_collects_define_from_top_level_inc PASSED [ 19%]
importer/tests/test_hero_summon_leaf_closure.py::TestSummonLeafClosure::test_lifetime_macro_resolves_from_inc_document PASSED [ 19%]
importer/tests/test_hero_summon_leaf_closure.py::TestSummonLeafClosure::test_unresolved_lifetime_macro_is_recorded_fail_closed PASSED [ 19%]
importer/tests/test_hero_summon_leaf_closure.py::TestSummonLeafClosure::test_mixed_unresolved_min_lifetime_is_atomic_gap PASSED [ 19%]
importer/tests/test_hero_summon_leaf_closure.py::TestSummonLeafClosure::test_mixed_unresolved_max_lifetime_is_atomic_gap PASSED [ 19%]
importer/tests/test_hero_summon_leaf_closure.py::TestSummonLeafClosure::test_chain_reaches_the_units_the_egg_hatches PASSED [ 19%]
importer/tests/test_hero_summon_leaf_closure.py::TestSummonLeafClosure::test_egg_hatch_carries_the_authored_rise_delay PASSED [ 19%]
importer/tests/test_hero_summon_leaf_closure.py::TestSummonLeafClosure::test_hatched_member_carries_the_stats_and_art_the_runtime_needs PASSED [ 19%]
importer/tests/test_hero_summon_leaf_closure.py::TestSummonLeafClosure::test_incomplete_document_view_leaves_the_effect_unchanged PASSED [ 19%]
importer/tests/test_hero_summon_leaf_closure.py::TestSummonLeafClosure::test_unresolvable_chain_is_never_partially_invented PASSED [ 19%]
importer/tests/test_hero_summon_leaf_closure.py::test_ocl_only_special_weapon_compiles_to_a_summon PASSED [ 19%]
importer/tests/test_hero_summon_leaf_closure.py::test_weapon_that_both_damages_and_spawns_is_never_a_summon PASSED [ 19%]
importer/tests/test_hero_summon_leaf_closure.py::test_ocl_only_weapon_naming_an_unresolvable_list_stays_unimplemented PASSED [ 19%]
importer/tests/test_incremental_rebuild.py::test_document_closure_edit_invalidates_only_dependent_document PASSED [ 19%]
importer/tests/test_incremental_rebuild.py::test_unknown_document_dependencies_fail_closed_to_full_corpus PASSED [ 19%]
importer/tests/test_incremental_rebuild.py::test_compiler_identity_is_family_scoped_and_unknown_fails_closed PASSED [ 19%]
importer/tests/test_incremental_rebuild.py::test_family_identities_cover_payload_producer_and_legacy_salt_modules PASSED [ 19%]
importer/tests/test_incremental_rebuild.py::test_faction_import_edit_changes_every_family_identity[unit] PASSED [ 19%]
importer/tests/test_incremental_rebuild.py::test_faction_import_edit_changes_every_family_identity[structure] PASSED [ 20%]
importer/tests/test_incremental_rebuild.py::test_faction_import_edit_changes_every_family_identity[spellbook] PASSED [ 20%]
importer/tests/test_incremental_rebuild.py::test_blender_adapter_edit_changes_every_family_identity[unit] PASSED [ 20%]
importer/tests/test_incremental_rebuild.py::test_blender_adapter_edit_changes_every_family_identity[structure] PASSED [ 20%]
importer/tests/test_incremental_rebuild.py::test_blender_adapter_edit_changes_every_family_identity[spellbook] PASSED [ 20%]
importer/tests/test_incremental_rebuild.py::test_dynamic_compiler_dependency_discovery_fails_closed PASSED [ 20%]
importer/tests/test_incremental_rebuild.py::test_reconversion_scope_and_provenance_are_honest PASSED [ 20%]
importer/tests/test_incremental_rebuild.py::test_reconvert_only_fails_closed_when_no_asset_id_matches PASSED [ 20%]
importer/tests/test_incremental_rebuild.py::test_scoped_adapter_edit_only_changes_selected_converter_key PASSED [ 20%]
importer/tests/test_incremental_rebuild.py::test_rebuild_status_reports_changed_source_and_compiler_reason PASSED [ 20%]
importer/tests/test_incremental_rebuild.py::test_cli_exposes_scoped_reconvert_single_build_and_status PASSED [ 20%]
importer/tests/test_ini_compile_remainders.py::test_flanking_bonus_compiles_from_damage_nugget PASSED [ 20%]
importer/tests/test_ini_compile_remainders.py::test_absent_flanking_bonus_is_not_invented PASSED [ 20%]
importer/tests/test_ini_compile_remainders.py::test_crush_revenge_weapon_compiles_damage_10 PASSED [ 20%]
importer/tests/test_ini_compile_remainders.py::test_absent_crush_revenge_is_not_invented PASSED [ 20%]
importer/tests/test_ini_compile_remainders.py::test_horde_locomotor_owns_wait_for_formation_and_reform PASSED [ 20%]
importer/tests/test_ini_compile_remainders.py::test_member_only_locomotor_has_no_wait_for_formation PASSED [ 20%]
importer/tests/test_ini_compile_remainders.py::test_kind_of_tokens_on_descriptor PASSED [ 20%]
importer/tests/test_ini_compile_remainders.py::test_pack_compiler_copies_kind_of_onto_registration PASSED [ 20%]
importer/tests/test_ini_compile_remainders.py::test_stance_template_compiles_fighter_horde_modifiers PASSED [ 20%]
importer/tests/test_ini_compile_remainders.py::test_absent_stance_template_is_not_invented PASSED [ 20%]
importer/tests/test_ini_compile_remainders.py::test_unit_selection_commands_are_own_commandset_not_construct PASSED [ 20%]
importer/tests/test_integrity.py::IntegrityTests::test_allow_incomplete_never_marks_or_publishes_complete PASSED [ 20%]
importer/tests/test_integrity.py::IntegrityTests::test_audit_binds_each_conversion_hash_and_rejects_malformed_entries PASSED [ 20%]
importer/tests/test_integrity.py::IntegrityTests::test_audit_covers_runtime_json_and_rejects_extra_files PASSED [ 20%]
importer/tests/test_integrity.py::IntegrityTests::test_blender_environment_drops_host_python_and_blender_overrides PASSED [ 20%]
importer/tests/test_integrity.py::IntegrityTests::test_fords_semantic_contract_binds_sources_recipe_and_tools 
importer/tests/test_integrity.py::IntegrityTests::test_fords_semantic_contract_binds_sources_recipe_and_tools PASSED [ 20%]
importer/tests/test_integrity.py::IntegrityTests::test_generated_python_bytecode_is_rejected_from_pinned_tools 
importer/tests/test_integrity.py::IntegrityTests::test_generated_python_bytecode_is_rejected_from_pinned_tools PASSED [ 20%]
importer/tests/test_integrity.py::IntegrityTests::test_local_retail_pack_cannot_downgrade_semantic_provenance PASSED [ 20%]
importer/tests/test_integrity.py::IntegrityTests::test_publish_revalidates_preexisting_digest_directory PASSED [ 20%]
importer/tests/test_interface_art.py::test_pack_image_filename_matches_the_shipped_pack_convention PASSED [ 20%]
importer/tests/test_interface_art.py::test_collect_image_references_covers_buttons_portraits_and_commandsets PASSED [ 20%]
importer/tests/test_interface_art.py::test_commandset_scope_restricts_the_universe PASSED [ 20%]
importer/tests/test_interface_art.py::test_create_a_hero_class_icons_are_collected PASSED [ 20%]
importer/tests/test_interface_art.py::test_a_duplicate_id_resolves_to_the_texture_that_actually_shipped PASSED [ 20%]
importer/tests/test_interface_art.py::test_a_duplicate_neither_of_which_resolves_stays_ambiguous PASSED [ 20%]
importer/tests/test_interface_art.py::test_create_a_hero_icons_survive_a_faction_scope PASSED [ 20%]
importer/tests/test_interface_art.py::test_multi_state_button_image_lines_expand_into_one_id_per_state PASSED [ 21%]
importer/tests/test_interface_art.py::test_load_mapped_images_indexes_every_block PASSED [ 21%]
importer/tests/test_interface_art.py::test_judge_fails_when_nothing_is_shipped PASSED [ 21%]
importer/tests/test_interface_art.py::test_judge_names_the_retail_source_gap_separately PASSED [ 21%]
importer/tests/test_interface_art.py::test_judge_passes_only_when_every_reference_ships PASSED [ 21%]
importer/tests/test_interface_art.py::test_judge_catches_one_deliberately_removed_image_by_name PASSED [ 21%]
importer/tests/test_interface_art.py::test_judge_detects_an_index_entry_whose_png_is_missing PASSED [ 21%]
importer/tests/test_interface_art.py::test_source_null_allowlist_must_be_named_and_is_reported PASSED [ 21%]
importer/tests/test_interface_art.py::test_resolve_selection_pack_dirs_reports_every_mount PASSED [ 21%]
importer/tests/test_interface_art.py::test_scan_shipped_images_falls_back_to_the_hash_suffix_convention PASSED [ 21%]
importer/tests/test_interface_art_lane.py::test_plan_groups_crops_by_atlas_and_names_every_gap PASSED [ 21%]
importer/tests/test_interface_art_lane.py::test_plan_crop_rectangles_come_straight_from_the_mapped_image PASSED [ 21%]
importer/tests/test_interface_art_lane.py::test_emit_writes_exact_pixels_and_a_consumable_index PASSED [ 21%]
importer/tests/test_interface_art_lane.py::test_emit_is_idempotent_and_deterministic PASSED [ 21%]
importer/tests/test_interface_art_lane.py::test_emitted_pack_satisfies_the_judge PASSED [ 21%]
importer/tests/test_interface_art_lane.py::test_lane_refuses_a_crop_outside_the_atlas PASSED [ 21%]
importer/tests/test_interface_art_pack.py::test_runtime_path_is_the_path_the_godot_consumer_reads PASSED [ 21%]
importer/tests/test_interface_art_pack.py::test_every_planned_crop_becomes_a_pipeline_resource PASSED [ 21%]
importer/tests/test_interface_art_pack.py::test_index_addresses_exactly_the_outputs_the_converter_writes PASSED [ 21%]
importer/tests/test_interface_art_pack.py::test_space_bearing_retail_ids_get_a_schema_safe_logical_name PASSED [ 21%]
importer/tests/test_interface_art_pack.py::test_atlas_absent_from_the_cook_catalog_becomes_a_named_gap PASSED [ 21%]
importer/tests/test_interface_art_pack.py::test_dense_atlas_is_split_to_respect_the_profile_crop_bound PASSED [ 21%]
importer/tests/test_interface_art_pack.py::test_emitted_resources_are_valid_to_the_import_profile_schema PASSED [ 21%]
importer/tests/test_interface_art_pack.py::test_create_a_hero_model_portraits_are_collected PASSED [ 21%]
importer/tests/test_interface_art_pack.py::test_create_a_hero_award_medals_are_collected PASSED [ 21%]
importer/tests/test_living_world_autoresolve.py::test_add_multiply_and_divide_are_evaluated_and_percentness_travels PASSED [ 21%]
importer/tests/test_living_world_autoresolve.py::test_divide_is_evaluated_inline_the_way_the_handicap_ladder_authors_it PASSED [ 21%]
importer/tests/test_living_world_autoresolve.py::test_an_absent_macro_is_named_and_never_replaced_by_a_number PASSED [ 21%]
importer/tests/test_living_world_autoresolve.py::test_a_cyclic_define_is_named_rather_than_recursed_forever PASSED [ 21%]
importer/tests/test_living_world_autoresolve.py::test_an_operator_retail_does_not_author_is_named_rather_than_guessed PASSED [ 21%]
importer/tests/test_living_world_autoresolve.py::test_divide_by_zero_is_named_rather_than_producing_an_infinity PASSED [ 21%]
importer/tests/test_living_world_autoresolve.py::test_defines_are_file_local_the_way_retail_authors_them PASSED [ 21%]
importer/tests/test_living_world_autoresolve.py::test_an_unmodelled_field_is_gapped_rather_than_dropped PASSED [ 21%]
importer/tests/test_living_world_autoresolve.py::test_an_unmodelled_block_is_gapped_rather_than_dropped PASSED [ 21%]
importer/tests/test_living_world_autoresolve.py::test_the_level_bonus_percentage_is_carried_verbatim_with_no_multiplier_derived PASSED [ 21%]
importer/tests/test_living_world_autoresolve.py::test_the_reinforcement_schedule_keeps_retails_signed_each_remaining PASSED [ 21%]
importer/tests/test_living_world_autoresolve.py::test_leadership_percentages_carry_both_the_fraction_and_retails_own_percent PASSED [ 22%]
importer/tests/test_living_world_autoresolve.py::test_a_missing_document_is_a_refusal_and_not_an_empty_table PASSED [ 22%]
importer/tests/test_living_world_autoresolve.py::test_the_bundle_writes_the_manifest_next_to_a_directory PASSED [ 22%]
importer/tests/test_living_world_autoresolve.py::test_the_nine_documents_are_the_nine_retail_ships PASSED [ 22%]
importer/tests/test_living_world_autoresolve_bindings.py::test_a_commented_leadership_is_not_a_reference_in_either_spelling PASSED [ 22%]
importer/tests/test_living_world_autoresolve_bindings.py::test_a_trailing_comment_is_not_a_reference_either PASSED [ 22%]
importer/tests/test_living_world_autoresolve_bindings.py::test_a_commented_armor_block_is_scoped_the_way_a_live_one_is PASSED [ 22%]
importer/tests/test_living_world_autoresolve_bindings.py::test_the_two_dangling_pictures_are_both_in_the_manifest_and_differ PASSED [ 22%]
importer/tests/test_living_world_autoresolve_bindings.py::test_a_childobject_inherits_its_parents_binding PASSED [ 22%]
importer/tests/test_living_world_autoresolve_bindings.py::test_a_childobject_field_overrides_the_one_it_inherits PASSED [ 22%]
importer/tests/test_living_world_autoresolve_bindings.py::test_inheritance_is_transitive_across_several_levels_and_across_documents PASSED [ 22%]
importer/tests/test_living_world_autoresolve_bindings.py::test_an_ancestor_that_contributes_nothing_is_not_named_in_the_chain PASSED [ 22%]
importer/tests/test_living_world_autoresolve_bindings.py::test_an_inheritance_cycle_is_reported_by_name_and_never_looped_on PASSED [ 22%]
importer/tests/test_living_world_autoresolve_bindings.py::test_a_childobject_whose_parent_is_not_declared_is_named_not_guessed PASSED [ 22%]
importer/tests/test_living_world_autoresolve_bindings.py::test_an_armor_block_with_no_armor_row_is_reported_not_dropped PASSED [ 22%]
importer/tests/test_living_world_autoresolve_bindings.py::test_upgrade_gates_carry_several_tokens_or_none_at_all PASSED [ 22%]
importer/tests/test_living_world_autoresolve_bindings.py::test_block_order_within_an_object_is_retails_own_order PASSED [ 22%]
importer/tests/test_living_world_autoresolve_bindings.py::test_a_block_the_bundle_never_declares_dangles_by_name_with_no_substitute PASSED [ 22%]
importer/tests/test_living_world_autoresolve_bindings.py::test_the_documented_fallbacks_are_split_out_of_the_orphan_lists PASSED [ 22%]
importer/tests/test_living_world_autoresolve_bindings.py::test_a_unit_type_alone_is_authored_data_but_binds_no_block PASSED [ 22%]
importer/tests/test_living_world_autoresolve_bindings.py::test_an_objectreskin_is_not_admitted_as_an_object_template PASSED [ 22%]
importer/tests/test_living_world_autoresolve_bindings.py::test_coverage_names_the_unbound_templates_with_the_distinguishing_reason PASSED [ 22%]
importer/tests/test_living_world_autoresolve_bindings.py::test_coverage_is_absent_with_a_reason_rather_than_an_empty_section PASSED [ 22%]
importer/tests/test_living_world_autoresolve_bindings.py::test_an_autoresolve_document_of_the_wrong_schema_is_a_refusal PASSED [ 22%]
importer/tests/test_living_world_autoresolve_bindings.py::test_a_catalog_with_no_object_documents_is_a_refusal_not_an_empty_manifest PASSED [ 22%]
importer/tests/test_living_world_autoresolve_bindings.py::test_converting_twice_yields_byte_identical_json PASSED [ 22%]
importer/tests/test_living_world_autoresolve_bindings.py::test_pin_the_real_catalogs_object_documents_and_object_counts PASSED [ 22%]
importer/tests/test_living_world_autoresolve_bindings.py::test_pin_the_real_catalogs_live_and_commented_census PASSED [ 22%]
importer/tests/test_living_world_autoresolve_bindings.py::test_pin_that_nothing_dangles_once_comments_are_excluded PASSED [ 22%]
importer/tests/test_living_world_autoresolve_bindings.py::test_pin_the_real_catalogs_orphans PASSED [ 22%]
importer/tests/test_living_world_autoresolve_bindings.py::test_pin_the_angmar_finding PASSED [ 22%]
importer/tests/test_living_world_autoresolve_bindings.py::test_pin_the_strategic_coverage PASSED [ 22%]
importer/tests/test_living_world_ui.py::test_a1_schema_v4 PASSED         [ 22%]
importer/tests/test_living_world_ui.py::test_a2_all_five_and_source_order PASSED [ 22%]
importer/tests/test_living_world_ui.py::test_a3_raw_range_typo_preserved PASSED [ 22%]
importer/tests/test_living_world_ui.py::test_a4_bonus_raw_numeric_and_null PASSED [ 22%]
importer/tests/test_living_world_ui.py::test_a5_bad_bonus[0 Armor:1%] PASSED [ 22%]
importer/tests/test_living_world_ui.py::test_a5_bad_bonus[1 Armor:1% Armor:2%] PASSED [ 23%]
importer/tests/test_living_world_ui.py::test_a5_bad_bonus[1 Speed:2%] PASSED [ 23%]
importer/tests/test_living_world_ui.py::test_a5_bad_bonus[1 Armor:2%%] PASSED [ 23%]
importer/tests/test_living_world_ui.py::test_a5_bad_bonus[1 Armor:NaN%] PASSED [ 23%]
importer/tests/test_living_world_ui.py::test_a6_raw_treasury_and_signed_cp PASSED [ 23%]
importer/tests/test_living_world_ui.py::test_a7_unknown_kind_refuses_building PASSED [ 23%]
importer/tests/test_living_world_ui.py::test_a7_unknown_scalar_duplicate_and_empty_required_refuse PASSED [ 23%]
importer/tests/test_living_world_ui.py::test_a8_unknown_army_field_refuses PASSED [ 23%]
importer/tests/test_living_world_ui.py::test_a8_unknown_subblock_refuses PASSED [ 23%]
importer/tests/test_living_world_ui.py::test_a9_caps_refuse PASSED       [ 23%]
importer/tests/test_living_world_ui.py::test_a9_nested_caps_refuse PASSED [ 23%]
importer/tests/test_living_world_ui.py::test_a10_deterministic PASSED    [ 23%]
importer/tests/test_living_world_ui.py::test_b1_experience_macros_include_position_filter_order_duplicates_and_exact_ints PASSED [ 23%]
importer/tests/test_living_world_ui.py::test_b2_experience_missing_coverage_cycle_duplicates_and_fractional_fail PASSED [ 23%]
importer/tests/test_living_world_ui.py::test_b3_experience_caps_progression_and_determinism PASSED [ 23%]
importer/tests/test_living_world_ui.py::test_c1_level_up_rows_are_active_exact_flat_and_source_ordered PASSED [ 23%]
importer/tests/test_living_world_ui.py::test_c2_level_up_fail_closed[-missing] PASSED [ 23%]
importer/tests/test_living_world_ui.py::test_c2_level_up_fail_closed[ChildObject UnitA Parent\nEnd\n-direct Object] PASSED [ 23%]
importer/tests/test_living_world_ui.py::test_c2_level_up_fail_closed[Object UnitA Parent\nEnd\n-direct Object] PASSED [ 23%]
importer/tests/test_living_world_ui.py::test_c2_level_up_fail_closed[Object UnitA\nEnd\n-exactly one] PASSED [ 23%]
importer/tests/test_living_world_ui.py::test_c2_level_up_fail_closed[Object UnitA\n Behavior = LevelUpUpgrade Tag\n  TriggeredBy = U\n  LevelsToGain = 1\n  LevelCap = 2\n End\n Behavior = LevelUpUpgrade Tag2\n  TriggeredBy = V\n  LevelsToGain = 1\n  LevelCap = 2\n End\nEnd\n-exactly one] PASSED [ 23%]
importer/tests/test_living_world_ui.py::test_c2_level_up_fail_closed[Object UnitA\n Behavior = LevelUpUpgrade Tag\n  TriggeredBy = U u\n  LevelsToGain = 1\n  LevelCap = 2\n End\nEnd\n-duplicate TriggeredBy] PASSED [ 23%]
importer/tests/test_living_world_ui.py::test_c2_level_up_fail_closed[Object UnitA\n Behavior = LevelUpUpgrade Tag\n  TriggeredBy = NULL\n  LevelsToGain = 1\n  LevelCap = 2\n End\nEnd\n-TriggeredBy] PASSED [ 23%]
importer/tests/test_living_world_ui.py::test_c2_level_up_fail_closed[Object UnitA\n Behavior = LevelUpUpgrade Tag\n  TriggeredBy = U ; NONE\n  LevelsToGain = +1 // rejected sign\n  LevelCap = 2\n End\nEnd\n-positive digit] PASSED [ 23%]
importer/tests/test_living_world_ui.py::test_c2_level_up_fail_closed[Object UnitA\n RemoveModule Tag\n Behavior = LevelUpUpgrade Tag\n  TriggeredBy = U\n  LevelsToGain = 1\n  LevelCap = 2\n End\nEnd\n-modifies] PASSED [ 23%]
importer/tests/test_living_world_ui.py::test_c2_level_up_fail_closed[Object UnitA\n AddModule Tag\n Behavior = LevelUpUpgrade Tag\n  TriggeredBy = U\n  LevelsToGain = 1\n  LevelCap = 2\n End\nEnd\n-modifies] PASSED [ 23%]
importer/tests/test_living_world_ui.py::test_c2_level_up_fail_closed[Object UnitA\n OverrideableByLikeKind Tag\n Behavior = LevelUpUpgrade Tag\n  TriggeredBy = U\n  LevelsToGain = 1\n  LevelCap = 2\n End\nEnd\n-modifies] PASSED [ 23%]
importer/tests/test_living_world_ui.py::test_c2_level_up_fail_closed[Object UnitA\n Behavior = LevelUpUpgrade Tag\n  TriggeredBy = U\n  LevelsToGain = 1\n  LevelCap = 2\n  Nested\n   Value = 1\n  End\n End\nEnd\n-nested] PASSED [ 23%]
importer/tests/test_living_world_ui.py::test_c2_level_up_numeric_and_trigger_boundaries PASSED [ 23%]
importer/tests/test_living_world_ui.py::test_c3_level_up_duplicate_objects_casefold_and_bounds PASSED [ 23%]
importer/tests/test_living_world_ui.py::test_c4_level_up_experience_cross_invariant PASSED [ 23%]
importer/tests/test_livingmap_regions.py::test_retails_five_effect_geometries_are_all_known_layers PASSED [ 23%]
importer/tests/test_livingmap_regions.py::test_selection_and_home_region_geometry_are_converted_by_default PASSED [ 23%]
importer/tests/test_livingmap_regions.py::test_the_stale_seledge_asset_is_named_and_never_default PASSED [ 23%]
importer/tests/test_livingmap_regions.py::test_an_unknown_layer_is_refused_by_name PASSED [ 23%]
importer/tests/test_livingmap_regions.py::test_a_layer_missing_from_the_catalog_is_refused_rather_than_skipped PASSED [ 23%]
importer/tests/test_livingmap_regions.py::test_every_layer_binds_its_mesh_to_the_same_region PASSED [ 24%]
importer/tests/test_livingmap_regions.py::test_the_subobject_spelling_bridge_applies_to_the_new_layers PASSED [ 24%]
importer/tests/test_livingmap_regions.py::test_a_mesh_matching_no_region_is_listed_and_bound_to_nothing PASSED [ 24%]
importer/tests/test_livingmap_regions.py::test_an_impassable_mesh_is_never_matched_to_a_region PASSED [ 24%]
importer/tests/test_livingmap_regions.py::test_a_layer_that_covers_fewer_regions_is_named_per_layer PASSED [ 24%]
importer/tests/test_livingmap_regions.py::test_a_region_declared_in_two_campaigns_is_a_hole_only_once PASSED [ 24%]
importer/tests/test_livingmap_regions.py::test_coverage_counts_meshes_and_impassable_masses_separately PASSED [ 24%]
importer/tests/test_livingmap_regions.py::test_the_territory_layer_is_counted_as_territories_not_regions PASSED [ 24%]
importer/tests/test_livingmap_regions.py::test_the_named_gaps_reach_the_manifest_verbatim PASSED [ 24%]
importer/tests/test_livingmap_regions.py::test_every_layers_geometry_is_addressable_in_the_shared_block PASSED [ 24%]
importer/tests/test_livingmap_regions.py::test_the_derived_centroid_is_computed_for_every_layer PASSED [ 24%]
importer/tests/test_livingmap_regions.py::test_pin_the_real_layers_cover_retails_own_regions[fill-art/w3d/lm/lmr_fill.w3d-62-52] PASSED [ 24%]
importer/tests/test_livingmap_regions.py::test_pin_the_real_layers_cover_retails_own_regions[border-art/w3d/lm/lmr_border.w3d-52-52] PASSED [ 24%]
importer/tests/test_livingmap_regions.py::test_pin_the_real_layers_cover_retails_own_regions[edge-art/w3d/lm/lmr_edge.w3d-54-52] PASSED [ 24%]
importer/tests/test_livingmap_regions.py::test_pin_the_real_layers_cover_retails_own_regions[highlight-art/w3d/lm/lmr_highlight.w3d-52-52] PASSED [ 24%]
importer/tests/test_livingmap_regions.py::test_pin_the_real_layers_cover_retails_own_regions[territory-art/w3d/lm/lmr_regfill.w3d-7-0] PASSED [ 24%]
importer/tests/test_livingmap_regions.py::test_pin_the_seledge_gap_still_describes_the_shipped_asset PASSED [ 24%]
importer/tests/test_livingworld.py::ReaderTests::test_region_effects_dialect_reads_whitespace_pairs PASSED [ 24%]
importer/tests/test_livingworld.py::ReaderTests::test_region_graph_parses_with_nested_connections PASSED [ 24%]
importer/tests/test_livingworld.py::ReaderTests::test_repeated_single_valued_field_fails_closed PASSED [ 24%]
importer/tests/test_livingworld.py::ReaderTests::test_top_level_assignments_are_returned_as_tree_fields PASSED [ 24%]
importer/tests/test_livingworld.py::ReaderTests::test_unknown_block_keeps_end_balance_and_reaches_the_caller PASSED [ 24%]
importer/tests/test_livingworld.py::ReaderTests::test_unterminated_block_raises PASSED [ 24%]
importer/tests/test_livingworld.py::IncludeTests::test_cyclic_include_raises PASSED [ 24%]
importer/tests/test_livingworld.py::IncludeTests::test_include_escaping_the_tree_raises PASSED [ 24%]
importer/tests/test_livingworld.py::IncludeTests::test_include_paths_resolve_relative_to_the_including_document PASSED [ 24%]
importer/tests/test_livingworld.py::IncludeTests::test_included_lines_are_spliced_in_place PASSED [ 24%]
importer/tests/test_livingworld.py::IncludeTests::test_missing_include_raises_but_missing_entry_point_is_a_gap PASSED [ 24%]
importer/tests/test_livingworld.py::IncludeTests::test_unbalanced_include_is_quarantined_without_corrupting_siblings PASSED [ 24%]
importer/tests/test_livingworld.py::ValueTests::test_decimals_become_exact_thousandths_never_floats PASSED [ 24%]
importer/tests/test_livingworld.py::ValueTests::test_points_parse_and_reject_malformed_shapes PASSED [ 24%]
importer/tests/test_livingworld.py::ProfileTests::test_bonus_macro_is_kept_verbatim_and_gapped PASSED [ 24%]
importer/tests/test_livingworld.py::ProfileTests::test_dangling_and_one_way_connections_are_gapped PASSED [ 24%]
importer/tests/test_livingworld.py::ProfileTests::test_profile_carries_the_whole_strategic_surface PASSED [ 24%]
importer/tests/test_livingworld.py::ProfileTests::test_profile_is_deterministic PASSED [ 24%]
importer/tests/test_livingworld.py::ProfileTests::test_scenario_referencing_an_unknown_region_is_gapped PASSED [ 24%]
importer/tests/test_livingworld.py::ProfileTests::test_unknown_region_field_is_recorded_not_dropped PASSED [ 24%]
importer/tests/test_livingworld.py::ProfileTests::test_unmodelled_block_is_recorded_not_dropped PASSED [ 25%]
importer/tests/test_livingworld.py::ProfileTests::test_unsupported_game_fails_closed PASSED [ 25%]
importer/tests/test_livingworld.py::PackLaneTests::test_a_source_that_is_not_a_readable_file_fails_at_construction PASSED [ 25%]
importer/tests/test_livingworld.py::PackLaneTests::test_file_lane_matches_the_catalog_lane_byte_for_byte PASSED [ 25%]
importer/tests/test_livingworld.py::PackLaneTests::test_missing_include_fails_closed_naming_the_document PASSED [ 25%]
importer/tests/test_livingworld.py::PackLaneTests::test_two_spellings_of_one_virtual_path_fail_closed PASSED [ 25%]
importer/tests/test_livingworld.py::ShippableGateTests::test_a_missing_entry_point_is_refused_by_name PASSED [ 25%]
importer/tests/test_livingworld.py::ShippableGateTests::test_an_edgeless_surface_is_refused PASSED [ 25%]
importer/tests/test_livingworld.py::ShippableGateTests::test_the_retail_shaped_fixture_is_shippable PASSED [ 25%]
importer/tests/test_livingworld.py::PipelineConverterTests::test_converter_cooks_the_document_into_the_pack PASSED [ 25%]
importer/tests/test_livingworld.py::PipelineConverterTests::test_converter_propagates_a_count_error PASSED [ 25%]
importer/tests/test_livingworld.py::PipelineConverterTests::test_converter_refuses_a_foreign_output_path PASSED [ 25%]
importer/tests/test_livingworld.py::PipelineConverterTests::test_converter_refuses_an_edgeless_extraction PASSED [ 25%]
importer/tests/test_livingworld.py::PipelineConverterTests::test_converter_requires_exactly_the_game_option PASSED [ 25%]
importer/tests/test_livingworld.py::PackProfileContractTests::test_the_base_profile_declares_the_living_world_rule PASSED [ 25%]
importer/tests/test_livingworld.py::Bfme2LivingWorldIntegrationTests::test_every_gap_is_accounted_for PASSED [ 25%]
importer/tests/test_livingworld.py::Bfme2LivingWorldIntegrationTests::test_measured_command_point_economy PASSED [ 25%]
importer/tests/test_livingworld.py::Bfme2LivingWorldIntegrationTests::test_measured_rts_handoff_settings PASSED [ 25%]
importer/tests/test_livingworld.py::Bfme2LivingWorldIntegrationTests::test_measured_scenario_surface PASSED [ 25%]
importer/tests/test_livingworld.py::Bfme2LivingWorldIntegrationTests::test_measured_wotr_graph PASSED [ 25%]
importer/tests/test_livingworld.py::RotwkLivingWorldIntegrationTests::test_expansion_adds_angmar_and_shared_victory_types PASSED [ 25%]
importer/tests/test_livingworld.py::RotwkLivingWorldIntegrationTests::test_expansion_changes_the_rts_handoff PASSED [ 25%]
importer/tests/test_livingworld.py::RotwkLivingWorldIntegrationTests::test_expansion_grows_the_region_graph PASSED [ 25%]
importer/tests/test_livingworld.py::RotwkLivingWorldIntegrationTests::test_retail_authoring_bug_is_quarantined_and_named PASSED [ 25%]
importer/tests/test_m2_gate_script.py::test_m2_gate_is_final_identity_bound_retail_gate PASSED [ 25%]
importer/tests/test_m2_gate_script.py::test_m2_gate_requires_the_documented_capture_matrix PASSED [ 25%]
importer/tests/test_m2_gate_script.py::test_m2_wrapper_only_dispatches_the_final_gate PASSED [ 25%]
importer/tests/test_m2_gate_script.py::test_m2_gate_runs_the_focused_graphics_ui_audio_and_play_contracts PASSED [ 25%]
importer/tests/test_m2_gate_script.py::test_m2_reliability_is_real_time_rendered_and_identity_bound PASSED [ 25%]
importer/tests/test_m2_gate_script.py::test_m2_lifecycle_flags_require_real_json_booleans PASSED [ 25%]
importer/tests/test_m2_gate_script.py::test_m2_lifecycle_validator_rejects_string_false[outcomePresented] PASSED [ 25%]
importer/tests/test_m2_gate_script.py::test_m2_lifecycle_validator_rejects_string_false[sceneFreed] PASSED [ 25%]
importer/tests/test_m2_gate_script.py::test_m2_lifecycle_validator_rejects_string_false[meshCacheCleared] PASSED [ 25%]
importer/tests/test_m2_gate_script.py::test_m2_oracle_tools_fail_closed_and_revoke_stale_review PASSED [ 25%]
importer/tests/test_m3_house_color.py::test_house_color_table_and_per_model_metadata_preserve_masks_and_mesh_markers PASSED [ 25%]
importer/tests/test_m3_house_color.py::test_unrelated_missing_house_color_pairs_do_not_escape_bounded_closure PASSED [ 25%]
importer/tests/test_m3_house_color.py::test_house_color_coverage_is_not_complete_when_a_target_has_no_binding PASSED [ 26%]
importer/tests/test_m3_icon_census.py::test_icon_census_covers_every_building_command_and_portrait PASSED [ 26%]
importer/tests/test_m3_icon_census.py::test_icon_census_reports_missing_authored_icon_and_fails_closed_on_missing_command PASSED [ 26%]
importer/tests/test_m3_icon_census.py::test_construction_tooltips_participate_in_localized_string_closure PASSED [ 26%]
importer/tests/test_m3_pack_expansion.py::test_tracked_v1_is_payload_free_bounded_and_source_gap_honest PASSED [ 26%]
importer/tests/test_m3_pack_expansion.py::test_candidate_pack_contract_never_promotes_known_gaps_to_completion PASSED [ 26%]
importer/tests/test_m3_pack_expansion.py::test_selection_transition_evidence_uses_scoped_status_not_completion_claims PASSED [ 26%]
importer/tests/test_m3_pack_expansion.py::test_generated_candidate_outputs_are_contained_below_private_root PASSED [ 26%]
importer/tests/test_m3_pack_expansion.py::test_declarative_visual_rules_are_deterministic_and_runtime_contract_is_complete PASSED [ 26%]
importer/tests/test_m3_pack_expansion.py::test_trebuchet_recipe_preserves_retail_embedded_death_drawable PASSED [ 26%]
importer/tests/test_m3_pack_expansion.py::test_trebuchet_resources_do_not_attribute_death_source_to_intact_glb PASSED [ 26%]
importer/tests/test_m3_pack_expansion.py::test_initial_building_runtime_contract_is_hash_sealed_and_gap_only PASSED [ 26%]
importer/tests/test_m3_pack_expansion.py::test_building_runtime_contract_attaches_to_composed_profile_once PASSED [ 26%]
importer/tests/test_m3_pack_expansion.py::test_path_composer_binds_parsed_inputs_to_the_same_raw_bytes PASSED [ 26%]
importer/tests/test_m3_pack_expansion.py::test_json_digest_loader_never_reads_more_than_limit_plus_one PASSED [ 26%]
importer/tests/test_m3_pack_expansion.py::test_m3_visual_composer_never_claims_root_rigid_bake_from_a_model_name PASSED [ 26%]
importer/tests/test_m3_pack_expansion.py::test_required_upgrade_definitions_are_hash_bound_and_icon_complete PASSED [ 26%]
importer/tests/test_m3_pack_expansion.py::test_effective_ranger_runtime_contract_is_exact_and_incomplete PASSED [ 26%]
importer/tests/test_m3_pack_expansion.py::test_effective_trebuchet_contract_and_object_bindings_are_source_complete PASSED [ 26%]
importer/tests/test_m3_pack_expansion.py::test_building_stats_schema_has_every_m3_building_and_source_attested_trainables PASSED [ 26%]
importer/tests/test_m3_pack_expansion.py::test_hierarchy_less_bib_model_classifies_as_w3d_static PASSED [ 26%]
importer/tests/test_m3_spellbook.py::test_spellbook_shape_preserves_costs_tree_recharge_icons_and_tooltips PASSED [ 26%]
importer/tests/test_m3_spellbook.py::test_spellbook_and_command_point_extractors_fail_closed_and_keep_all_modes PASSED [ 26%]
importer/tests/test_map_census.py::MultiplayerMapCensusTests::test_duplicate_team_name_quirk_remains_a_neutral_census_fact PASSED [ 26%]
importer/tests/test_map_census.py::MultiplayerMapCensusTests::test_mapcache_parser_rejects_unknown_or_duplicate_fields 
importer/tests/test_map_census.py::MultiplayerMapCensusTests::test_mapcache_parser_rejects_unknown_or_duplicate_fields PASSED [ 26%]
importer/tests/test_map_census.py::MultiplayerMapCensusTests::test_registry_selects_shipped_multiplayer_and_reports_stale_record PASSED [ 26%]
importer/tests/test_map_corpus.py::MapCorpusTests::test_discovers_map_payloads_by_suffix_and_signature_without_omission PASSED [ 26%]
importer/tests/test_map_corpus.py::MapCorpusTests::test_empty_selection_and_all_selected_bounds_fail_without_truncation PASSED [ 26%]
importer/tests/test_map_corpus.py::MapCorpusTests::test_explicit_profiles_propagate_and_bind_all_corpus_hashes PASSED [ 26%]
importer/tests/test_map_corpus.py::MapCorpusTests::test_hundreds_of_maps_are_all_processed_without_omission PASSED [ 26%]
importer/tests/test_map_corpus.py::MapCorpusTests::test_invalid_census_contract_is_rejected_without_leaking_returned_details PASSED [ 26%]
importer/tests/test_map_corpus.py::MapCorpusTests::test_invalid_profile_mappings_fail_closed_before_census 
importer/tests/test_map_corpus.py::MapCorpusTests::test_invalid_profile_mappings_fail_closed_before_census PASSED [ 26%]
importer/tests/test_map_corpus.py::MapCorpusTests::test_manifest_change_during_census_fails_closed PASSED [ 26%]
importer/tests/test_map_corpus.py::MapCorpusTests::test_option_types_and_hard_bounds_fail_closed PASSED [ 26%]
importer/tests/test_map_corpus.py::MapCorpusTests::test_parser_exception_is_compact_rejection_and_does_not_stop_later_maps PASSED [ 26%]
importer/tests/test_map_corpus.py::MapCorpusTests::test_profile_mapping_rejects_structurally_proven_script_container PASSED [ 26%]
importer/tests/test_map_corpus.py::MapCorpusTests::test_profiles_accept_exact_signature_candidates_only PASSED [ 26%]
importer/tests/test_map_corpus.py::MapCorpusTests::test_real_bounded_census_rejection_is_recorded_without_payload PASSED [ 27%]
importer/tests/test_map_corpus.py::MapCorpusTests::test_rejects_manifest_schema_totals_aggregate_paths_order_and_collisions PASSED [ 27%]
importer/tests/test_map_corpus.py::MapCorpusTests::test_rejects_missing_extra_and_linked_tree_entries_before_census PASSED [ 27%]
importer/tests/test_map_corpus.py::MapCorpusTests::test_rejects_selected_map_size_and_sha256_mismatches_before_census PASSED [ 27%]
importer/tests/test_map_corpus.py::MapCorpusTests::test_scans_every_declared_map_deterministically_and_redacts_map_details PASSED [ 27%]
importer/tests/test_map_corpus.py::MapCorpusTests::test_signature_candidate_is_fully_size_and_sha_verified PASSED [ 27%]
importer/tests/test_map_corpus.py::MapCorpusTests::test_strict_mode_finishes_all_maps_and_preserves_report PASSED [ 27%]
importer/tests/test_map_corpus.py::MapCorpusTests::test_structural_partition_hands_off_scb_and_keeps_terrain_maps PASSED [ 27%]
importer/tests/test_map_profile.py::test_gollum_spawn_library_is_selected_only_for_authored_map_reference PASSED [ 27%]
importer/tests/test_map_profile.py::FiveMapProfileTests::test_absent_optional_companion_is_omitted_never_substituted PASSED [ 27%]
importer/tests/test_map_profile.py::FiveMapProfileTests::test_script_composite_generated_profile_is_deterministic_and_schema_valid PASSED [ 27%]
importer/tests/test_map_profile.py::FiveMapWrapperIdentityTests::test_five_map_wrapper_keeps_its_historical_identity PASSED [ 27%]
importer/tests/test_map_profile.py::SkirmishMapDiscoveryTests::test_authored_display_names_win_and_provenance_is_recorded PASSED [ 27%]
importer/tests/test_map_profile.py::SkirmishMapDiscoveryTests::test_discovery_takes_the_map_set_from_the_registry_and_records_stale_rows PASSED [ 27%]
importer/tests/test_map_profile.py::SkirmishMapDiscoveryTests::test_every_retail_directory_family_classifies PASSED [ 27%]
importer/tests/test_map_profile.py::SkirmishMapDiscoveryTests::test_missing_preview_keeps_the_map_and_drops_only_its_preview PASSED [ 27%]
importer/tests/test_map_profile.py::SkirmishMapDiscoveryTests::test_non_skirmish_categories_are_discoverable_and_labelled PASSED [ 27%]
importer/tests/test_map_profile.py::SkirmishMapDiscoveryTests::test_profile_without_string_table_records_every_derived_name PASSED [ 27%]
importer/tests/test_map_profile.py::SkirmishMapDiscoveryTests::test_registry_player_count_disagreement_rejects_the_map PASSED [ 27%]
importer/tests/test_map_profile.py::SkirmishMapDiscoveryTests::test_scripts_rotwk_skirmish_profile_uses_rotwk_map_identifiers PASSED [ 27%]
importer/tests/test_map_profile.py::SkirmishMapDiscoveryTests::test_skirmish_profile_publishes_a_catalog_with_authored_player_counts PASSED [ 27%]
importer/tests/test_map_profile.py::SkirmishMapDiscoveryTests::test_slug_and_display_name_strip_the_retail_directory_prefix PASSED [ 27%]
importer/tests/test_map_prop_bindings.py::PseudoTypeTests::test_logical_namespaces_derive_their_classification PASSED [ 27%]
importer/tests/test_map_prop_bindings.py::PseudoTypeTests::test_unclassifiable_logical_type_fails_closed PASSED [ 27%]
importer/tests/test_map_prop_bindings.py::PartitionTests::test_placements_split_into_visual_logical_and_unsafe PASSED [ 27%]
importer/tests/test_map_prop_bindings.py::StageMergeTests::test_a_later_map_redeclares_the_owner_it_inherits PASSED [ 27%]
importer/tests/test_map_prop_bindings.py::StageMergeTests::test_a_texture_keeps_one_owner_and_later_stages_are_rewritten PASSED [ 27%]
importer/tests/test_map_prop_bindings.py::StageMergeTests::test_an_inherited_owner_is_declared_once_per_map PASSED [ 27%]
importer/tests/test_map_prop_bindings.py::StageMergeTests::test_owners_shared_across_maps_keep_one_definition_per_resource PASSED [ 27%]
importer/tests/test_map_prop_bindings.py::InputResourceReferenceGuardTests::test_resolved_references_pass PASSED [ 27%]
importer/tests/test_map_prop_bindings.py::InputResourceReferenceGuardTests::test_undeclared_input_resource_reference_fails_closed PASSED [ 27%]
importer/tests/test_map_prop_bindings.py::ClassificationConstantTests::test_derived_non_renderable_classification_is_binding_safe PASSED [ 27%]
importer/tests/test_map_prop_bindings.py::LifecycleVisualBindingTests::test_ambiguous_default_stays_fail_closed PASSED [ 27%]
importer/tests/test_map_prop_bindings.py::LifecycleVisualBindingTests::test_unique_default_intact_model_becomes_visible_binding PASSED [ 27%]
importer/tests/test_mapped_image.py::MappedImageTests::test_compiled_texture_paths_follow_exact_bfme2_convention PASSED [ 27%]
importer/tests/test_mapped_image.py::MappedImageTests::test_parse_returns_canonical_payload_free_records PASSED [ 27%]
importer/tests/test_mapped_image.py::MappedImageTests::test_partial_resolution_keeps_exact_gap_diagnostics PASSED [ 28%]
importer/tests/test_mapped_image.py::MappedImageTests::test_rejects_duplicate_and_ambiguous_definitions PASSED [ 28%]
importer/tests/test_mapped_image.py::MappedImageTests::test_rejects_invalid_dimensions_and_crops 
importer/tests/test_mapped_image.py::MappedImageTests::test_rejects_invalid_dimensions_and_crops PASSED [ 28%]
importer/tests/test_mapped_image.py::MappedImageTests::test_rejects_unclosed_malformed_nul_and_excessive_inputs PASSED [ 28%]
importer/tests/test_mapped_image.py::MappedImageTests::test_rejects_unsafe_texture_paths_and_missing_fields 
importer/tests/test_mapped_image.py::MappedImageTests::test_rejects_unsafe_texture_paths_and_missing_fields PASSED [ 28%]
importer/tests/test_mapped_image.py::MappedImageTests::test_resolver_is_case_insensitive_exact_and_deterministic PASSED [ 28%]
importer/tests/test_mapped_image.py::MappedImageTests::test_source_proven_identifier_and_colonless_coord_forms PASSED [ 28%]
importer/tests/test_measurement_provenance.py::MeasurementClosureTests::test_any_byte_change_in_the_closure_changes_the_fingerprint PASSED [ 28%]
importer/tests/test_measurement_provenance.py::MeasurementClosureTests::test_closure_follows_relative_absolute_and_lazy_imports PASSED [ 28%]
importer/tests/test_measurement_provenance.py::MeasurementClosureTests::test_line_ending_flavor_does_not_change_the_fingerprint PASSED [ 28%]
importer/tests/test_measurement_provenance.py::MeasurementClosureTests::test_real_decode_closure_is_measurement_code_only PASSED [ 28%]
importer/tests/test_measurement_provenance.py::MeasurementClosureTests::test_the_guard_never_fingerprints_itself PASSED [ 28%]
importer/tests/test_measurement_provenance.py::MeasurementClosureTests::test_unrelated_code_movement_does_not_change_the_fingerprint PASSED [ 28%]
importer/tests/test_measurement_provenance.py::MeasurementClosureTests::test_unresolvable_imports_fail_the_walk PASSED [ 28%]
importer/tests/test_measurement_provenance.py::MeasurementProvenanceBlockTests::test_provenance_block_is_json_ready_and_deterministic PASSED [ 28%]
importer/tests/test_measurement_provenance.py::MeasurementVerdictTests::test_matching_fingerprint_reads_fresh PASSED [ 28%]
importer/tests/test_measurement_provenance.py::MeasurementVerdictTests::test_moved_measurement_module_reads_stale_and_is_named PASSED [ 28%]
importer/tests/test_measurement_provenance.py::MeasurementVerdictTests::test_undatable_provenance_is_refused_never_fresh PASSED [ 28%]
importer/tests/test_men_fords_building_profile.py::MenFordsBuildingProfileTests::test_door_sources_use_proven_import_once_conversions PASSED [ 28%]
importer/tests/test_men_fords_building_profile.py::MenFordsBuildingProfileTests::test_each_model_stages_its_complete_exact_texture_closure PASSED [ 28%]
importer/tests/test_men_fords_building_profile.py::MenFordsBuildingProfileTests::test_exact_model_hierarchy_and_clip_groups PASSED [ 28%]
importer/tests/test_men_fords_building_profile.py::MenFordsBuildingProfileTests::test_import_profile_loads_and_lifecycle_contract_is_exact PASSED [ 28%]
importer/tests/test_men_fords_building_profile.py::MenFordsBuildingProfileTests::test_no_construction_model_backs_an_intact_output PASSED [ 28%]
importer/tests/test_module_census.py::test_module_carrier_keys_match_the_cst_parser PASSED [ 28%]
importer/tests/test_module_census.py::test_module_kind_from_assignment[Behavior-AutoHealBehavior ModuleTag_08-AutoHealBehavior] PASSED [ 28%]
importer/tests/test_module_census.py::test_module_kind_from_assignment[Body-ActiveBody ModuleTag_02-ActiveBody] PASSED [ 28%]
importer/tests/test_module_census.py::test_module_kind_from_assignment[Draw-W3DScriptedModelDraw ModuleTag_01-W3DScriptedModelDraw] PASSED [ 28%]
importer/tests/test_module_census.py::test_module_kind_from_assignment[Draw-= W3DScriptedModelDraw ModuleTag_01-W3DScriptedModelDraw] PASSED [ 28%]
importer/tests/test_module_census.py::test_module_kind_from_assignment[behavior-PhysicsBehavior-PhysicsBehavior] PASSED [ 28%]
importer/tests/test_module_census.py::test_module_kind_from_assignment[SomethingElse-FancyModule ModuleTag_77-FancyModule] PASSED [ 28%]
importer/tests/test_module_census.py::test_module_kind_from_assignment[SomethingElse-FancyModule OtherToken-None] PASSED [ 28%]
importer/tests/test_module_census.py::test_module_kind_from_assignment[MaxHealth-1200-None] PASSED [ 28%]
importer/tests/test_module_census.py::test_module_kind_from_assignment[Draw-=-None] PASSED [ 28%]
importer/tests/test_module_census.py::test_module_kind_from_assignment[Behavior-= = =-None] PASSED [ 28%]
importer/tests/test_module_census.py::test_object_family_labels PASSED   [ 28%]
importer/tests/test_module_census.py::test_collect_tree_usage_counts_sites_objects_and_families PASSED [ 28%]
importer/tests/test_module_census.py::test_collect_tree_usage_skips_pseudo_object_artifacts PASSED [ 28%]
importer/tests/test_module_census.py::test_collect_tree_usage_fails_loudly_on_unparsable_input PASSED [ 29%]
importer/tests/test_module_census.py::test_effective_ini_entries_dedup_filter_and_order PASSED [ 29%]
importer/tests/test_module_census.py::test_scan_module_support_measures_the_pipeline_closure PASSED [ 29%]
importer/tests/test_module_census.py::test_scan_module_support_keeps_explicit_refusal_authoritative PASSED [ 29%]
importer/tests/test_module_census.py::test_scan_module_support_rejects_missing_roots PASSED [ 29%]
importer/tests/test_module_census.py::test_build_module_census_orders_members_and_zero_fills_trees PASSED [ 29%]
importer/tests/test_module_census.py::test_build_module_census_is_deterministic PASSED [ 29%]
importer/tests/test_module_census.py::test_build_module_census_refuses_unclassified_kinds PASSED [ 29%]
importer/tests/test_module_census.py::test_classification_table_and_committed_census_agree PASSED [ 29%]
importer/tests/test_module_census.py::test_committed_census_statuses_match_current_importer_source FAILED [ 29%]
importer/tests/test_module_census.py::test_committed_census_serialization_is_canonical PASSED [ 29%]
importer/tests/test_module_census.py::test_committed_census_totals_are_coherent PASSED [ 29%]
importer/tests/test_module_census.py::test_new_runtime_and_deferred_contract_kinds_replace_only_stale_refusals PASSED [ 29%]
importer/tests/test_module_census.py::test_man_the_walls_is_exact_inert_legacy_authoring_in_both_editions PASSED [ 29%]
importer/tests/test_module_census.py::test_coverage_report_runs_and_separates_refusals PASSED [ 29%]
importer/tests/test_module_census.py::test_coverage_report_fails_on_incoherent_census PASSED [ 29%]
importer/tests/test_module_census.py::test_coverage_report_fails_on_totals_mismatch PASSED [ 29%]
importer/tests/test_module_census.py::test_retail_regeneration_is_byte_identical_to_committed_census FAILED [ 29%]
importer/tests/test_module_census.py::test_generate_refuses_partial_corpus PASSED [ 29%]
importer/tests/test_module_contracts_batch.py::test_attribute_modifier_upgrade_extracts_trigger_and_modifier PASSED [ 29%]
importer/tests/test_module_contracts_batch.py::test_geometry_upgrade_extracts_show_hide PASSED [ 29%]
importer/tests/test_module_contracts_batch.py::test_geometry_upgrade_mesh_and_custom_animation_shape_stays_deferred PASSED [ 29%]
importer/tests/test_module_contracts_batch.py::test_inactive_body_is_presence_policy PASSED [ 29%]
importer/tests/test_module_contracts_batch.py::test_spawn_point_production_exit_requires_bone PASSED [ 29%]
importer/tests/test_module_contracts_batch.py::test_keep_object_die_defaults_all_and_does_not_destroy PASSED [ 29%]
importer/tests/test_module_contracts_batch.py::test_create_object_die_requires_creation_list PASSED [ 29%]
importer/tests/test_module_contracts_batch.py::test_physics_behavior_extracts_combat_motion_and_timer_fields PASSED [ 29%]
importer/tests/test_module_contracts_batch.py::test_physics_behavior_rejects_unknown_and_invalid_authored_fields PASSED [ 29%]
importer/tests/test_module_contracts_batch.py::test_fire_weapon_when_dead_extracts_timer_mux_and_offset PASSED [ 29%]
importer/tests/test_module_contracts_batch.py::test_fire_weapon_when_dead_fails_closed_on_unknown_field PASSED [ 29%]
importer/tests/test_module_contracts_batch.py::test_ship_slow_death_extracts_sink_timers_rate_sound_and_death_mux PASSED [ 29%]
importer/tests/test_module_contracts_batch.py::test_slow_death_extracts_ordered_phases_provenance_and_deferred_receipts PASSED [ 29%]
importer/tests/test_module_contracts_batch.py::test_slow_death_promotes_only_closed_core_shape_with_presentation_receipts PASSED [ 29%]
importer/tests/test_module_contracts_batch.py::test_slow_death_executable_claim_fails_closed_when_row_or_graph_is_tampered PASSED [ 29%]
importer/tests/test_module_contracts_batch.py::test_slow_death_fails_closed_on_malformed_or_unknown_shape[Invented = Yes-unsupported fields] PASSED [ 29%]
importer/tests/test_module_contracts_batch.py::test_slow_death_fails_closed_on_malformed_or_unknown_shape[SinkDelay = 3\n    SinkDelay = 4-duplicate scalar] PASSED [ 29%]
importer/tests/test_module_contracts_batch.py::test_slow_death_fails_closed_on_malformed_or_unknown_shape[SinkDelay = -1-non-negative integer milliseconds] PASSED [ 30%]
importer/tests/test_module_contracts_batch.py::test_slow_death_fails_closed_on_malformed_or_unknown_shape[DestructionDelay = MISSING_DELAY-define is unresolved] PASSED [ 30%]
importer/tests/test_module_contracts_batch.py::test_slow_death_fails_closed_on_malformed_or_unknown_shape[ProbabilityModifier = 1.5-integer] PASSED [ 30%]
importer/tests/test_module_contracts_batch.py::test_slow_death_fails_closed_on_malformed_or_unknown_shape[DeathFlags = DEATH_5-DeathFlags malformed] PASSED [ 30%]
importer/tests/test_module_contracts_batch.py::test_slow_death_fails_closed_on_malformed_or_unknown_shape[FX = UNKNOWN FX_Bad-PHASE plus reference] PASSED [ 30%]
importer/tests/test_module_contracts_batch.py::test_slow_death_fails_closed_on_malformed_or_unknown_shape[OCL = FINAL-PHASE plus reference] PASSED [ 30%]
importer/tests/test_module_contracts_batch.py::test_slow_death_fails_closed_on_malformed_or_unknown_shape[ShadowWhenDead = Maybe-must be Yes or No] PASSED [ 30%]
importer/tests/test_module_contracts_batch.py::test_slow_death_exact_canonical_retail_corpora PASSED [ 30%]
importer/tests/test_module_contracts_batch.py::test_horde_transport_extracts_capacity_status_timers_and_payload PASSED [ 30%]
importer/tests/test_module_contracts_batch.py::test_ship_contracts_fail_closed_on_unknown_field[ShipSlowDeathBehavior] PASSED [ 30%]
importer/tests/test_module_contracts_batch.py::test_ship_contracts_fail_closed_on_unknown_field[HordeTransportContain] PASSED [ 30%]
importer/tests/test_module_contracts_batch.py::test_attribute_modifier_aura_extracts_complete_authored_contract PASSED [ 30%]
importer/tests/test_module_contracts_batch.py::test_upgrade_gated_aura_uses_proven_omitted_starts_active_default PASSED [ 30%]
importer/tests/test_module_contracts_batch.py::test_ungated_aura_cannot_omit_starts_active PASSED [ 30%]
importer/tests/test_module_contracts_batch.py::test_lifetime_update_extracts_literal_and_define_timer_expressions PASSED [ 30%]
importer/tests/test_module_contracts_batch.py::test_aura_and_lifetime_contracts_fail_closed[AttributeModifierAuraUpdate-RefreshDelay-soon] PASSED [ 30%]
importer/tests/test_module_contracts_batch.py::test_aura_and_lifetime_contracts_fail_closed[AttributeModifierAuraUpdate-InventedAuraField-Yes] PASSED [ 30%]
importer/tests/test_module_contracts_batch.py::test_aura_and_lifetime_contracts_fail_closed[LifetimeUpdate-MinLifetime--1] PASSED [ 30%]
importer/tests/test_module_contracts_batch.py::test_aura_and_lifetime_contracts_fail_closed[LifetimeUpdate-InventedLifetimeField-1] PASSED [ 30%]
importer/tests/test_module_contracts_batch.py::test_ai_update_interface_extracts_complete_scalar_and_turret_contract PASSED [ 30%]
importer/tests/test_module_contracts_batch.py::test_ai_update_interface_fails_closed[AutoAcquireEnemiesWhenIdle-Maybe] PASSED [ 30%]
importer/tests/test_module_contracts_batch.py::test_ai_update_interface_fails_closed[MoodAttackCheckRate-soon] PASSED [ 30%]
importer/tests/test_module_contracts_batch.py::test_ai_update_interface_fails_closed[InventedAIField-Yes] PASSED [ 30%]
importer/tests/test_module_contracts_batch.py::test_stances_behavior_extracts_template_with_provenance PASSED [ 30%]
importer/tests/test_module_contracts_batch.py::test_stances_behavior_fails_closed[StanceTemplate = FighterHorde Extra] PASSED [ 30%]
importer/tests/test_module_contracts_batch.py::test_stances_behavior_fails_closed[InventedStanceField = FighterHorde] PASSED [ 30%]
importer/tests/test_module_contracts_batch.py::test_stances_behavior_fails_closed[StanceTemplate = FighterHorde\n    StanceTemplate = Hero] PASSED [ 30%]
importer/tests/test_module_contracts_batch.py::test_horde_contain_extracts_repeated_payload_rank_and_formation_fields PASSED [ 30%]
importer/tests/test_module_contracts_batch.py::test_horde_contain_rejects_unknown_field_and_malformed_rank PASSED [ 30%]
importer/tests/test_module_contracts_batch.py::test_horde_ai_update_preserves_repeated_lua_rows_and_typed_policy PASSED [ 30%]
importer/tests/test_module_contracts_batch.py::test_horde_ai_update_fails_closed[InventedHordeAIField = Yes] PASSED [ 30%]
importer/tests/test_module_contracts_batch.py::test_horde_ai_update_fails_closed[MoodAttackCheckRate = 500\n    MoodAttackCheckRate = 600] PASSED [ 30%]
importer/tests/test_module_contracts_batch.py::test_horde_ai_update_fails_closed[AutoAcquireEnemiesWhenIdle = No ATTACK_BUILDINGS] PASSED [ 30%]
importer/tests/test_module_contracts_batch.py::test_horde_ai_update_fails_closed[AILuaEventsList = two tokens] PASSED [ 30%]
importer/tests/test_module_contracts_batch.py::test_pickup_stuff_update_types_scan_policy_and_provenance PASSED [ 30%]
importer/tests/test_module_contracts_batch.py::test_pickup_stuff_update_fails_closed[InventedPickupField = Yes] PASSED [ 30%]
importer/tests/test_module_contracts_batch.py::test_pickup_stuff_update_fails_closed[SkirmishAIOnly = Maybe] PASSED [ 30%]
importer/tests/test_module_contracts_batch.py::test_pickup_stuff_update_fails_closed[ScanRange = -1] PASSED [ 31%]
importer/tests/test_module_contracts_batch.py::test_pickup_stuff_update_fails_closed[ScanIntervalSeconds = -0.5] PASSED [ 31%]
importer/tests/test_module_contracts_batch.py::test_pickup_stuff_update_fails_closed[StuffToPickUp =] PASSED [ 31%]
importer/tests/test_module_contracts_batch.py::test_pickup_stuff_update_fails_closed[ScanRange = 200\n    ScanRange = 300] PASSED [ 31%]
importer/tests/test_module_contracts_batch.py::test_auto_ability_behavior_types_ranges_and_repeated_queries PASSED [ 31%]
importer/tests/test_module_contracts_batch.py::test_auto_ability_behavior_fails_closed[InventedAutoField = Yes] PASSED [ 31%]
importer/tests/test_module_contracts_batch.py::test_auto_ability_behavior_fails_closed[AllowSelf = Maybe] PASSED [ 31%]
importer/tests/test_module_contracts_batch.py::test_auto_ability_behavior_fails_closed[Query = zero ALL ENEMIES] PASSED [ 31%]
importer/tests/test_module_contracts_batch.py::test_auto_ability_behavior_fails_closed[Query = 1 BAD-TOKEN] PASSED [ 31%]
importer/tests/test_module_contracts_batch.py::test_auto_ability_behavior_fails_closed[MaxScanRange = #ADD( RANGE 25 )] PASSED [ 31%]
importer/tests/test_module_contracts_batch.py::test_auto_ability_behavior_fails_closed[SpecialAbility = two tokens] PASSED [ 31%]
importer/tests/test_module_contracts_batch.py::test_respawn_update_types_rules_entries_timers_and_presentation_refs PASSED [ 31%]
importer/tests/test_module_contracts_batch.py::test_rotwk_eowyn_respawn_rules_resolve_nested_authored_macros PASSED [ 31%]
importer/tests/test_module_contracts_batch.py::test_respawn_update_fails_closed[InventedRespawnField = Yes] PASSED [ 31%]
importer/tests/test_module_contracts_batch.py::test_respawn_update_fails_closed[RespawnRules = AutoSpawn:Maybe Cost:550 Time:60000 Health:100%] PASSED [ 31%]
importer/tests/test_module_contracts_batch.py::test_respawn_update_fails_closed[RespawnRules = AutoSpawn:No Cost:550 Time:60000 Health:100% Extra:1] PASSED [ 31%]
importer/tests/test_module_contracts_batch.py::test_respawn_update_fails_closed[RespawnEntry = Level:two Cost:550 Time:60000] PASSED [ 31%]
importer/tests/test_module_contracts_batch.py::test_respawn_update_fails_closed[RespawnEntry = Level:2 Cost:550 Time:60000\n    RespawnEntry = Level:2 Cost:600 Time:70000] PASSED [ 31%]
importer/tests/test_module_contracts_batch.py::test_respawn_update_fails_closed[DeathAnim = two tokens] PASSED [ 31%]
importer/tests/test_module_contracts_batch.py::test_dual_weapon_and_castle_member_typed_contracts PASSED [ 31%]
importer/tests/test_module_contracts_batch.py::test_dual_weapon_and_castle_member_fail_closed[DualWeaponBehavior-Invented = 1-compile_dual_weapon_behaviors] PASSED [ 31%]
importer/tests/test_module_contracts_batch.py::test_dual_weapon_and_castle_member_fail_closed[DualWeaponBehavior-SwitchWeaponOnCloseRangeDistance = -1-compile_dual_weapon_behaviors] PASSED [ 31%]
importer/tests/test_module_contracts_batch.py::test_dual_weapon_and_castle_member_fail_closed[CastleMemberBehavior-CountsForEvaCastleBreached = Maybe-compile_castle_member_behaviors] PASSED [ 31%]
importer/tests/test_module_contracts_batch.py::test_dual_weapon_and_castle_member_fail_closed[CastleMemberBehavior-Invented = Yes-compile_castle_member_behaviors] PASSED [ 31%]
importer/tests/test_module_contracts_batch.py::test_dual_weapon_and_castle_member_fail_closed[CastleMemberBehavior-BeingBuiltSound = two tokens-compile_castle_member_behaviors] PASSED [ 31%]
importer/tests/test_module_contracts_batch.py::test_emotion_tracker_preserves_plain_and_override_emotions PASSED [ 31%]
importer/tests/test_module_contracts_batch.py::test_emotion_tracker_fails_closed[InventedEmotionField = Yes] PASSED [ 31%]
importer/tests/test_module_contracts_batch.py::test_emotion_tracker_fails_closed[IgnoreVeterancy = Maybe] PASSED [ 31%]
importer/tests/test_module_contracts_batch.py::test_emotion_tracker_fails_closed[QuarrelProbability = 101%] PASSED [ 31%]
importer/tests/test_module_contracts_batch.py::test_emotion_tracker_fails_closed[AddEmotion = two tokens] PASSED [ 31%]
importer/tests/test_module_contracts_batch.py::test_emotion_tracker_fails_closed[FearScanDistance = -1] PASSED [ 31%]
importer/tests/test_module_contracts_batch.py::test_fire_deletion_docking_and_refund_contracts PASSED [ 31%]
importer/tests/test_module_contracts_batch.py::test_fire_deletion_docking_and_refund_fail_closed[FireWeaponUpdate-Invented = 1-compile_fire_weapon_updates] PASSED [ 31%]
importer/tests/test_module_contracts_batch.py::test_fire_deletion_docking_and_refund_fail_closed[DeletionUpdate-MinLifetime = 10-compile_deletion_updates] PASSED [ 31%]
importer/tests/test_module_contracts_batch.py::test_fire_deletion_docking_and_refund_fail_closed[SiegeDockingBehavior-Invented = 1-compile_siege_docking_behaviors] PASSED [ 31%]
importer/tests/test_module_contracts_batch.py::test_fire_deletion_docking_and_refund_fail_closed[RefundDie-RefundPercent = 101%-compile_refund_die_behaviors] PASSED [ 31%]
importer/tests/test_module_contracts_batch.py::test_fire_deletion_docking_and_refund_fail_closed[RefundDie-RefundPercent = nope-compile_refund_die_behaviors] PASSED [ 32%]
importer/tests/test_module_contracts_batch.py::test_spread_invisibility_attach_and_clearance_contracts PASSED [ 32%]
importer/tests/test_module_contracts_batch.py::test_spread_invisibility_attach_and_clearance_fail_closed[FireSpreadUpdate-MinSpreadDelay = 4000\n    MaxSpreadDelay = 2000\n    SpreadTryRange = 50-compile_fire_spread_updates] PASSED [ 32%]
importer/tests/test_module_contracts_batch.py::test_spread_invisibility_attach_and_clearance_fail_closed[InvisibilityUpdate-StartsActive = Yes\n    UpdatePeriod = 2000-compile_invisibility_updates] PASSED [ 32%]
importer/tests/test_module_contracts_batch.py::test_spread_invisibility_attach_and_clearance_fail_closed[AttachUpdate-Invented = Yes-compile_attach_updates] PASSED [ 32%]
importer/tests/test_module_contracts_batch.py::test_spread_invisibility_attach_and_clearance_fail_closed[ClearanceTestingSlowDeathBehavior-Invented = Yes-compile_clearance_testing_slow_death_behaviors] PASSED [ 32%]
importer/tests/test_module_contracts_batch.py::test_production_squish_and_getting_built_contracts PASSED [ 32%]
importer/tests/test_module_contracts_batch.py::test_production_squish_and_getting_built_fail_closed[ProductionUpdate-Invented = Yes-compile_production_updates] PASSED [ 32%]
importer/tests/test_module_contracts_batch.py::test_production_squish_and_getting_built_fail_closed[SquishCollide-Invented = Yes-compile_squish_collides] PASSED [ 32%]
importer/tests/test_module_contracts_batch.py::test_production_squish_and_getting_built_fail_closed[GettingBuiltBehavior-SpawnTimer = -2-compile_getting_built_behaviors] PASSED [ 32%]
importer/tests/test_module_contracts_batch.py::test_ai_special_power_update_types_routing_range_and_policy PASSED [ 32%]
importer/tests/test_module_contracts_batch.py::test_ai_special_power_update_duplicate_scalar_still_fails_closed PASSED [ 32%]
importer/tests/test_module_contracts_batch.py::test_ai_special_power_update_fails_closed[CommandButtonName = Command_Test] PASSED [ 32%]
importer/tests/test_module_contracts_batch.py::test_ai_special_power_update_fails_closed[SpecialPowerAIType = AI_TEST] PASSED [ 32%]
importer/tests/test_module_contracts_batch.py::test_ai_special_power_update_fails_closed[CommandButtonName = two tokens\n    SpecialPowerAIType = AI_TEST] PASSED [ 32%]
importer/tests/test_module_contracts_batch.py::test_ai_special_power_update_fails_closed[CommandButtonName = Command_Test\n    SpecialPowerAIType = AI_TEST\n    SpecialPowerRange = -1] PASSED [ 32%]
importer/tests/test_module_contracts_batch.py::test_ai_special_power_update_fails_closed[CommandButtonName = Command_Test\n    SpecialPowerAIType = AI_TEST\n    Invented = Yes] PASSED [ 32%]
importer/tests/test_module_contracts_batch.py::test_building_behavior_preserves_window_tokens_and_repeated_fires PASSED [ 32%]
importer/tests/test_module_contracts_batch.py::test_building_behavior_fails_closed[Invented = Yes] PASSED [ 32%]
importer/tests/test_module_contracts_batch.py::test_building_behavior_fails_closed[FireName = two tokens] PASSED [ 32%]
importer/tests/test_module_contracts_batch.py::test_queue_exit_horde_collide_and_banner_contracts PASSED [ 32%]
importer/tests/test_module_contracts_batch.py::test_queue_exit_horde_collide_and_banner_fail_closed[QueueProductionExitUpdate-UnitCreatePoint = nope-compile_queue_production_exit_updates] PASSED [ 32%]
importer/tests/test_module_contracts_batch.py::test_queue_exit_horde_collide_and_banner_fail_closed[HordeMemberCollide-Invented = Yes-compile_horde_member_collides] PASSED [ 32%]
importer/tests/test_module_contracts_batch.py::test_queue_exit_horde_collide_and_banner_fail_closed[BannerCarrierUpdate-IdleSpawnRate = 10000\n    MorphCondition = malformed-compile_banner_carrier_updates] PASSED [ 32%]
importer/tests/test_module_contracts_batch.py::test_queue_exit_define_and_malformed_coordinate_are_fail_closed PASSED [ 32%]
importer/tests/test_module_contracts_batch.py::test_rebuild_hole_and_salvage_crate_contracts_are_typed_with_graphs PASSED [ 32%]
importer/tests/test_module_contracts_batch.py::test_rebuild_hole_and_salvage_crate_contracts_fail_closed[RebuildHoleExposeDie-ExemptStatus = SOLD\n    HoleName = Bad-Id\n    HoleMaxHealth = 1\n    FadeInTimeSeconds = 1-compile_rebuild_hole_expose_dies] PASSED [ 32%]
importer/tests/test_module_contracts_batch.py::test_rebuild_hole_and_salvage_crate_contracts_fail_closed[RebuildHoleBehavior-WorkerRespawnDelay = 120000\n    HoleHealthRegen%PerSecond = 2-compile_rebuild_hole_behaviors] PASSED [ 32%]
importer/tests/test_module_contracts_batch.py::test_rebuild_hole_and_salvage_crate_contracts_fail_closed[SalvageCrateCollide-ForbiddenKindOf = PROJECTILE-compile_salvage_crate_collides] PASSED [ 32%]
importer/tests/test_module_contracts_batch.py::test_rebuild_hole_and_salvage_exact_canonical_corpora PASSED [ 32%]
importer/tests/test_module_contracts_batch.py::test_respawn_body_crush_foundation_and_monitor_contracts PASSED [ 32%]
importer/tests/test_module_contracts_batch.py::test_respawn_body_crush_foundation_and_monitor_fail_closed[RespawnBody-DodgePercent = 80%-compile_respawn_bodies] PASSED [ 32%]
importer/tests/test_module_contracts_batch.py::test_respawn_body_crush_foundation_and_monitor_fail_closed[NotifyTargetsOfImminentProbableCrushingUpdate-Invented = Yes-compile_notify_crushing_updates] PASSED [ 32%]
importer/tests/test_module_contracts_batch.py::test_respawn_body_crush_foundation_and_monitor_fail_closed[FoundationAIUpdate-BuildVariation = 0-compile_foundation_ai_updates] PASSED [ 32%]
importer/tests/test_module_contracts_batch.py::test_respawn_body_crush_foundation_and_monitor_fail_closed[MonitorConditionUpdate-WeaponSetFlags = MOUNTED-compile_monitor_condition_updates] PASSED [ 32%]
importer/tests/test_module_contracts_batch.py::test_respawn_body_crush_foundation_and_monitor_fail_closed[MonitorConditionUpdate-WeaponSetFlags = MOUNTED\n    ModelConditionCommandSet = EmptyCommandSet-compile_monitor_condition_updates] PASSED [ 32%]
importer/tests/test_module_contracts_batch.py::test_respawn_body_crush_foundation_and_monitor_fail_closed[MonitorConditionUpdate-ModelConditionFlags = USER_69\n    ModelConditionFlags = USER_70\n    WeaponToggleCommandSet = EmptyCommandSet-compile_monitor_condition_updates] PASSED [ 32%]
importer/tests/test_module_contracts_batch.py::test_upgrade_gate_portal_and_detector_contracts PASSED [ 33%]
importer/tests/test_module_contracts_batch.py::test_slaved_and_castle_upgrade_contracts_preserve_typed_semantics PASSED [ 33%]
importer/tests/test_module_contracts_batch.py::test_slaved_and_castle_upgrade_contracts_fail_closed[SlavedUpdate-FadeTime = -1-compile_slaved_updates] PASSED [ 33%]
importer/tests/test_module_contracts_batch.py::test_slaved_and_castle_upgrade_contracts_fail_closed[SlavedUpdate-GuardPositionOffset = X:1 Y:2-compile_slaved_updates] PASSED [ 33%]
importer/tests/test_module_contracts_batch.py::test_slaved_and_castle_upgrade_contracts_fail_closed[SlavedUpdate-Invented = Yes-compile_slaved_updates] PASSED [ 33%]
importer/tests/test_module_contracts_batch.py::test_slaved_and_castle_upgrade_contracts_fail_closed[CastleUpgrade-Upgrade = Upgrade_Fixture-compile_castle_upgrades] PASSED [ 33%]
importer/tests/test_module_contracts_batch.py::test_slaved_and_castle_upgrade_contracts_fail_closed[CastleUpgrade-TriggeredBy = Upgrade_Trigger\n    Upgrade = Upgrade_Fixture\n    WallUpgradeRadius = -1-compile_castle_upgrades] PASSED [ 33%]
importer/tests/test_module_contracts_batch.py::test_slaved_and_castle_upgrade_contracts_fail_closed[CastleUpgrade-TriggeredBy = Upgrade_Trigger\n    Upgrade = Upgrade_Fixture\n    Invented = Yes-compile_castle_upgrades] PASSED [ 33%]
importer/tests/test_module_contracts_batch.py::test_delayed_death_body_contract_preserves_health_timers_and_policy PASSED [ 33%]
importer/tests/test_module_contracts_batch.py::test_delayed_death_body_contract_fails_closed[DelayedDeathTime = 5000\n    CanRespawn = No] PASSED [ 33%]
importer/tests/test_module_contracts_batch.py::test_delayed_death_body_contract_fails_closed[MaxHealth = 100\n    CanRespawn = No] PASSED [ 33%]
importer/tests/test_module_contracts_batch.py::test_delayed_death_body_contract_fails_closed[MaxHealth = 100\n    DelayedDeathTime = -1\n    CanRespawn = No] PASSED [ 33%]
importer/tests/test_module_contracts_batch.py::test_delayed_death_body_contract_fails_closed[MaxHealth = 100\n    DelayedDeathTime = 5000\n    CanRespawn = Maybe] PASSED [ 33%]
importer/tests/test_module_contracts_batch.py::test_delayed_death_body_contract_fails_closed[MaxHealth = 100\n    DelayedDeathTime = 5000\n    CanRespawn = No\n    DodgePercent = 101] PASSED [ 33%]
importer/tests/test_module_contracts_batch.py::test_delayed_death_body_contract_fails_closed[MaxHealth = 100\n    DelayedDeathTime = 5000\n    CanRespawn = No\n    Invented = Yes] PASSED [ 33%]
importer/tests/test_module_contracts_batch.py::test_dynamic_portal_contract_preserves_graph_and_activation PASSED [ 33%]
importer/tests/test_module_contracts_batch.py::test_dynamic_portal_contract_fails_closed[ObjectFilter = ANY\n    BonePrefix = Post\n    NumberOfBones = 4\n    WayPoint = Index:0 Type:Walk] PASSED [ 33%]
importer/tests/test_module_contracts_batch.py::test_dynamic_portal_contract_fails_closed[ObjectFilter = ANY\n    BonePrefix = Post\n    NumberOfBones = 0\n    WayPoint = Index:0 Type:Walk\n    Link = From:0 To:1] PASSED [ 33%]
importer/tests/test_module_contracts_batch.py::test_dynamic_portal_contract_fails_closed[ObjectFilter = ANY\n    BonePrefix = Post\n    NumberOfBones = 4\n    WayPoint = Bad\n    Link = From:0 To:1] PASSED [ 33%]
importer/tests/test_module_contracts_batch.py::test_dynamic_portal_contract_fails_closed[ObjectFilter = ANY\n    BonePrefix = Post\n    NumberOfBones = 4\n    WayPoint = Index:0 Type:Walk\n    Link = Via:0 To:1] PASSED [ 33%]
importer/tests/test_module_contracts_batch.py::test_dynamic_portal_contract_fails_closed[ObjectFilter = ANY\n    BonePrefix = Post\n    NumberOfBones = 4\n    WayPoint = Index:0 Type:Walk\n    Link = From:0 To:1\n    Invented = Yes] PASSED [ 33%]
importer/tests/test_module_contracts_batch.py::test_flammable_contract_preserves_damage_timers_formula_and_fx PASSED [ 33%]
importer/tests/test_module_contracts_batch.py::test_flammable_contract_fails_closed[AflameDuration = -1] PASSED [ 33%]
importer/tests/test_module_contracts_batch.py::test_flammable_contract_fails_closed[FlameDamageLimit = #ADD( HEALTH THRESHOLD )] PASSED [ 33%]
importer/tests/test_module_contracts_batch.py::test_flammable_contract_fails_closed[BurnContained = Maybe] PASSED [ 33%]
importer/tests/test_module_contracts_batch.py::test_flammable_contract_fails_closed[FireFXList = FX_Fixture] PASSED [ 33%]
importer/tests/test_module_contracts_batch.py::test_flammable_contract_fails_closed[DamageType = FORCE FIRE] PASSED [ 33%]
importer/tests/test_module_contracts_batch.py::test_flammable_contract_fails_closed[Invented = Yes] PASSED [ 33%]
importer/tests/test_module_contracts_batch.py::test_spawn_and_stealth_contracts_preserve_lifecycle_and_reveal_policy PASSED [ 33%]
importer/tests/test_module_contracts_batch.py::test_spawn_reclaim_canonical_shape_is_row_executable PASSED [ 33%]
importer/tests/test_module_contracts_batch.py::test_spawn_reclaim_noncanonical_optional_fields_remain_row_deferred[FadeInTime = 1000] PASSED [ 33%]
importer/tests/test_module_contracts_batch.py::test_spawn_reclaim_noncanonical_optional_fields_remain_row_deferred[KillSpawnsBasedOnModelConditionState = Yes] PASSED [ 33%]
importer/tests/test_module_contracts_batch.py::test_spawn_reclaim_noncanonical_optional_fields_remain_row_deferred[SpawnInsideBuilding = Yes] PASSED [ 33%]
importer/tests/test_module_contracts_batch.py::test_spawn_reclaim_noncanonical_optional_fields_remain_row_deferred[RespectCommandLimit = Yes] PASSED [ 33%]
importer/tests/test_module_contracts_batch.py::test_spawn_reclaim_noncanonical_optional_fields_remain_row_deferred[SpawnedRequireSpawner = Yes] PASSED [ 33%]
importer/tests/test_module_contracts_batch.py::test_spawn_reclaim_noncanonical_optional_fields_remain_row_deferred[ShareUpgrades = Yes] PASSED [ 33%]
importer/tests/test_module_contracts_batch.py::test_spawn_reclaim_noncanonical_optional_fields_remain_row_deferred[OneShot = Yes] PASSED [ 34%]
importer/tests/test_module_contracts_batch.py::test_spawn_reclaim_noncanonical_optional_fields_remain_row_deferred[TriggeredBy = Upgrade_Fixture] PASSED [ 34%]
importer/tests/test_module_contracts_batch.py::test_spawn_reclaim_executable_row_tamper_fails_closed PASSED [ 34%]
importer/tests/test_module_contracts_batch.py::test_spawn_and_stealth_contracts_fail_closed[SpawnBehavior-SpawnNumber = 1\n    SpawnReplaceDelay = 1000-compile_spawn_behaviors] PASSED [ 34%]
importer/tests/test_module_contracts_batch.py::test_spawn_and_stealth_contracts_fail_closed[SpawnBehavior-SpawnNumber = 1\n    SpawnReplaceDelay = 1000\n    SpawnTemplateName = Unit\n    InitialBurst = 2-compile_spawn_behaviors] PASSED [ 34%]
importer/tests/test_module_contracts_batch.py::test_spawn_and_stealth_contracts_fail_closed[SpawnBehavior-SpawnNumber = 1\n    SpawnReplaceDelay = -1\n    SpawnTemplateName = Unit-compile_spawn_behaviors] PASSED [ 34%]
importer/tests/test_module_contracts_batch.py::test_spawn_and_stealth_contracts_fail_closed[StealthUpdate-FriendlyOpacityMin = 10%-compile_stealth_updates] PASSED [ 34%]
importer/tests/test_module_contracts_batch.py::test_spawn_and_stealth_contracts_fail_closed[StealthUpdate-FriendlyOpacityMin = 101%\n    FriendlyOpacityMax = 60%-compile_stealth_updates] PASSED [ 34%]
importer/tests/test_module_contracts_batch.py::test_spawn_and_stealth_contracts_fail_closed[StealthUpdate-DisguiseTransitionTime = 1000-compile_stealth_updates] PASSED [ 34%]
importer/tests/test_module_contracts_batch.py::test_spawn_and_stealth_contracts_fail_closed[StealthUpdate-RevealDistanceFromTarget = far-compile_stealth_updates] PASSED [ 34%]
importer/tests/test_module_contracts_batch.py::test_spawn_and_stealth_contracts_fail_closed[StealthUpdate-Invented = Yes-compile_stealth_updates] PASSED [ 34%]
importer/tests/test_module_contracts_batch.py::test_object_creation_and_ocl_contracts_preserve_effects_and_timers PASSED [ 34%]
importer/tests/test_module_contracts_batch.py::test_object_creation_and_ocl_contracts_fail_closed[ObjectCreationUpgrade-ThingToSpawn = Fixture-compile_object_creation_upgrades] PASSED [ 34%]
importer/tests/test_module_contracts_batch.py::test_object_creation_and_ocl_contracts_fail_closed[ObjectCreationUpgrade-TriggeredBy = Upgrade_X\n    Delay = -1\n    ThingToSpawn = Fixture-compile_object_creation_upgrades] PASSED [ 34%]
importer/tests/test_module_contracts_batch.py::test_object_creation_and_ocl_contracts_fail_closed[ObjectCreationUpgrade-TriggeredBy = Upgrade_X-compile_object_creation_upgrades] PASSED [ 34%]
importer/tests/test_module_contracts_batch.py::test_object_creation_and_ocl_contracts_fail_closed[ObjectCreationUpgrade-TriggeredBy = Upgrade_X\n    ThingToSpawn = Fixture\n    Offset = X:0 Y:0-compile_object_creation_upgrades] PASSED [ 34%]
importer/tests/test_module_contracts_batch.py::test_object_creation_and_ocl_contracts_fail_closed[OCLUpdate-OCL = OCL_X\n    MinDelay = 2000\n    MaxDelay = 1000\n    Amount = 1-compile_ocl_updates] PASSED [ 34%]
importer/tests/test_module_contracts_batch.py::test_object_creation_and_ocl_contracts_fail_closed[OCLUpdate-OCL = OCL_X\n    MinDelay = 1000\n    MaxDelay = 1000\n    Amount = 0-compile_ocl_updates] PASSED [ 34%]
importer/tests/test_module_contracts_batch.py::test_object_creation_and_ocl_contracts_fail_closed[OCLUpdate-OCL = OCL_X\n    MinDelay = 1000\n    MaxDelay = 1000\n    Amount = 1\n    Invented = Yes-compile_ocl_updates] PASSED [ 34%]
importer/tests/test_module_contracts_batch.py::test_container_family_contracts_preserve_capacity_admission_and_routes PASSED [ 34%]
importer/tests/test_module_contracts_batch.py::test_container_family_contracts_fail_closed[TransportContain-Slots = 1-compile_transport_contains] PASSED [ 34%]
importer/tests/test_module_contracts_batch.py::test_container_family_contracts_fail_closed[TransportContain-ObjectStatusOfContained = UNSELECTABLE\n    PassengerFilter = ANY\n    Slots = 0\n    ShowPips = No\n    AllowEnemiesInside = No\n    AllowNeutralInside = No\n    AllowAlliesInside = Yes-compile_transport_contains] PASSED [ 34%]
importer/tests/test_module_contracts_batch.py::test_container_family_contracts_fail_closed[TunnelContain-ObjectStatusOfContained = UNSELECTABLE\n    ContainMax = 5-compile_tunnel_contains] PASSED [ 34%]
importer/tests/test_module_contracts_batch.py::test_container_family_contracts_fail_closed[GarrisonContain-ObjectStatusOfContained = UNSELECTABLE\n    ContainMax = 10\n    PassengerFilter = ANY\n    AllowAlliesInside = True\n    AllowEnemiesInside = No-compile_garrison_contains] PASSED [ 34%]
importer/tests/test_module_contracts_batch.py::test_container_family_contracts_fail_closed[HordeGarrisonContain-ObjectStatusOfContained = UNSELECTABLE\n    ContainMax = 1\n    DamagePercentToUnits = 0%\n    PassengerFilter = ANY\n    AllowEnemiesInside = No\n    EntryPosition = X:0 Y:0 Z:0\n    EntryOffset = X:0 Y:0 Z:0\n    ExitOffset = X:0 Y:0-compile_horde_garrison_contains] PASSED [ 34%]
importer/tests/test_module_contracts_batch.py::test_bonus_production_queue_and_siege_contracts_preserve_typed_rows PASSED [ 34%]
importer/tests/test_module_contracts_batch.py::test_bonus_production_queue_and_siege_contracts_fail_closed[LargeGroupBonusUpdate-UpdateRate = 1000-compile_large_group_bonus_updates] PASSED [ 34%]
importer/tests/test_module_contracts_batch.py::test_bonus_production_queue_and_siege_contracts_fail_closed[LargeGroupBonusUpdate-UpdateRate = 1000\n    HordeMemberFilter = NONE +INFANTRY\n    Count = 0\n    Radius = 10\n    RubOffRadius = 10\n    AlliesOnly = Yes\n    AttributeModifier = Bonus-compile_large_group_bonus_updates] PASSED [ 34%]
importer/tests/test_module_contracts_batch.py::test_bonus_production_queue_and_siege_contracts_fail_closed[ProductionQueueHordeContain-ContainMax = 5-compile_production_queue_horde_contains] PASSED [ 34%]
importer/tests/test_module_contracts_batch.py::test_bonus_production_queue_and_siege_contracts_fail_closed[SiegeEngineContain-Slots = 1-compile_siege_engine_contains] PASSED [ 34%]
importer/tests/test_module_contracts_batch.py::test_bonus_production_queue_and_siege_contracts_fail_closed[SiegeEngineContain-ObjectStatusOfCrew = UNSELECTABLE\n    Slots = 1\n    DamagePercentToUnits = 100%\n    PassengerFilter = NONE\n    AllowAlliesInside = Yes\n    AllowEnemiesInside = No\n    AllowNeutralInside = No\n    ExitDelay = 0\n    NumberOfExitPaths = 0\n    GoAggressiveOnExit = Yes-compile_siege_engine_contains] PASSED [ 34%]
importer/tests/test_module_contracts_batch.py::test_audio_hit_animal_and_threat_contracts_are_typed PASSED [ 34%]
importer/tests/test_module_contracts_batch.py::test_audio_hit_animal_and_threat_contracts_fail_closed[LargeGroupAudioUpdate-Key = Human Unit\n    UnitWeight = 0-compile_large_group_audio_updates] PASSED [ 34%]
importer/tests/test_module_contracts_batch.py::test_audio_hit_animal_and_threat_contracts_fail_closed[HitReactionBehavior-HitReactionLifeTimer1 = 1\n    HitReactionThreshold1 = 1\n    HitReactionLifeTimer2 = 2-compile_hit_reaction_behaviors] PASSED [ 34%]
importer/tests/test_module_contracts_batch.py::test_audio_hit_animal_and_threat_contracts_fail_closed[AnimalAIUpdate-FleeRange = 1\n    WanderPercentage = 101\n    MaxWanderDistance = 1\n    MaxWanderRadius = 1-compile_animal_ai_updates] PASSED [ 34%]
importer/tests/test_module_contracts_batch.py::test_audio_hit_animal_and_threat_contracts_fail_closed[ThreatFinderUpdate-DefaultRadius = 100parsecs-compile_threat_finder_updates] PASSED [ 34%]
importer/tests/test_module_contracts_batch.py::test_sound_fear_poison_damage_and_spawn_contracts_are_typed PASSED [ 34%]
importer/tests/test_module_contracts_batch.py::test_sound_fear_poison_damage_and_spawn_contracts_fail_closed[ModelConditionSoundSelectorClientBehavior-VoiceMove = NotNested-compile_model_condition_sound_selectors] PASSED [ 35%]
importer/tests/test_module_contracts_batch.py::test_sound_fear_poison_damage_and_spawn_contracts_fail_closed[RandomSoundSelectorClientBehavior-Chance = 101%\n    RerollOnEveryFrame = No\n    VoicePriority = 1-compile_random_sound_selectors] PASSED [ 35%]
importer/tests/test_module_contracts_batch.py::test_sound_fear_poison_damage_and_spawn_contracts_fail_closed[RadiateFearUpdate-InitiallyActive = Yes\n    EmotionPulseRadius = 100\n    EmotionPulseInterval = 1000-compile_radiate_fear_updates] PASSED [ 35%]
importer/tests/test_module_contracts_batch.py::test_sound_fear_poison_damage_and_spawn_contracts_fail_closed[PoisonedBehavior-PoisonDamageInterval = 1000-compile_poisoned_behaviors] PASSED [ 35%]
importer/tests/test_module_contracts_batch.py::test_sound_fear_poison_damage_and_spawn_contracts_fail_closed[DamageFieldUpdate-Radius = 100\n    ObjectFilter = ALL ENEMIES\n    RequiredUpgrade = Upgrade_X-compile_damage_field_updates] PASSED [ 35%]
importer/tests/test_module_contracts_batch.py::test_sound_fear_poison_damage_and_spawn_contracts_fail_closed[SpawnUnitBehavior-UnitName = Fixture\n    SpawnOnce = Maybe-compile_spawn_unit_behaviors] PASSED [ 35%]
importer/tests/test_module_contracts_batch.py::test_replace_self_upgrade_compiles_replacement_upgrade_mux_and_additions PASSED [ 35%]
importer/tests/test_module_contracts_batch.py::test_replace_self_upgrade_fails_closed[ReplaceWith = Fixture\n    TriggeredBy = Upgrade_X] PASSED [ 35%]
importer/tests/test_module_contracts_batch.py::test_replace_self_upgrade_fails_closed[ReplaceWith = Fixture\n    TriggeredBy = Upgrade_X\n    ConflictsWith = Upgrade_Y\n    AndThenAddA = OnlyOne] PASSED [ 35%]
importer/tests/test_module_contracts_batch.py::test_replace_self_upgrade_fails_closed[ReplaceWith = Fixture\n    TriggeredBy = Upgrade_X\n    ConflictsWith = Upgrade_Y\n    Invented = Nope] PASSED [ 35%]
importer/tests/test_module_contracts_batch.py::test_citadel_slaughter_horde_contain_compiles_economy_and_ring_entry PASSED [ 35%]
importer/tests/test_module_contracts_batch.py::test_citadel_slaughter_horde_contain_fails_closed[ContainMax = 99] PASSED [ 35%]
importer/tests/test_module_contracts_batch.py::test_citadel_slaughter_horde_contain_fails_closed[PassengerFilter = ANY\n    ObjectStatusOfContained = UNSELECTABLE\n    CashBackPercent = 20%\n    ContainMax = 99\n    AllowEnemiesInside = No\n    AllowNeutralInside = No\n    EnterSound = Sound\n    EntryOffset = X:0 Y:0 Z:0\n    EntryPosition = X:0 Y:0 Z:0\n    ExitOffset = X:0 Y:0 Z:0\n    StatusForRingEntry = HOLDING_THE_RING\n    UpgradeForRingEntry = Upgrade_X\n    ObjectToDestroyForRingEntry = NONE +Ring] PASSED [ 35%]
importer/tests/test_module_contracts_batch.py::test_wall_hub_behavior_compiles_repeated_segments_and_effective_distance PASSED [ 35%]
importer/tests/test_module_contracts_batch.py::test_wall_hub_behavior_fails_closed[Options = OPTION_ONE] PASSED [ 35%]
importer/tests/test_module_contracts_batch.py::test_wall_hub_behavior_fails_closed[Options = OPTION_FOUR\n    MaxBuildoutDistance = 100\n    SegmentTemplateName = Segment\n    HubCapTemplateName = Hub\n    DefaultSegmentTemplateName = Segment] PASSED [ 35%]
importer/tests/test_module_contracts_batch.py::test_wall_hub_behavior_fails_closed[Options = OPTION_ONE\n    MaxBuildoutDistance = 100\n    SegmentTemplateName = Segment\n    SegmentTemplateName = Bad-Template\n    HubCapTemplateName = Hub\n    DefaultSegmentTemplateName = Segment] PASSED [ 35%]
importer/tests/test_module_contracts_batch.py::test_activate_module_special_power_compiles_resolved_ordered_routes PASSED [ 35%]
importer/tests/test_module_contracts_batch.py::test_activate_module_special_power_fails_closed_on_target_routes[-ModuleTag_Missing TARGETPOS] PASSED [ 35%]
importer/tests/test_module_contracts_batch.py::test_activate_module_special_power_fails_closed_on_target_routes[  Behavior = PhysicsBehavior ModuleTag_Bad\n  End\n-ModuleTag_Bad TARGETPOS] PASSED [ 35%]
importer/tests/test_module_contracts_batch.py::test_activate_module_special_power_fails_closed_on_target_routes[  Behavior = SpecialPowerModule ModuleTag_Good\n    SpecialPowerTemplate = SpecialAbilityX\n  End\n-ModuleTag_Good BADMODE] PASSED [ 35%]
importer/tests/test_module_contracts_batch.py::test_weapon_mode_special_power_update_compiles_typed_mode_and_modifier PASSED [ 35%]
importer/tests/test_module_contracts_batch.py::test_weapon_mode_special_power_update_fails_closed[Duration = 1000\n    StartsPaused = Yes] PASSED [ 35%]
importer/tests/test_module_contracts_batch.py::test_weapon_mode_special_power_update_fails_closed[SpecialPowerTemplate = SpecialAbilityMode\n    StartsPaused = Yes] PASSED [ 35%]
importer/tests/test_module_contracts_batch.py::test_weapon_mode_special_power_update_fails_closed[SpecialPowerTemplate = SpecialAbilityMode\n    Duration = -1\n    StartsPaused = Yes] PASSED [ 35%]
importer/tests/test_module_contracts_batch.py::test_weapon_mode_special_power_update_fails_closed[SpecialPowerTemplate = SpecialAbilityMode\n    Duration = 1\n    StartsPaused = Maybe] PASSED [ 35%]
importer/tests/test_module_contracts_batch.py::test_weapon_mode_special_power_update_fails_closed[SpecialPowerTemplate = SpecialAbilityMode\n    Duration = 1\n    StartsPaused = Yes\n    LockWeaponSlot = PRIMARY] PASSED [ 35%]
importer/tests/test_module_contracts_batch.py::test_weapon_mode_special_power_update_fails_closed[SpecialPowerTemplate = SpecialAbilityMode\n    Duration = 1\n    StartsPaused = Yes\n    WeaponSetFlags = BAD_FLAG] PASSED [ 35%]
importer/tests/test_module_contracts_batch.py::test_weapon_mode_special_power_update_fails_closed[SpecialPowerTemplate = SpecialAbilityMode\n    Duration = 1\n    StartsPaused = Yes\n    Unknown = value] PASSED [ 35%]
importer/tests/test_module_contracts_batch.py::test_dominate_enemy_special_power_compiles_typed_filter_and_timing PASSED [ 35%]
importer/tests/test_module_contracts_batch.py::test_dominate_enemy_special_power_fails_closed[StartAbilityRange = 100\n    AttributeModifierAffects = ALL] PASSED [ 35%]
importer/tests/test_module_contracts_batch.py::test_dominate_enemy_special_power_fails_closed[SpecialPowerTemplate = SpecialAbilityDominate\n    AttributeModifierAffects = ALL] PASSED [ 35%]
importer/tests/test_module_contracts_batch.py::test_dominate_enemy_special_power_fails_closed[SpecialPowerTemplate = SpecialAbilityDominate\n    StartAbilityRange = -1\n    AttributeModifierAffects = ALL] PASSED [ 35%]
importer/tests/test_module_contracts_batch.py::test_dominate_enemy_special_power_fails_closed[SpecialPowerTemplate = SpecialAbilityDominate\n    StartAbilityRange = 1\n    AttributeModifierAffects =] PASSED [ 35%]
importer/tests/test_module_contracts_batch.py::test_dominate_enemy_special_power_fails_closed[SpecialPowerTemplate = SpecialAbilityDominate\n    StartAbilityRange = 1\n    AttributeModifierAffects = ALL\n    PermanentlyConvert = Maybe] PASSED [ 35%]
importer/tests/test_module_contracts_batch.py::test_dominate_enemy_special_power_fails_closed[SpecialPowerTemplate = SpecialAbilityDominate\n    StartAbilityRange = 1\n    AttributeModifierAffects = ALL\n    Unknown = value] PASSED [ 35%]
importer/tests/test_module_contracts_batch.py::test_grab_passenger_special_power_compiles_typed_grab_route PASSED [ 36%]
importer/tests/test_module_contracts_batch.py::test_grab_passenger_special_power_fails_closed[UpdateModuleStartsAttack = Yes] PASSED [ 36%]
importer/tests/test_module_contracts_batch.py::test_grab_passenger_special_power_fails_closed[SpecialPowerTemplate = SpecialAbilityGrabPassenger] PASSED [ 36%]
importer/tests/test_module_contracts_batch.py::test_grab_passenger_special_power_fails_closed[SpecialPowerTemplate = SpecialAbilityGrabPassenger\n    UpdateModuleStartsAttack = Maybe] PASSED [ 36%]
importer/tests/test_module_contracts_batch.py::test_grab_passenger_special_power_fails_closed[SpecialPowerTemplate = SpecialAbilityGrabPassenger\n    UpdateModuleStartsAttack = Yes\n    AllowTree = Maybe] PASSED [ 36%]
importer/tests/test_module_contracts_batch.py::test_grab_passenger_special_power_fails_closed[SpecialPowerTemplate = bad-token!\n    UpdateModuleStartsAttack = Yes] PASSED [ 36%]
importer/tests/test_module_contracts_batch.py::test_grab_passenger_special_power_fails_closed[SpecialPowerTemplate = SpecialAbilityGrabPassenger\n    UpdateModuleStartsAttack = Yes\n    Unknown = value] PASSED [ 36%]
importer/tests/test_module_contracts_batch.py::test_fling_passenger_special_ability_update_compiles_typed_payload PASSED [ 36%]
importer/tests/test_module_contracts_batch.py::test_fling_passenger_special_ability_update_fails_closed[UnpackTime = 1] PASSED [ 36%]
importer/tests/test_module_contracts_batch.py::test_fling_passenger_special_ability_update_fails_closed[SpecialPowerTemplate = SpecialAbilityFling] PASSED [ 36%]
importer/tests/test_module_contracts_batch.py::test_fling_passenger_special_ability_update_fails_closed[SpecialPowerTemplate = SpecialAbilityFling\n    UnpackTime = -1] PASSED [ 36%]
importer/tests/test_module_contracts_batch.py::test_fling_passenger_special_ability_update_fails_closed[SpecialPowerTemplate = SpecialAbilityFling\n    UnpackTime = 1\n    FlingPassengerVelocity = X:1 Y:2] PASSED [ 36%]
importer/tests/test_module_contracts_batch.py::test_fling_passenger_special_ability_update_fails_closed[SpecialPowerTemplate = SpecialAbilityFling\n    UnpackTime = 1\n    CustomAnimAndDuration = bad] PASSED [ 36%]
importer/tests/test_module_contracts_batch.py::test_fling_passenger_special_ability_update_fails_closed[SpecialPowerTemplate = SpecialAbilityFling\n    UnpackTime = 1\n    MustFinishAbility = Maybe] PASSED [ 36%]
importer/tests/test_module_contracts_batch.py::test_fling_passenger_special_ability_update_fails_closed[SpecialPowerTemplate = SpecialAbilityFling\n    UnpackTime = 1\n    Unknown = value] PASSED [ 36%]
importer/tests/test_module_contracts_batch.py::test_temporarily_defect_update_default_is_typed_and_fail_closed PASSED [ 36%]
importer/tests/test_module_contracts_batch.py::test_repair_special_power_compiles_exact_template PASSED [ 36%]
importer/tests/test_module_contracts_batch.py::test_horde_dispatch_special_power_compiles_dispatch_state PASSED [ 36%]
importer/tests/test_module_contracts_batch.py::test_stop_and_unleash_special_powers_compile_exact_state PASSED [ 36%]
importer/tests/test_module_contracts_batch.py::test_siege_deploy_special_power_compiles_complete_retail_grammar PASSED [ 36%]
importer/tests/test_module_contracts_batch.py::test_siege_deploy_special_power_refuses_unknown_or_incomplete_grammar PASSED [ 36%]
importer/tests/test_module_contracts_batch.py::test_toggle_deploy_binds_exact_retail_deploy_style_grammar PASSED [ 36%]
importer/tests/test_module_contracts_batch.py::test_toggle_deploy_refuses_missing_style_or_extra_fields PASSED [ 36%]
importer/tests/test_module_contracts_batch.py::test_special_disguise_exact_binary_closed_row_is_executable PASSED [ 36%]
importer/tests/test_module_contracts_batch.py::test_special_disguise_rider2_parse_is_typed_but_runtime_deferred PASSED [ 36%]
importer/tests/test_module_contracts_batch.py::test_special_disguise_refuses_unknown_incomplete_or_unproven_rows[UnknownField = 1] PASSED [ 36%]
importer/tests/test_module_contracts_batch.py::test_special_disguise_refuses_unknown_incomplete_or_unproven_rows[] PASSED [ 36%]
importer/tests/test_module_contracts_batch.py::test_special_disguise_refuses_unknown_incomplete_or_unproven_rows[ForceMountedWhenDisguising = No] PASSED [ 36%]
importer/tests/test_module_contracts_batch.py::test_nonshipping_special_power_mod_grammar_stays_typed_deferred[DeflectSpecialPower-SpecialAbilityDeflectProjectiles-compile_deflect_special_powers] PASSED [ 36%]
importer/tests/test_module_contracts_batch.py::test_nonshipping_special_power_mod_grammar_stays_typed_deferred[SplitHordeSpecialPower-SpecialAbilitySplitHorde-compile_split_horde_special_powers] PASSED [ 36%]
importer/tests/test_module_contracts_batch.py::test_special_enemy_sense_update_compiles_filter_and_scan_timer PASSED [ 36%]
importer/tests/test_module_contracts_batch.py::test_special_enemy_sense_resolves_scan_range_define_with_provenance PASSED [ 36%]
importer/tests/test_module_contracts_batch.py::test_scavenger_special_power_compiles_exact_bounty_contract PASSED [ 36%]
importer/tests/test_module_contracts_batch.py::test_scavenger_special_power_exact_effective_retail_corpora PASSED [ 36%]
importer/tests/test_module_contracts_batch.py::test_unknown_field_fails_closed PASSED [ 36%]
importer/tests/test_module_contracts_batch.py::test_batch_union_and_validator PASSED [ 36%]
importer/tests/test_module_contracts_batch.py::test_module_name_literals_are_census_visible PASSED [ 36%]
importer/tests/test_module_contracts_batch.py::test_opaque_deferred_preserves_all_fields_and_never_executes PASSED [ 37%]
importer/tests/test_module_contracts_batch.py::test_opaque_rejects_typed_kind_and_executable_claim PASSED [ 37%]
importer/tests/test_module_contracts_batch.py::test_opaque_and_typed_sets_disjoint FAILED [ 37%]
importer/tests/test_module_contracts_batch.py::test_bezier_projectile_behavior_types_complete_grammar_and_partial_runtime PASSED [ 37%]
importer/tests/test_module_contracts_batch.py::test_bezier_projectile_behavior_rejects_unknown_duplicate_and_graph_tamper PASSED [ 37%]
importer/tests/test_module_contracts_batch.py::test_bezier_projectile_behavior_preserves_partial_authored_shape_without_arc_defaults PASSED [ 37%]
importer/tests/test_module_contracts_batch.py::test_bezier_common_landing_shape_is_executable_without_promoting_variants PASSED [ 37%]
importer/tests/test_module_contracts_batch.py::test_bezier_common_landing_exact_canonical_partition PASSED [ 37%]
importer/tests/test_module_contracts_batch.py::test_wall_hub_behavior_exact_effective_retail_corpora PASSED [ 37%]
importer/tests/test_module_contracts_batch.py::test_activate_module_special_power_exact_effective_retail_corpora PASSED [ 37%]
importer/tests/test_module_contracts_batch.py::test_weapon_mode_special_power_update_exact_effective_retail_corpora PASSED [ 37%]
importer/tests/test_module_contracts_batch.py::test_dominate_enemy_special_power_exact_effective_retail_corpora PASSED [ 37%]
importer/tests/test_module_contracts_batch.py::test_grab_passenger_special_power_exact_effective_retail_corpora PASSED [ 37%]
importer/tests/test_module_contracts_batch.py::test_fling_passenger_special_ability_update_exact_effective_retail_corpora PASSED [ 37%]
importer/tests/test_module_contracts_batch.py::test_temporarily_defect_update_default_exact_effective_retail_corpora PASSED [ 37%]
importer/tests/test_module_contracts_batch.py::test_repair_special_power_exact_effective_retail_corpora PASSED [ 37%]
importer/tests/test_module_contracts_batch.py::test_horde_dispatch_special_power_exact_effective_retail_corpora PASSED [ 37%]
importer/tests/test_module_contracts_batch.py::test_toggle_deploy_exact_effective_retail_corpora PASSED [ 37%]
importer/tests/test_module_contracts_batch.py::test_nonshipping_special_power_exact_effective_retail_owners PASSED [ 37%]
importer/tests/test_module_contracts_batch.py::test_stop_unleash_and_enemy_sense_exact_effective_retail_corpora PASSED [ 37%]
importer/tests/test_module_contracts_batch.py::test_citadel_slaughter_horde_contain_exact_effective_retail_corpora PASSED [ 37%]
importer/tests/test_module_contracts_batch.py::test_replace_self_upgrade_exact_effective_retail_corpora PASSED [ 37%]
importer/tests/test_module_contracts_batch.py::test_sound_fear_poison_damage_and_spawn_exact_effective_retail_corpora PASSED [ 37%]
importer/tests/test_module_contracts_batch.py::test_audio_hit_animal_and_threat_exact_effective_retail_corpora PASSED [ 37%]
importer/tests/test_module_contracts_batch.py::test_typed_class_c_contracts_accept_every_effective_retail_site PASSED [ 37%]
importer/tests/test_module_runtime_evidence_gate.py::test_manifest_is_exactly_the_executable_evidence_registry FAILED [ 37%]
importer/tests/test_module_runtime_evidence_gate.py::test_gate_runs_every_dynamic_runner_and_fails_closed FAILED [ 37%]
importer/tests/test_module_runtime_evidence_gate.py::test_retail_gate_invokes_the_module_runtime_evidence_gate FAILED [ 37%]
importer/tests/test_music_import.py::test_volume_defines_and_macros_resolve PASSED [ 37%]
importer/tests/test_music_import.py::test_faction_bindings_come_from_the_script_library PASSED [ 37%]
importer/tests/test_music_import.py::test_misc_audio_shell_declarations PASSED [ 37%]
importer/tests/test_music_import.py::test_document_binds_every_faction_to_a_non_empty_tracklist PASSED [ 37%]
importer/tests/test_music_import.py::test_screen_tracks_are_bound_and_marked_name_derived PASSED [ 37%]
importer/tests/test_music_import.py::test_track_rows_carry_file_volume_and_control PASSED [ 37%]
importer/tests/test_music_import.py::test_shell_playlist_is_carried_for_the_menu PASSED [ 37%]
importer/tests/test_music_import.py::test_only_referenced_tracks_become_resources PASSED [ 37%]
importer/tests/test_music_import.py::test_profile_declares_the_music_document_and_pack_file PASSED [ 38%]
importer/tests/test_music_import.py::test_missing_playlist_refuses_rather_than_shipping_a_silent_faction PASSED [ 38%]
importer/tests/test_native_backtest.py::NativeBacktestTests::test_cooked_map_backtests_paired_roads_against_nonroad_bindings PASSED [ 38%]
importer/tests/test_native_backtest.py::NativeBacktestTests::test_cooked_map_is_deterministic_and_detects_binary_tampering PASSED [ 38%]
importer/tests/test_native_backtest.py::NativeBacktestTests::test_cooked_map_reconstructs_unresolved_road_diagnostics PASSED [ 38%]
importer/tests/test_native_backtest.py::NativeBacktestTests::test_cooked_map_rejects_road_and_partition_tampering 
importer/tests/test_native_backtest.py::NativeBacktestTests::test_cooked_map_rejects_road_and_partition_tampering PASSED [ 38%]
importer/tests/test_native_backtest.py::NativeBacktestTests::test_cooked_map_requires_all_files_and_rejects_descriptor_escape PASSED [ 38%]
importer/tests/test_native_backtest.py::NativeBacktestTests::test_default_team_owner_repairs_are_reconstructed_and_tamper_evident PASSED [ 38%]
importer/tests/test_native_backtest.py::NativeBacktestTests::test_dispatcher_is_fail_closed_and_json_ready PASSED [ 38%]
importer/tests/test_native_backtest.py::NativeBacktestTests::test_duplicate_side_records_require_reconstructable_runtime_semantics PASSED [ 38%]
importer/tests/test_native_backtest.py::NativeBacktestTests::test_glb_validates_v2_json_chunks_and_buffer_bounds PASSED [ 38%]
importer/tests/test_native_backtest.py::NativeBacktestTests::test_mp3_requires_consecutive_frames_and_cross_checks_injected_probe PASSED [ 38%]
importer/tests/test_native_backtest.py::NativeBacktestTests::test_one_cell_map_cannot_claim_runnable_or_multiplayer_profile 
importer/tests/test_native_backtest.py::NativeBacktestTests::test_one_cell_map_cannot_claim_runnable_or_multiplayer_profile PASSED [ 38%]
importer/tests/test_native_backtest.py::NativeBacktestTests::test_one_cell_missing_unknown_or_unsupported_profile_stays_strict 
importer/tests/test_native_backtest.py::NativeBacktestTests::test_one_cell_missing_unknown_or_unsupported_profile_stays_strict PASSED [ 38%]
importer/tests/test_native_backtest.py::NativeBacktestTests::test_one_cell_placeholder_is_structurally_valid_but_not_runnable PASSED [ 38%]
importer/tests/test_native_backtest.py::NativeBacktestTests::test_one_cell_profile_must_agree_between_map_and_setup PASSED [ 38%]
importer/tests/test_native_backtest.py::NativeBacktestTests::test_optional_lobby_source_absence_is_exact_and_tamper_evident PASSED [ 38%]
importer/tests/test_native_backtest.py::NativeBacktestTests::test_png_decodes_dimensions_mode_and_rejects_bad_crc PASSED [ 38%]
importer/tests/test_native_backtest.py::NativeBacktestTests::test_sixteen_bit_legacy_blend_contract_is_exact_and_tamper_evident 
importer/tests/test_native_backtest.py::NativeBacktestTests::test_sixteen_bit_legacy_blend_contract_is_exact_and_tamper_evident PASSED [ 38%]
importer/tests/test_native_backtest.py::NativeBacktestTests::test_versioned_blend_layers_reject_removal_insertion_and_tampering 
importer/tests/test_native_backtest.py::NativeBacktestTests::test_versioned_blend_layers_reject_removal_insertion_and_tampering PASSED [ 38%]
importer/tests/test_native_backtest.py::NativeBacktestTests::test_wav_reports_pcm_header_and_fails_closed_on_inconsistent_rate PASSED [ 38%]
importer/tests/test_native_corpus.py::NativeCorpusTests::test_builds_deduplicated_native_objects_and_repeats_deterministically PASSED [ 38%]
importer/tests/test_native_corpus.py::NativeCorpusTests::test_compressed_wav_uses_exact_flags_and_records_sanitized_evidence PASSED [ 38%]
importer/tests/test_native_corpus.py::NativeCorpusTests::test_direct_ckmp_with_texture_suffix_is_reclassified PASSED [ 38%]
importer/tests/test_native_corpus.py::NativeCorpusTests::test_ear_wrapped_ckmp_with_tga_suffix_is_reclassified PASSED [ 38%]
importer/tests/test_native_corpus.py::NativeCorpusTests::test_exact_failures_are_collected_and_transaction_is_not_published PASSED [ 38%]
importer/tests/test_native_corpus.py::NativeCorpusTests::test_existing_output_is_verified_and_force_repairs_tamper PASSED [ 38%]
importer/tests/test_native_corpus.py::NativeCorpusTests::test_family_selection_and_selected_bounds_fail_before_output PASSED [ 38%]
importer/tests/test_native_corpus.py::NativeCorpusTests::test_force_failure_preserves_previous_corpus_and_cleans_staging PASSED [ 38%]
importer/tests/test_native_corpus.py::NativeCorpusTests::test_links_are_rejected_when_supported_by_the_platform PASSED [ 38%]
importer/tests/test_native_corpus.py::NativeCorpusTests::test_missing_or_untrusted_ffmpeg_fails_before_transaction PASSED [ 38%]
importer/tests/test_native_corpus.py::NativeCorpusTests::test_non_ckmp_ear_texture_is_not_silently_reclassified PASSED [ 38%]
importer/tests/test_native_corpus.py::NativeCorpusTests::test_ordinary_tga_still_converts_and_backtests PASSED [ 38%]
importer/tests/test_native_corpus.py::NativeCorpusTests::test_parallel_failure_order_and_cleanup_match_serial PASSED [ 38%]
importer/tests/test_native_corpus.py::NativeCorpusTests::test_parallel_fatal_failure_preserves_existing_publish_and_drains_workers PASSED [ 38%]
importer/tests/test_native_corpus.py::NativeCorpusTests::test_parallel_reclassification_is_canonical_and_never_packages_maps PASSED [ 38%]
importer/tests/test_native_corpus.py::NativeCorpusTests::test_parallel_reuse_backtests_are_bounded_and_identity_neutral PASSED [ 38%]
importer/tests/test_native_corpus.py::NativeCorpusTests::test_parallel_textures_are_bounded_and_byte_identical_to_serial PASSED [ 39%]
importer/tests/test_native_corpus.py::NativeCorpusTests::test_publish_error_rolls_back_previous_corpus PASSED [ 39%]
importer/tests/test_native_corpus.py::NativeCorpusTests::test_reclassification_evidence_changes_request_and_corpus_identity PASSED [ 39%]
importer/tests/test_native_corpus.py::NativeCorpusTests::test_reclassification_manifest_tamper_is_rejected_during_reuse PASSED [ 39%]
importer/tests/test_native_corpus.py::NativeCorpusTests::test_reclassified_only_corpus_has_no_packaged_map_object PASSED [ 39%]
importer/tests/test_native_corpus.py::NativeCorpusTests::test_source_hash_tree_and_path_containment_are_enforced PASSED [ 39%]
importer/tests/test_native_corpus.py::NativeCorpusTests::test_texture_worker_validation_precedes_filesystem_access PASSED [ 39%]
importer/tests/test_neutral_dependency_pack_compiler.py::test_retail_lair_helper_and_treasure_graph_is_exact_and_sealed[bfme2-pickup_ids0-runtime_summary0] PASSED [ 39%]
importer/tests/test_neutral_dependency_pack_compiler.py::test_retail_lair_helper_and_treasure_graph_is_exact_and_sealed[rotwk-pickup_ids1-runtime_summary1] PASSED [ 39%]
importer/tests/test_neutral_dependency_pack_compiler.py::test_dependency_envelope_rejects_tampered_ocl_provenance PASSED [ 39%]
importer/tests/test_neutral_mob_catalog.py::test_catalog_accounts_for_creeps_and_lairs_without_neutral_props PASSED [ 39%]
importer/tests/test_neutral_mob_catalog.py::test_exact_map_roots_admit_only_active_retail_structures PASSED [ 39%]
importer/tests/test_neutral_mob_catalog.py::test_lair_text_does_not_turn_an_inherited_creature_into_a_structure PASSED [ 39%]
importer/tests/test_neutral_mob_catalog.py::test_catalog_is_deterministic_and_digest_protected PASSED [ 39%]
importer/tests/test_neutral_mob_catalog.py::test_catalog_prepared_inputs_are_equivalent_and_do_not_leak PASSED [ 39%]
importer/tests/test_neutral_mob_catalog.py::test_catalog_rejects_prepared_inputs_for_other_documents PASSED [ 39%]
importer/tests/test_neutral_mob_catalog.py::test_catalog_rejects_unknown_game PASSED [ 39%]
importer/tests/test_neutral_mob_catalog.py::test_effective_retail_neutral_mob_family_is_completely_accounted_for[bfme2.json-bfme2-69-expected_domains0-37] FAILED [ 39%]
importer/tests/test_neutral_mob_catalog.py::test_effective_retail_neutral_mob_family_is_completely_accounted_for[rotwk-layered.json-rotwk-83-expected_domains1-60] FAILED [ 39%]
importer/tests/test_neutral_mob_catalog.py::test_rotwk_canonical_effective_assets_preserve_exact_domains_and_prop_ids FAILED [ 39%]
importer/tests/test_neutral_mob_catalog.py::test_retail_map_placed_passive_units_have_closed_scenario_simulation[bfme2-catalog/bfme2.json-bfme2-skirmish-maps-private/-expected0-passive_ids0] PASSED [ 39%]
importer/tests/test_neutral_mob_catalog.py::test_retail_map_placed_passive_units_have_closed_scenario_simulation[rotwk-editions/rotwk/catalog/rotwk.json-rotwk-playable-maps-private/-expected1-passive_ids1] PASSED [ 39%]
importer/tests/test_neutral_pack_profile.py::test_unit_tuple_is_sealed_with_exact_scenario_and_resource_ownership PASSED [ 39%]
importer/tests/test_neutral_pack_profile.py::test_unit_artifact_rejects_tampered_dual_binding[catalog-sha-ownership drifted] PASSED [ 39%]
importer/tests/test_neutral_pack_profile.py::test_unit_artifact_rejects_tampered_dual_binding[integrated-sha-ownership drifted] PASSED [ 39%]
importer/tests/test_neutral_pack_profile.py::test_unit_artifact_rejects_tampered_dual_binding[catalog-object-catalog object identity drifted] PASSED [ 39%]
importer/tests/test_neutral_pack_profile.py::test_unit_artifact_rejects_tampered_dual_binding[catalog-admission-catalog/integrated admission drifted] PASSED [ 39%]
importer/tests/test_neutral_pack_profile.py::test_profile_binds_catalog_and_integrated_descriptor_identities PASSED [ 39%]
importer/tests/test_neutral_pack_profile.py::test_complete_neutral_profile_is_deterministic_and_cook_loadable PASSED [ 39%]
importer/tests/test_neutral_pack_profile.py::test_profile_packages_deferred_custom_animation_resources_and_receipt PASSED [ 39%]
importer/tests/test_neutral_pack_profile.py::test_profile_refuses_deferred_reachable_dependency PASSED [ 39%]
importer/tests/test_neutral_pack_profile.py::test_profile_refuses_stale_passive_noncombatant_readiness[simulation] PASSED [ 39%]
importer/tests/test_neutral_pack_profile.py::test_profile_refuses_stale_passive_noncombatant_readiness[squish] PASSED [ 39%]
importer/tests/test_neutral_pack_profile.py::test_profile_fails_closed_on_incomplete_or_drifted_artifacts[missing] PASSED [ 39%]
importer/tests/test_neutral_pack_profile.py::test_profile_fails_closed_on_incomplete_or_drifted_artifacts[duplicate] PASSED [ 39%]
importer/tests/test_neutral_pack_profile.py::test_profile_fails_closed_on_incomplete_or_drifted_artifacts[cross-edition] PASSED [ 39%]
importer/tests/test_neutral_pack_profile.py::test_profile_fails_closed_on_incomplete_or_drifted_artifacts[deferred] PASSED [ 40%]
importer/tests/test_neutral_pack_profile.py::test_profile_rejects_cross_object_resource_ownership PASSED [ 40%]
importer/tests/test_neutral_pack_profile.py::test_profile_rejects_prop_runtime_module_evidence_drift PASSED [ 40%]
importer/tests/test_neutral_prop_compiler.py::test_compiles_exact_passive_prop_with_inheritance_and_presentation PASSED [ 40%]
importer/tests/test_neutral_prop_compiler.py::test_compiles_spider_web_without_inventing_geometry PASSED [ 40%]
importer/tests/test_neutral_prop_compiler.py::test_rejects_unknown_active_and_presentationless_objects PASSED [ 40%]
importer/tests/test_neutral_prop_compiler.py::test_digest_and_scenario_admission_are_fail_closed PASSED [ 40%]
importer/tests/test_neutral_prop_compiler.py::test_retail_passive_prop_family_is_exactly_twelve[bfme2.json-bfme2] PASSED [ 40%]
importer/tests/test_neutral_prop_compiler.py::test_retail_passive_prop_family_is_exactly_twelve[rotwk-layered.json-rotwk] PASSED [ 40%]
importer/tests/test_neutral_prop_pack_compiler.py::test_artifact_owns_converted_glb_and_contentdb_loadable_runtime PASSED [ 40%]
importer/tests/test_neutral_prop_pack_compiler.py::test_artifact_preserves_full_lineage_module_evidence_without_execution PASSED [ 40%]
importer/tests/test_neutral_prop_pack_compiler.py::test_neutralized_recipe_references_resolve_in_import_profile PASSED [ 40%]
importer/tests/test_neutral_prop_pack_compiler.py::test_missing_or_ambiguous_model_and_texture_fail_closed PASSED [ 40%]
importer/tests/test_neutral_prop_pack_compiler.py::test_resource_ownership_and_digest_tampering_fail_closed PASSED [ 40%]
importer/tests/test_neutral_prop_pack_compiler.py::test_exact_retail_neutral_prop_family_is_pack_ready[bfme2.json-bfme2-cache/effective-assets] PASSED [ 40%]
importer/tests/test_neutral_prop_pack_compiler.py::test_exact_retail_neutral_prop_family_is_pack_ready[rotwk-layered.json-rotwk-editions/rotwk/cache/layered-effective-assets] PASSED [ 40%]
importer/tests/test_neutral_structure_pack_compiler.py::test_bfme2_fangorn_capability_classification_binds_exact_artifact_descriptor PASSED [ 40%]
importer/tests/test_neutral_structure_pack_compiler.py::test_neutral_structure_artifact_is_deterministic_and_non_buildable PASSED [ 40%]
importer/tests/test_neutral_structure_pack_compiler.py::test_neutral_structure_admission_fails_closed[lair-surfaces0-lair-spawn] PASSED [ 40%]
importer/tests/test_neutral_structure_pack_compiler.py::test_neutral_structure_admission_fails_closed[neutral-structure-surfaces1-cannot claim] PASSED [ 40%]
importer/tests/test_neutral_structure_pack_compiler.py::test_neutral_structure_admission_fails_closed[neutral-structure-surfaces2-duplicate] PASSED [ 40%]
importer/tests/test_neutral_structure_pack_compiler.py::test_neutral_structure_artifact_rejects_cross_object_asset_drift PASSED [ 40%]
importer/tests/test_neutral_structure_pack_compiler.py::test_exact_retail_neutral_structure_family_is_pack_ready[bfme2.json-bfme2-cache/effective-assets-object_ids0-8-48] PASSED [ 40%]
importer/tests/test_neutral_structure_pack_compiler.py::test_exact_retail_neutral_structure_family_is_pack_ready[rotwk-layered.json-rotwk-editions/rotwk/cache/layered-effective-assets-object_ids1-13-91] PASSED [ 40%]
importer/tests/test_onboard.py::TestArgumentParsing::test_defaults PASSED [ 40%]
importer/tests/test_onboard.py::TestArgumentParsing::test_non_interactive_flags PASSED [ 40%]
importer/tests/test_onboard.py::TestArgumentParsing::test_optional_rotwk_and_overrides PASSED [ 40%]
importer/tests/test_onboard.py::TestConfigRoundTrip::test_corrupt_config_fails_closed PASSED [ 40%]
importer/tests/test_onboard.py::TestConfigRoundTrip::test_missing_config_is_empty PASSED [ 40%]
importer/tests/test_onboard.py::TestConfigRoundTrip::test_non_object_config_fails_closed PASSED [ 40%]
importer/tests/test_onboard.py::TestConfigRoundTrip::test_round_trip_preserves_values_and_stamps_schema PASSED [ 40%]
importer/tests/test_onboard.py::TestInstallClassification::test_bfme2_install PASSED [ 40%]
importer/tests/test_onboard.py::TestInstallClassification::test_missing_directory PASSED [ 40%]
importer/tests/test_onboard.py::TestInstallClassification::test_rotwk_install_wins_when_both_markers_present PASSED [ 40%]
importer/tests/test_onboard.py::TestInstallClassification::test_unrecognized_directory PASSED [ 40%]
importer/tests/test_onboard.py::TestPrerequisites::test_all_present PASSED [ 40%]
importer/tests/test_onboard.py::TestPrerequisites::test_importer_python_path_shape PASSED [ 40%]
importer/tests/test_onboard.py::TestPrerequisites::test_missing_godot_and_git_block PASSED [ 41%]
importer/tests/test_onboard.py::TestPrerequisites::test_missing_python_env_blocks PASSED [ 41%]
importer/tests/test_onboard.py::TestGodotConsoleResolution::test_keeps_console_exe PASSED [ 41%]
importer/tests/test_onboard.py::TestGodotConsoleResolution::test_no_sibling_keeps_original PASSED [ 41%]
importer/tests/test_onboard.py::TestGodotConsoleResolution::test_prefers_console_sibling PASSED [ 41%]
importer/tests/test_onboard.py::TestPackPlanning::test_convert_when_active_pack_malformed PASSED [ 41%]
importer/tests/test_onboard.py::TestPackPlanning::test_convert_when_bundle_missing_on_disk PASSED [ 41%]
importer/tests/test_onboard.py::TestPackPlanning::test_convert_when_no_selection PASSED [ 41%]
importer/tests/test_onboard.py::TestPackPlanning::test_convert_when_wrong_host_pack PASSED [ 41%]
importer/tests/test_onboard.py::TestPackPlanning::test_force_convert_overrides_verify PASSED [ 41%]
importer/tests/test_onboard.py::TestPackPlanning::test_verify_path_when_bundle_present PASSED [ 41%]
importer/tests/test_onboard.py::TestGateParsing::test_empty_outcomes_are_not_a_pass PASSED [ 41%]
importer/tests/test_onboard.py::TestGateParsing::test_failed_checks_fail_the_gate PASSED [ 41%]
importer/tests/test_onboard.py::TestGateParsing::test_missing_result_line_fails_closed PASSED [ 41%]
importer/tests/test_onboard.py::TestGateParsing::test_parses_menu_result PASSED [ 41%]
importer/tests/test_onboard.py::TestGateParsing::test_parses_slice_result_and_signature PASSED [ 41%]
importer/tests/test_onboard.py::TestGateParsing::test_summary_aggregation PASSED [ 41%]
importer/tests/test_onboard.py::TestGateParsing::test_summary_all_green PASSED [ 41%]
importer/tests/test_onboard.py::TestGateParsing::test_zero_passed_is_not_a_pass PASSED [ 41%]
importer/tests/test_pack_filter_cache_single_flight.py::test_pack_filtered_context_single_flight PASSED [ 41%]
importer/tests/test_pack_recipe_catalog_identity.py::test_missing_required_patterns_reports_orphan_rows PASSED [ 41%]
importer/tests/test_pack_recipe_catalog_identity.py::test_assert_pack_recipe_catalog_identity_raises_with_sample PASSED [ 41%]
importer/tests/test_pack_recipe_catalog_identity.py::test_assert_skips_without_catalog PASSED [ 41%]
importer/tests/test_pack_recipe_catalog_identity.py::test_filter_virtual_paths_to_catalog PASSED [ 41%]
importer/tests/test_pack_report.py::DescribePackTests::test_cli_describe_pack_text_json_and_exit_codes PASSED [ 41%]
importer/tests/test_pack_report.py::DescribePackTests::test_corrupt_manifest_yields_report_not_traceback PASSED [ 41%]
importer/tests/test_pack_report.py::DescribePackTests::test_json_document_is_stable_and_self_describing PASSED [ 41%]
importer/tests/test_pack_report.py::DescribePackTests::test_missing_manifest_yields_report_not_traceback PASSED [ 41%]
importer/tests/test_pack_report.py::DescribePackTests::test_missing_tool_attestation_is_flagged_by_name PASSED [ 41%]
importer/tests/test_pack_report.py::DescribePackTests::test_pre_provenance_pack_names_reimport_as_the_fix PASSED [ 41%]
importer/tests/test_pack_report.py::DescribePackTests::test_release_identity_source_is_explained_as_stamped PASSED [ 41%]
importer/tests/test_pack_report.py::DescribePackTests::test_valid_pack_reports_every_section PASSED [ 41%]
importer/tests/test_pack_report.py::DescribePackTests::test_valid_pack_text_is_sectioned_and_hides_bulk_hashes PASSED [ 41%]
importer/tests/test_paths.py::PrivateRetailPathTests::test_defaults_stay_under_ignored_private_workspace PASSED [ 41%]
importer/tests/test_paths.py::PrivateRetailPathTests::test_external_workspace_remains_supported PASSED [ 41%]
importer/tests/test_paths.py::PrivateRetailPathTests::test_only_private_subtree_is_allowed_inside_repository PASSED [ 41%]
importer/tests/test_playable_structure_compiler.py::test_structure_bounty_value_resolves_with_expression_and_provenance_and_absent_stays_absent PASSED [ 42%]
importer/tests/test_playable_structure_compiler.py::test_bfme2_effective_retail_unit_and_structure_bounty_descriptors_are_exact PASSED [ 42%]
importer/tests/test_playable_structure_compiler.py::test_constructed_structure_compiles_deterministically PASSED [ 42%]
importer/tests/test_playable_structure_compiler.py::test_structure_weapon_and_projectile_binding_compile_from_authored_ini PASSED [ 42%]
importer/tests/test_playable_structure_compiler.py::test_artillery_expansion_joins_acquisition_shell_to_spawned_delivery_weapon PASSED [ 42%]
importer/tests/test_playable_structure_compiler.py::test_bfme2_men_trebuchet_expansions_resolve_indented_structural_warhead[MenTrebuchetExpansion-GondorTrebuchetExpansionWeapon] PASSED [ 42%]
importer/tests/test_playable_structure_compiler.py::test_bfme2_men_trebuchet_expansions_resolve_indented_structural_warhead[MenTrebuchetSideExpansion-GondorTrebuchetSideExpansionWeapon] PASSED [ 42%]
importer/tests/test_playable_structure_compiler.py::test_interval_tower_weapon_remains_a_valid_lifecycle_only_structure PASSED [ 42%]
importer/tests/test_playable_structure_compiler.py::test_queue_production_exit_update_rejects_coord_with_ignored_suffix PASSED [ 42%]
importer/tests/test_playable_structure_compiler.py::test_queue_production_exit_update_rejects_unsigned_int_overflow PASSED [ 42%]
importer/tests/test_playable_structure_compiler.py::test_queue_production_exit_update_requires_exact_unsigned_decimal[ExitDelay-50.0] PASSED [ 42%]
importer/tests/test_playable_structure_compiler.py::test_queue_production_exit_update_requires_exact_unsigned_decimal[InitialBurst-2.0] PASSED [ 42%]
importer/tests/test_playable_structure_compiler.py::test_queue_production_exit_update_rejects_non_ini_boolean_alias PASSED [ 42%]
importer/tests/test_playable_structure_compiler.py::test_queue_production_exit_update_rejects_out_of_order_coord_axes PASSED [ 42%]
importer/tests/test_playable_structure_compiler.py::test_queue_production_exit_update_still_rejects_a_genuinely_malformed_coord PASSED [ 42%]
importer/tests/test_playable_structure_compiler.py::test_queue_production_exit_compatibility_projection_is_exact_typed_copy PASSED [ 42%]
importer/tests/test_playable_structure_compiler.py::test_queue_production_exit_known_retail_typo_is_preserved_deferred PASSED [ 42%]
importer/tests/test_playable_structure_compiler.py::test_inherit_upgrade_create_compiles_exact_creation_contract PASSED [ 42%]
importer/tests/test_playable_structure_compiler.py::test_inherit_upgrade_create_descriptor_rejects_resigned_non_object_upgrade PASSED [ 42%]
importer/tests/test_playable_structure_compiler.py::test_inherit_upgrade_create_rejects_unproven_filter_grammar PASSED [ 42%]
importer/tests/test_playable_structure_compiler.py::test_inherit_upgrade_create_rejects_duplicate_or_unknown_fields[    Radius = 401\n] PASSED [ 42%]
importer/tests/test_playable_structure_compiler.py::test_inherit_upgrade_create_rejects_duplicate_or_unknown_fields[    UnknownField = Yes\n] PASSED [ 42%]
importer/tests/test_playable_structure_compiler.py::test_inherit_upgrade_create_requires_object_upgrade_type PASSED [ 42%]
importer/tests/test_playable_structure_compiler.py::test_highlander_body_is_preserved_as_primary_structure_policy PASSED [ 42%]
importer/tests/test_playable_structure_compiler.py::test_grant_upgrade_create_compiles_exact_build_complete_contract PASSED [ 42%]
importer/tests/test_playable_structure_compiler.py::test_grant_upgrade_create_rejects_unsupported_status_mask PASSED [ 42%]
importer/tests/test_playable_structure_compiler.py::test_prepared_inputs_preserve_structure_identity PASSED [ 42%]
importer/tests/test_playable_structure_compiler.py::test_engine_spawned_composite_requires_declared_policy PASSED [ 42%]
importer/tests/test_playable_structure_compiler.py::test_neutral_map_structure_admission_is_explicit_and_non_buildable PASSED [ 42%]
importer/tests/test_playable_structure_compiler.py::test_neutral_map_structure_admission_fails_closed[admission0] PASSED [ 42%]
importer/tests/test_playable_structure_compiler.py::test_neutral_map_structure_admission_fails_closed[admission1] PASSED [ 42%]
importer/tests/test_playable_structure_compiler.py::test_neutral_map_structure_admission_fails_closed[admission2] PASSED [ 42%]
importer/tests/test_playable_structure_compiler.py::test_neutral_map_structure_admission_fails_closed[admission3] PASSED [ 42%]
importer/tests/test_playable_structure_compiler.py::test_foundation_construct_command_is_an_authored_route PASSED [ 42%]
importer/tests/test_playable_structure_compiler.py::test_wall_template_policy_admits_template_only_structures PASSED [ 42%]
importer/tests/test_playable_structure_compiler.py::test_foundation_without_health_is_admitted_with_evidence PASSED [ 42%]
importer/tests/test_playable_structure_compiler.py::test_non_structure_object_is_rejected PASSED [ 42%]
importer/tests/test_playable_structure_compiler.py::test_structure_without_body_health_fails_closed PASSED [ 43%]
importer/tests/test_playable_structure_compiler.py::test_unresolved_health_constant_fails_closed PASSED [ 43%]
importer/tests/test_playable_structure_compiler.py::test_tampered_descriptor_digest_is_rejected PASSED [ 43%]
importer/tests/test_playable_structure_compiler.py::test_wall_upgrade_command_is_authored_production_evidence PASSED [ 43%]
importer/tests/test_playable_structure_compiler.py::test_construct_route_wins_over_wall_upgrade_for_one_structure PASSED [ 43%]
importer/tests/test_playable_structure_compiler.py::test_player_command_set_upgrade_effect_is_typed_and_runtime_executable PASSED [ 43%]
importer/tests/test_playable_structure_compiler.py::test_player_command_set_upgrade_preserves_all_trigger_graph PASSED [ 43%]
importer/tests/test_playable_structure_compiler.py::test_command_set_upgrade_effect_edition_binding_fails_closed PASSED [ 43%]
importer/tests/test_playable_structure_compiler.py::test_player_command_set_upgrade_rejects_malformed_custom_animation PASSED [ 43%]
importer/tests/test_playable_structure_compiler.py::test_upgrade_chain_compiles_costs_sets_and_level_effects PASSED [ 43%]
importer/tests/test_playable_structure_compiler.py::test_structure_without_level_upgrades_has_no_chain_key PASSED [ 43%]
importer/tests/test_playable_structure_compiler.py::test_upgrade_chain_missing_purchase_button_fails_closed PASSED [ 43%]
importer/tests/test_playable_structure_compiler.py::test_upgrade_chain_missing_upgrade_block_fails_closed PASSED [ 43%]
importer/tests/test_playable_structure_compiler.py::test_upgrade_chain_missing_experience_chain_fails_closed PASSED [ 43%]
importer/tests/test_playable_structure_compiler.py::test_upgrade_chain_resolves_structure_level_alias_transitions PASSED [ 43%]
importer/tests/test_playable_structure_compiler.py::test_upgrade_chain_authored_transitions_carry_no_marker PASSED [ 43%]
importer/tests/test_playable_structure_compiler.py::test_upgrade_chain_without_command_set_upgrade_compiles_identity PASSED [ 43%]
importer/tests/test_playable_structure_compiler.py::test_identity_step_missing_build_cost_still_fails_closed PASSED [ 43%]
importer/tests/test_playable_structure_compiler.py::test_level_cap_parses_leading_integer_like_retail PASSED [ 43%]
importer/tests/test_playable_structure_compiler.py::test_level_cap_without_leading_digit_fails_closed PASSED [ 43%]
importer/tests/test_playable_structure_compiler.py::test_cost_modifier_variant_without_apply_list_is_unsupported_evidence PASSED [ 43%]
importer/tests/test_playable_structure_compiler.py::test_cost_modifier_with_apply_list_missing_trigger_still_fails PASSED [ 43%]
importer/tests/test_playable_structure_compiler.py::test_starts_active_cost_modifier_with_apply_list_is_declared_unsupported PASSED [ 43%]
importer/tests/test_playable_structure_compiler.py::test_upgrade_chain_unresolvable_cost_fails_closed PASSED [ 43%]
importer/tests/test_playable_structure_compiler.py::test_auto_deposit_compiles_exact_runtime_contract PASSED [ 43%]
importer/tests/test_playable_structure_compiler.py::test_auto_deposit_defaults_and_bfme_only_fields_defer PASSED [ 43%]
importer/tests/test_playable_structure_compiler.py::test_auto_deposit_unknown_field_fails_closed PASSED [ 43%]
importer/tests/test_playable_structure_compiler.py::test_auto_deposit_timing_projection_is_digest_validated PASSED [ 43%]
importer/tests/test_playable_structure_compiler.py::test_auto_deposit_resigned_non_cpp_default_rejects[depositTiming-mutated0] PASSED [ 43%]
importer/tests/test_playable_structure_compiler.py::test_auto_deposit_resigned_non_cpp_default_rejects[depositAmount-mutated1] PASSED [ 43%]
importer/tests/test_playable_structure_compiler.py::test_auto_deposit_resigned_non_cpp_default_rejects[initialCaptureBonus-mutated2] PASSED [ 43%]
importer/tests/test_playable_structure_compiler.py::test_auto_deposit_resigned_boost_projection_mutation_rejects[upgradeId-Upgrade_Invented] PASSED [ 43%]
importer/tests/test_playable_structure_compiler.py::test_auto_deposit_resigned_boost_projection_mutation_rejects[upgradeType-OBJECT] PASSED [ 43%]
importer/tests/test_playable_structure_compiler.py::test_auto_deposit_resigned_boost_projection_mutation_rejects[boost-26] PASSED [ 43%]
importer/tests/test_playable_structure_compiler.py::test_auto_deposit_object_upgrade_type_fails_closed_at_compile PASSED [ 43%]
importer/tests/test_playable_structure_compiler.py::test_auto_deposit_resigned_coordinated_object_type_mutation_rejects PASSED [ 43%]
importer/tests/test_playable_structure_compiler.py::test_castle_upgrade_conflicting_slots_fail_closed PASSED [ 44%]
importer/tests/test_playable_structure_compiler.py::test_castle_upgrade_button_emits_trigger_grant_and_authored_purchase_fields PASSED [ 44%]
importer/tests/test_playable_structure_compiler.py::test_castle_upgrade_surface_records_authored_radial_page_selectors PASSED [ 44%]
importer/tests/test_playable_structure_compiler.py::test_castle_upgrade_surface_omits_page_selectors_when_unauthored PASSED [ 44%]
importer/tests/test_playable_structure_compiler.py::test_castle_upgrade_missing_authored_cost_or_time_fails_closed[BuildCost] PASSED [ 44%]
importer/tests/test_playable_structure_compiler.py::test_castle_upgrade_missing_authored_cost_or_time_fails_closed[BuildTime] PASSED [ 44%]
importer/tests/test_playable_structure_compiler.py::test_castle_upgrade_non_object_trigger_fails_closed PASSED [ 44%]
importer/tests/test_playable_structure_compiler.py::test_castle_upgrade_without_selling_button_is_recorded PASSED [ 44%]
importer/tests/test_playable_structure_compiler.py::test_object_upgrade_without_castle_trigger_is_recorded_and_not_compiled PASSED [ 44%]
importer/tests/test_playable_structure_compiler.py::test_fortress_object_upgrade_without_a_trigger_module_is_still_purchasable PASSED [ 44%]
importer/tests/test_playable_structure_compiler.py::test_fortress_castle_upgrade_command_button_is_compiled PASSED [ 44%]
importer/tests/test_playable_structure_compiler.py::test_structure_without_castle_upgrade_module_omits_castle_surface PASSED [ 44%]
importer/tests/test_playable_structure_compiler.py::test_castle_upgrade_rows_sort_by_casefolded_trigger_id PASSED [ 44%]
importer/tests/test_playable_structure_compiler.py::test_passive_area_effect_compiles_authored_well_radius PASSED [ 44%]
importer/tests/test_playable_structure_compiler.py::test_passive_area_effect_resolves_typed_leadership_modifier PASSED [ 44%]
importer/tests/test_playable_structure_compiler.py::test_modifier_list_contract_fails_closed_on_unknown_field PASSED [ 44%]
importer/tests/test_playable_structure_compiler.py::test_passive_modifier_contract_covers_every_effective_retail_reference PASSED [ 44%]
importer/tests/test_playable_structure_compiler.py::test_passive_area_effect_compiles_upgrade_required PASSED [ 44%]
importer/tests/test_playable_structure_pack_compiler.py::test_post_rubble_prefers_the_exact_post_rubble_authored_state PASSED [ 44%]
importer/tests/test_playable_structure_pack_compiler.py::test_recipe_is_deterministic_and_validates PASSED [ 44%]
importer/tests/test_playable_structure_pack_compiler.py::test_drawable_scripts_flow_from_visual_closure_into_runtime_presentation PASSED [ 44%]
importer/tests/test_playable_structure_pack_compiler.py::test_phase_grouping_and_converters PASSED [ 44%]
importer/tests/test_playable_structure_pack_compiler.py::test_lifecycle_states_record_conditions_and_clips PASSED [ 44%]
importer/tests/test_playable_structure_pack_compiler.py::test_animations_bind_by_hierarchy_not_by_phase_alone PASSED [ 44%]
importer/tests/test_playable_structure_pack_compiler.py::test_editor_only_models_are_excluded PASSED [ 44%]
importer/tests/test_playable_structure_pack_compiler.py::test_world_builder_only_intact_model_is_rescued_and_converted PASSED [ 44%]
importer/tests/test_playable_structure_pack_compiler.py::test_runtime_document_presents_world_builder_gated_intact PASSED [ 44%]
importer/tests/test_playable_structure_pack_compiler.py::test_runtime_document_rejects_competing_world_builder_intact_models PASSED [ 44%]
importer/tests/test_playable_structure_pack_compiler.py::test_start_hidden_bib_variant_does_not_compete_with_the_visible_bib PASSED [ 44%]
importer/tests/test_playable_structure_pack_compiler.py::test_runtime_document_rejects_an_all_hidden_bib_set PASSED [ 44%]
importer/tests/test_playable_structure_pack_compiler.py::test_construction_manual_clip_prefers_the_selected_models_draw_module PASSED [ 44%]
importer/tests/test_playable_structure_pack_compiler.py::test_construction_manual_clip_stays_fail_closed_without_module_match PASSED [ 44%]
importer/tests/test_playable_structure_pack_compiler.py::test_texture_closure_feeds_model_inputs PASSED [ 44%]
importer/tests/test_playable_structure_pack_compiler.py::test_unknown_lifecycle_phase_fails_closed PASSED [ 44%]
importer/tests/test_playable_structure_pack_compiler.py::test_structure_without_models_fails_closed PASSED [ 44%]
importer/tests/test_playable_structure_pack_compiler.py::test_ambiguous_texture_fails_closed PASSED [ 44%]
importer/tests/test_playable_structure_pack_compiler.py::test_retail_absent_texture_is_an_explicit_exclusion PASSED [ 44%]
importer/tests/test_playable_structure_pack_compiler.py::test_retail_none_texture_sentinel_is_not_collected_as_absent PASSED [ 45%]
importer/tests/test_playable_structure_pack_compiler.py::test_all_sentinel_model_emits_consistent_resources_and_references PASSED [ 45%]
importer/tests/test_playable_structure_pack_compiler.py::test_mixed_sentinel_model_still_emits_its_texture_resource PASSED [ 45%]
importer/tests/test_playable_structure_pack_compiler.py::test_external_hierarchy_model_stages_provider_and_bakes PASSED [ 45%]
importer/tests/test_playable_structure_pack_compiler.py::test_external_hierarchy_model_requires_a_unique_provider PASSED [ 45%]
importer/tests/test_playable_structure_pack_compiler.py::test_embedded_animation_model_is_an_embedded_bundle PASSED [ 45%]
importer/tests/test_playable_structure_pack_compiler.py::test_pivot_only_model_keeps_hierarchy_with_pivot_option PASSED [ 45%]
importer/tests/test_playable_structure_pack_compiler.py::test_meshless_model_without_hierarchy_fails_closed PASSED [ 45%]
importer/tests/test_playable_structure_pack_compiler.py::test_skinned_hierarchy_model_keeps_hierarchy_without_bake PASSED [ 45%]
importer/tests/test_playable_structure_pack_compiler.py::test_vacuous_embedded_animation_chunk_keeps_rigid_bake PASSED [ 45%]
importer/tests/test_playable_structure_pack_compiler.py::test_tampered_closure_digest_is_rejected PASSED [ 45%]
importer/tests/test_playable_structure_pack_compiler.py::test_tampered_recipe_digest_is_rejected PASSED [ 45%]
importer/tests/test_playable_structure_pack_compiler.py::test_runtime_document_composes_presenter_grade_lifecycle PASSED [ 45%]
importer/tests/test_playable_structure_pack_compiler.py::test_runtime_document_without_floor_draw_has_null_bib PASSED [ 45%]
importer/tests/test_playable_structure_pack_compiler.py::test_runtime_document_requires_manual_construction_clip PASSED [ 45%]
importer/tests/test_playable_structure_pack_compiler.py::test_runtime_document_binds_embedded_self_referential_construction_clip PASSED [ 45%]
importer/tests/test_playable_structure_pack_compiler.py::test_self_referential_construction_clip_without_channels_fails_closed PASSED [ 45%]
importer/tests/test_playable_structure_pack_compiler.py::test_self_referential_construction_clip_fails_closed_when_displaced PASSED [ 45%]
importer/tests/test_playable_structure_pack_compiler.py::test_runtime_document_reduces_damage_phases_without_thresholds PASSED [ 45%]
importer/tests/test_playable_structure_pack_compiler.py::test_runtime_document_rejects_half_authored_thresholds PASSED [ 45%]
importer/tests/test_playable_structure_pack_compiler.py::test_runtime_document_omits_unauthored_construction_phase PASSED [ 45%]
importer/tests/test_playable_structure_pack_compiler.py::test_neutral_map_runtime_preserves_admission_and_never_constructs PASSED [ 45%]
importer/tests/test_playable_structure_pack_compiler.py::test_runtime_document_rejects_identity_mismatch PASSED [ 45%]
importer/tests/test_playable_structure_pack_compiler.py::test_runtime_document_rejects_tampered_evidence PASSED [ 45%]
importer/tests/test_playable_structure_pack_compiler.py::test_state_referencing_unknown_resource_is_rejected PASSED [ 45%]
importer/tests/test_playable_structure_pack_compiler.py::test_ui_image_bindings_compile_into_recipe_and_runtime PASSED [ 45%]
importer/tests/test_playable_structure_pack_compiler.py::test_ui_image_gap_only_recipe_records_explicit_rows PASSED [ 45%]
importer/tests/test_playable_structure_pack_compiler.py::test_recipe_without_ui_binding_request_stays_legacy_shaped PASSED [ 45%]
importer/tests/test_playable_structure_pack_compiler.py::test_resource_ids_distinguish_bib_and_body_when_stems_match PASSED [ 45%]
importer/tests/test_playable_unit_compiler.py::test_compiles_categories_without_object_specific_rules[InfantryHorde-infantry-10] PASSED [ 45%]
importer/tests/test_playable_unit_compiler.py::test_compiles_categories_without_object_specific_rules[RangedHorde-ranged-infantry-10] PASSED [ 45%]
importer/tests/test_playable_unit_compiler.py::test_compiles_categories_without_object_specific_rules[CavalryHorde-cavalry-5] PASSED [ 45%]
importer/tests/test_playable_unit_compiler.py::test_compiles_categories_without_object_specific_rules[HeroUnit-hero-1] PASSED [ 45%]
importer/tests/test_playable_unit_compiler.py::test_compiles_categories_without_object_specific_rules[SiegeUnit-siege-1] PASSED [ 45%]
importer/tests/test_playable_unit_compiler.py::test_compiles_categories_without_object_specific_rules[MonsterUnit-monster-1] PASSED [ 45%]
importer/tests/test_playable_unit_compiler.py::test_compiles_categories_without_object_specific_rules[NavalUnit-naval-1] PASSED [ 45%]
importer/tests/test_playable_unit_compiler.py::test_graphless_audio_routes_classify_silence_eva_and_additive_sound PASSED [ 46%]
importer/tests/test_playable_unit_compiler.py::test_shroud_clearing_range_is_compiled_off_the_horde_container PASSED [ 46%]
importer/tests/test_playable_unit_compiler.py::test_an_object_with_no_shroud_clearing_range_compiles_without_the_key PASSED [ 46%]
importer/tests/test_playable_unit_compiler.py::test_bounty_value_is_resolved_from_retail_define_without_defaulting_absent PASSED [ 46%]
importer/tests/test_playable_unit_compiler.py::test_prepared_inputs_preserve_descriptor_identity PASSED [ 46%]
importer/tests/test_playable_unit_compiler.py::test_prepared_inputs_reject_a_different_document_mapping PASSED [ 46%]
importer/tests/test_playable_unit_compiler.py::test_malformed_sibling_does_not_erase_valid_retail_object PASSED [ 46%]
importer/tests/test_playable_unit_compiler.py::test_duplicate_child_object_resolves_last_declaration_wins PASSED [ 46%]
importer/tests/test_playable_unit_compiler.py::test_non_duplicate_corpus_object_index_is_unaffected PASSED [ 46%]
importer/tests/test_playable_unit_compiler.py::test_kind_of_additive_modifier_preserves_parent_capabilities PASSED [ 46%]
importer/tests/test_playable_unit_compiler.py::test_discovers_upgraded_command_set_prerequisite PASSED [ 46%]
importer/tests/test_playable_unit_compiler.py::test_upgrade_token_without_underscore_still_gates_production PASSED [ 46%]
importer/tests/test_playable_unit_compiler.py::test_needed_upgrade_any_compiles_to_an_any_of_production_gate PASSED [ 46%]
importer/tests/test_playable_unit_compiler.py::test_any_of_group_may_contain_the_command_set_transition_upgrade PASSED [ 46%]
importer/tests/test_playable_unit_compiler.py::test_without_needed_upgrade_any_the_gate_stays_all_of PASSED [ 46%]
importer/tests/test_playable_unit_compiler.py::test_symbolic_count_and_module_override_are_effective_not_concatenated PASSED [ 46%]
importer/tests/test_playable_unit_compiler.py::test_capabilities_are_evidence_backed_and_hybrid_traits_are_compositional PASSED [ 46%]
importer/tests/test_playable_unit_compiler.py::test_each_production_route_retains_its_own_ui PASSED [ 46%]
importer/tests/test_playable_unit_compiler.py::test_hero_roster_preserves_ordinals_and_uses_a_separate_surface PASSED [ 46%]
importer/tests/test_playable_unit_compiler.py::test_hero_roster_preserves_duplicate_authored_slots_as_separate_routes PASSED [ 46%]
importer/tests/test_playable_unit_compiler.py::test_hero_roster_rejects_unreachable_starting_building PASSED [ 46%]
importer/tests/test_playable_unit_compiler.py::test_hero_roster_rejects_conflicting_command_socket_route PASSED [ 46%]
importer/tests/test_playable_unit_compiler.py::test_faction_graph_audio_edges_reject_numeric_lookalikes PASSED [ 46%]
importer/tests/test_playable_unit_compiler.py::test_schema_audio_routes_never_treat_numeric_voice_priority_as_event PASSED [ 46%]
importer/tests/test_playable_unit_compiler.py::test_typed_closed_slow_death_is_executable_contract_not_unsupported_extension PASSED [ 46%]
importer/tests/test_playable_unit_compiler.py::test_nonshipping_special_power_contracts_stay_deferred_on_mod_objects PASSED [ 46%]
importer/tests/test_playable_unit_compiler.py::test_target_command_set_upgrade_is_not_falsely_consumed PASSED [ 46%]
importer/tests/test_playable_unit_compiler.py::test_typed_unused_horde_module_is_not_duplicated_as_unsupported PASSED [ 46%]
importer/tests/test_playable_unit_compiler.py::test_traversed_behavior_semantics_change_identity PASSED [ 46%]
importer/tests/test_playable_unit_compiler.py::test_unrelated_source_does_not_invalidate_descriptor PASSED [ 46%]
importer/tests/test_playable_unit_compiler.py::test_producer_command_set_upgrade_uses_effective_module_override PASSED [ 46%]
importer/tests/test_playable_unit_compiler.py::test_rejects_unreachable_unit_instead_of_inventing_producer PASSED [ 46%]
importer/tests/test_playable_unit_compiler.py::test_authored_banner_dependency_uses_engine_spawn_surface PASSED [ 46%]
importer/tests/test_playable_unit_compiler.py::test_banner_name_without_kindof_or_edge_does_not_invent_producer PASSED [ 46%]
importer/tests/test_playable_unit_compiler.py::test_validation_rejects_descriptor_mutation PASSED [ 46%]
importer/tests/test_playable_unit_compiler.py::test_validation_rejects_rehashed_structural_corruption PASSED [ 46%]
importer/tests/test_playable_unit_compiler.py::test_validation_rejects_other_rehashed_missing_subtrees[<lambda>-gameplay contract] PASSED [ 46%]
importer/tests/test_playable_unit_compiler.py::test_validation_rejects_other_rehashed_missing_subtrees[<lambda>-UI bindings] PASSED [ 47%]
importer/tests/test_playable_unit_compiler.py::test_validation_rejects_other_rehashed_missing_subtrees[<lambda>-container audio routes] PASSED [ 47%]
importer/tests/test_playable_unit_compiler.py::test_validation_rejects_rehashed_malformed_nested_reference PASSED [ 47%]
importer/tests/test_playable_unit_compiler.py::test_validation_cross_checks_module_evidence_fields PASSED [ 47%]
importer/tests/test_playable_unit_compiler.py::test_validation_rejects_rehashed_typed_contract_identity_tamper PASSED [ 47%]
importer/tests/test_playable_unit_compiler.py::test_validation_rejects_rehashed_typed_module_in_unsupported_capabilities PASSED [ 47%]
importer/tests/test_playable_unit_compiler.py::test_descriptor_preserves_exact_mapped_image_crop_contract PASSED [ 47%]
importer/tests/test_playable_unit_compiler.py::test_validator_rejects_mapped_image_crop_outside_atlas PASSED [ 47%]
importer/tests/test_playable_unit_compiler.py::test_ring_hero_uses_the_engine_ring_roster_route PASSED [ 47%]
importer/tests/test_playable_unit_compiler.py::test_regular_hero_roster_route_does_not_inherit_ring_prerequisites PASSED [ 47%]
importer/tests/test_playable_unit_compiler.py::test_ring_hero_rejects_duplicate_ring_roster_entries PASSED [ 47%]
importer/tests/test_playable_unit_compiler.py::test_ring_hero_rejects_conflicting_command_socket_route PASSED [ 47%]
importer/tests/test_playable_unit_compiler.py::test_member_resolves_through_an_inherited_initial_payload PASSED [ 47%]
importer/tests/test_playable_unit_compiler.py::test_ring_hero_requires_the_authored_revive_slot_button PASSED [ 47%]
importer/tests/test_playable_unit_compiler.py::test_weapon_fire_fx_sound_chain_is_emitted_as_weapon_audio_routes PASSED [ 47%]
importer/tests/test_playable_unit_compiler.py::test_weapon_audio_without_fxlist_document_records_the_gap PASSED [ 47%]
importer/tests/test_playable_unit_compiler.py::test_weapon_audio_missing_definitions_record_gaps PASSED [ 47%]
importer/tests/test_playable_unit_compiler.py::test_weapon_audio_route_rows_fail_validation_when_tampered PASSED [ 47%]
importer/tests/test_playable_unit_compiler.py::test_slow_death_destruction_delay_is_recorded_per_object PASSED [ 47%]
importer/tests/test_playable_unit_compiler.py::test_unauthored_slow_death_emits_no_rows PASSED [ 47%]
importer/tests/test_playable_unit_compiler.py::test_hero_multi_nugget_damage_resolves_base_total PASSED [ 47%]
importer/tests/test_playable_unit_compiler.py::test_hero_flat_damage_wins_over_nugget_aggregation PASSED [ 47%]
importer/tests/test_playable_unit_compiler.py::test_hero_multiplicative_cadence_fields_resolve PASSED [ 47%]
importer/tests/test_playable_unit_compiler.py::test_hero_multiplicative_unknown_constant_fails_closed PASSED [ 47%]
importer/tests/test_playable_unit_compiler.py::test_hero_secondary_only_weapon_set_resolves_standard_weapon PASSED [ 47%]
importer/tests/test_playable_unit_compiler.py::test_hero_absent_preattack_delay_records_engine_default PASSED [ 47%]
importer/tests/test_playable_unit_compiler.py::test_hero_unresolvable_preattack_delay_is_not_defaulted PASSED [ 47%]
importer/tests/test_playable_unit_compiler.py::test_hero_upgrade_locked_nugget_is_excluded_from_base_total PASSED [ 47%]
importer/tests/test_playable_unit_compiler.py::test_hero_unresolvable_nugget_component_fails_closed PASSED [ 47%]
importer/tests/test_playable_unit_compiler.py::test_hero_filtered_nugget_is_excluded_from_base_total PASSED [ 47%]
importer/tests/test_playable_unit_compiler.py::test_non_hero_multi_nugget_damage_resolves_base_total PASSED [ 47%]
importer/tests/test_playable_unit_compiler.py::test_hero_abilities_emit_each_effect_kind_with_evidence PASSED [ 47%]
importer/tests/test_playable_unit_compiler.py::test_activate_module_special_power_emits_ordered_resolved_effect_graph PASSED [ 47%]
importer/tests/test_playable_unit_compiler.py::test_activate_module_special_power_does_not_rebind_itself_when_templates_match PASSED [ 47%]
importer/tests/test_playable_unit_compiler.py::test_weapon_mode_special_power_emits_resolved_mode_and_modifier PASSED [ 47%]
importer/tests/test_playable_unit_compiler.py::test_dominate_enemy_special_power_emits_resolved_allegiance_graph PASSED [ 47%]
importer/tests/test_playable_unit_compiler.py::test_grab_passenger_special_power_emits_typed_grab_graph PASSED [ 48%]
importer/tests/test_playable_unit_compiler.py::test_fling_passenger_special_ability_emits_resolved_landing_graph PASSED [ 48%]
importer/tests/test_playable_unit_compiler.py::test_repair_special_power_emits_target_rate_contact_and_economy_seams PASSED [ 48%]
importer/tests/test_playable_unit_compiler.py::test_horde_dispatch_special_power_emits_member_effect_and_payload PASSED [ 48%]
importer/tests/test_playable_unit_compiler.py::test_horde_dispatch_graphs_cover_exact_effective_retail_corpora PASSED [ 48%]
importer/tests/test_playable_unit_compiler.py::test_hero_abilities_fail_closed_per_ability_never_faked PASSED [ 48%]
importer/tests/test_playable_unit_compiler.py::test_hero_abilities_record_unresolved_level_gates_and_missing_powers PASSED [ 48%]
importer/tests/test_playable_unit_compiler.py::test_heroes_without_special_power_commands_emit_an_empty_array PASSED [ 48%]
importer/tests/test_playable_unit_compiler.py::test_validation_rejects_ability_row_mutation PASSED [ 48%]
importer/tests/test_playable_unit_compiler.py::test_negated_condition_default_weapon_set_resolves_member_weapon PASSED [ 48%]
importer/tests/test_playable_unit_compiler.py::test_default_weapon_set_ignores_explicit_none_slot PASSED [ 48%]
importer/tests/test_playable_unit_compiler.py::test_warhead_nugget_damage_resolves_from_projectile_warhead PASSED [ 48%]
importer/tests/test_playable_unit_compiler.py::test_warhead_nugget_damage_sums_unrestricted_components PASSED [ 48%]
importer/tests/test_playable_unit_compiler.py::test_absent_delay_between_shots_records_engine_default PASSED [ 48%]
importer/tests/test_playable_unit_compiler.py::test_ranged_clip_reload_time_resolves_to_the_authored_max PASSED [ 48%]
importer/tests/test_playable_unit_compiler.py::test_pre_attack_type_compiles_from_the_authored_token PASSED [ 48%]
importer/tests/test_playable_unit_compiler.py::test_pre_attack_type_per_shot_is_not_rewritten_to_per_position PASSED [ 48%]
importer/tests/test_playable_unit_compiler.py::test_authored_unresolvable_delay_between_shots_is_not_defaulted PASSED [ 48%]
importer/tests/test_playable_unit_compiler.py::test_experience_chain_compiles_thresholds_awards_and_modifiers PASSED [ 48%]
importer/tests/test_playable_unit_compiler.py::test_experience_member_name_matches_the_horde_chain PASSED [ 48%]
importer/tests/test_playable_unit_compiler.py::test_experience_specific_row_wins_only_at_its_own_rank PASSED [ 48%]
importer/tests/test_playable_unit_compiler.py::test_experience_narrow_subset_list_keeps_the_general_higher_ranks PASSED [ 48%]
importer/tests/test_playable_unit_compiler.py::test_experience_unauthored_chain_is_recorded_not_invented PASSED [ 48%]
importer/tests/test_playable_unit_compiler.py::test_experience_missing_source_is_recorded PASSED [ 48%]
importer/tests/test_playable_unit_compiler.py::test_experience_selection_decal_percent_expression_fails_closed[MISSING_PERCENT_DEFINE] PASSED [ 48%]
importer/tests/test_playable_unit_compiler.py::test_experience_selection_decal_percent_expression_fails_closed[25%%] PASSED [ 48%]
importer/tests/test_playable_unit_compiler.py::test_experience_unresolvable_threshold_fails_closed PASSED [ 48%]
importer/tests/test_playable_unit_compiler.py::test_experience_missing_award_fails_closed PASSED [ 48%]
importer/tests/test_playable_unit_compiler.py::test_experience_noncontiguous_ranks_fail_closed PASSED [ 48%]
importer/tests/test_playable_unit_compiler.py::test_nested_divide_chain_award_resolves_and_truncates PASSED [ 48%]
importer/tests/test_playable_unit_compiler.py::test_percent_define_resolves_only_in_modifier_context PASSED [ 48%]
importer/tests/test_playable_unit_compiler.py::test_define_cycle_fails_closed PASSED [ 48%]
importer/tests/test_playable_unit_compiler.py::test_unknown_identifier_in_expression_fails_closed PASSED [ 48%]
importer/tests/test_playable_unit_compiler.py::test_division_by_zero_fails_closed PASSED [ 48%]
importer/tests/test_playable_unit_compiler.py::test_unknown_function_fails_closed PASSED [ 48%]
importer/tests/test_playable_unit_compiler.py::test_numeric_defines_evaluates_the_measured_grammar PASSED [ 48%]
importer/tests/test_playable_unit_compiler.py::test_experience_top_rank_summon_chain_compiles_initial_rank PASSED [ 48%]
importer/tests/test_playable_unit_compiler.py::test_top_rank_chain_without_creation_module_starts_at_rank_one PASSED [ 49%]
importer/tests/test_playable_unit_compiler.py::test_experience_level_create_rejects_unproven_mp_only_mode PASSED [ 49%]
importer/tests/test_playable_unit_compiler.py::test_experience_ambiguous_specificity_fails_closed PASSED [ 49%]
importer/tests/test_playable_unit_compiler.py::test_experience_missing_modifier_list_fails_closed PASSED [ 49%]
importer/tests/test_playable_unit_compiler.py::test_validation_rejects_experience_mutation PASSED [ 49%]
importer/tests/test_playable_unit_compiler.py::test_leadership_aura_compiles_from_nonpressable_button PASSED [ 49%]
importer/tests/test_playable_unit_compiler.py::test_leadership_aura_without_level_grant_stays_off PASSED [ 49%]
importer/tests/test_playable_unit_compiler.py::test_leadership_aura_ambiguous_binding_keeps_the_gap_row PASSED [ 49%]
importer/tests/test_playable_unit_compiler.py::test_leadership_aura_with_no_supported_modifiers_keeps_the_gap_row PASSED [ 49%]
importer/tests/test_playable_unit_compiler.py::test_terror_effect_compiles_from_generate_terror PASSED [ 49%]
importer/tests/test_playable_unit_compiler.py::test_terror_without_emotion_source_keeps_the_gap_row PASSED [ 49%]
importer/tests/test_playable_unit_compiler.py::test_weapon_blast_knockback_compiles_from_meta_impact_nugget PASSED [ 49%]
importer/tests/test_playable_unit_compiler.py::test_ambiguous_meta_impact_nuggets_record_a_limitation PASSED [ 49%]
importer/tests/test_playable_unit_compiler.py::test_weapon_toggle_rows_record_the_authored_contract PASSED [ 49%]
importer/tests/test_playable_unit_compiler.py::test_lock_weapon_create_projects_permanent_primary_slot PASSED [ 49%]
importer/tests/test_playable_unit_compiler.py::test_lock_weapon_create_rejects_slots_outside_retail_corpus PASSED [ 49%]
importer/tests/test_playable_unit_compiler.py::test_lock_weapon_create_rejects_malformed_or_ambiguous_modules[  Behavior = LockWeaponCreate ModuleTag_LockWeapon\n  End\n-exactly one SlotToLock] PASSED [ 49%]
importer/tests/test_playable_unit_compiler.py::test_lock_weapon_create_rejects_malformed_or_ambiguous_modules[  Behavior = LockWeaponCreate ModuleTag_LockWeapon\n    SlotToLock = PRIMARY\n    SlotToLock = PRIMARY\n  End\n-exactly one SlotToLock] PASSED [ 49%]
importer/tests/test_playable_unit_compiler.py::test_lock_weapon_create_rejects_malformed_or_ambiguous_modules[  Behavior = LockWeaponCreate ModuleTag_LockWeaponA\n    SlotToLock = PRIMARY\n  End\n  Behavior = LockWeaponCreate ModuleTag_LockWeaponB\n    SlotToLock = PRIMARY\n  End\n-multiple effective LockWeaponCreate] PASSED [ 49%]
importer/tests/test_playable_unit_compiler.py::test_lock_weapon_create_inherited_module_tag_replaces_exactly_once PASSED [ 49%]
importer/tests/test_playable_unit_compiler.py::test_weapon_toggle_with_unresolvable_weapon_stays_a_gap PASSED [ 49%]
importer/tests/test_playable_unit_compiler.py::test_mount_toggle_compiles_from_authored_mounted_state PASSED [ 49%]
importer/tests/test_playable_unit_compiler.py::test_mount_toggle_without_mounted_weapon_keeps_foot_weapon PASSED [ 49%]
importer/tests/test_playable_unit_compiler.py::test_capture_building_compiles_the_channel_envelope PASSED [ 49%]
importer/tests/test_playable_unit_compiler.py::test_capture_building_binds_through_the_authored_include PASSED [ 49%]
importer/tests/test_playable_unit_compiler.py::test_capture_building_without_channel_module_stays_a_gap PASSED [ 49%]
importer/tests/test_playable_unit_compiler.py::test_extended_timed_buff_modifier_kinds_compile PASSED [ 49%]
importer/tests/test_playable_unit_compiler.py::test_fear_resistance_flag_compiles_from_emotion_tracker PASSED [ 49%]
importer/tests/test_playable_unit_compiler.py::test_highlander_body_policy_tracks_effective_primary_body PASSED [ 49%]
importer/tests/test_playable_unit_compiler.py::test_destroy_die_compiles_measured_filters_and_consumes_module[-excluded0] PASSED [ 49%]
importer/tests/test_playable_unit_compiler.py::test_destroy_die_compiles_measured_filters_and_consumes_module[    DeathTypes = ALL\n-excluded1] PASSED [ 49%]
importer/tests/test_playable_unit_compiler.py::test_destroy_die_compiles_measured_filters_and_consumes_module[    DeathTypes = ALL -TOPPLED\n-excluded2] PASSED [ 49%]
importer/tests/test_playable_unit_compiler.py::test_destroy_die_refuses_unmeasured_diemux_shapes[    DeathTypes = NONE +TOPPLED\n] PASSED [ 49%]
importer/tests/test_playable_unit_compiler.py::test_destroy_die_refuses_unmeasured_diemux_shapes[    VeterancyLevels = LEVEL_1\n] PASSED [ 49%]
importer/tests/test_playable_unit_compiler.py::test_destroy_die_refuses_unmeasured_diemux_shapes[    ExemptStatus = UNDER_CONSTRUCTION\n] PASSED [ 49%]
importer/tests/test_playable_unit_compiler.py::test_auto_acquire_enemies_when_idle_compiles_exact_flags PASSED [ 49%]
importer/tests/test_playable_unit_compiler.py::test_auto_acquire_enemies_when_idle_rejects_invalid_tokens[Yes ATTACK_BUILDINGS ATTACK_BUILDINGS] PASSED [ 50%]
importer/tests/test_playable_unit_compiler.py::test_auto_acquire_enemies_when_idle_rejects_invalid_tokens[Yes ATTACK_BUILDINGS UNKNOWN_FLAG] PASSED [ 50%]
importer/tests/test_playable_unit_compiler.py::test_auto_acquire_enemies_when_idle_rejects_invalid_tokens[Yes,ATTACK_BUILDINGS] PASSED [ 50%]
importer/tests/test_playable_unit_compiler.py::test_mood_attack_check_rate_compiles_exact_milliseconds[20] PASSED [ 50%]
importer/tests/test_playable_unit_compiler.py::test_mood_attack_check_rate_compiles_exact_milliseconds[250] PASSED [ 50%]
importer/tests/test_playable_unit_compiler.py::test_mood_attack_check_rate_compiles_exact_milliseconds[500] PASSED [ 50%]
importer/tests/test_playable_unit_compiler.py::test_mood_attack_check_rate_compiles_exact_milliseconds[2500] PASSED [ 50%]
importer/tests/test_playable_unit_compiler.py::test_mood_attack_check_rate_compiles_exact_milliseconds[5000] PASSED [ 50%]
importer/tests/test_playable_unit_compiler.py::test_mood_attack_check_rate_rejects_non_retail_forms[0] PASSED [ 50%]
importer/tests/test_playable_unit_compiler.py::test_mood_attack_check_rate_rejects_non_retail_forms[-1] PASSED [ 50%]
importer/tests/test_playable_unit_compiler.py::test_mood_attack_check_rate_rejects_non_retail_forms[1.5] PASSED [ 50%]
importer/tests/test_playable_unit_compiler.py::test_mood_attack_check_rate_rejects_non_retail_forms[RATE_500] PASSED [ 50%]
importer/tests/test_playable_unit_compiler.py::test_mood_attack_check_rate_rejects_non_retail_forms[500 ms] PASSED [ 50%]
importer/tests/test_playable_unit_compiler.py::test_mood_attack_check_rate_requires_policy_and_refuses_conflicts PASSED [ 50%]
importer/tests/test_playable_unit_compiler.py::test_experience_grant_rows_emit_measured_fields PASSED [ 50%]
importer/tests/test_playable_unit_compiler.py::test_arrow_storm_rows_emit_measured_fields PASSED [ 50%]
importer/tests/test_playable_unit_compiler.py::test_stealth_toggle_rows_emit_measured_fields PASSED [ 50%]
importer/tests/test_playable_unit_compiler.py::test_teleport_rows_emit_measured_fields PASSED [ 50%]
importer/tests/test_playable_unit_compiler.py::test_curse_rows_emit_measured_fields PASSED [ 50%]
importer/tests/test_playable_unit_compiler.py::test_leadership_strip_rows_emit_measured_fields PASSED [ 50%]
importer/tests/test_playable_unit_compiler.py::test_batch3_rows_fail_closed_on_missing_magnitudes PASSED [ 50%]
importer/tests/test_playable_unit_compiler.py::test_screech_rows_project_the_engine_hardcoded_terror_emotion PASSED [ 50%]
importer/tests/test_playable_unit_compiler.py::test_missing_reload_time_defaults_to_zero_cooldown PASSED [ 50%]
importer/tests/test_playable_unit_compiler.py::test_special_power_contract_rejects_unknown_fields_fail_closed PASSED [ 50%]
importer/tests/test_playable_unit_compiler.py::test_special_power_flags_fail_closed_without_a_complete_runtime_gate[INVENTED_FLAG-unsupported Flags] PASSED [ 50%]
importer/tests/test_playable_unit_compiler.py::test_special_power_flags_fail_closed_without_a_complete_runtime_gate[WATER_OK-unsupported Flags] PASSED [ 50%]
importer/tests/test_playable_unit_compiler.py::test_special_power_flags_fail_closed_without_a_complete_runtime_gate[LIMIT_DISTANCE-has no MaxCastRange] PASSED [ 50%]
importer/tests/test_playable_unit_compiler.py::test_special_power_flags_fail_closed_without_a_complete_runtime_gate[NEEDS_OBJECT_FILTER-has no ObjectFilter] PASSED [ 50%]
importer/tests/test_playable_unit_compiler.py::test_special_power_flags_fail_closed_without_a_complete_runtime_gate[NO_FORBIDDEN_OBJECTS-has no complete ForbiddenObjectFilter] PASSED [ 50%]
importer/tests/test_playable_unit_compiler.py::test_pathable_only_special_power_is_preserved_for_runtime_target_validation PASSED [ 50%]
importer/tests/test_playable_unit_compiler.py::test_multi_warhead_launchers_combine_every_authored_warhead PASSED [ 50%]
importer/tests/test_playable_unit_compiler.py::test_unsupported_damage_nuggets_record_annotated_reasons PASSED [ 50%]
importer/tests/test_playable_unit_compiler.py::test_weapon_toggle_prefers_the_exact_conditioned_set PASSED [ 50%]
importer/tests/test_playable_unit_compiler.py::test_passive_button_without_reload_time_binds_its_gated_aura PASSED [ 50%]
importer/tests/test_playable_unit_compiler.py::test_mapped_image_size_index_pins_rotwk_angmar_corpus_rows PASSED [ 50%]
importer/tests/test_playable_unit_compiler.py::test_portrait_socket_binds_authored_select_portrait_for_dire_wolf_row PASSED [ 50%]
importer/tests/test_playable_unit_compiler.py::test_portrait_socket_binds_authored_select_portrait_for_snow_troll_row PASSED [ 51%]
importer/tests/test_playable_unit_compiler.py::test_portrait_socket_fails_closed_when_retail_authors_no_select_portrait PASSED [ 51%]
importer/tests/test_playable_unit_compiler.py::test_portrait_socket_fails_closed_on_button_class_select_portrait PASSED [ 51%]
importer/tests/test_playable_unit_compiler.py::test_portrait_socket_fails_closed_on_unmeasured_select_portrait PASSED [ 51%]
importer/tests/test_playable_unit_compiler.py::test_portrait_socket_filters_authored_none_placeholder PASSED [ 51%]
importer/tests/test_playable_unit_compiler.py::test_portrait_socket_without_size_oracle_keeps_only_select_portrait PASSED [ 51%]
importer/tests/test_playable_unit_compiler.py::test_descriptor_portraits_are_select_portraits_only PASSED [ 51%]
importer/tests/test_playable_unit_compiler.py::test_multi_nugget_weapon_keeps_each_authored_damage_type PASSED [ 51%]
importer/tests/test_playable_unit_compiler.py::test_multi_nugget_weapon_of_one_type_publishes_that_type PASSED [ 51%]
importer/tests/test_playable_unit_compiler.py::test_untyped_nuggets_never_invent_a_damage_type PASSED [ 51%]
importer/tests/test_playable_unit_compiler.py::test_partially_typed_nuggets_do_not_spread_the_authored_type PASSED [ 51%]
importer/tests/test_playable_unit_compiler.py::test_sub_object_upgrade_compiles_fire_plane_show_token PASSED [ 51%]
importer/tests/test_playable_unit_compiler.py::test_retail_dwarven_demolisher_emits_exact_nonhero_toggle_ability[bfme2-retail-bfme2-421-380] PASSED [ 51%]
importer/tests/test_playable_unit_compiler.py::test_retail_dwarven_demolisher_emits_exact_nonhero_toggle_ability[rotwk-retail-rotwk-422-381] PASSED [ 51%]
importer/tests/test_playable_unit_compiler.py::test_canonical_retail_eowyn_emits_binary_closed_disguise_ability[bfme2-retail-bfme2-1056] PASSED [ 51%]
importer/tests/test_playable_unit_compiler.py::test_canonical_retail_eowyn_emits_binary_closed_disguise_ability[rotwk-retail-rotwk-1045] PASSED [ 51%]
importer/tests/test_playable_unit_death_model.py::test_unaffected_recipes_stay_byte_identical[InfantryHorde-False] FAILED [ 51%]
importer/tests/test_playable_unit_death_model.py::test_unaffected_recipes_stay_byte_identical[SiegeUnit-True] FAILED [ 51%]
importer/tests/test_playable_unit_death_model.py::test_own_hierarchy_death_w3d_becomes_model_swap PASSED [ 51%]
importer/tests/test_playable_unit_death_model.py::test_rig_family_mismatch_death_w3d_becomes_model_swap PASSED [ 51%]
importer/tests/test_playable_unit_death_model.py::test_mixed_clip_and_swap_death_compiles_with_composition_rules PASSED [ 51%]
importer/tests/test_playable_unit_death_model.py::test_multi_model_mixed_death_compiles_one_resource_per_swap_model PASSED [ 51%]
importer/tests/test_playable_unit_death_model.py::test_death_swap_model_condition_visual_is_bundle_not_hierarchical PASSED [ 51%]
importer/tests/test_playable_unit_death_model.py::test_mixed_death_swap_model_condition_visuals_are_bundles PASSED [ 51%]
importer/tests/test_playable_unit_death_model.py::test_duplicate_condition_mixed_death_fails_closed PASSED [ 51%]
importer/tests/test_playable_unit_death_model.py::test_ambiguous_swap_death_fails_closed PASSED [ 51%]
importer/tests/test_playable_unit_death_model.py::test_forged_separate_model_binding_is_rejected PASSED [ 51%]
importer/tests/test_playable_unit_import.py::test_source_documents_include_attribute_modifiers_for_unit_levels PASSED [ 51%]
importer/tests/test_playable_unit_import.py::test_new_unit_is_one_strict_additive_profile_delta PASSED [ 51%]
importer/tests/test_playable_unit_import.py::test_reimport_replaces_only_owned_resources PASSED [ 51%]
importer/tests/test_playable_unit_import.py::test_slug_collision_cannot_replace_another_object PASSED [ 51%]
importer/tests/test_playable_unit_import.py::test_reimport_rejects_malformed_or_shared_ownership PASSED [ 51%]
importer/tests/test_playable_unit_import.py::test_selected_base_must_match_state_bundle_and_profile PASSED [ 51%]
importer/tests/test_playable_unit_import.py::test_bootstrap_requires_clean_selection_and_returns_profile_without_build PASSED [ 51%]
importer/tests/test_playable_unit_import.py::test_unit_resource_collision_outside_owned_document_fails PASSED [ 51%]
importer/tests/test_playable_unit_import.py::test_media_resolution_keeps_atlas_crop_and_resolves_audio_graph PASSED [ 51%]
importer/tests/test_playable_unit_import.py::test_unresolved_required_media_fails_closed PASSED [ 51%]
importer/tests/test_playable_unit_import.py::test_media_delta_resolves_from_catalog_for_late_admitted_unit PASSED [ 52%]
importer/tests/test_playable_unit_import.py::test_authored_producer_admission_expands_only_reachability_filter PASSED [ 52%]
importer/tests/test_playable_unit_import.py::test_source_null_select_portrait_is_skipped PASSED [ 52%]
importer/tests/test_playable_unit_import.py::test_compiled_texture_rebinds_from_effective_root PASSED [ 52%]
importer/tests/test_playable_unit_import.py::test_unresolved_authored_audio_route_fails_closed PASSED [ 52%]
importer/tests/test_playable_unit_import.py::test_authored_silent_audio_event_remains_an_empty_binding PASSED [ 52%]
importer/tests/test_playable_unit_import.py::test_cli_exposes_one_command_import_surface PASSED [ 52%]
importer/tests/test_playable_unit_import.py::test_batch_entrypoint_has_no_unit_specific_registration PASSED [ 52%]
importer/tests/test_playable_unit_import.py::test_present_but_empty_retail_string_is_not_a_retail_null_exemption PASSED [ 52%]
importer/tests/test_playable_unit_import.py::test_absent_string_without_layered_tier_authority_fails_closed PASSED [ 52%]
importer/tests/test_playable_unit_import.py::test_layered_authority_records_genuinely_absent_string PASSED [ 52%]
importer/tests/test_playable_unit_import.py::test_scenario_recipe_recompiles_catalog_descriptor_without_faction_graph PASSED [ 52%]
importer/tests/test_playable_unit_import.py::test_scenario_recipe_requires_explicit_admission_for_target PASSED [ 52%]
importer/tests/test_playable_unit_import.py::test_scenario_recipe_requires_explicit_edition PASSED [ 52%]
importer/tests/test_playable_unit_import.py::test_scenario_recipe_prebuilt_closure_is_byte_equivalent PASSED [ 52%]
importer/tests/test_playable_unit_import.py::test_scenario_recipe_rejects_prepared_inputs_for_other_documents PASSED [ 52%]
importer/tests/test_playable_unit_import.py::test_scenario_recipe_rejects_prebuilt_closure_for_other_targets PASSED [ 52%]
importer/tests/test_playable_unit_import.py::test_scenario_visual_batch_reuses_identical_target_sets PASSED [ 52%]
importer/tests/test_playable_unit_import.py::test_prepared_scenario_recipe_and_artifact_are_byte_exact PASSED [ 52%]
importer/tests/test_playable_unit_import.py::test_effective_bfme2_neutral_recipe_blockers_are_closed FAILED [ 52%]
importer/tests/test_playable_unit_import.py::test_effective_bfme2_neutral_audio_routes_resolve_exactly PASSED [ 52%]
importer/tests/test_playable_unit_import.py::test_scenario_source_resolution_rejects_missing_and_ambiguous_images PASSED [ 52%]
importer/tests/test_playable_unit_import.py::test_scenario_source_resolution_accepts_exact_standalone_full_texture[UPRohan_Peasant-art/compiledtextures/up/uprohan_peasant.dds] PASSED [ 52%]
importer/tests/test_playable_unit_import.py::test_scenario_source_resolution_accepts_exact_standalone_full_texture[HPShelobNew-art/compiledtextures/hp/hpshelobnew.dds] PASSED [ 52%]
importer/tests/test_playable_unit_import.py::test_scenario_source_resolution_accepts_exact_new_suffix_atlas_alias PASSED [ 52%]
importer/tests/test_playable_unit_import.py::test_exact_standalone_image_outranks_new_suffix_atlas_alias PASSED [ 52%]
importer/tests/test_playable_unit_pack_compiler.py::test_user_form_only_animation_state_is_idle PASSED [ 52%]
importer/tests/test_playable_unit_pack_compiler.py::test_high_speed_turn_animation_is_not_core_move_state PASSED [ 52%]
importer/tests/test_playable_unit_pack_compiler.py::test_moving_turn_animation_keeps_move_classification PASSED [ 52%]
importer/tests/test_playable_unit_pack_compiler.py::test_ship_turret_none_condition_is_its_authored_default_model PASSED [ 52%]
importer/tests/test_playable_unit_pack_compiler.py::test_selected_animation_state_maps_to_selected PASSED [ 52%]
importer/tests/test_playable_unit_pack_compiler.py::test_idle_to_selected_transition_maps_to_selection_transition PASSED [ 52%]
importer/tests/test_playable_unit_pack_compiler.py::test_selected_to_idle_transition_stays_unmapped PASSED [ 52%]
importer/tests/test_playable_unit_pack_compiler.py::test_turn_clip_cannot_replace_missing_walk_clip PASSED [ 52%]
importer/tests/test_playable_unit_pack_compiler.py::test_same_compiler_emits_complete_category_recipes[InfantryHorde-infantry] PASSED [ 52%]
importer/tests/test_playable_unit_pack_compiler.py::test_same_compiler_emits_complete_category_recipes[CavalryHorde-cavalry] PASSED [ 52%]
importer/tests/test_playable_unit_pack_compiler.py::test_same_compiler_emits_complete_category_recipes[HeroUnit-hero] PASSED [ 53%]
importer/tests/test_playable_unit_pack_compiler.py::test_same_compiler_emits_complete_category_recipes[SiegeUnit-siege] PASSED [ 53%]
importer/tests/test_playable_unit_pack_compiler.py::test_same_compiler_emits_complete_category_recipes[MonsterUnit-monster] PASSED [ 53%]
importer/tests/test_playable_unit_pack_compiler.py::test_naval_core_presentations_preserve_authored_sink_contract PASSED [ 53%]
importer/tests/test_playable_unit_pack_compiler.py::test_drawable_scripts_are_shipped_with_runtime_registration PASSED [ 53%]
importer/tests/test_playable_unit_pack_compiler.py::test_recipe_is_deterministic_under_visual_leaf_reordering PASSED [ 53%]
importer/tests/test_playable_unit_pack_compiler.py::test_animation_blend_and_priority_project_with_exact_source_receipts PASSED [ 53%]
importer/tests/test_playable_unit_pack_compiler.py::test_state_name_contract_rejects_malformed_label[] PASSED [ 53%]
importer/tests/test_playable_unit_pack_compiler.py::test_state_name_contract_rejects_malformed_label[two words] PASSED [ 53%]
importer/tests/test_playable_unit_pack_compiler.py::test_state_name_contract_rejects_malformed_label[9State] PASSED [ 53%]
importer/tests/test_playable_unit_pack_compiler.py::test_state_name_contract_rejects_malformed_label[xxxxxxxxxxxxxxxxxxxxxxxxxxxxxxxxxxxxxxxxxxxxxxxxxxxxxxxxxxxxxxxxxxxxxxxxxxxxxxxxxxxxxxxxxxxxxxxxxxxxxxxxxxxxxxxxxxxxxxxxxxxxxxxxxxxxxxxxxxxxxxxxxxxxxxxxxxxxxxxxxxxxxxxxxxxxxxxxxxxxxxxxxxxxxxxxxxxxxxxxxxxxxxxxxxxxxxxxxxxxxxxxxxxxxxxxxxxxxxxxxxxxxxxxxxxxxxxx] PASSED [ 53%]
importer/tests/test_playable_unit_pack_compiler.py::test_state_name_contract_preserves_authored_duplicate_and_alias_receipts[STATE_Idle] PASSED [ 53%]
importer/tests/test_playable_unit_pack_compiler.py::test_state_name_contract_preserves_authored_duplicate_and_alias_receipts[Idle] PASSED [ 53%]
importer/tests/test_playable_unit_pack_compiler.py::test_selected_states_compile_into_core_animations PASSED [ 53%]
importer/tests/test_playable_unit_pack_compiler.py::test_conditional_embedded_death_model_is_not_attached_to_intact_bundle PASSED [ 53%]
importer/tests/test_playable_unit_pack_compiler.py::test_missing_required_core_state_fails_closed PASSED [ 53%]
importer/tests/test_playable_unit_pack_compiler.py::test_zero_byte_retail_animation_placeholder_is_excluded_from_conversion PASSED [ 53%]
importer/tests/test_playable_unit_pack_compiler.py::test_missing_conditional_core_animation_is_not_tolerated PASSED [ 53%]
importer/tests/test_playable_unit_pack_compiler.py::test_rehashed_non_core_gap_cannot_be_forged_into_core_state PASSED [ 53%]
importer/tests/test_playable_unit_pack_compiler.py::test_unresolved_selected_texture_fails_closed PASSED [ 53%]
importer/tests/test_playable_unit_pack_compiler.py::test_missing_texture_on_conditional_model_is_explicitly_unsupported PASSED [ 53%]
importer/tests/test_playable_unit_pack_compiler.py::test_galadriel_ring_hero_user_1_dark_skin_is_converted_not_excluded PASSED [ 53%]
importer/tests/test_playable_unit_pack_compiler.py::test_world_builder_model_occurrence_does_not_claim_runtime_ownership PASSED [ 53%]
importer/tests/test_playable_unit_pack_compiler.py::test_authored_silent_command_audio_has_an_explicit_empty_binding PASSED [ 53%]
importer/tests/test_playable_unit_pack_compiler.py::test_tampered_recipe_digest_is_rejected PASSED [ 53%]
importer/tests/test_playable_unit_pack_compiler.py::test_siege_attack_capability_requires_attack_animation PASSED [ 53%]
importer/tests/test_playable_unit_pack_compiler.py::test_missing_scanned_hierarchy_is_never_invented PASSED [ 53%]
importer/tests/test_playable_unit_pack_compiler.py::test_non_core_authored_animation_is_packaged_and_explicitly_unsupported PASSED [ 53%]
importer/tests/test_playable_unit_pack_compiler.py::test_mixed_member_horde_carries_exact_per_member_presentations PASSED [ 53%]
importer/tests/test_playable_unit_pack_compiler.py::test_mounted_container_payload_converts_explicitly PASSED [ 53%]
importer/tests/test_playable_unit_pack_compiler.py::test_mounted_presentation_requires_authored_hidden_member PASSED [ 53%]
importer/tests/test_playable_unit_pack_compiler.py::test_mounted_presentation_requires_one_mount_default_model PASSED [ 53%]
importer/tests/test_playable_unit_pack_compiler.py::test_rehashed_mounted_presentation_composition_is_rejected PASSED [ 53%]
importer/tests/test_playable_unit_pack_compiler.py::test_forged_mount_marker_on_member_owned_recipe_is_rejected PASSED [ 53%]
importer/tests/test_playable_unit_pack_compiler.py::test_rehashed_unsafe_or_dangling_recipe_is_rejected PASSED [ 53%]
importer/tests/test_playable_unit_pack_compiler.py::test_unsupported_or_tampered_nested_closure_is_rejected PASSED [ 53%]
importer/tests/test_playable_unit_pack_compiler.py::test_audio_outputs_are_executable_pcm_wav_rules PASSED [ 53%]
importer/tests/test_playable_unit_pack_compiler.py::test_shared_audio_sample_is_converted_once_across_routes PASSED [ 54%]
importer/tests/test_playable_unit_pack_compiler.py::test_shared_ui_atlas_is_one_exact_crop_resource PASSED [ 54%]
importer/tests/test_playable_unit_pack_compiler.py::test_ambiguous_hierarchy_owner_fails_closed PASSED [ 54%]
importer/tests/test_playable_unit_pack_compiler.py::test_embedded_animation_auxiliary_model_is_an_embedded_bundle PASSED [ 54%]
importer/tests/test_playable_unit_pack_compiler.py::test_hierarchy_less_auxiliary_model_is_a_static_conversion PASSED [ 54%]
importer/tests/test_playable_unit_pack_compiler.py::test_external_model_hierarchy_is_staged_with_the_model PASSED [ 54%]
importer/tests/test_playable_unit_pack_compiler.py::test_external_model_hierarchy_requires_a_unique_provider PASSED [ 54%]
importer/tests/test_playable_unit_pack_compiler.py::test_reused_default_model_retains_unconditional_occurrence PASSED [ 54%]
importer/tests/test_playable_unit_pack_compiler.py::test_auxiliary_visual_leaf_is_converted_and_registered PASSED [ 54%]
importer/tests/test_playable_unit_pack_compiler.py::test_recipe_resources_load_through_canonical_import_profile PASSED [ 54%]
importer/tests/test_playable_unit_pack_compiler.py::test_semantic_visual_state_is_preserved_explicitly[None-sage-none-model-hide-draw-module] PASSED [ 54%]
importer/tests/test_playable_unit_pack_compiler.py::test_semantic_visual_state_is_preserved_explicitly[MODEL-sage-model-skeleton-use-active-model-skeleton] PASSED [ 54%]
importer/tests/test_playable_unit_pack_compiler.py::test_dwarven_morph_banner_uses_authored_carrier_form_as_default[DwarvenBanner-USER_4] PASSED [ 54%]
importer/tests/test_playable_unit_pack_compiler.py::test_dwarven_morph_banner_uses_authored_carrier_form_as_default[DwarvenPhalanxBanner-USER_6] PASSED [ 54%]
importer/tests/test_playable_unit_pack_compiler.py::test_dwarven_morph_banner_uses_authored_carrier_form_as_default[MenofDaleBanner-USER_3] PASSED [ 54%]
importer/tests/test_playable_unit_pack_compiler.py::test_rehashed_malformed_semantic_registration_is_rejected PASSED [ 54%]
importer/tests/test_playable_unit_pack_compiler.py::test_rehashed_malformed_unsupported_visual_reference_is_rejected PASSED [ 54%]
importer/tests/test_playable_unit_pack_compiler.py::test_editor_only_visual_root_is_an_explicit_exclusion PASSED [ 54%]
importer/tests/test_playable_unit_pack_compiler.py::test_unauthored_visual_root_still_fails_closed PASSED [ 54%]
importer/tests/test_playable_unit_pack_compiler.py::test_retail_absent_animation_variant_is_an_explicit_exclusion PASSED [ 54%]
importer/tests/test_playable_unit_pack_compiler.py::test_retail_absent_default_extra_mesh_is_explicit_when_primary_is_resolved PASSED [ 54%]
importer/tests/test_playable_unit_pack_compiler.py::test_retail_absent_extra_mesh_without_resolved_draw_fails_closed PASSED [ 54%]
importer/tests/test_playable_unit_pack_compiler.py::test_retail_absent_random_texture_is_explicit_when_default_is_resolved PASSED [ 54%]
importer/tests/test_playable_unit_pack_compiler.py::test_retail_absent_random_texture_without_same_draw_default_fails PASSED [ 54%]
importer/tests/test_playable_unit_pack_compiler.py::test_retail_absent_animation_gap_combines_with_non_core_gaps PASSED [ 54%]
importer/tests/test_playable_unit_pack_compiler.py::test_retail_absent_animation_without_state_coverage_fails_closed PASSED [ 54%]
importer/tests/test_playable_unit_pack_compiler.py::test_rehashed_retail_absent_exclusion_is_rejected PASSED [ 54%]
importer/tests/test_playable_unit_pack_compiler.py::test_randomizer_shell_records_explicit_core_animation_exclusions PASSED [ 54%]
importer/tests/test_playable_unit_pack_compiler.py::test_scenario_static_presentations_cover_partial_shell_exclusions PASSED [ 54%]
importer/tests/test_playable_unit_pack_compiler.py::test_shell_with_authored_animation_is_not_a_randomizer_shell PASSED [ 54%]
importer/tests/test_playable_unit_pack_compiler.py::test_unready_shell_closure_is_not_a_randomizer_shell PASSED [ 54%]
importer/tests/test_playable_unit_pack_compiler.py::test_rehashed_randomizer_shell_exclusions_are_rejected PASSED [ 54%]
importer/tests/test_playable_unit_pack_compiler.py::test_ability_animation_key_names_special_weapon_states PASSED [ 54%]
importer/tests/test_playable_unit_pack_compiler.py::test_ability_animation_key_names_the_four_phase_envelope PASSED [ 54%]
importer/tests/test_playable_unit_pack_compiler.py::test_ability_animation_key_refuses_ambiguous_rows PASSED [ 54%]
importer/tests/test_playable_unit_pack_compiler.py::test_ability_animations_index_authored_rows_and_skip_exclusions PASSED [ 54%]
importer/tests/test_playable_unit_pack_compiler.py::test_ability_animations_are_phase_ordered_and_deterministic PASSED [ 55%]
importer/tests/test_playable_unit_pack_compiler.py::test_donor_source_retention_never_lands_under_assets PASSED [ 55%]
importer/tests/test_playable_unit_pack_compiler.py::test_retail_unlocalized_command_string_is_recorded_not_a_broken_pack PASSED [ 55%]
importer/tests/test_playable_unit_pack_compiler.py::test_command_string_that_is_neither_bound_nor_retail_null_fails_closed PASSED [ 55%]
importer/tests/test_playable_unit_pack_compiler.py::test_retail_null_string_may_not_also_be_bound PASSED [ 55%]
importer/tests/test_playable_unit_pack_compiler.py::test_zero_string_unit_still_needs_full_command_string_coverage PASSED [ 55%]
importer/tests/test_playable_unit_pack_compiler.py::test_ability_button_string_must_be_bound_or_retail_null PASSED [ 55%]
importer/tests/test_playable_unit_pack_compiler.py::test_weapon_audio_routes_ship_sample_bindings PASSED [ 55%]
importer/tests/test_product_contracts.py::test_tracked_product_contracts_are_bound_and_fail_closed PASSED [ 55%]
importer/tests/test_product_contracts.py::test_contract_checker_rejects_validly_redigested_nested_policy_deletions PASSED [ 55%]
importer/tests/test_projectile_art_oracle.py::test_collect_projectile_object_ids_is_data_driven PASSED [ 55%]
importer/tests/test_projectile_art_oracle.py::test_arrow_projectiles_compile_their_own_retail_streak_art PASSED [ 55%]
importer/tests/test_projectile_art_oracle.py::test_evil_arrow_art_is_authored_by_the_evil_faction_source PASSED [ 55%]
importer/tests/test_projectile_art_oracle.py::test_streak_textures_are_declared_as_convertible_resources PASSED [ 55%]
importer/tests/test_projectile_art_oracle.py::test_model_projectiles_are_reported_as_a_named_gap_not_dropped PASSED [ 55%]
importer/tests/test_projectile_art_oracle.py::test_arrow_projectiles_report_no_model_gap PASSED [ 55%]
importer/tests/test_projectile_art_oracle.py::test_silverthorn_layered_streaks_and_unauthored_additive PASSED [ 55%]
importer/tests/test_projectile_art_oracle.py::test_authored_additive_is_reported_as_authored PASSED [ 55%]
importer/tests/test_projectile_art_oracle.py::test_unknown_projectile_object_id_fails_closed PASSED [ 55%]
importer/tests/test_projectile_art_oracle.py::test_compose_ships_projectile_art_for_the_ids_its_units_resolve PASSED [ 55%]
importer/tests/test_projectile_art_oracle.py::test_compose_without_a_builder_is_byte_identical PASSED [ 55%]
importer/tests/test_projectile_art_oracle.py::test_compose_rejects_a_tampered_projectile_art_document PASSED [ 55%]
importer/tests/test_projectile_lane_oracle.py::test_rotwk_oracle_compiles_all_archer_and_fortress_projectile_bindings SKIPPED [ 55%]
importer/tests/test_publish_durable_pack_script.py::test_verify_fails_when_the_durable_cache_has_never_been_published PASSED [ 55%]
importer/tests/test_publish_durable_pack_script.py::test_verify_fails_and_names_the_pack_the_durable_cache_lags_on PASSED [ 55%]
importer/tests/test_publish_durable_pack_script.py::test_verify_passes_immediately_after_a_publish PASSED [ 55%]
importer/tests/test_publish_durable_pack_script.py::test_verify_detects_a_pack_whose_bytes_changed_under_the_same_path PASSED [ 55%]
importer/tests/test_publish_durable_pack_script.py::test_verify_detects_a_truncated_file_in_the_durable_bundle PASSED [ 55%]
importer/tests/test_publish_durable_pack_script.py::test_verify_detects_supplemental_packs_listed_in_a_different_order PASSED [ 55%]
importer/tests/test_publish_durable_pack_script.py::test_verify_rejects_a_malformed_durable_selection_document[wrong-schema] PASSED [ 55%]
importer/tests/test_publish_durable_pack_script.py::test_verify_rejects_a_malformed_durable_selection_document[wrong-version] PASSED [ 55%]
importer/tests/test_publish_durable_pack_script.py::test_verify_rejects_a_malformed_durable_selection_document[missing-schema] PASSED [ 55%]
importer/tests/test_publish_durable_pack_script.py::test_verify_rejects_a_malformed_durable_selection_document[empty-active-pack] PASSED [ 55%]
importer/tests/test_publish_durable_pack_script.py::test_verify_rejects_a_malformed_durable_selection_document[supplementals-not-a-list] PASSED [ 55%]
importer/tests/test_publish_durable_pack_script.py::test_verify_rejects_a_durable_selection_that_is_not_valid_json PASSED [ 55%]
importer/tests/test_publish_gate.py::CoverageGateTests::test_clean_coverage_has_no_blockers PASSED [ 55%]
importer/tests/test_publish_gate.py::CoverageGateTests::test_every_faction_is_reported_not_just_the_first PASSED [ 55%]
importer/tests/test_publish_gate.py::CoverageGateTests::test_gap_count_alone_blocks_even_when_the_flag_lies PASSED [ 56%]
importer/tests/test_publish_gate.py::CoverageGateTests::test_incomplete_conversion_blocks_publication PASSED [ 56%]
importer/tests/test_publish_gate.py::CoverageGateTests::test_unreadable_or_shapeless_report_blocks PASSED [ 56%]
importer/tests/test_publish_gate.py::PlayableUnitRegressionGateTests::test_counts_playable_unit_documents_in_a_pack PASSED [ 56%]
importer/tests/test_publish_gate.py::PlayableUnitRegressionGateTests::test_different_catalog_identity_is_not_an_incumbent PASSED [ 56%]
importer/tests/test_publish_gate.py::PlayableUnitRegressionGateTests::test_incumbent_is_the_richest_published_bundle PASSED [ 56%]
importer/tests/test_publish_gate.py::PlayableUnitRegressionGateTests::test_pack_without_a_playable_unit_directory_counts_zero PASSED [ 56%]
importer/tests/test_publish_gate.py::PlayableUnitRegressionGateTests::test_partial_staging_directories_are_not_incumbents PASSED [ 56%]
importer/tests/test_publish_gate.py::PlayableUnitRegressionGateTests::test_same_catalog_identity_still_blocks_a_roster_drop PASSED [ 56%]
importer/tests/test_publish_gate.py::PlayableUnitRegressionGateTests::test_shipping_fewer_units_than_the_incumbent_is_a_blocker PASSED [ 56%]
importer/tests/test_publish_gate.py::PlayableUnitRegressionGateTests::test_shipping_the_same_or_more_units_is_allowed PASSED [ 56%]
importer/tests/test_publish_gate.py::PlayableUnitRegressionGateTests::test_unpublished_pack_id_has_no_incumbent PASSED [ 56%]
importer/tests/test_publish_gate.py::GateOverrideSurfaceTests::test_both_overrides_are_documented_cli_flags PASSED [ 56%]
importer/tests/test_publish_gate.py::GateOverrideSurfaceTests::test_overrides_default_to_off PASSED [ 56%]
importer/tests/test_publish_gate_cli.py::CoverageGateCliTests::test_incomplete_coverage_exits_seven PASSED [ 56%]
importer/tests/test_publish_gate_cli.py::CoverageGateCliTests::test_missing_coverage_report_is_not_a_silent_pass PASSED [ 56%]
importer/tests/test_publish_gate_cli.py::CoverageGateCliTests::test_override_unlocks_the_coverage_gate PASSED [ 56%]
importer/tests/test_publish_gate_cli.py::CoverageBindingCliTests::test_foreign_catalog_identity_exits_seven PASSED [ 56%]
importer/tests/test_publish_gate_cli.py::CoverageBindingCliTests::test_fresh_binding_passes_the_gate PASSED [ 56%]
importer/tests/test_publish_gate_cli.py::CoverageBindingCliTests::test_report_without_a_compiler_token_exits_seven PASSED [ 56%]
importer/tests/test_publish_gate_cli.py::CoverageBindingCliTests::test_stale_binding_override_unlocks_it PASSED [ 56%]
importer/tests/test_publish_gate_cli.py::CoverageBindingCliTests::test_stale_compiler_token_exits_seven PASSED [ 56%]
importer/tests/test_publish_gate_cli.py::NameLevelRegressionTests::test_adding_units_is_never_a_blocker PASSED [ 56%]
importer/tests/test_publish_gate_cli.py::NameLevelRegressionTests::test_incumbent_names_come_from_the_richest_bundle PASSED [ 56%]
importer/tests/test_publish_gate_cli.py::NameLevelRegressionTests::test_swapping_a_unit_id_at_the_same_count_is_a_blocker PASSED [ 56%]
importer/tests/test_publish_gate_cli.py::BuildCommandGateTests::test_build_runs_the_playable_unit_regression_gate PASSED [ 56%]
importer/tests/test_publish_gate_cli.py::BuildCommandGateTests::test_no_publish_build_is_never_gated PASSED [ 56%]
importer/tests/test_publish_selection.py::PublishWithoutSelectTests::test_publish_faction_cli_defaults_to_no_select PASSED [ 56%]
importer/tests/test_publish_selection.py::PublishWithoutSelectTests::test_publish_leaves_existing_selection_byte_identical PASSED [ 56%]
importer/tests/test_publish_selection.py::PublishWithoutSelectTests::test_publish_with_select_keeps_legacy_activation PASSED [ 56%]
importer/tests/test_publish_selection.py::PublishWithoutSelectTests::test_publish_with_select_refuses_corrupt_selection_without_rewriting PASSED [ 56%]
importer/tests/test_publish_selection.py::PublishWithoutSelectTests::test_publish_with_select_refuses_to_replace_different_active_pack PASSED [ 56%]
importer/tests/test_publish_selection.py::PublishWithoutSelectTests::test_publish_without_select_never_creates_selection PASSED [ 56%]
importer/tests/test_publish_selection.py::LegacyPublishSelectionWriterTests::test_a_supplement_under_this_root_also_proves_the_mirror PASSED [ 56%]
importer/tests/test_publish_selection.py::LegacyPublishSelectionWriterTests::test_mirror_detection_runs_while_both_locks_are_held PASSED [ 56%]
importer/tests/test_publish_selection.py::LegacyPublishSelectionWriterTests::test_publish_select_refuses_while_the_durable_root_lock_is_held PASSED [ 56%]
importer/tests/test_publish_selection.py::LegacyPublishSelectionWriterTests::test_publish_with_select_leaves_no_staging_litter PASSED [ 57%]
importer/tests/test_publish_selection.py::LegacyPublishSelectionWriterTests::test_publish_with_select_preserves_unknown_and_operator_metadata PASSED [ 57%]
importer/tests/test_publish_selection.py::LegacyPublishSelectionWriterTests::test_publish_with_select_refuses_when_a_durable_mirror_exists PASSED [ 57%]
importer/tests/test_publish_selection.py::LegacyPublishSelectionWriterTests::test_publish_without_select_does_not_lock_the_durable_root PASSED [ 57%]
importer/tests/test_publish_selection.py::UpdateSelectionEntryLockTests::test_preserves_every_unknown_key_and_the_entry_role PASSED [ 57%]
importer/tests/test_publish_selection.py::UpdateSelectionEntryLockTests::test_refuses_while_the_content_root_lock_is_held PASSED [ 57%]
importer/tests/test_publish_selection.py::UpdateSelectionEntryLockTests::test_releases_the_lock_after_a_refusal PASSED [ 57%]
importer/tests/test_publish_selection.py::UpdateSelectionEntryTests::test_cli_reports_error_for_unreferenced_pack PASSED [ 57%]
importer/tests/test_publish_selection.py::UpdateSelectionEntryTests::test_cli_update_selection_entry_round_trip PASSED [ 57%]
importer/tests/test_publish_selection.py::UpdateSelectionEntryTests::test_idempotent_when_entry_already_current PASSED [ 57%]
importer/tests/test_publish_selection.py::UpdateSelectionEntryTests::test_rejects_bundle_with_mismatched_pack_id PASSED [ 57%]
importer/tests/test_publish_selection.py::UpdateSelectionEntryTests::test_rejects_malformed_digest_and_pack_id PASSED [ 57%]
importer/tests/test_publish_selection.py::UpdateSelectionEntryTests::test_rejects_missing_target_bundle PASSED [ 57%]
importer/tests/test_publish_selection.py::UpdateSelectionEntryTests::test_rejects_pack_id_with_no_selection_entry PASSED [ 57%]
importer/tests/test_publish_selection.py::UpdateSelectionEntryTests::test_updates_active_pack_entry PASSED [ 57%]
importer/tests/test_publish_selection.py::UpdateSelectionEntryTests::test_updates_exactly_one_supplement_preserving_active_and_order PASSED [ 57%]
importer/tests/test_publish_selection.py::SelectionTransactionTests::test_cli_apply_selection_transaction_round_trip PASSED [ 57%]
importer/tests/test_publish_selection.py::SelectionTransactionTests::test_cli_has_no_select_flag PASSED [ 57%]
importer/tests/test_publish_selection.py::SelectionTransactionTests::test_cli_refuses_mutable_pack_and_leaves_both_selections PASSED [ 57%]
importer/tests/test_publish_selection.py::SelectionTransactionTests::test_commit_is_one_swap_per_target_not_one_per_entry PASSED [ 57%]
importer/tests/test_publish_selection.py::SelectionTransactionTests::test_durable_verification_failure_restores_both PASSED [ 57%]
importer/tests/test_publish_selection.py::SelectionTransactionTests::test_failure_after_first_target_write_restores_both PASSED [ 57%]
importer/tests/test_publish_selection.py::SelectionTransactionTests::test_first_restore_failure_still_restores_every_other_target PASSED [ 57%]
importer/tests/test_publish_selection.py::SelectionTransactionTests::test_happy_path_writes_both_targets_byte_identically PASSED [ 57%]
importer/tests/test_publish_selection.py::SelectionTransactionTests::test_lock_is_released_after_a_failed_transaction PASSED [ 57%]
importer/tests/test_publish_selection.py::SelectionTransactionTests::test_lock_root_normalization_follows_filesystem_case_semantics PASSED [ 57%]
importer/tests/test_publish_selection.py::SelectionTransactionTests::test_lock_roots_are_a_total_order_independent_of_argument_order PASSED [ 57%]
importer/tests/test_publish_selection.py::SelectionTransactionTests::test_locks_every_target_root_for_the_whole_transaction PASSED [ 57%]
importer/tests/test_publish_selection.py::SelectionTransactionTests::test_no_temp_litter_survives_a_successful_transaction PASSED [ 57%]
importer/tests/test_publish_selection.py::SelectionTransactionTests::test_publish_takes_the_same_content_root_lock PASSED [ 57%]
importer/tests/test_publish_selection.py::SelectionTransactionTests::test_recovery_preimage_creation_never_overwrites_an_earlier_one PASSED [ 57%]
importer/tests/test_publish_selection.py::SelectionTransactionTests::test_recovery_preimages_exist_before_commit_and_vanish_on_success PASSED [ 57%]
importer/tests/test_publish_selection.py::SelectionTransactionTests::test_refuses_duplicate_entries PASSED [ 57%]
importer/tests/test_publish_selection.py::SelectionTransactionTests::test_refuses_missing_pack PASSED [ 57%]
importer/tests/test_publish_selection.py::SelectionTransactionTests::test_refuses_non_content_addressed_pack PASSED [ 57%]
importer/tests/test_publish_selection.py::SelectionTransactionTests::test_refuses_pack_id_mismatch PASSED [ 57%]
importer/tests/test_publish_selection.py::SelectionTransactionTests::test_refuses_pack_present_in_workspace_but_missing_from_durable PASSED [ 57%]
importer/tests/test_publish_selection.py::SelectionTransactionTests::test_refuses_to_start_while_unresolved_preimages_exist PASSED [ 58%]
importer/tests/test_publish_selection.py::SelectionTransactionTests::test_refuses_traversal_entry PASSED [ 58%]
importer/tests/test_publish_selection.py::SelectionTransactionTests::test_refuses_when_another_process_holds_the_durable_lock PASSED [ 58%]
importer/tests/test_publish_selection.py::SelectionTransactionTests::test_refuses_while_a_cook_is_active PASSED [ 58%]
importer/tests/test_publish_selection.py::SelectionTransactionTests::test_refuses_while_another_process_holds_the_transaction_lock PASSED [ 58%]
importer/tests/test_publish_selection.py::SelectionTransactionTests::test_restore_that_lands_wrong_bytes_is_detected_not_assumed PASSED [ 58%]
importer/tests/test_publish_selection.py::SelectionTransactionTests::test_rollback_failure_is_loud_and_names_both_causes PASSED [ 58%]
importer/tests/test_publish_selection.py::SelectionTransactionTests::test_transaction_preserves_operator_metadata_in_both_targets PASSED [ 58%]
importer/tests/test_publish_selection.py::SelectionTransactionTests::test_workspace_only_transaction_leaves_durable_untouched PASSED [ 58%]
importer/tests/test_python_tool_pins.py::test_pinned_python_artifact_contract_is_well_formed PASSED [ 58%]
importer/tests/test_python_tool_pins.py::test_runtime_attestation_pins_base_executable_and_records_venv_launcher PASSED [ 58%]
importer/tests/test_reachable_hero_abilities_oracle.py::test_five_reachable_hero_abilities_compile_from_retail[bfme2] PASSED [ 58%]
importer/tests/test_reachable_hero_abilities_oracle.py::test_five_reachable_hero_abilities_compile_from_retail[rotwk] PASSED [ 58%]
importer/tests/test_reachable_hero_abilities_oracle.py::test_rotwk_carnage_uses_split_retail_hero_mode_contract PASSED [ 58%]
importer/tests/test_release_bundle_contracts.py::ReleaseBundleContractTests::test_bundled_recipe_uses_validated_release_identity PASSED [ 58%]
importer/tests/test_release_bundle_contracts.py::ReleaseBundleContractTests::test_custom_state_ffmpeg_precedes_machine_path PASSED [ 58%]
importer/tests/test_release_bundle_contracts.py::ReleaseBundleContractTests::test_invalid_bundled_release_identity_fails_closed PASSED [ 58%]
importer/tests/test_release_bundle_contracts.py::ReleaseBundleContractTests::test_machine_ffmpeg_is_refused_by_pinned_hash PASSED [ 58%]
importer/tests/test_release_bundle_contracts.py::ReleaseIdentityProvenanceTests::test_bundle_nested_in_a_checkout_does_not_inherit_its_commit PASSED [ 58%]
importer/tests/test_release_bundle_contracts.py::ReleaseIdentityProvenanceTests::test_every_malformed_stamp_fails_closed 
importer/tests/test_release_bundle_contracts.py::ReleaseIdentityProvenanceTests::test_every_malformed_stamp_fails_closed PASSED [ 58%]
importer/tests/test_release_bundle_contracts.py::ReleaseIdentityProvenanceTests::test_real_checkout_reports_git_exact_root PASSED [ 58%]
importer/tests/test_release_bundle_contracts.py::ReleaseIdentityProvenanceTests::test_recipe_records_the_requirements_pin_it_actually_hashed 
importer/tests/test_release_bundle_contracts.py::ReleaseIdentityProvenanceTests::test_recipe_records_the_requirements_pin_it_actually_hashed PASSED [ 58%]
importer/tests/test_release_bundle_contracts.py::ReleaseIdentityProvenanceTests::test_stamp_is_covered_by_the_recipe_hash PASSED [ 58%]
importer/tests/test_release_bundle_contracts.py::ReleaseIdentityProvenanceTests::test_stamped_bundle_reports_release_identity_as_its_source PASSED [ 58%]
importer/tests/test_release_bundle_contracts.py::ReleaseIdentityProvenanceTests::test_unparseable_stamp_fails_closed PASSED [ 58%]
importer/tests/test_release_bundle_contracts.py::ReleaseIdentityProvenanceTests::test_worktree_cleanliness_is_exact_root_only PASSED [ 58%]
importer/tests/test_release_bundle_contracts.py::RecipeAuditSelfDescriptionTests::test_audit_still_refuses_a_recipe_with_no_commit PASSED [ 58%]
importer/tests/test_release_bundle_contracts.py::RecipeAuditSelfDescriptionTests::test_missing_provenance_source_is_an_error 
importer/tests/test_release_bundle_contracts.py::RecipeAuditSelfDescriptionTests::test_missing_provenance_source_is_an_error PASSED [ 58%]
importer/tests/test_release_bundle_contracts.py::RecipeAuditSelfDescriptionTests::test_release_identity_claim_must_be_inside_the_inventory PASSED [ 58%]
importer/tests/test_release_bundle_contracts.py::RecipeAuditSelfDescriptionTests::test_requirements_pin_must_be_declared_and_hashed PASSED [ 58%]
importer/tests/test_release_bundle_contracts.py::RecipeAuditSelfDescriptionTests::test_well_formed_recipe_audits_clean PASSED [ 58%]
importer/tests/test_release_source.py::ReleaseSourceTests::test_config_is_used_when_no_environment_override PASSED [ 58%]
importer/tests/test_release_source.py::ReleaseSourceTests::test_environment_overrides_config PASSED [ 58%]
importer/tests/test_release_source.py::ReleaseSourceTests::test_host_must_be_allow_listed PASSED [ 58%]
importer/tests/test_release_source.py::ReleaseSourceTests::test_missing_config_file_is_also_unset PASSED [ 58%]
importer/tests/test_release_source.py::ReleaseSourceTests::test_shipped_config_resolves_and_avoids_retired_targets PASSED [ 58%]
importer/tests/test_release_source.py::ReleaseSourceTests::test_target_is_only_named_in_the_config_file 
importer/tests/test_release_source.py::ReleaseSourceTests::test_target_is_only_named_in_the_config_file PASSED [ 59%]
importer/tests/test_release_source.py::ReleaseSourceTests::test_unset_target_raises_rather_than_guessing PASSED [ 59%]
importer/tests/test_release_source.py::ReleaseSourceTests::test_url_shaped_repository_is_rejected 
importer/tests/test_release_source.py::ReleaseSourceTests::test_url_shaped_repository_is_rejected PASSED [ 59%]
importer/tests/test_repair_goal_pack_map_scripts.py::test_compose_and_place_produces_schema_v2_composite_for_known_map PASSED [ 59%]
importer/tests/test_repair_goal_pack_map_scripts.py::test_write_refuses_existing_scripts_json_without_force PASSED [ 59%]
importer/tests/test_repair_goal_pack_map_scripts.py::test_map_source_backfill_adds_runtime_required_identity PASSED [ 59%]
importer/tests/test_repair_goal_pack_map_scripts.py::test_decode_libraries_refuses_missing_source PASSED [ 59%]
importer/tests/test_repair_goal_pack_map_scripts.py::test_compose_refuses_undecodable_map_source PASSED [ 59%]
importer/tests/test_repair_goal_pack_map_scripts.py::test_resolve_selected_pack_reads_workspace_selection PASSED [ 59%]
importer/tests/test_repair_goal_pack_map_scripts.py::test_map_id_migration_maps_stale_mp_slug_to_canonical_runtime_id PASSED [ 59%]
importer/tests/test_repair_goal_pack_map_scripts.py::test_map_id_migration_refuses_ambiguous_canonical_collision PASSED [ 59%]
importer/tests/test_repair_goal_pack_map_scripts.py::test_compose_refuses_non_multiplayer_virtual_path PASSED [ 59%]
importer/tests/test_retail_ability_fx_ingress.py::TestDrawModuleParticleSeeds::test_seeded_system_converts_without_any_fx_list PASSED [ 59%]
importer/tests/test_retail_ability_fx_ingress.py::TestDrawModuleParticleSeeds::test_seeds_are_absent_when_none_are_authored PASSED [ 59%]
importer/tests/test_retail_ability_fx_ingress.py::TestDrawModuleParticleSeeds::test_w3d_geometry_emitter_is_recorded_as_a_gap_not_invented PASSED [ 59%]
importer/tests/test_retail_ability_fx_ingress.py::TestKeyedValues::test_fx_namespace_prefix_is_not_part_of_the_name PASSED [ 59%]
importer/tests/test_retail_ability_fx_ingress.py::TestKeyedValues::test_particle_name_keeps_only_its_first_token PASSED [ 59%]
importer/tests/test_retail_ability_fx_ingress.py::TestKeyedValues::test_bare_identifier_is_unchanged PASSED [ 59%]
importer/tests/test_retail_ability_fx_ingress.py::TestHarvest::test_every_authored_fx_field_family_is_harvested PASSED [ 59%]
importer/tests/test_retail_ability_fx_ingress.py::TestHarvest::test_authored_null_tokens_are_not_fx_ids PASSED [ 59%]
importer/tests/test_retail_ability_fx_ingress.py::TestHarvest::test_documents_without_fx_fields_harvest_nothing PASSED [ 59%]
importer/tests/test_retail_ability_fx_ingress.py::TestClosure::test_wizard_blast_chain_closes_through_bone_hop_and_child_emitter PASSED [ 59%]
importer/tests/test_retail_ability_fx_ingress.py::TestClosure::test_authored_scalars_are_verbatim_source_values PASSED [ 59%]
importer/tests/test_retail_ability_fx_ingress.py::TestClosure::test_commented_out_definition_is_not_parsed PASSED [ 59%]
importer/tests/test_retail_ability_fx_ingress.py::TestClosure::test_keyed_particle_reference_resolves_to_its_bare_definition PASSED [ 59%]
importer/tests/test_retail_ability_fx_ingress.py::TestClosure::test_missing_fx_list_is_recorded_not_invented PASSED [ 59%]
importer/tests/test_retail_ability_fx_ingress.py::TestClosure::test_sound_only_fx_list_resolves_but_never_presents PASSED [ 59%]
importer/tests/test_retail_ability_fx_ingress.py::TestClosure::test_w3d_render_leaf_fails_closed_with_both_reasons PASSED [ 59%]
importer/tests/test_retail_ability_fx_ingress.py::TestClosure::test_cross_family_duplicate_preserves_both_and_selects_proven_fx_candidate PASSED [ 59%]
importer/tests/test_retail_ability_fx_ingress.py::TestClosure::test_resources_are_namespaced_by_owner PASSED [ 59%]
importer/tests/test_retail_ability_fx_ingress.py::TestClosure::test_missing_fx_list_document_fails_closed PASSED [ 59%]
importer/tests/test_retail_ability_fx_ingress.py::TestContract::test_closure_resources_load_as_profile_resources PASSED [ 59%]
importer/tests/test_retail_ability_fx_ingress.py::TestContract::test_tampered_closure_is_rejected PASSED [ 59%]
importer/tests/test_retail_ability_fx_ingress.py::TestContract::test_recipe_parts_reject_a_foreign_namespace PASSED [ 59%]
importer/tests/test_retail_ability_fx_ingress.py::TestContract::test_absent_closure_contributes_nothing PASSED [ 59%]
importer/tests/test_retail_ability_fx_ingress.py::TestContract::test_texture_index_drops_ambiguous_stems PASSED [ 59%]
importer/tests/test_retail_animated_prop_profile.py::RetailAnimatedPropProfileTests::test_combined_planners_rebuild_deterministically_and_close_fixture PASSED [ 59%]
importer/tests/test_retail_animated_prop_profile.py::RetailAnimatedPropProfileTests::test_exact_source_native_missing_transitions_are_no_clip_with_corpus_proof PASSED [ 60%]
importer/tests/test_retail_animated_prop_profile.py::RetailAnimatedPropProfileTests::test_file_helpers_load_build_and_write_verified_documents PASSED [ 60%]
importer/tests/test_retail_animated_prop_profile.py::RetailAnimatedPropProfileTests::test_generated_standalone_profile_satisfies_import_profile PASSED [ 60%]
importer/tests/test_retail_animated_prop_profile.py::RetailAnimatedPropProfileTests::test_logical_case_drift_fails_closed PASSED [ 60%]
importer/tests/test_retail_animated_prop_profile.py::RetailAnimatedPropProfileTests::test_near_name_missing_transition_is_not_admitted PASSED [ 60%]
importer/tests/test_retail_animated_prop_profile.py::RetailAnimatedPropProfileTests::test_private_source_hash_drift_and_upstream_plan_tamper_fail_closed PASSED [ 60%]
importer/tests/test_retail_animated_prop_profile.py::RetailAnimatedPropProfileTests::test_reused_hierarchy_and_actions_have_one_shared_source_owner PASSED [ 60%]
importer/tests/test_retail_animated_prop_profile.py::RetailAnimatedPropProfileTests::test_secondary_skin_streams_require_and_record_semantic_proof PASSED [ 60%]
importer/tests/test_retail_animated_prop_profile.py::RetailAnimatedPropProfileTests::test_single_model_embedded_animation_is_admitted_as_one_bundle_input PASSED [ 60%]
importer/tests/test_retail_animated_prop_profile.py::RetailAnimatedPropProfileTests::test_unresolved_authored_animation_remains_uncovered PASSED [ 60%]
importer/tests/test_retail_archer_projectile_profile.py::RetailArcherProjectileProfileTests::test_combat_report_finding_is_required PASSED [ 60%]
importer/tests/test_retail_archer_projectile_profile.py::RetailArcherProjectileProfileTests::test_generated_profile_resolves_against_real_catalog PASSED [ 60%]
importer/tests/test_retail_archer_projectile_profile.py::RetailArcherProjectileProfileTests::test_plan_digest_tampering_fails_closed PASSED [ 60%]
importer/tests/test_retail_archer_projectile_profile.py::RetailArcherProjectileProfileTests::test_real_closure_is_deterministic_exact_and_zero_missing PASSED [ 60%]
importer/tests/test_retail_archer_projectile_profile.py::RetailArcherProjectileProfileTests::test_runtime_binding_preserves_streak_impact_and_uncertainty PASSED [ 60%]
importer/tests/test_retail_building_lifecycle.py::RetailBuildingLifecycleTests::test_bound_asset_drift_after_visual_scan_fails_closed PASSED [ 60%]
importer/tests/test_retail_building_lifecycle.py::RetailBuildingLifecycleTests::test_missing_scoped_object_fails_closed PASSED [ 60%]
importer/tests/test_retail_building_lifecycle.py::RetailBuildingLifecycleTests::test_non_directory_root_is_rejected PASSED [ 60%]
importer/tests/test_retail_building_lifecycle.py::RetailBuildingLifecycleTests::test_report_is_deterministic_and_keeps_exact_lifecycle_bindings PASSED [ 60%]
importer/tests/test_retail_building_lifecycle.py::RetailBuildingLifecycleTests::test_report_tamper_fails_digest_verification PASSED [ 60%]
importer/tests/test_retail_fords_ambient_audio_profile.py::FordsAmbientAudioUnitTests::test_numeric_macro_resolution_is_exact_and_case_insensitive PASSED [ 60%]
importer/tests/test_retail_fords_ambient_audio_profile.py::FordsAmbientAudioUnitTests::test_runtime_mapping_requires_the_exact_seven_rows PASSED [ 60%]
importer/tests/test_retail_fords_ambient_audio_profile.py::FordsAmbientAudioUnitTests::test_sample_resolution_fails_closed_on_ambiguous_stems PASSED [ 60%]
importer/tests/test_retail_fords_ambient_audio_profile.py::FordsAmbientAudioPrivateIntegrationTests::test_exact_private_closure_and_placement_contract PASSED [ 60%]
importer/tests/test_retail_fords_ambient_audio_profile.py::FordsAmbientAudioPrivateIntegrationTests::test_generation_is_deterministic PASSED [ 60%]
importer/tests/test_retail_fords_ambient_audio_profile.py::FordsAmbientAudioPrivateIntegrationTests::test_profile_fragment_resolves_real_catalog_with_zero_missing PASSED [ 60%]
importer/tests/test_retail_fords_completion_profile.py::RetailFordsCompletionProfileTests::test_ambient_registry_merge_adds_exact_roots_without_upgrading_global_complete PASSED [ 60%]
importer/tests/test_retail_fords_completion_profile.py::RetailFordsCompletionProfileTests::test_animated_runtime_contract_binds_ten_types_twenty_six_placements PASSED [ 60%]
importer/tests/test_retail_fords_completion_profile.py::RetailFordsCompletionProfileTests::test_complete_slice_size_fits_bounded_import_profile PASSED [ 60%]
importer/tests/test_retail_fords_completion_profile.py::RetailFordsCompletionProfileTests::test_exact_hash_leaf_reuse_and_particle_multi_projection_are_distinct PASSED [ 60%]
importer/tests/test_retail_fords_completion_profile.py::RetailFordsCompletionProfileTests::test_men_order_hint_is_exact_source_contract PASSED [ 60%]
importer/tests/test_retail_fords_completion_profile.py::RetailFordsCompletionProfileTests::test_men_selection_decal_is_exact_source_contract PASSED [ 60%]
importer/tests/test_retail_fords_completion_profile.py::RetailFordsCompletionProfileTests::test_neutral_lifecycle_v1_preserves_no_render_and_rewrites_evidence_ids PASSED [ 60%]
importer/tests/test_retail_fords_completion_profile.py::RetailFordsCompletionProfileTests::test_private_men_damage_audio_contract_adds_only_eight_missing_samples PASSED [ 60%]
importer/tests/test_retail_fords_completion_profile.py::RetailFordsCompletionProfileTests::test_private_men_damage_effects_adds_only_sealed_delta PASSED [ 60%]
importer/tests/test_retail_fords_completion_profile.py::RetailFordsCompletionProfileTests::test_private_men_lifecycle_v1_is_exact_closed_and_reproducible PASSED [ 60%]
importer/tests/test_retail_fords_environment_profile.py::FordsEnvironmentProfileUnitTests::test_declared_digest_fails_closed PASSED [ 61%]
importer/tests/test_retail_fords_environment_profile.py::FordsEnvironmentProfileUnitTests::test_skybox_set_requires_all_five_named_faces PASSED [ 61%]
importer/tests/test_retail_fords_environment_profile.py::FordsEnvironmentProfileUnitTests::test_texture_resolution_prefers_exact_name_then_compiled_stem PASSED [ 61%]
importer/tests/test_retail_fords_environment_profile.py::FordsEnvironmentProfilePrivateIntegrationTests::test_exact_fog_light_shadow_and_fail_closed_sky_contract PASSED [ 61%]
importer/tests/test_retail_fords_environment_profile.py::FordsEnvironmentProfilePrivateIntegrationTests::test_exact_resource_and_candidate_census PASSED [ 61%]
importer/tests/test_retail_fords_environment_profile.py::FordsEnvironmentProfilePrivateIntegrationTests::test_generation_and_declared_digest_are_deterministic PASSED [ 61%]
importer/tests/test_retail_fords_environment_profile.py::FordsEnvironmentProfilePrivateIntegrationTests::test_profile_fragment_resolves_with_zero_missing PASSED [ 61%]
importer/tests/test_retail_fords_navmesh.py::RetailFordsNavmeshUnitTests::test_canonical_digest_is_key_order_independent PASSED [ 61%]
importer/tests/test_retail_fords_navmesh.py::RetailFordsNavmeshUnitTests::test_geometry_parser_preserves_exact_active_declarations PASSED [ 61%]
importer/tests/test_retail_fords_navmesh.py::RetailFordsNavmeshUnitTests::test_lsb_first_passability_respects_padded_rows PASSED [ 61%]
importer/tests/test_retail_fords_navmesh.py::RetailFordsNavmeshUnitTests::test_rank_rows_are_preserved_without_selecting_a_runtime_formation PASSED [ 61%]
importer/tests/test_retail_fords_navmesh.py::RetailFordsNavmeshPrivateIntegrationTests::test_exact_men_footprint_declarations_are_present SKIPPED [ 61%]
importer/tests/test_retail_fords_navmesh.py::RetailFordsNavmeshPrivateIntegrationTests::test_exact_static_source_contract SKIPPED [ 61%]
importer/tests/test_retail_fords_navmesh.py::RetailFordsNavmeshPrivateIntegrationTests::test_generation_and_cli_outputs_are_byte_identical SKIPPED [ 61%]
importer/tests/test_retail_fords_navmesh.py::RetailFordsNavmeshPrivateIntegrationTests::test_routing_and_buildability_fail_closed SKIPPED [ 61%]
importer/tests/test_retail_fords_navmesh.py::SecondMapNavigationContractIntegrationTests::test_cli_cooks_the_second_map_with_explicit_parameters PASSED [ 61%]
importer/tests/test_retail_fords_navmesh.py::SecondMapNavigationContractIntegrationTests::test_connectivity_covers_all_four_starts PASSED [ 61%]
importer/tests/test_retail_fords_navmesh.py::SecondMapNavigationContractIntegrationTests::test_contract_is_deterministic_and_digest_consistent PASSED [ 61%]
importer/tests/test_retail_fords_navmesh.py::SecondMapNavigationContractIntegrationTests::test_cooked_evidence_paths_derive_from_the_map_id PASSED [ 61%]
importer/tests/test_retail_fords_navmesh.py::SecondMapNavigationContractIntegrationTests::test_per_map_requirements_fail_closed PASSED [ 61%]
importer/tests/test_retail_fords_navmesh.py::SecondMapNavigationContractIntegrationTests::test_second_map_satisfies_the_same_contract_shape PASSED [ 61%]
importer/tests/test_retail_fords_skybox_oracle.py::FordsSkyboxOracleUnitTests::test_ascii_offsets_require_exact_nul_terminated_literals PASSED [ 61%]
importer/tests/test_retail_fords_skybox_oracle.py::FordsSkyboxOracleUnitTests::test_complete_default_set_still_does_not_prove_selection PASSED [ 61%]
importer/tests/test_retail_fords_skybox_oracle.py::FordsSkyboxOracleUnitTests::test_no_override_never_promotes_executable_morning_literals PASSED [ 61%]
importer/tests/test_retail_fords_skybox_oracle.py::FordsSkyboxOraclePrivateIntegrationTests::test_contract_and_declared_digest_are_deterministic PASSED [ 61%]
importer/tests/test_retail_fords_skybox_oracle.py::FordsSkyboxOraclePrivateIntegrationTests::test_exact_fail_closed_world_sky_summary PASSED [ 61%]
importer/tests/test_retail_fords_skybox_oracle.py::FordsSkyboxOraclePrivateIntegrationTests::test_game_dat_evidence_is_presence_only PASSED [ 61%]
importer/tests/test_retail_fords_skybox_oracle.py::FordsSkyboxOraclePrivateIntegrationTests::test_map_has_no_skybox_override_and_model_has_exact_placeholders PASSED [ 61%]
importer/tests/test_retail_fords_skybox_oracle.py::FordsSkyboxOraclePrivateIntegrationTests::test_reflection_skydome_is_separate_and_exactly_closed PASSED [ 61%]
importer/tests/test_retail_fords_water_reflection_oracle.py::FordsWaterReflectionOracleUnitTests::test_declared_digest_fails_closed PASSED [ 61%]
importer/tests/test_retail_fords_water_reflection_oracle.py::FordsWaterReflectionOracleUnitTests::test_reflection_object_and_dds_headers_are_strict PASSED [ 61%]
importer/tests/test_retail_fords_water_reflection_oracle.py::FordsWaterReflectionOracleUnitTests::test_water_transparency_parser_preserves_authored_lines PASSED [ 61%]
importer/tests/test_retail_fords_water_reflection_oracle.py::FordsWaterReflectionOraclePrivateIntegrationTests::test_exact_model_texture_and_world_sky_separation PASSED [ 61%]
importer/tests/test_retail_fords_water_reflection_oracle.py::FordsWaterReflectionOraclePrivateIntegrationTests::test_exact_reflection_settings_areas_and_placement PASSED [ 61%]
importer/tests/test_retail_fords_water_reflection_oracle.py::FordsWaterReflectionOraclePrivateIntegrationTests::test_generation_and_pretty_output_are_byte_identical PASSED [ 61%]
importer/tests/test_retail_fords_water_reflection_oracle.py::FordsWaterReflectionOraclePrivateIntegrationTests::test_renderer_semantics_remain_explicitly_unresolved PASSED [ 61%]
importer/tests/test_retail_fords_world_sky_trace.py::FordsWorldSkyTraceUnitTests::test_occurrences_include_overlaps PASSED [ 61%]
importer/tests/test_retail_fords_world_sky_trace.py::FordsWorldSkyTraceUnitTests::test_raw_to_va_uses_section_mapping PASSED [ 62%]
importer/tests/test_retail_fords_world_sky_trace.py::FordsWorldSkyTraceUnitTests::test_relative_call_sites_resolve_targets PASSED [ 62%]
importer/tests/test_retail_fords_world_sky_trace.py::FordsWorldSkyTraceOpenSageIdentityTests::test_opensage_trace_refuses_enclosing_checkout_identity PASSED [ 62%]
importer/tests/test_retail_fords_world_sky_trace.py::FordsWorldSkyTracePrivateIntegrationTests::test_constructor_defaults_are_parser_record_fields PASSED [ 62%]
importer/tests/test_retail_fords_world_sky_trace.py::FordsWorldSkyTracePrivateIntegrationTests::test_contract_and_declared_digest_are_deterministic PASSED [ 62%]
importer/tests/test_retail_fords_world_sky_trace.py::FordsWorldSkyTracePrivateIntegrationTests::test_draw_flag_and_water_skydome_do_not_select_world_faces PASSED [ 62%]
importer/tests/test_retail_fords_world_sky_trace.py::FordsWorldSkyTracePrivateIntegrationTests::test_opensage_is_parser_only_secondary_evidence PASSED [ 62%]
importer/tests/test_retail_fords_world_sky_trace.py::FordsWorldSkyTracePrivateIntegrationTests::test_parser_registry_has_no_direct_renderer_consumer PASSED [ 62%]
importer/tests/test_retail_fords_world_sky_trace.py::FordsWorldSkyTracePrivateIntegrationTests::test_trace_stays_fail_closed PASSED [ 62%]
importer/tests/test_retail_gate_script.py::test_batch_wrapper_forwards_only_to_hardened_gate PASSED [ 62%]
importer/tests/test_retail_gate_script.py::test_default_profile_is_exact_private_generated_completion_profile PASSED [ 62%]
importer/tests/test_retail_gate_script.py::test_gate_fails_closed_on_identity_readiness_and_incomplete_marker PASSED [ 62%]
importer/tests/test_retail_gate_script.py::test_importer_tests_step_runs_the_whole_suite_not_just_unittest PASSED [ 62%]
importer/tests/test_retail_gate_script.py::test_playable_retail_slice_step_honours_the_runners_acceptance_contract PASSED [ 62%]
importer/tests/test_retail_gate_script.py::test_state_pin_runner_is_wired_into_the_gate PASSED [ 62%]
importer/tests/test_retail_gate_script.py::test_proof_builds_cannot_publish_without_owner_switch PASSED [ 62%]
importer/tests/test_retail_gate_script.py::test_reproducibility_build_b_runs_cold PASSED [ 62%]
importer/tests/test_retail_gate_script.py::test_single_build_is_explicit_and_never_claims_attestation PASSED [ 62%]
importer/tests/test_retail_gate_script.py::test_audit_stays_bound_to_frozen_profile_and_resolved_closure PASSED [ 62%]
importer/tests/test_retail_gate_script.py::test_build_and_explicit_release_paths_are_exact PASSED [ 62%]
importer/tests/test_retail_hierarchical_profile.py::RetailHierarchicalProfileTests::test_animation_header_excludes_orc_style_zero_clip_impostor PASSED [ 62%]
importer/tests/test_retail_hierarchical_profile.py::RetailHierarchicalProfileTests::test_authored_animation_gap_only_excludes_affected_target PASSED [ 62%]
importer/tests/test_retail_hierarchical_profile.py::RetailHierarchicalProfileTests::test_file_helpers_load_build_and_write_verified_plan PASSED [ 62%]
importer/tests/test_retail_hierarchical_profile.py::RetailHierarchicalProfileTests::test_fragment_satisfies_import_profile_hierarchical_contract PASSED [ 62%]
importer/tests/test_retail_hierarchical_profile.py::RetailHierarchicalProfileTests::test_meshless_hlod_is_rejected_before_profile_generation PASSED [ 62%]
importer/tests/test_retail_hierarchical_profile.py::RetailHierarchicalProfileTests::test_multi_pivot_hierarchy_remains_a_normal_skeletal_conversion PASSED [ 62%]
importer/tests/test_retail_hierarchical_profile.py::RetailHierarchicalProfileTests::test_rejects_case_drift_unsafe_closure_and_manifest_hash_drift PASSED [ 62%]
importer/tests/test_retail_hierarchical_profile.py::RetailHierarchicalProfileTests::test_rejects_tampered_or_resealed_nonmatching_static_plan PASSED [ 62%]
importer/tests/test_retail_hierarchical_profile.py::RetailHierarchicalProfileTests::test_shared_hierarchical_w3d_is_grouped_once_with_exact_coverage PASSED [ 62%]
importer/tests/test_retail_hierarchical_profile.py::RetailHierarchicalProfileTests::test_static_eligible_targets_are_retained_as_explicit_rejections PASSED [ 62%]
importer/tests/test_retail_hierarchical_profile.py::RetailHierarchicalProfileTests::test_unresolved_embedded_texture_and_scanner_warning_fail_closed PASSED [ 62%]
importer/tests/test_retail_hud_apt_convert.py::test_place_object_decodes_exact_fixed_record PASSED [ 62%]
importer/tests/test_retail_hud_apt_convert.py::test_place_object_rejects_reserved_flag_bytes PASSED [ 62%]
importer/tests/test_retail_hud_apt_convert.py::test_place_object_preserves_only_the_exact_retail_flagged_null_pointer PASSED [ 62%]
importer/tests/test_retail_hud_apt_convert.py::test_font_and_text_characters_preserve_exact_typed_fields PASSED [ 62%]
importer/tests/test_retail_hud_apt_convert.py::test_font_rejects_missing_nonempty_glyph_table PASSED [ 62%]
importer/tests/test_retail_hud_apt_convert.py::test_text_rejects_unknown_alignment_and_malformed_boolean PASSED [ 63%]
importer/tests/test_retail_hud_apt_convert.py::test_button_character_preserves_exact_hit_state_and_no_actions PASSED [ 63%]
importer/tests/test_retail_hud_apt_convert.py::test_button_rejects_missing_vertex_and_invalid_state_flags PASSED [ 63%]
importer/tests/test_retail_hud_apt_convert.py::test_clip_action_parser_preserves_exact_event_order_and_masks PASSED [ 63%]
importer/tests/test_retail_hud_apt_convert.py::test_clip_action_parser_rejects_unknown_event_mask PASSED [ 63%]
importer/tests/test_retail_hud_apt_convert.py::test_clip_action_parser_rejects_key_code_without_key_press PASSED [ 63%]
importer/tests/test_retail_hud_apt_convert.py::test_geometry_parser_preserves_real_textured_uv_transform PASSED [ 63%]
importer/tests/test_retail_hud_apt_convert.py::test_timeline_reconstruction_preserves_cumulative_display_state PASSED [ 63%]
importer/tests/test_retail_hud_apt_convert.py::test_timeline_reconstruction_fails_closed_on_orphan_move PASSED [ 63%]
importer/tests/test_retail_hud_apt_convert.py::test_typed_action_subset_executes_exact_timeline_effects PASSED [ 63%]
importer/tests/test_retail_hud_apt_convert.py::test_typed_action_subset_rejects_stack_underflow PASSED [ 63%]
importer/tests/test_retail_hud_apt_convert.py::test_action_decoder_rejects_non_instruction_branch_target PASSED [ 63%]
importer/tests/test_retail_hud_apt_convert.py::test_action_decoder_rejects_unknown_opcode PASSED [ 63%]
importer/tests/test_retail_hud_apt_convert.py::test_vm_bytecode_contract_pins_exact_ranges_and_round_trips PASSED [ 63%]
importer/tests/test_retail_hud_apt_convert.py::test_vm_bytecode_contract_detects_tampered_source_bytes PASSED [ 63%]
importer/tests/test_retail_hud_apt_convert.py::test_vm_bytecode_blocked_program_carries_no_raw_bytes PASSED [ 63%]
importer/tests/test_retail_hud_apt_convert.py::test_vm_segment_ranges_cover_function_name_and_parameter_tables PASSED [ 63%]
importer/tests/test_retail_hud_apt_convert.py::test_private_retail_contract_is_deterministic_and_fail_closed PASSED [ 63%]
importer/tests/test_retail_hud_apt_convert.py::test_private_261_source_bundle_needs_no_planner_at_conversion_time PASSED [ 63%]
importer/tests/test_retail_hud_apt_profile.py::RetailHudAptProfileTests::test_exact_closure_composite_ids_and_fail_closed_semantics PASSED [ 63%]
importer/tests/test_retail_hud_apt_profile.py::RetailHudAptProfileTests::test_generated_import_profile_has_zero_missing_real_catalog_entries PASSED [ 63%]
importer/tests/test_retail_hud_apt_profile.py::RetailHudAptProfileTests::test_generation_is_deterministic_and_payload_free PASSED [ 63%]
importer/tests/test_retail_hud_apt_profile.py::RetailHudAptProfileTests::test_manifest_or_oracle_drift_is_rejected PASSED [ 63%]
importer/tests/test_retail_hud_external_attachment_oracle.py::test_attachment_scope_order_and_placement_are_exact_and_deterministic PASSED [ 63%]
importer/tests/test_retail_hud_external_attachment_oracle.py::test_source_defaults_lifecycle_and_flagged_null_remain_typed PASSED [ 63%]
importer/tests/test_retail_hud_external_attachment_oracle.py::test_wnd_companion_and_native_lifecycle_are_accounted_without_guessing PASSED [ 63%]
importer/tests/test_retail_hud_external_attachment_oracle.py::test_changed_authority_fails_closed PASSED [ 63%]
importer/tests/test_retail_hud_external_movies_oracle.py::test_movie_and_callback_closure_is_exact_and_deterministic PASSED [ 63%]
importer/tests/test_retail_hud_external_movies_oracle.py::test_exact_profile_delta_and_dependencies_are_accounted PASSED [ 63%]
importer/tests/test_retail_hud_external_movies_oracle.py::test_renderer_callbacks_have_exact_apt_and_retail_code_evidence PASSED [ 63%]
importer/tests/test_retail_hud_external_movies_oracle.py::test_integrated_delta_requires_exact_path_coverage_not_only_pattern_count PASSED [ 63%]
importer/tests/test_retail_hud_external_movies_oracle.py::test_integrated_delta_rejects_overlapping_substitute_glob PASSED [ 63%]
importer/tests/test_retail_hud_frame_selection.py::test_bounded_frame_table_decodes_label_place_and_action PASSED [ 63%]
importer/tests/test_retail_hud_frame_selection.py::test_bounded_frame_table_rejects_unknown_item_kind PASSED [ 63%]
importer/tests/test_retail_hud_frame_selection.py::test_script_range_requires_the_exact_digest PASSED [ 63%]
importer/tests/test_retail_hud_frame_selection.py::test_private_retail_selection_is_deterministic_and_fail_closed PASSED [ 63%]
importer/tests/test_retail_hud_host_bridge_oracle.py::test_exact_bridge_contract_is_deterministic_and_complete PASSED [ 63%]
importer/tests/test_retail_hud_host_bridge_oracle.py::test_clip_events_and_wnd_callbacks_are_individually_accounted PASSED [ 64%]
importer/tests/test_retail_hud_host_bridge_oracle.py::test_changed_actionscript_identity_fails_closed PASSED [ 64%]
importer/tests/test_retail_hud_libingameui_action_oracle.py::test_contract_is_deterministic_and_classifies_the_program_exactly PASSED [ 64%]
importer/tests/test_retail_hud_libingameui_action_oracle.py::test_local_function_bodies_branches_and_order_are_exact PASSED [ 64%]
importer/tests/test_retail_hud_libingameui_action_oracle.py::test_parent_callbacks_placement_and_native_identities_are_closed PASSED [ 64%]
importer/tests/test_retail_hud_libingameui_action_oracle.py::test_decision_is_safe_static_metadata_not_runtime_support PASSED [ 64%]
importer/tests/test_retail_hud_libingameui_action_oracle.py::test_output_is_byte_deterministic_and_payload_free PASSED [ 64%]
importer/tests/test_retail_hud_libingameui_action_oracle.py::test_changed_retail_source_and_game_dat_fail_closed PASSED [ 64%]
importer/tests/test_retail_hud_libingameui_action_oracle.py::test_output_cannot_escape_private_workspace PASSED [ 64%]
importer/tests/test_retail_hud_libingameui_content_oracle.py::test_contract_is_deterministic_and_closes_the_current_scope PASSED [ 64%]
importer/tests/test_retail_hud_libingameui_content_oracle.py::test_exact_export_allowlist_is_one_retail_command_button PASSED [ 64%]
importer/tests/test_retail_hud_libingameui_content_oracle.py::test_authored_and_native_producers_are_classified_exactly PASSED [ 64%]
importer/tests/test_retail_hud_libingameui_content_oracle.py::test_side_and_palantir_are_the_only_current_consumers PASSED [ 64%]
importer/tests/test_retail_hud_libingameui_content_oracle.py::test_undefined_is_noop_and_only_runtime_export_binding_remains PASSED [ 64%]
importer/tests/test_retail_hud_libingameui_content_oracle.py::test_output_is_byte_deterministic_payload_free_and_private PASSED [ 64%]
importer/tests/test_retail_hud_libingameui_content_oracle.py::test_changed_retail_source_and_game_dat_fail_closed PASSED [ 64%]
importer/tests/test_retail_hud_live_text_oracle.py::test_resources_exact_negative_fallback PASSED [ 64%]
importer/tests/test_retail_hud_live_text_oracle.py::test_command_points_exact_two_one_and_blank_branches PASSED [ 64%]
importer/tests/test_retail_hud_live_text_oracle.py::test_multiplier_exact_one_is_hidden_and_other_values_use_percent_g PASSED [ 64%]
importer/tests/test_retail_hud_men_fords_reachability_oracle.py::test_oracle_is_deterministic_and_deletes_only_the_closed_research_blocker SKIPPED [ 64%]
importer/tests/test_retail_hud_men_fords_reachability_oracle.py::test_palantir_routes_preserve_exact_priority_and_all_four_variants SKIPPED [ 64%]
importer/tests/test_retail_hud_men_fords_reachability_oracle.py::test_side_fade_in_is_selection_reachable_but_not_load_mandatory SKIPPED [ 64%]
importer/tests/test_retail_hud_men_fords_reachability_oracle.py::test_side_fade_in_math_and_completion_are_exact SKIPPED [ 64%]
importer/tests/test_retail_hud_men_fords_reachability_oracle.py::test_declared_roster_and_typed_selection_predicate_are_closed SKIPPED [ 64%]
importer/tests/test_retail_hud_men_fords_reachability_oracle.py::test_native_validation_fails_closed_on_in_memory_mutation SKIPPED [ 64%]
importer/tests/test_retail_hud_palantir_command_oracle.py::test_command_oracle_is_deterministic_and_classifies_registration_only PASSED [ 64%]
importer/tests/test_retail_hud_palantir_command_oracle.py::test_skill_upgrade_and_button_method_semantics_are_exact PASSED [ 64%]
importer/tests/test_retail_hud_palantir_command_oracle.py::test_lifecycle_reachability_order_and_native_registry_are_sealed PASSED [ 64%]
importer/tests/test_retail_hud_palantir_command_oracle.py::test_remaining_gates_are_minimal_and_specific PASSED [ 64%]
importer/tests/test_retail_hud_palantir_command_oracle.py::test_oracle_output_is_byte_deterministic PASSED [ 64%]
importer/tests/test_retail_hud_palantir_command_oracle.py::test_changed_source_and_native_identity_fail_closed PASSED [ 64%]
importer/tests/test_retail_hud_resource_flash_oracle.py::test_contract_is_payload_free_deterministic_and_exact PASSED [ 64%]
importer/tests/test_retail_hud_resource_flash_oracle.py::test_exact_typed_visual_and_audio_path_is_retained PASSED [ 64%]
importer/tests/test_retail_hud_resource_flash_oracle.py::test_replay_is_exact_and_only_mixer_overlap_remains_dynamic PASSED [ 64%]
importer/tests/test_retail_hud_resource_flash_oracle.py::test_changed_script_operand_fails_closed PASSED [ 64%]
importer/tests/test_retail_hud_side_command_oracle.py::test_exact_side_command_contract_is_deterministic_and_complete PASSED [ 64%]
importer/tests/test_retail_hud_side_command_oracle.py::test_typed_topology_and_authored_call_order_are_exact PASSED [ 65%]
importer/tests/test_retail_hud_side_command_oracle.py::test_native_evidence_closes_the_two_runtime_questions PASSED [ 65%]
importer/tests/test_retail_hud_side_command_oracle.py::test_changed_retail_identity_fails_closed PASSED [ 65%]
importer/tests/test_retail_hud_side_command_oracle.py::test_changed_game_dat_identity_fails_closed PASSED [ 65%]
importer/tests/test_retail_hud_text_raster_oracle.py::test_contract_is_exact_payload_free_and_deterministic PASSED [ 65%]
importer/tests/test_retail_hud_text_raster_oracle.py::test_exact_text_layout_and_external_albertus_binding_are_sealed PASSED [ 65%]
importer/tests/test_retail_hud_text_raster_oracle.py::test_retail_code_evidence_and_fail_closed_policy_are_sealed PASSED [ 65%]
importer/tests/test_retail_hud_text_raster_oracle.py::test_wrong_retail_identity_fails_before_emitting_a_contract PASSED [ 65%]
importer/tests/test_retail_hud_timeline_playback_oracle.py::test_exact_timeline_playback_census_is_deterministic PASSED [ 65%]
importer/tests/test_retail_hud_timeline_playback_oracle.py::test_exact_initial_control_and_goto_targets_are_retained PASSED [ 65%]
importer/tests/test_retail_hud_timeline_playback_oracle.py::test_source_order_is_exact_but_runtime_phase_is_not_invented PASSED [ 65%]
importer/tests/test_retail_hud_timeline_playback_oracle.py::test_changed_timeline_frame_fails_closed PASSED [ 65%]
importer/tests/test_retail_hud_wnd_activation_oracle.py::test_activation_contract_is_exact_and_deterministic PASSED [ 65%]
importer/tests/test_retail_hud_wnd_activation_oracle.py::test_same_retail_init_routes_to_wnd_and_apt PASSED [ 65%]
importer/tests/test_retail_hud_wnd_activation_oracle.py::test_wnd_callbacks_and_resizer_controls_remain_live_dependencies PASSED [ 65%]
importer/tests/test_retail_hud_wnd_builtin_oracle.py::test_builtin_contract_is_exact_deterministic_and_stays_blocked PASSED [ 65%]
importer/tests/test_retail_hud_wnd_builtin_oracle.py::test_exact_slots_bindings_and_runtime_recipes_are_sealed PASSED [ 65%]
importer/tests/test_retail_hud_wnd_builtin_oracle.py::test_registry_absence_and_default_draw_candidate_are_not_overclaimed PASSED [ 65%]
importer/tests/test_retail_hud_wnd_callback_oracle.py::test_callback_contract_is_exact_and_deterministic PASSED [ 65%]
importer/tests/test_retail_hud_wnd_callback_oracle.py::test_exact_handlers_and_unresolved_builtins_are_separated PASSED [ 65%]
importer/tests/test_retail_hud_wnd_callback_oracle.py::test_every_callback_retains_controls_messages_interface_and_trace PASSED [ 65%]
importer/tests/test_retail_hud_wnd_draw_semantics.py::test_draw_contract_is_exact_and_deterministic PASSED [ 65%]
importer/tests/test_retail_hud_wnd_draw_semantics.py::test_no_draw_is_exact_single_byte_noop PASSED [ 65%]
importer/tests/test_retail_hud_wnd_draw_semantics.py::test_every_draw_has_controls_typed_order_and_fail_closed_policy PASSED [ 65%]
importer/tests/test_retail_hud_wnd_message_semantics.py::test_contract_is_exact_and_deterministic PASSED [ 65%]
importer/tests/test_retail_hud_wnd_message_semantics.py::test_exact_return_contracts_are_retained PASSED [ 65%]
importer/tests/test_retail_hud_wnd_message_semantics.py::test_large_handlers_fail_closed_on_opaque_aliases PASSED [ 65%]
importer/tests/test_retail_ini_coverage.py::test_collect_document_surface_keeps_every_top_level_and_nested_field PASSED [ 65%]
importer/tests/test_retail_ini_coverage.py::test_script_terminator_is_accounted_as_syntax_not_a_nested_feature PASSED [ 65%]
importer/tests/test_retail_ini_coverage.py::test_feature_categories_cover_requested_high_risk_lanes PASSED [ 65%]
importer/tests/test_retail_ini_coverage.py::test_evidence_status_never_promotes_mentions_to_functional_parity PASSED [ 65%]
importer/tests/test_retail_ini_coverage.py::test_object_ledger_does_not_call_neutral_props_mobs PASSED [ 65%]
importer/tests/test_retail_ini_coverage.py::test_object_family_categories_follow_inherited_side_and_kindof PASSED [ 65%]
importer/tests/test_retail_ini_coverage.py::test_gdscript_string_index_does_not_lose_literals_after_comment_quote PASSED [ 65%]
importer/tests/test_retail_ini_coverage.py::test_neutral_mob_predicate_is_shared_and_fail_closed_for_side_only PASSED [ 65%]
importer/tests/test_retail_ini_coverage.py::test_neutral_mob_category_is_bound_to_exact_object_sites_not_neutral_words PASSED [ 65%]
importer/tests/test_retail_ini_coverage.py::test_object_hero_and_ship_categories_are_family_bound_not_field_words PASSED [ 65%]
importer/tests/test_retail_ini_coverage.py::test_hero_family_predicate_matches_kind_and_hero_owned_context PASSED [ 66%]
importer/tests/test_retail_ini_coverage.py::test_module_runtime_symbols_require_consumer_action_and_exact_stem PASSED [ 66%]
importer/tests/test_retail_ini_coverage.py::test_gdscript_unquote_preserves_unknown_escapes_and_unicode PASSED [ 66%]
importer/tests/test_retail_ini_coverage.py::test_asset_denominator_counts_only_catalog_proven_physical_members PASSED [ 66%]
importer/tests/test_retail_ini_coverage.py::test_drawable_script_aliases_promote_only_executable_operations FAILED [ 66%]
importer/tests/test_retail_ini_coverage.py::test_selected_descriptor_evidence_is_scoped_by_retail_edition PASSED [ 66%]
importer/tests/test_retail_ini_coverage.py::test_descriptor_coverage_requires_every_exact_source_site PASSED [ 66%]
importer/tests/test_retail_ini_coverage.py::test_unmapped_csv_exposes_exact_site_and_evidence_columns PASSED [ 66%]
importer/tests/test_retail_ini_coverage.py::test_completion_summary_counts_exact_sites_not_only_signatures PASSED [ 66%]
importer/tests/test_retail_ini_coverage.py::test_completion_markdown_exposes_every_non_conflated_denominator PASSED [ 66%]
importer/tests/test_retail_ini_coverage.py::test_summary_labels_authored_and_effective_ship_denominators PASSED [ 66%]
importer/tests/test_retail_men_damage_audio.py::RetailMenDamageAudioTests::test_composes_deterministically_and_proposes_only_envelopes PASSED [ 66%]
importer/tests/test_retail_men_damage_audio.py::RetailMenDamageAudioTests::test_duplicate_effective_definition_fails_closed_in_contract PASSED [ 66%]
importer/tests/test_retail_men_damage_audio.py::RetailMenDamageAudioTests::test_exact_byte_spans_and_duplicate_fields_are_retained PASSED [ 66%]
importer/tests/test_retail_men_damage_effects.py::FxListParserTests::test_preserves_top_level_assignments_sections_and_nested_edges PASSED [ 66%]
importer/tests/test_retail_men_damage_effects.py::FxListParserTests::test_rejects_duplicate_fx_list_names_case_insensitively PASSED [ 66%]
importer/tests/test_retail_men_damage_effects.py::PrivateMenDamageEffectsTests::test_accounts_for_all_authored_bindings_and_state_blocks PASSED [ 66%]
importer/tests/test_retail_men_damage_effects.py::PrivateMenDamageEffectsTests::test_definition_provenance_and_control_fields_are_exact PASSED [ 66%]
importer/tests/test_retail_men_damage_effects.py::PrivateMenDamageEffectsTests::test_integrated_profile_now_owns_the_sealed_delta PASSED [ 66%]
importer/tests/test_retail_men_damage_effects.py::PrivateMenDamageEffectsTests::test_profile_fragment_is_minimal_and_writes_byte_identically PASSED [ 66%]
importer/tests/test_retail_men_damage_effects.py::PrivateMenDamageEffectsTests::test_proven_fx_manager_family_propagates_to_new_damage_duplicates PASSED [ 66%]
importer/tests/test_retail_men_damage_effects.py::PrivateMenDamageEffectsTests::test_seals_exact_render_leaves_and_profile_delta PASSED [ 66%]
importer/tests/test_retail_men_damage_effects.py::PrivateMenDamageEffectsTests::test_seals_full_fx_and_particle_definition_closure PASSED [ 66%]
importer/tests/test_retail_neutral_lifecycle_profile.py::RetailNeutralLifecycleProfileTests::test_census_source_and_no_render_tampering_fail_closed PASSED [ 66%]
importer/tests/test_retail_neutral_lifecycle_profile.py::RetailNeutralLifecycleProfileTests::test_current_scanner_secondary_rows_without_warnings_validate PASSED [ 66%]
importer/tests/test_retail_neutral_lifecycle_profile.py::RetailNeutralLifecycleProfileTests::test_exact_plan_is_deterministic_bounded_and_importprofile_valid PASSED [ 66%]
importer/tests/test_retail_neutral_lifecycle_profile.py::RetailNeutralLifecycleProfileTests::test_helpers_write_verified_plan_and_reject_resealed_plan_tamper PASSED [ 66%]
importer/tests/test_retail_no_motion_prop_profile.py::RetailNoMotionPropProfileTests::test_build_is_deterministic_for_identical_source_evidence PASSED [ 66%]
importer/tests/test_retail_no_motion_prop_profile.py::RetailNoMotionPropProfileTests::test_exact_header_only_model_builds_two_resource_fragment PASSED [ 66%]
importer/tests/test_retail_no_motion_prop_profile.py::RetailNoMotionPropProfileTests::test_generated_profile_rejects_resealed_wrong_resource_count PASSED [ 66%]
importer/tests/test_retail_no_motion_prop_profile.py::RetailNoMotionPropProfileTests::test_source_digest_mismatch_fails_before_transform PASSED [ 66%]
importer/tests/test_retail_no_motion_prop_profile.py::RetailNoMotionPropProfileTests::test_upstream_handoff_is_exact_and_rejects_reclassified_target PASSED [ 66%]
importer/tests/test_retail_no_motion_prop_profile.py::RetailNoMotionPropProfileTests::test_wrong_header_timing_cannot_be_admitted PASSED [ 66%]
importer/tests/test_retail_particle_profile.py::RetailParticleProfileTests::test_declared_census_digest_is_authoritative PASSED [ 66%]
importer/tests/test_retail_particle_profile.py::RetailParticleProfileTests::test_exact_closure_generates_27_resource_profile_and_bindings PASSED [ 66%]
importer/tests/test_retail_particle_profile.py::RetailParticleProfileTests::test_generated_profile_parses_and_carries_private_runtime_fragment PASSED [ 66%]
importer/tests/test_retail_particle_profile.py::RetailParticleProfileTests::test_missing_family_is_not_silently_collapsed PASSED [ 67%]
importer/tests/test_retail_particle_profile.py::RetailParticleProfileTests::test_oracle_claim_downgrade_fails_closed PASSED [ 67%]
importer/tests/test_retail_particle_profile.py::RetailParticleProfileTests::test_oracle_selects_effective_fx_runtime_family_for_all_duplicates PASSED [ 67%]
importer/tests/test_retail_particle_profile.py::RetailParticleProfileTests::test_private_tree_byte_drift_fails_manifest_bound_read PASSED [ 67%]
importer/tests/test_retail_particle_profile.py::RetailParticleProfileTests::test_resealed_definition_span_mutation_still_fails_closed PASSED [ 67%]
importer/tests/test_retail_particle_profile.py::RetailParticleProfileTests::test_resealed_fx_list_count_mutation_fails_source_recount PASSED [ 67%]
importer/tests/test_retail_road_profile.py::RetailRoadProfileTests::test_ids_are_preserved_unless_explicitly_changed PASSED [ 67%]
importer/tests/test_retail_road_profile.py::RetailRoadProfileTests::test_ids_paths_widths_and_source_facts_fail_closed 
importer/tests/test_retail_road_profile.py::RetailRoadProfileTests::test_ids_paths_widths_and_source_facts_fail_closed PASSED [ 67%]
importer/tests/test_retail_road_profile.py::RetailRoadProfileTests::test_output_resource_runtime_and_expected_id_collisions_fail_closed 
importer/tests/test_retail_road_profile.py::RetailRoadProfileTests::test_output_resource_runtime_and_expected_id_collisions_fail_closed PASSED [ 67%]
importer/tests/test_retail_road_profile.py::RetailRoadProfileTests::test_real_shaped_fords_profile_is_deterministic_complete_and_valid PASSED [ 67%]
importer/tests/test_retail_road_profile.py::RetailRoadProfileTests::test_schema_digest_count_and_gap_inconsistencies_fail_closed 
importer/tests/test_retail_road_profile.py::RetailRoadProfileTests::test_schema_digest_count_and_gap_inconsistencies_fail_closed PASSED [ 67%]
importer/tests/test_retail_road_profile.py::RetailRoadProfileTests::test_shared_exact_dds_gets_one_resource_without_losing_road_records PASSED [ 67%]
importer/tests/test_retail_shell_apt.py::test_import_bound_admits_the_shell_movie PASSED [ 67%]
importer/tests/test_retail_shell_apt.py::test_shell_symbol_with_trailing_space_parses PASSED [ 67%]
importer/tests/test_retail_shell_apt.py::test_movie_name_stays_strict_even_though_symbols_relax PASSED [ 67%]
importer/tests/test_retail_shell_apt.py::test_closure_and_layer_identities_are_sealed PASSED [ 67%]
importer/tests/test_retail_shell_apt.py::test_converter_is_registered_for_profiles_and_pipeline PASSED [ 67%]
importer/tests/test_retail_shell_apt.py::test_out_of_closure_source_is_rejected PASSED [ 67%]
importer/tests/test_retail_shell_apt.py::test_movie_of_maps_every_closure_shape PASSED [ 67%]
importer/tests/test_retail_shell_apt.py::test_profile_resource_shape_is_the_bundle_contract PASSED [ 67%]
importer/tests/test_retail_shell_apt.py::test_shell_source_closure_matches_the_sealed_identity PASSED [ 67%]
importer/tests/test_retail_shell_apt.py::test_plan_seals_the_closure_and_validates_against_the_catalog PASSED [ 67%]
importer/tests/test_retail_shell_apt.py::test_conversion_produces_the_bounded_retail_draw_contract PASSED [ 67%]
importer/tests/test_retail_shell_apt.py::test_conversion_is_deterministic PASSED [ 67%]
importer/tests/test_retail_shell_apt.py::test_changed_source_aggregate_fails_closed PASSED [ 67%]
importer/tests/test_retail_shell_apt.py::test_non_empty_output_directory_fails_closed PASSED [ 67%]
importer/tests/test_retail_shell_apt.py::test_incomplete_closure_fails_closed PASSED [ 67%]
importer/tests/test_retail_slice_profile.py::RetailSliceProfileTests::test_declared_output_collisions_are_rejected_case_insensitively PASSED [ 67%]
importer/tests/test_retail_slice_profile.py::RetailSliceProfileTests::test_distinct_patterns_cannot_own_the_same_catalog_entry PASSED [ 67%]
importer/tests/test_retail_slice_profile.py::RetailSliceProfileTests::test_exact_composition_is_deterministic_and_importable PASSED [ 67%]
importer/tests/test_retail_slice_profile.py::RetailSliceProfileTests::test_pruning_rejects_a_changed_exact_source_contract PASSED [ 67%]
importer/tests/test_retail_strategic_apt_convert.py::test_screen_closure_is_the_complete_war_of_the_ring_set PASSED [ 67%]
importer/tests/test_retail_strategic_apt_convert.py::test_movie_of_maps_every_closure_shape PASSED [ 67%]
importer/tests/test_retail_strategic_apt_convert.py::test_out_of_closure_source_is_rejected PASSED [ 67%]
importer/tests/test_retail_strategic_apt_convert.py::test_named_gaps_stay_honest_and_named PASSED [ 67%]
importer/tests/test_retail_strategic_apt_convert.py::test_flagged_null_clip_action_registration_is_fail_closed PASSED [ 67%]
importer/tests/test_retail_strategic_apt_convert.py::test_embedded_font_family_reads_the_authored_name_table PASSED [ 67%]
importer/tests/test_retail_strategic_apt_convert.py::test_only_albertus_has_a_proven_apt_binding PASSED [ 68%]
importer/tests/test_retail_strategic_apt_convert.py::test_font_rows_fail_closed_on_digest_or_family_drift PASSED [ 68%]
importer/tests/test_retail_strategic_apt_convert.py::test_synthetic_place_rows_preserve_the_exact_cumulative_state PASSED [ 68%]
importer/tests/test_retail_strategic_apt_convert.py::test_compact_timeline_summarises_offsets_without_losing_identity PASSED [ 68%]
importer/tests/test_retail_strategic_apt_convert.py::test_strategic_source_closure_matches_the_sealed_identity PASSED [ 68%]
importer/tests/test_retail_strategic_apt_convert.py::test_plan_seals_the_closure_and_validates_against_the_catalog PASSED [ 68%]
importer/tests/test_retail_strategic_apt_convert.py::test_bfme2_view_is_refused_by_the_planner PASSED [ 68%]
importer/tests/test_retail_strategic_apt_convert.py::test_a_bfme2_catalog_cannot_serve_the_rotwk_lane PASSED [ 68%]
importer/tests/test_retail_strategic_apt_convert.py::test_conversion_produces_the_bounded_strategic_bundle PASSED [ 68%]
importer/tests/test_retail_strategic_apt_convert.py::test_conversion_is_deterministic PASSED [ 68%]
importer/tests/test_retail_strategic_apt_convert.py::test_changed_source_aggregate_fails_closed PASSED [ 68%]
importer/tests/test_retail_strategic_apt_convert.py::test_non_empty_output_directory_fails_closed PASSED [ 68%]
importer/tests/test_retail_strategic_apt_convert.py::test_incomplete_closure_fails_closed PASSED [ 68%]
importer/tests/test_retail_unit_rules.py::test_shroud_clearing_range_is_compiled_separately_from_vision[bfme2-1.06-corpus0] PASSED [ 68%]
importer/tests/test_retail_unit_rules.py::test_shroud_clearing_range_is_compiled_separately_from_vision[rotwk-corpus1] PASSED [ 68%]
importer/tests/test_retail_unit_rules.py::test_at_least_one_retail_corpus_is_available_for_shroud_gating PASSED [ 68%]
importer/tests/test_retail_unit_rules.py::test_base_profile_declares_one_retail_unit_rule_bundle_and_source_closure PASSED [ 68%]
importer/tests/test_retail_unit_rules.py::test_effective_bfme2_106_rules_are_exact_and_provenanced PASSED [ 68%]
importer/tests/test_retail_unit_rules.py::test_effective_ranger_rules_preserve_core_combat_and_defer_long_shot PASSED [ 68%]
importer/tests/test_retail_visual_closure.py::RetailVisualClosureTests::test_ambiguous_definitions_fail_closed PASSED [ 68%]
importer/tests/test_retail_visual_closure.py::RetailVisualClosureTests::test_animation_header_adds_exact_hierarchy_to_read_boundary PASSED [ 68%]
importer/tests/test_retail_visual_closure.py::RetailVisualClosureTests::test_arbitrary_72_object_prop_batch_needs_no_model_payload_reads PASSED [ 68%]
importer/tests/test_retail_visual_closure.py::RetailVisualClosureTests::test_bounds_and_unsafe_inputs_are_rejected_before_model_reads PASSED [ 68%]
importer/tests/test_retail_visual_closure.py::RetailVisualClosureTests::test_cli_parser_exposes_repeatable_object_targets PASSED [ 68%]
importer/tests/test_retail_visual_closure.py::RetailVisualClosureTests::test_exact_closure_targeted_header_scan_and_deterministic_hash PASSED [ 68%]
importer/tests/test_retail_visual_closure.py::RetailVisualClosureTests::test_model_hlod_reference_adds_exact_hierarchy_to_read_boundary PASSED [ 68%]
importer/tests/test_retail_visual_closure.py::RetailVisualClosureTests::test_non_string_texture_property_is_rejected_fail_closed PASSED [ 68%]
importer/tests/test_retail_visual_closure.py::RetailVisualClosureTests::test_object_assignment_is_not_misclassified_as_a_declaration PASSED [ 68%]
importer/tests/test_retail_visual_closure.py::RetailVisualClosureTests::test_resolved_model_w3d_embedded_texture_closure_fails_closed PASSED [ 68%]
importer/tests/test_retail_visual_closure.py::RetailVisualClosureTests::test_retail_padding_in_w3d_header_ids_is_trimmed_deterministically PASSED [ 68%]
importer/tests/test_retail_visual_closure.py::RetailVisualClosureTests::test_shader_material_missing_and_ambiguous_textures_fail_closed PASSED [ 68%]
importer/tests/test_retail_visual_closure.py::RetailVisualClosureTests::test_shader_material_texture_properties_join_embedded_closure PASSED [ 68%]
importer/tests/test_retail_visual_closure.py::RetailVisualClosureTests::test_unrelated_map_local_override_does_not_ambiguate_base_object PASSED [ 68%]
importer/tests/test_retail_visual_profile.py::RetailVisualProfileTests::test_file_helpers_load_build_and_write_verified_plan PASSED [ 68%]
importer/tests/test_retail_visual_profile.py::RetailVisualProfileTests::test_profile_fragment_satisfies_import_profile_contract PASSED [ 68%]
importer/tests/test_retail_visual_profile.py::RetailVisualProfileTests::test_rejects_duplicate_case_ambiguous_ids_and_paths PASSED [ 68%]
importer/tests/test_retail_visual_profile.py::RetailVisualProfileTests::test_rejects_report_and_nested_dependency_digest_mismatches PASSED [ 69%]
importer/tests/test_retail_visual_profile.py::RetailVisualProfileTests::test_rejects_schema_and_recalculated_summary_inconsistencies PASSED [ 69%]
importer/tests/test_retail_visual_profile.py::RetailVisualProfileTests::test_rejects_unsafe_paths_and_source_hash_disagreement PASSED [ 69%]
importer/tests/test_retail_visual_profile.py::RetailVisualProfileTests::test_scanner_warning_and_headers_fail_closed_with_reasons PASSED [ 69%]
importer/tests/test_retail_visual_profile.py::RetailVisualProfileTests::test_shared_static_w3d_is_converted_once_with_exact_bindings PASSED [ 69%]
importer/tests/test_retail_visual_profile.py::RetailVisualProfileTests::test_unrelated_animation_gap_only_excludes_affected_target PASSED [ 69%]
importer/tests/test_retail_visual_profile.py::RetailVisualProfileTests::test_unresolved_embedded_texture_candidate_is_never_substituted PASSED [ 69%]
importer/tests/test_ring_system_compiler.py::test_compiles_complete_ring_contract_from_synthetic_effective_ini PASSED [ 69%]
importer/tests/test_ring_system_compiler.py::test_ring_filter_preserves_any_vs_none_mode PASSED [ 69%]
importer/tests/test_ring_system_compiler.py::test_delivery_upgrades_routes_heroes_and_system_are_source_backed PASSED [ 69%]
importer/tests/test_ring_system_compiler.py::test_art_plan_is_exact_and_marks_authored_conditional_hero_model_required PASSED [ 69%]
importer/tests/test_ring_system_compiler.py::test_gollum_plan_stages_compiled_payload_for_authored_w3d_texture PASSED [ 69%]
importer/tests/test_ring_system_compiler.py::test_descriptor_and_runtime_are_separate_sealed_schemas PASSED [ 69%]
importer/tests/test_ring_system_compiler.py::test_modded_ring_hero_reference_fails_closed_when_object_is_missing PASSED [ 69%]
importer/tests/test_ring_system_compiler.py::test_compile_ring_system_cli_writes_descriptor_and_runtime PASSED [ 69%]
importer/tests/test_ring_system_compiler.py::test_ring_compiler_fails_closed_on_semantic_drift[data/ini/armor.ini-HERO 500%-HERO 400%-GollumArmor HERO] PASSED [ 69%]
importer/tests/test_ring_system_compiler.py::test_ring_compiler_fails_closed_on_semantic_drift[data/ini/commandbutton.ini-Upgrade_RingHero Upgrade_FortressRingHero-Upgrade_RingHero-NeededUpgrade] PASSED [ 69%]
importer/tests/test_ring_system_compiler.py::test_ring_compiler_fails_closed_on_semantic_drift[data/ini/playertemplate.ini-BuildableRingHeroesMP-RenamedRingHeroes-BuildableRingHeroesMP] PASSED [ 69%]
importer/tests/test_rotwk_content_baseline.py::DefaultEditionTests::test_bfme2_remains_reachable_on_every_game_bearing_command 
importer/tests/test_rotwk_content_baseline.py::DefaultEditionTests::test_bfme2_remains_reachable_on_every_game_bearing_command PASSED [ 69%]
importer/tests/test_rotwk_content_baseline.py::DefaultEditionTests::test_every_game_bearing_command_defaults_to_rotwk 
importer/tests/test_rotwk_content_baseline.py::DefaultEditionTests::test_every_game_bearing_command_defaults_to_rotwk PASSED [ 69%]
importer/tests/test_rotwk_content_baseline.py::DefaultEditionTests::test_unqualified_invocation_selects_the_rotwk_catalog_file PASSED [ 69%]
importer/tests/test_rotwk_content_baseline.py::CatalogProvenanceReasonTests::test_a_bfme2_only_tree_is_rejected_as_rotwk PASSED [ 69%]
importer/tests/test_rotwk_content_baseline.py::CatalogProvenanceReasonTests::test_an_unpatched_tree_is_accepted_rather_than_false_positived PASSED [ 69%]
importer/tests/test_rotwk_content_baseline.py::CatalogProvenanceReasonTests::test_bfme2_evidence_is_accepted_and_never_rejected_by_layering PASSED [ 69%]
importer/tests/test_rotwk_content_baseline.py::CatalogProvenanceReasonTests::test_rotwk_evidence_accepts_a_layered_install_tree PASSED [ 69%]
importer/tests/test_rotwk_content_baseline.py::FailClosedProducerTests::test_a_bfme2_catalog_offered_as_rotwk_fails_closed PASSED [ 69%]
importer/tests/test_rotwk_content_baseline.py::FailClosedProducerTests::test_a_freshly_built_catalog_from_the_wrong_install_fails_closed PASSED [ 69%]
importer/tests/test_rotwk_content_baseline.py::FailClosedProducerTests::test_a_malformed_catalog_fails_closed_instead_of_rebuilding PASSED [ 69%]
importer/tests/test_rotwk_content_baseline.py::FailClosedProducerTests::test_a_rotwk_catalog_is_accepted_as_rotwk PASSED [ 69%]
importer/tests/test_rotwk_content_baseline.py::StructuredDiagnosticTests::test_json_mode_emits_the_structured_diagnostic_not_a_bare_string PASSED [ 69%]
importer/tests/test_rotwk_eva_oracle.py::test_high_traffic_eva_event_has_all_seven_faction_sounds[CannotBuildDueToCPLimit] PASSED [ 69%]
importer/tests/test_rotwk_eva_oracle.py::test_high_traffic_eva_event_has_all_seven_faction_sounds[CannotBuildDueToFunds] PASSED [ 69%]
importer/tests/test_rotwk_eva_oracle.py::test_high_traffic_eva_event_has_all_seven_faction_sounds[UnitUnderAttack] PASSED [ 69%]
importer/tests/test_rotwk_eva_oracle.py::test_high_traffic_eva_event_has_all_seven_faction_sounds[StructureUnderAttack] PASSED [ 69%]
importer/tests/test_rotwk_eva_oracle.py::test_high_traffic_eva_event_has_all_seven_faction_sounds[CampDestroyed] PASSED [ 69%]
importer/tests/test_rotwk_eva_oracle.py::test_high_traffic_eva_event_has_all_seven_faction_sounds[DiscoveredRing] PASSED [ 69%]
importer/tests/test_rotwk_eva_oracle.py::test_high_traffic_eva_event_has_all_seven_faction_sounds[LocalPlayerGainsRing] PASSED [ 69%]
importer/tests/test_rotwk_eva_oracle.py::test_high_traffic_eva_event_has_all_seven_faction_sounds[AlliedPlayerGainsRing] PASSED [ 70%]
importer/tests/test_rotwk_eva_oracle.py::test_high_traffic_eva_event_has_all_seven_faction_sounds[EnemyPlayerGainsRing] PASSED [ 70%]
importer/tests/test_rotwk_eva_oracle.py::test_high_traffic_eva_event_has_all_seven_faction_sounds[LocalPlayerLosesRing] PASSED [ 70%]
importer/tests/test_rotwk_eva_oracle.py::test_high_traffic_eva_event_has_all_seven_faction_sounds[RingPickedUpLocal] PASSED [ 70%]
importer/tests/test_rotwk_eva_oracle.py::test_high_traffic_eva_event_has_all_seven_faction_sounds[RingPickedUpEnemy] PASSED [ 70%]
importer/tests/test_rotwk_eva_oracle.py::test_high_traffic_eva_event_has_all_seven_faction_sounds[UpgradeBannerCarrierTechnologyReady] PASSED [ 70%]
importer/tests/test_rotwk_eva_oracle.py::test_high_traffic_eva_event_has_all_seven_faction_sounds[UpgradeFlameArrowsReady] PASSED [ 70%]
importer/tests/test_rotwk_eva_oracle.py::test_high_traffic_eva_event_has_all_seven_faction_sounds[UpgradeForgedBladesReady] PASSED [ 70%]
importer/tests/test_rotwk_eva_oracle.py::test_pure_rotwk_has_no_generic_unit_lost_announcer_event PASSED [ 70%]
importer/tests/test_rotwk_eva_oracle.py::test_heavy_armor_ready_has_only_the_five_authored_faction_sounds PASSED [ 70%]
importer/tests/test_rotwk_eva_oracle.py::test_economic_plot_loss_is_authored_silent_not_substituted PASSED [ 70%]
importer/tests/test_rotwk_eva_oracle.py::test_compiles_exact_retail_cooldown_and_priority_values PASSED [ 70%]
importer/tests/test_rotwk_eva_oracle.py::test_compiles_other_eva_events_to_block_from_oracle_bytes PASSED [ 70%]
importer/tests/test_rotwk_eva_oracle.py::test_compiles_home_base_jump_and_delay_fields_from_oracle_bytes PASSED [ 70%]
importer/tests/test_rotwk_eva_oracle.py::test_suppression_field_counts_match_a_from_bytes_census PASSED [ 70%]
importer/tests/test_rotwk_faction_convert_batch.py::test_effective_assets_uses_the_owner_selected_pure_retail_oracle PASSED [ 70%]
importer/tests/test_rotwk_faction_convert_batch.py::test_effective_assets_does_not_fall_back_to_the_quarantined_layered_tree PASSED [ 70%]
importer/tests/test_rotwk_faction_pack_proof.py::test_coverage_waiver_does_not_forward_pack_waiver PASSED [ 70%]
importer/tests/test_rotwk_faction_pack_proof.py::test_explicit_pack_waiver_is_forwarded PASSED [ 70%]
importer/tests/test_rotwk_faction_pack_proof.py::test_rotwk_men_pack_id_cannot_inherit_bfme2_host_identity PASSED [ 70%]
importer/tests/test_rotwk_full_content.py::test_convert_batch_check_reports_when_coverage_waiver_is_needed PASSED [ 70%]
importer/tests/test_rotwk_full_content.py::test_convert_batch_check_rejects_hard_failure_even_on_exit_three PASSED [ 70%]
importer/tests/test_rotwk_full_content.py::test_clean_convert_needs_no_waiver PASSED [ 70%]
importer/tests/test_rotwk_full_content.py::test_select_existing_composes_seven_serial_receipts_and_ten_maps PASSED [ 70%]
importer/tests/test_rotwk_full_content.py::test_select_existing_rejects_nonready_serial_receipt PASSED [ 70%]
importer/tests/test_rotwk_map_cook_corpus.py::test_map_slug_keeps_kind_tokens_to_avoid_collisions PASSED [ 70%]
importer/tests/test_rotwk_map_cook_corpus.py::test_starts_share_component_detects_connected_and_split PASSED [ 70%]
importer/tests/test_rotwk_map_cook_corpus.py::test_tool_module_exports_main PASSED [ 70%]
importer/tests/test_rotwk_map_cook_corpus.py::test_constrain_output_rejects_public_paths PASSED [ 70%]
importer/tests/test_rotwk_map_cook_corpus.py::test_fatal_and_nonfatal_verdict_sets_disjoint PASSED [ 70%]
importer/tests/test_rotwk_mordor_voice_oracle.py::test_mordor_goblin_voice_bindings_are_normalized_from_pure_rotwk_oracle[MordorGoblinSwordsman-mordorgoblinswordsman.ini-expected0] PASSED [ 70%]
importer/tests/test_rotwk_mordor_voice_oracle.py::test_mordor_goblin_voice_bindings_are_normalized_from_pure_rotwk_oracle[MordorGoblinArcher-mordorgoblinarcher.ini-expected1] PASSED [ 70%]
importer/tests/test_rotwk_mordor_voice_oracle.py::test_mordor_goblin_uruk_named_graph_is_authored_silent_or_orc_mixed PASSED [ 70%]
importer/tests/test_rotwk_mordor_voice_oracle.py::test_modded_goblin_binding_is_preserved_without_aborting_the_edition PASSED [ 70%]
importer/tests/test_rotwk_mordor_voice_oracle.py::test_compiled_mordor_battering_ram_death_uses_approved_orc_equivalence PASSED [ 70%]
importer/tests/test_rotwk_multimap_skirmish.py::test_planned_model_binding_is_nonempty_and_survives_pack_cook PASSED [ 70%]
importer/tests/test_rotwk_multimap_skirmish.py::test_pack_proof_fails_when_planned_binding_is_dropped PASSED [ 71%]
importer/tests/test_rotwk_multimap_skirmish.py::test_cli_exposes_map_limit_and_publish_without_select PASSED [ 71%]
importer/tests/test_rotwk_multimap_skirmish.py::test_registry_catalog_natively_emits_names_categories_and_art PASSED [ 71%]
importer/tests/test_rotwk_multimap_skirmish.py::test_repair_leaves_ambiguous_kind_stripped_art_unbound PASSED [ 71%]
importer/tests/test_rotwk_multimap_skirmish.py::test_map_slug_uses_canonical_runtime_slug_for_skirmish_sources PASSED [ 71%]
importer/tests/test_rotwk_multimap_skirmish.py::test_load_catalog_refuses_to_overwrite_on_install_root_mismatch PASSED [ 71%]
importer/tests/test_rotwk_multimap_skirmish.py::test_default_assets_ignore_legacy_layered_overlay PASSED [ 71%]
importer/tests/test_rotwk_official_map_corpus.py::OfficialRotwkMapCorpusTests::test_every_official_map_resolves_an_authored_display_name PASSED [ 71%]
importer/tests/test_rotwk_official_map_corpus.py::OfficialRotwkMapCorpusTests::test_every_official_map_ships_art_and_preview_companions PASSED [ 71%]
importer/tests/test_rotwk_official_map_corpus.py::OfficialRotwkMapCorpusTests::test_official_corpus_is_72_maps_split_22_skirmish_50_wotr FAILED [ 71%]
importer/tests/test_rotwk_official_map_corpus.py::OfficialRotwkMapCorpusTests::test_the_four_directory_derivation_lies_stay_pinned PASSED [ 71%]
importer/tests/test_rotwk_official_map_corpus.py::OfficialRotwkMapCorpusTests::test_the_two_harlindons_stay_distinct PASSED [ 71%]
importer/tests/test_rotwk_official_map_corpus.py::OfficialRotwkMapCorpusTests::test_unregistered_playable_payloads_are_exactly_the_known_two PASSED [ 71%]
importer/tests/test_sage_apt.py::AptParserTests::test_bounds_malformed_records_and_unknown_execution_fail_closed PASSED [ 71%]
importer/tests/test_sage_apt.py::AptParserTests::test_const_dat_geometry_tga_and_wnd_are_canonical PASSED [ 71%]
importer/tests/test_sage_apt.py::AptParserTests::test_duplicate_exports_are_preserved_as_unresolved_source_order PASSED [ 71%]
importer/tests/test_sage_apt.py::AptParserTests::test_movie_structure_and_script_handoff_are_bounded PASSED [ 71%]
importer/tests/test_sage_atmosphere_runtime.py::test_compile_atmosphere_fixture PASSED [ 71%]
importer/tests/test_sage_audio.py::SageAudioTests::test_audio_event_last_sounds_assignment_wins PASSED [ 71%]
importer/tests/test_sage_audio.py::SageAudioTests::test_closure_collapses_retail_case_variants_of_one_sample PASSED [ 71%]
importer/tests/test_sage_audio.py::SageAudioTests::test_identical_duplicate_audio_definition_is_deduplicated PASSED [ 71%]
importer/tests/test_sage_audio.py::SageAudioTests::test_last_definition_wins_ambiguous_kinds_and_missing_still_fail PASSED [ 71%]
importer/tests/test_sage_audio.py::SageAudioTests::test_music_tracks_resolve_through_multisounds_to_track_samples PASSED [ 71%]
importer/tests/test_sage_audio.py::SageAudioTests::test_parse_and_resolve_typed_closure_deterministically PASSED [ 71%]
importer/tests/test_sage_audio.py::SageAudioTests::test_partial_sample_resolution_reports_missing_and_ambiguous PASSED [ 71%]
importer/tests/test_sage_audio.py::SageAudioTests::test_rejects_ambiguous_unsafe_and_duplicate_music_tracks PASSED [ 71%]
importer/tests/test_sage_audio.py::SageAudioTests::test_rejects_encoding_nul_unclosed_and_duplicate_requests PASSED [ 71%]
importer/tests/test_sage_audio.py::SageAudioTests::test_rejects_malformed_references_and_cycles PASSED [ 71%]
importer/tests/test_sage_audio.py::SageAudioTests::test_sample_resolution_is_exact_and_path_safe PASSED [ 71%]
importer/tests/test_sage_audio.py::SageAudioTests::test_soundeffects_and_voice_documents_form_one_exact_namespace PASSED [ 71%]
importer/tests/test_sage_cah.py::test_parses_every_field_of_a_well_formed_hero PASSED [ 71%]
importer/tests/test_sage_cah.py::test_round_trip_is_byte_identical PASSED [ 71%]
importer/tests/test_sage_cah.py::test_unused_ability_slots_are_not_reported_as_abilities PASSED [ 71%]
importer/tests/test_sage_cah.py::test_both_observed_trailer_flags_are_accepted[0] PASSED [ 71%]
importer/tests/test_sage_cah.py::test_both_observed_trailer_flags_are_accepted[1] PASSED [ 71%]
importer/tests/test_sage_cah.py::test_a_full_fifteen_slot_hero_round_trips PASSED [ 71%]
importer/tests/test_sage_cah.py::test_long_strings_use_the_0xff_length_escape_and_round_trip PASSED [ 71%]
importer/tests/test_sage_cah.py::test_long_unicode_name_uses_the_escape_and_round_trips PASSED [ 72%]
importer/tests/test_sage_cah.py::test_escape_used_for_a_short_length_is_rejected PASSED [ 72%]
importer/tests/test_sage_cah.py::test_rejects_wrong_magic PASSED         [ 72%]
importer/tests/test_sage_cah.py::test_rejects_unsupported_version_without_guessing_a_layout PASSED [ 72%]
importer/tests/test_sage_cah.py::test_rejects_non_zero_reserved_word PASSED [ 72%]
importer/tests/test_sage_cah.py::test_rejects_unknown_header_tag PASSED  [ 72%]
importer/tests/test_sage_cah.py::test_rejects_empty_hero_name PASSED     [ 72%]
importer/tests/test_sage_cah.py::test_rejects_unpaired_surrogate_in_name PASSED [ 72%]
importer/tests/test_sage_cah.py::test_rejects_non_zero_words_in_an_unused_ability_slot PASSED [ 72%]
importer/tests/test_sage_cah.py::test_rejects_a_populated_slot_after_an_empty_one PASSED [ 72%]
importer/tests/test_sage_cah.py::test_rejects_out_of_order_purchase_index PASSED [ 72%]
importer/tests/test_sage_cah.py::test_rejects_zero_palantir_slot PASSED  [ 72%]
importer/tests/test_sage_cah.py::test_rejects_non_ascii_button_name PASSED [ 72%]
importer/tests/test_sage_cah.py::test_rejects_duplicate_group PASSED     [ 72%]
importer/tests/test_sage_cah.py::test_rejects_empty_group_name PASSED    [ 72%]
importer/tests/test_sage_cah.py::test_rejects_absurd_group_count_before_allocating PASSED [ 72%]
importer/tests/test_sage_cah.py::test_rejects_group_count_larger_than_the_payload PASSED [ 72%]
importer/tests/test_sage_cah.py::test_rejects_unknown_trailer_flag PASSED [ 72%]
importer/tests/test_sage_cah.py::test_rejects_empty_hero_id PASSED       [ 72%]
importer/tests/test_sage_cah.py::test_rejects_trailing_bytes_after_the_checksum PASSED [ 72%]
importer/tests/test_sage_cah.py::test_rejects_a_file_over_the_size_limit PASSED [ 72%]
importer/tests/test_sage_cah.py::test_rejects_non_bytes_input PASSED     [ 72%]
importer/tests/test_sage_cah.py::test_round_trip_mismatch_is_reported_rather_than_accepted PASSED [ 72%]
importer/tests/test_sage_cah.py::test_every_truncation_fails_closed_with_a_structured_error PASSED [ 72%]
importer/tests/test_sage_cah.py::test_byte_flips_never_escape_as_an_unstructured_exception PASSED [ 72%]
importer/tests/test_sage_cah.py::test_census_is_deterministic_and_order_independent PASSED [ 72%]
importer/tests/test_sage_cah.py::test_census_reports_structure_and_histograms PASSED [ 72%]
importer/tests/test_sage_cah.py::test_census_never_emits_authored_payload PASSED [ 72%]
importer/tests/test_sage_cah.py::test_every_shipped_retail_hero_decodes_and_round_trips PASSED [ 72%]
importer/tests/test_sage_csf.py::test_parses_single_plain_string PASSED  [ 72%]
importer/tests/test_sage_csf.py::test_parses_wrts_row_with_extra_ascii_string PASSED [ 72%]
importer/tests/test_sage_csf.py::test_parses_empty_catalog PASSED        [ 72%]
importer/tests/test_sage_csf.py::test_roundtrip_non_ascii_value_survives_not_encoding PASSED [ 72%]
importer/tests/test_sage_csf.py::test_rejects_bad_file_magic PASSED      [ 72%]
importer/tests/test_sage_csf.py::test_rejects_unsupported_version PASSED [ 72%]
importer/tests/test_sage_csf.py::test_rejects_truncated_header PASSED    [ 72%]
importer/tests/test_sage_csf.py::test_rejects_truncated_label_block PASSED [ 73%]
importer/tests/test_sage_csf.py::test_rejects_truncated_string_payload PASSED [ 73%]
importer/tests/test_sage_csf.py::test_rejects_missing_label_block_for_declared_count PASSED [ 73%]
importer/tests/test_sage_csf.py::test_rejects_header_string_count_mismatch PASSED [ 73%]
importer/tests/test_sage_csf.py::test_rejects_non_lbl_block_magic PASSED [ 73%]
importer/tests/test_sage_csf.py::test_rejects_unknown_string_magic PASSED [ 73%]
importer/tests/test_sage_csf.py::test_rejects_trailing_bytes PASSED      [ 73%]
importer/tests/test_sage_csf.py::test_rejects_duplicate_case_insensitive_labels PASSED [ 73%]
importer/tests/test_sage_csf.py::test_rejects_empty_label_name PASSED    [ 73%]
importer/tests/test_sage_csf.py::test_real_launcher_csf_parses[bfme2] PASSED [ 73%]
importer/tests/test_sage_csf.py::test_real_launcher_csf_parses[rotwk] SKIPPED [ 73%]
importer/tests/test_sage_cst.py::SageCstTests::test_assignment_shaped_scalars_do_not_become_blocks_from_indentation PASSED [ 73%]
importer/tests/test_sage_cst.py::SageCstTests::test_bare_state_block_with_unindented_body PASSED [ 73%]
importer/tests/test_sage_cst.py::SageCstTests::test_begin_script_body_is_opaque_bounded_and_provenanced PASSED [ 73%]
importer/tests/test_sage_cst.py::SageCstTests::test_body_includes_are_retained_and_fragments_are_spliced_with_provenance PASSED [ 73%]
importer/tests/test_sage_cst.py::SageCstTests::test_comment_stripping_honors_quotes_and_escaped_quotes PASSED [ 73%]
importer/tests/test_sage_cst.py::SageCstTests::test_cp1252_values_and_empty_assignments_are_preserved PASSED [ 73%]
importer/tests/test_sage_cst.py::SageCstTests::test_empty_bare_unit_specific_sounds_stays_ambiguous PASSED [ 73%]
importer/tests/test_sage_cst.py::SageCstTests::test_endless_module_header_before_eof_is_retained PASSED [ 73%]
importer/tests/test_sage_cst.py::SageCstTests::test_endless_module_header_is_retained_as_assignment PASSED [ 73%]
importer/tests/test_sage_cst.py::SageCstTests::test_header_parent_contract_is_validated PASSED [ 73%]
importer/tests/test_sage_cst.py::SageCstTests::test_include_failures_are_explicit PASSED [ 73%]
importer/tests/test_sage_cst.py::SageCstTests::test_include_resolution_is_inline_relative_root_safe_and_case_insensitive PASSED [ 73%]
importer/tests/test_sage_cst.py::SageCstTests::test_inline_include_failures_use_the_same_safe_graph_rules PASSED [ 73%]
importer/tests/test_sage_cst.py::SageCstTests::test_nested_object_cst_preserves_order_repeats_tags_conditions_and_provenance PASSED [ 73%]
importer/tests/test_sage_cst.py::SageCstTests::test_nested_sound_state_is_a_state_block PASSED [ 73%]
importer/tests/test_sage_cst.py::SageCstTests::test_parent_relative_include_is_normalized_without_host_access PASSED [ 73%]
importer/tests/test_sage_cst.py::SageCstTests::test_path_normalization_rejects_absolute_escape_and_nul 
importer/tests/test_sage_cst.py::SageCstTests::test_path_normalization_rejects_absolute_escape_and_nul PASSED [ 73%]
importer/tests/test_sage_cst.py::SageCstTests::test_resource_bounds_and_structural_errors PASSED [ 73%]
importer/tests/test_sage_cst.py::SageCstTests::test_retail_bare_locomotor_set_survives_inconsistent_indentation PASSED [ 73%]
importer/tests/test_sage_cst.py::SageCstTests::test_retail_lod_options_are_explicit_end_terminated_blocks PASSED [ 73%]
importer/tests/test_sage_cst.py::SageCstTests::test_retail_melee_behavior_is_an_explicit_end_terminated_block PASSED [ 73%]
importer/tests/test_sage_cst.py::SageCstTests::test_retail_override_emotion_is_a_block_but_plain_emotions_are_scalars PASSED [ 73%]
importer/tests/test_sage_cst.py::SageCstTests::test_same_indent_unit_specific_sounds_body_is_a_block PASSED [ 73%]
importer/tests/test_sage_cst.py::SageCstTests::test_script_delimiter_failures_are_explicit 
importer/tests/test_sage_cst.py::SageCstTests::test_script_delimiter_failures_are_explicit PASSED [ 73%]
importer/tests/test_sage_cst.py::SageCstTests::test_sound_upgrade_is_an_end_terminated_block PASSED [ 73%]
importer/tests/test_sage_environment.py::SageEnvironmentTests::test_duplicate_effective_assignment_fails_closed PASSED [ 73%]
importer/tests/test_sage_environment.py::SageEnvironmentTests::test_nonfinite_lighting_value_fails_closed PASSED [ 74%]
importer/tests/test_sage_environment.py::SageEnvironmentTests::test_nul_in_selected_ini_source_fails_closed PASSED [ 74%]
importer/tests/test_sage_environment.py::SageEnvironmentTests::test_report_is_deterministic_and_preserves_source_precedence PASSED [ 74%]
importer/tests/test_sage_environment.py::SageEnvironmentTests::test_truncated_global_lighting_fails_closed PASSED [ 74%]
importer/tests/test_sage_environment.py::SageEnvironmentTests::test_unsupported_global_lighting_version_fails_closed PASSED [ 74%]
importer/tests/test_sage_environment.py::SageEnvironmentTests::test_unterminated_selected_ini_block_fails_closed PASSED [ 74%]
importer/tests/test_sage_ini.py::SageIniTests::test_flat_blocks_strip_comments_and_preserve_repeated_assignments PASSED [ 74%]
importer/tests/test_sage_ini.py::SageIniTests::test_object_split_preserves_parent_and_nested_scalar_assignments PASSED [ 74%]
importer/tests/test_sage_ini.py::SageIniTests::test_parsers_reject_nul_and_unterminated_flat_block PASSED [ 74%]
importer/tests/test_sage_map.py::SageMapTests::test_base_template_rejects_unbound_or_malformed_castle_entries PASSED [ 74%]
importer/tests/test_sage_map.py::SageMapTests::test_blend_v14_v16_preserve_exact_present_layers_and_explicit_absence 
importer/tests/test_sage_map.py::SageMapTests::test_blend_v14_v16_preserve_exact_present_layers_and_explicit_absence PASSED [ 74%]
importer/tests/test_sage_map.py::SageMapTests::test_blend_v8_v9_v11_preserve_exact_16_bit_layouts_and_present_grids 
importer/tests/test_sage_map.py::SageMapTests::test_blend_v8_v9_v11_preserve_exact_16_bit_layouts_and_present_grids PASSED [ 74%]
importer/tests/test_sage_map.py::SageMapTests::test_case_only_side_names_remain_distinct_exact_lookup_entries PASSED [ 74%]
importer/tests/test_sage_map.py::SageMapTests::test_census_classifies_unknown_top_level_chunk PASSED [ 74%]
importer/tests/test_sage_map.py::SageMapTests::test_census_parses_trigger_and_wave_without_leaking_payload_strings PASSED [ 74%]
importer/tests/test_sage_map.py::SageMapTests::test_conversion_writes_only_cooked_outputs 
importer/tests/test_sage_map.py::SageMapTests::test_conversion_writes_only_cooked_outputs PASSED [ 74%]
importer/tests/test_sage_map.py::SageMapTests::test_current_chunk_versions_and_v18_cook_remain_byte_exact PASSED [ 74%]
importer/tests/test_sage_map.py::SageMapTests::test_default_and_explicit_multiplayer_profiles_are_byte_identical PASSED [ 74%]
importer/tests/test_sage_map.py::SageMapTests::test_default_team_owner_repair_is_preserved_and_attested PASSED [ 74%]
importer/tests/test_sage_map.py::SageMapTests::test_duplicate_side_names_use_ea_first_exact_lookup_and_script_ordinals 
importer/tests/test_sage_map.py::SageMapTests::test_duplicate_side_names_use_ea_first_exact_lookup_and_script_ordinals PASSED [ 74%]
importer/tests/test_sage_map.py::SageMapTests::test_expected_semantic_invariants_fail_before_outputs PASSED [ 74%]
importer/tests/test_sage_map.py::SageMapTests::test_field_exact_legacy_cluster_parses_censuses_cooks_and_backtests PASSED [ 74%]
importer/tests/test_sage_map.py::SageMapTests::test_invalid_map_profile_is_rejected_before_conversion_outputs PASSED [ 74%]
importer/tests/test_sage_map.py::SageMapTests::test_legacy_layout_fields_match_their_current_counterparts PASSED [ 74%]
importer/tests/test_sage_map.py::SageMapTests::test_legacy_layouts_reject_truncation_and_extra_fields 
importer/tests/test_sage_map.py::SageMapTests::test_legacy_layouts_reject_truncation_and_extra_fields PASSED [ 74%]
importer/tests/test_sage_map.py::SageMapTests::test_legacy_version_boundaries_keep_strict_and_census_in_agreement 
importer/tests/test_sage_map.py::SageMapTests::test_legacy_version_boundaries_keep_strict_and_census_in_agreement PASSED [ 74%]
importer/tests/test_sage_map.py::SageMapTests::test_library_and_placeholder_profiles_cook_one_cell_structural_maps 
importer/tests/test_sage_map.py::SageMapTests::test_library_and_placeholder_profiles_cook_one_cell_structural_maps PASSED [ 74%]
importer/tests/test_sage_map.py::SageMapTests::test_lifecycle_structure_bindings_preserve_explicit_content_identity PASSED [ 74%]
importer/tests/test_sage_map.py::SageMapTests::test_missing_lobby_chunk_is_lossless_but_does_not_relax_starts 
importer/tests/test_sage_map.py::SageMapTests::test_missing_lobby_chunk_is_lossless_but_does_not_relax_starts PASSED [ 74%]
importer/tests/test_sage_map.py::SageMapTests::test_nonempty_waypoint_edges_are_exact_and_endpoint_validated PASSED [ 74%]
importer/tests/test_sage_map.py::SageMapTests::test_object_binding_complete_resolution_is_reported_by_map PASSED [ 74%]
importer/tests/test_sage_map.py::SageMapTests::test_object_binding_declaration_count_is_bounded PASSED [ 74%]
importer/tests/test_sage_map.py::SageMapTests::test_object_binding_declarations_fail_closed_before_outputs 
importer/tests/test_sage_map.py::SageMapTests::test_object_binding_declarations_fail_closed_before_outputs PASSED [ 74%]
importer/tests/test_sage_map.py::SageMapTests::test_object_bindings_are_exact_counted_and_pack_relative PASSED [ 74%]
importer/tests/test_sage_map.py::SageMapTests::test_parses_base_template_castle_handoff_exactly PASSED [ 74%]
importer/tests/test_sage_map.py::SageMapTests::test_parses_bounded_required_slice PASSED [ 74%]
importer/tests/test_sage_map.py::SageMapTests::test_parses_nonempty_trigger_and_standing_wave_records_exactly PASSED [ 75%]
importer/tests/test_sage_map.py::SageMapTests::test_payload_free_census_preserves_neutral_supported_facts 
importer/tests/test_sage_map.py::SageMapTests::test_payload_free_census_preserves_neutral_supported_facts PASSED [ 75%]
importer/tests/test_sage_map.py::SageMapTests::test_player_script_outer_v5_and_v6_keep_nested_v1_framing 
importer/tests/test_sage_map.py::SageMapTests::test_player_script_outer_v5_and_v6_keep_nested_v1_framing PASSED [ 75%]
importer/tests/test_sage_map.py::SageMapTests::test_presentation_metadata_preserves_computed_attestations PASSED [ 75%]
importer/tests/test_sage_map.py::SageMapTests::test_profile_metadata_cannot_override_computed_attestations 
importer/tests/test_sage_map.py::SageMapTests::test_profile_metadata_cannot_override_computed_attestations PASSED [ 75%]
importer/tests/test_sage_map.py::SageMapTests::test_rejects_bad_refpack_reference PASSED [ 75%]
importer/tests/test_sage_map.py::SageMapTests::test_rejects_disagreeing_envelope_size PASSED [ 75%]
importer/tests/test_sage_map.py::SageMapTests::test_rejects_truncated_gameplay_record_counts 
importer/tests/test_sage_map.py::SageMapTests::test_rejects_truncated_gameplay_record_counts PASSED [ 75%]
importer/tests/test_sage_map.py::SageMapTests::test_retail_quirk_duplicate_team_names_are_preserved_not_silently_merged PASSED [ 75%]
importer/tests/test_sage_map.py::SageMapTests::test_retail_waypoint_quirks_are_preserved_without_fabricating_routing PASSED [ 75%]
importer/tests/test_sage_map.py::SageMapTests::test_road_control_points_are_separate_exact_source_order_pairs PASSED [ 75%]
importer/tests/test_sage_map.py::SageMapTests::test_runtime_identity_and_blend_anomalies_remain_rejected_across_profiles 
importer/tests/test_sage_map.py::SageMapTests::test_runtime_identity_and_blend_anomalies_remain_rejected_across_profiles PASSED [ 75%]
importer/tests/test_sage_map.py::SageMapTests::test_scenario_profile_preserves_zero_and_sparse_player_start_indices PASSED [ 75%]
importer/tests/test_sage_map.py::SageMapTests::test_setup_cross_chunk_relationships_fail_closed 
importer/tests/test_sage_map.py::SageMapTests::test_setup_cross_chunk_relationships_fail_closed PASSED [ 75%]
importer/tests/test_sage_map.py::SageMapTests::test_setup_preserves_typed_properties_build_lists_and_path_labels PASSED [ 75%]
importer/tests/test_sage_map.py::SageMapTests::test_setup_types_booleans_floats_counts_and_duplicates_fail_closed 
importer/tests/test_sage_map.py::SageMapTests::test_setup_types_booleans_floats_counts_and_duplicates_fail_closed PASSED [ 75%]
importer/tests/test_sage_map.py::SageMapTests::test_setup_versions_nested_assets_and_payloads_fail_closed 
importer/tests/test_sage_map.py::SageMapTests::test_setup_versions_nested_assets_and_payloads_fail_closed PASSED [ 75%]
importer/tests/test_sage_map.py::SageMapTests::test_trigger_and_wave_counts_are_bounded_before_record_reads 
importer/tests/test_sage_map.py::SageMapTests::test_trigger_and_wave_counts_are_bounded_before_record_reads PASSED [ 75%]
importer/tests/test_sage_map.py::SageMapTests::test_trigger_and_wave_records_fail_closed 
importer/tests/test_sage_map.py::SageMapTests::test_trigger_and_wave_records_fail_closed PASSED [ 75%]
importer/tests/test_sage_map.py::SageMapTests::test_uncompressed_ckmp_is_supported PASSED [ 75%]
importer/tests/test_sage_map.py::SageMapTests::test_unknown_and_unpaired_road_wires_remain_explicitly_unresolved PASSED [ 75%]
importer/tests/test_sage_map.py::SageMapTests::test_waypoint_identity_quirks_are_lossless_and_runtime_derivations_are_attested PASSED [ 75%]
importer/tests/test_sage_particle_pipeline.py::SageParticlePipelineTests::test_converter_emits_only_the_selected_private_runtime_definition PASSED [ 75%]
importer/tests/test_sage_particle_pipeline.py::SageParticlePipelineTests::test_converter_rejects_missing_or_wrong_family_definition 
importer/tests/test_sage_particle_pipeline.py::SageParticlePipelineTests::test_converter_rejects_missing_or_wrong_family_definition PASSED [ 75%]
importer/tests/test_sage_particle_pipeline.py::SageParticlePipelineTests::test_profile_requires_one_exact_selected_definition 
importer/tests/test_sage_particle_pipeline.py::SageParticlePipelineTests::test_profile_requires_one_exact_selected_definition PASSED [ 75%]
importer/tests/test_sage_particles.py::SageParticleTests::test_entry_and_nesting_limits_fail_closed PASSED [ 75%]
importer/tests/test_sage_particles.py::SageParticleTests::test_flat_definition_preserves_order_comments_quotes_and_exact_hash PASSED [ 75%]
importer/tests/test_sage_particles.py::SageParticleTests::test_fx_definition_preserves_bare_and_assignment_shaped_nested_blocks PASSED [ 75%]
importer/tests/test_sage_particles.py::SageParticleTests::test_fx_section_membership_is_structural_not_indentation PASSED [ 75%]
importer/tests/test_sage_particles.py::SageParticleTests::test_interleaved_entries_and_recursive_walk_remain_authored_order PASSED [ 75%]
importer/tests/test_sage_particles.py::SageParticleTests::test_kind_ambiguity_is_rejected_unless_kind_is_selected PASSED [ 75%]
importer/tests/test_sage_particles.py::SageParticleTests::test_malformed_names_assignments_quotes_and_top_level_text_fail_closed 
importer/tests/test_sage_particles.py::SageParticleTests::test_malformed_names_assignments_quotes_and_top_level_text_fail_closed PASSED [ 75%]
importer/tests/test_sage_particles.py::SageParticleTests::test_mis_indented_end_closes_the_innermost_block_like_retail PASSED [ 75%]
importer/tests/test_sage_particles.py::SageParticleTests::test_missing_and_unsafe_requests_fail_closed PASSED [ 75%]
importer/tests/test_sage_particles.py::SageParticleTests::test_parse_is_deterministic_and_retains_duplicate_evidence PASSED [ 75%]
importer/tests/test_sage_particles.py::SageParticleTests::test_type_nul_control_and_size_limits_fail_closed PASSED [ 75%]
importer/tests/test_sage_particles.py::SageParticleTests::test_unbalanced_and_unterminated_structures_fail_closed 
importer/tests/test_sage_particles.py::SageParticleTests::test_unbalanced_and_unterminated_structures_fail_closed PASSED [ 75%]
importer/tests/test_sage_roads.py::SageRoadClosureTests::test_case_insensitive_exact_ids_and_compiled_bridge_are_deterministic PASSED [ 76%]
importer/tests/test_sage_roads.py::SageRoadClosureTests::test_cli_writes_private_report_and_returns_zero_or_six PASSED [ 76%]
importer/tests/test_sage_roads.py::SageRoadClosureTests::test_duplicate_and_missing_definitions_are_retained_as_gaps PASSED [ 76%]
importer/tests/test_sage_roads.py::SageRoadClosureTests::test_missing_and_ambiguous_textures_do_not_use_prefixes_or_guess PASSED [ 76%]
importer/tests/test_sage_roads.py::SageRoadClosureTests::test_required_fields_and_positive_decimal_widths_fail_closed PASSED [ 76%]
importer/tests/test_sage_roads.py::SageRoadClosureTests::test_unsafe_and_duplicate_target_ids_are_rejected 
importer/tests/test_sage_roads.py::SageRoadClosureTests::test_unsafe_and_duplicate_target_ids_are_rejected PASSED [ 76%]
importer/tests/test_sage_scb.py::test_converts_ordered_duplicates_and_exactly_backtests PASSED [ 76%]
importer/tests/test_sage_scb.py::test_native_json_round_trip_is_exact PASSED [ 76%]
importer/tests/test_sage_scb.py::test_backtest_rejects_semantic_tamper PASSED [ 76%]
importer/tests/test_sage_scb.py::test_backtest_rejects_reordered_records_even_with_new_semantic_hash PASSED [ 76%]
importer/tests/test_sage_scb.py::test_backtest_rejects_a_different_source PASSED [ 76%]
importer/tests/test_sage_scb.py::test_truncated_source_is_structurally_rejected PASSED [ 76%]
importer/tests/test_sage_scb.py::test_unknown_top_level_version_is_rejected PASSED [ 76%]
importer/tests/test_sage_scb.py::test_nonempty_unproven_camera_animation_layout_is_rejected PASSED [ 76%]
importer/tests/test_sage_scb.py::test_duplicate_native_json_key_is_rejected PASSED [ 76%]
importer/tests/test_sage_scb.py::test_diagnostic_is_deterministic_and_identifier_free PASSED [ 76%]
importer/tests/test_sage_scb.py::test_native_schema_rejects_extra_fields PASSED [ 76%]
importer/tests/test_sage_scb.py::test_older_record_versions_consume_their_payload_exactly[all-legacy] PASSED [ 76%]
importer/tests/test_sage_scb.py::test_older_record_versions_consume_their_payload_exactly[script-v2] PASSED [ 76%]
importer/tests/test_sage_scb.py::test_older_record_versions_consume_their_payload_exactly[scriptgroup-v2] PASSED [ 76%]
importer/tests/test_sage_scb.py::test_older_record_versions_consume_their_payload_exactly[condition-v4] PASSED [ 76%]
importer/tests/test_sage_scb.py::test_older_record_versions_consume_their_payload_exactly[condition-v5] PASSED [ 76%]
importer/tests/test_sage_scb.py::test_older_record_versions_consume_their_payload_exactly[scriptaction-v2] PASSED [ 76%]
importer/tests/test_sage_scb.py::test_older_record_versions_consume_their_payload_exactly[scriptactionfalse-v2] PASSED [ 76%]
importer/tests/test_sage_scb.py::test_older_versions_expose_the_same_native_shape_as_the_newest PASSED [ 76%]
importer/tests/test_sage_scb.py::test_condition_v5_carries_both_trailing_flags PASSED [ 76%]
importer/tests/test_sage_scb.py::test_unknown_nested_record_version_still_fails_loudly[script-v1] PASSED [ 76%]
importer/tests/test_sage_scb.py::test_unknown_nested_record_version_still_fails_loudly[script-v3] PASSED [ 76%]
importer/tests/test_sage_scb.py::test_unknown_nested_record_version_still_fails_loudly[script-v5] PASSED [ 76%]
importer/tests/test_sage_scb.py::test_unknown_nested_record_version_still_fails_loudly[scriptgroup-v1] PASSED [ 76%]
importer/tests/test_sage_scb.py::test_unknown_nested_record_version_still_fails_loudly[scriptgroup-v4] PASSED [ 76%]
importer/tests/test_sage_scb.py::test_unknown_nested_record_version_still_fails_loudly[condition-v3] PASSED [ 76%]
importer/tests/test_sage_scb.py::test_unknown_nested_record_version_still_fails_loudly[condition-v7] PASSED [ 76%]
importer/tests/test_sage_scb.py::test_unknown_nested_record_version_still_fails_loudly[scriptaction-v1] PASSED [ 76%]
importer/tests/test_sage_scb.py::test_unknown_nested_record_version_still_fails_loudly[scriptaction-v4] PASSED [ 76%]
importer/tests/test_sage_scb.py::test_unknown_nested_record_version_still_fails_loudly[scriptactionfalse-v4] PASSED [ 76%]
importer/tests/test_sage_scb.py::test_unexplained_bytes_in_an_older_condition_are_rejected PASSED [ 77%]
importer/tests/test_sage_scb.py::test_older_condition_cannot_reconstruct_a_nondefault_flag PASSED [ 77%]
importer/tests/test_sage_scb.py::test_older_script_cannot_reconstruct_a_tail_field[actionsFireSequentially-True] PASSED [ 77%]
importer/tests/test_sage_scb.py::test_older_script_cannot_reconstruct_a_tail_field[loopActions-True] PASSED [ 77%]
importer/tests/test_sage_scb.py::test_older_script_cannot_reconstruct_a_tail_field[loopCount-5] PASSED [ 77%]
importer/tests/test_sage_scb.py::test_older_script_cannot_reconstruct_a_tail_field[sequentialTargetType-1] PASSED [ 77%]
importer/tests/test_sage_scb.py::test_older_script_cannot_reconstruct_a_tail_field[sequentialTargetName-someone] PASSED [ 77%]
importer/tests/test_sage_scb.py::test_older_script_cannot_reconstruct_a_tail_field[scope-Planning] PASSED [ 77%]
importer/tests/test_sage_scb.py::test_diagnostic_reports_the_older_record_versions PASSED [ 77%]
importer/tests/test_sage_string.py::SageStringTests::test_accepts_and_reports_known_duplicate_value_terminator_form PASSED [ 77%]
importer/tests/test_sage_string.py::SageStringTests::test_decodes_supported_escapes_bare_values_and_physical_multiline PASSED [ 77%]
importer/tests/test_sage_string.py::SageStringTests::test_duplicate_diagnostics_are_deterministic_and_bounded PASSED [ 77%]
importer/tests/test_sage_string.py::SageStringTests::test_enforces_source_record_identifier_value_and_anomaly_bounds PASSED [ 77%]
importer/tests/test_sage_string.py::SageStringTests::test_first_wins_is_source_ordered_and_accounts_for_duplicate_conflicts PASSED [ 77%]
importer/tests/test_sage_string.py::SageStringTests::test_first_wins_keeps_unique_resolution_independent_of_other_duplicates PASSED [ 77%]
importer/tests/test_sage_string.py::SageStringTests::test_lenient_mode_resynchronizes_at_inline_following_record PASSED [ 77%]
importer/tests/test_sage_string.py::SageStringTests::test_lenient_mode_skips_and_reports_one_malformed_record PASSED [ 77%]
importer/tests/test_sage_string.py::SageStringTests::test_neutral_summary_is_order_independent_and_contains_no_text PASSED [ 77%]
importer/tests/test_sage_string.py::SageStringTests::test_parse_orders_records_and_resolves_identifiers_case_insensitively PASSED [ 77%]
importer/tests/test_sage_string.py::SageStringTests::test_rejects_duplicate_case_insensitive_identifiers PASSED [ 77%]
importer/tests/test_sage_string.py::SageStringTests::test_rejects_malformed_and_truncated_records 
importer/tests/test_sage_string.py::SageStringTests::test_rejects_malformed_and_truncated_records PASSED [ 77%]
importer/tests/test_sage_string.py::SageStringTests::test_rejects_nul_and_undefined_cp1252_bytes PASSED [ 77%]
importer/tests/test_sage_string.py::SageStringTests::test_rejects_unknown_duplicate_policy PASSED [ 77%]
importer/tests/test_sage_video.py::test_discovery_is_sorted_typed_and_hashed PASSED [ 77%]
importer/tests/test_sage_video.py::test_discovery_ignores_missing_movies_directory PASSED [ 77%]
importer/tests/test_sage_video.py::test_discovery_fails_closed_on_bounds PASSED [ 77%]
importer/tests/test_sage_video.py::test_output_name_collisions_fail_closed PASSED [ 77%]
importer/tests/test_sage_video.py::test_conversion_records_and_raises_on_garbage_input PASSED [ 77%]
importer/tests/test_sage_video.py::test_conversion_of_one_retail_movie_produces_valid_ogg SKIPPED [ 77%]
importer/tests/test_script_pack_composition.py::test_script_composite_emits_exact_ordered_three_source_bundle PASSED [ 77%]
importer/tests/test_script_pack_composition.py::test_script_composite_merges_authored_gollum_spawn_library_reference PASSED [ 77%]
importer/tests/test_script_pack_composition.py::test_script_composite_refuses_a_gollum_library_bound_to_another_player PASSED [ 77%]
importer/tests/test_script_pack_composition.py::test_script_composite_refuses_output_collision PASSED [ 77%]
importer/tests/test_script_pack_composition.py::test_script_composite_refuses_any_other_library_closure PASSED [ 77%]
importer/tests/test_script_pack_composition.py::test_script_composite_profile_refuses_later_output_owner PASSED [ 77%]
importer/tests/test_script_pack_composition.py::test_script_composite_profile_accepts_gollum_three_library_closure PASSED [ 77%]
importer/tests/test_script_pack_composition.py::test_script_composite_profile_reserves_map_scripts_output[copy] PASSED [ 77%]
importer/tests/test_script_pack_composition.py::test_script_composite_profile_reserves_map_scripts_output[sage-map] PASSED [ 78%]
importer/tests/test_script_pack_composition.py::test_script_composite_profile_reserves_map_scripts_output[sage-scripts] PASSED [ 78%]
importer/tests/test_script_pack_composition.py::test_profile_refuses_noncanonical_resource_output_alias[./maps/fixture/scripts.json] PASSED [ 78%]
importer/tests/test_script_pack_composition.py::test_profile_refuses_noncanonical_resource_output_alias[maps/fixture/./scripts.json] PASSED [ 78%]
importer/tests/test_script_pack_composition.py::test_profile_refuses_noncanonical_resource_output_alias[maps\\fixture\\scripts.json] PASSED [ 78%]
importer/tests/test_script_pack_composition.py::test_profile_refuses_runtime_data_script_output_injection[./maps/fixture/scripts.json] PASSED [ 78%]
importer/tests/test_script_pack_composition.py::test_profile_refuses_runtime_data_script_output_injection[maps/fixture/./scripts.json] PASSED [ 78%]
importer/tests/test_script_pack_composition.py::test_profile_refuses_runtime_data_script_output_injection[maps\\fixture\\scripts.json] PASSED [ 78%]
importer/tests/test_script_pack_composition.py::test_profile_refuses_runtime_data_script_output_injection[maps/fixture/scripts.json] PASSED [ 78%]
importer/tests/test_script_pack_composition.py::test_profile_refuses_resource_runtime_data_canonical_collision PASSED [ 78%]
importer/tests/test_script_pack_composition.py::test_profile_refuses_nonstr_resource_output PASSED [ 78%]
importer/tests/test_script_pack_composition.py::test_script_composite_profile_refuses_invalid_or_duplicate_map_source[] PASSED [ 78%]
importer/tests/test_script_pack_composition.py::test_script_composite_profile_refuses_invalid_or_duplicate_map_source[maps/map mp fixture/not-a-map.bin] PASSED [ 78%]
importer/tests/test_script_pack_composition.py::test_script_composite_profile_refuses_invalid_or_duplicate_map_source[LIBRARIES/AI_INITIALIZE/AI_INITIALIZE.MAP] PASSED [ 78%]
importer/tests/test_script_pack_composition.py::test_script_composite_profile_refuses_invalid_or_duplicate_map_source[maps/map good campaign/map good campaign.map] PASSED [ 78%]
importer/tests/test_script_pack_composition.py::test_script_composite_profile_refuses_invalid_or_duplicate_map_source[maps/cinematics/opening/opening.map] PASSED [ 78%]
importer/tests/test_script_pack_composition.py::test_script_composite_profile_refuses_invalid_or_duplicate_map_source[maps/livingworld/warofthering.map] PASSED [ 78%]
importer/tests/test_script_pack_composition.py::test_script_composite_profile_refuses_invalid_or_duplicate_map_source[map mp fixture.map] PASSED [ 78%]
importer/tests/test_script_pack_composition.py::test_script_composite_profile_refuses_invalid_or_duplicate_map_source[maps/map mp fixture/map mp different.map] PASSED [ 78%]
importer/tests/test_script_pack_composition.py::test_script_composite_profile_refuses_invalid_or_duplicate_map_source[maps/map mp fixture/extra/map mp fixture.map] PASSED [ 78%]
importer/tests/test_script_pack_composition.py::test_script_composite_profile_refuses_invalid_or_duplicate_map_source[maps\\map mp fixture\\map mp fixture.map] PASSED [ 78%]
importer/tests/test_script_pack_composition.py::test_script_composite_multiplayer_path_contract[maps/map mp fixture/map mp fixture.map-True] PASSED [ 78%]
importer/tests/test_script_pack_composition.py::test_script_composite_multiplayer_path_contract[MAPS/MAP MP FIXTURE/MAP MP FIXTURE.MAP-True] PASSED [ 78%]
importer/tests/test_script_pack_composition.py::test_script_composite_multiplayer_path_contract[maps/map mp Fixture/map mp fixture.map-True] PASSED [ 78%]
importer/tests/test_script_pack_composition.py::test_script_composite_multiplayer_path_contract[MaPs/MaP MP Mixed Case Name/mAp Mp mIxEd CaSe NaMe.MaP-True] PASSED [ 78%]
importer/tests/test_script_pack_composition.py::test_script_composite_multiplayer_path_contract[maps/map mp fixture/map mp other.map-False] PASSED [ 78%]
importer/tests/test_script_pack_composition.py::test_script_composite_multiplayer_path_contract[maps/map fixture/map fixture.map-False] PASSED [ 78%]
importer/tests/test_script_pack_composition.py::test_script_composite_multiplayer_path_contract[maps/map mp fixture.map-False] PASSED [ 78%]
importer/tests/test_script_pack_composition.py::test_script_composite_multiplayer_path_contract[maps/map mp fixture/map mp fixture.scb-False] PASSED [ 78%]
importer/tests/test_script_pack_composition.py::test_script_composite_multiplayer_path_contract[maps/map mp bad\\name/map mp bad\\name.map-False] PASSED [ 78%]
importer/tests/test_script_pack_composition.py::test_script_composite_multiplayer_path_contract[maps/map mp under_score/map mp under_score.map-False] PASSED [ 78%]
importer/tests/test_script_pack_composition.py::test_script_composite_multiplayer_path_contract[maps/map mp double  space/map mp double  space.map-False] PASSED [ 78%]
importer/tests/test_script_pack_composition.py::test_script_composite_multiplayer_path_contract[maps/map mp  edge/map mp  edge.map-False] PASSED [ 78%]
importer/tests/test_script_pack_composition.py::test_script_composite_multiplayer_path_contract[maps/map mp edge /map mp edge .map-False] PASSED [ 78%]
importer/tests/test_script_pack_composition.py::test_script_composite_multiplayer_path_contract[maps/map mp ./map mp ..map-False] PASSED [ 78%]
importer/tests/test_script_pack_composition.py::test_script_composite_multiplayer_path_contract[maps/map mp bad:name/map mp bad:name.map-False] PASSED [ 78%]
importer/tests/test_script_pack_composition.py::test_reviewer_k_shared_map_path_grammar_derives_runtime_slug[maps/map mp fixture/map mp fixture.map-fixture] PASSED [ 79%]
importer/tests/test_script_pack_composition.py::test_reviewer_k_shared_map_path_grammar_derives_runtime_slug[MAPS/MAP MP FIXTURE/MAP MP FIXTURE.MAP-fixture] PASSED [ 79%]
importer/tests/test_script_pack_composition.py::test_reviewer_k_shared_map_path_grammar_derives_runtime_slug[MaPs/MaP MP Mixed Case Name/mAp Mp mIxEd CaSe NaMe.MaP-mixed-case-name] PASSED [ 79%]
importer/tests/test_script_pack_composition.py::test_reviewer_k_shared_map_path_grammar_derives_runtime_slug[maps/map mp fixture/map mp other.map-None] PASSED [ 79%]
importer/tests/test_script_pack_composition.py::test_reviewer_k_shared_map_path_grammar_derives_runtime_slug[maps/map mp double  space/map mp double  space.map-None] PASSED [ 79%]
importer/tests/test_script_pack_composition.py::test_reviewer_k_profile_refuses_source_output_slug_or_case_mismatch[maps/wrong-slug/scripts.json] PASSED [ 79%]
importer/tests/test_script_pack_composition.py::test_reviewer_k_profile_refuses_source_output_slug_or_case_mismatch[MAPS/FIXTURE/SCRIPTS.JSON] PASSED [ 79%]
importer/tests/test_script_pack_composition.py::test_reviewer_k_profile_refuses_source_output_slug_or_case_mismatch[maps/fixture/SCRIPTS.JSON] PASSED [ 79%]
importer/tests/test_script_pack_composition.py::test_reviewer_l_pipeline_refuses_source_output_slug_or_case_mismatch[maps/wrong-slug/scripts.json] PASSED [ 79%]
importer/tests/test_script_pack_composition.py::test_reviewer_l_pipeline_refuses_source_output_slug_or_case_mismatch[MAPS/FIXTURE/SCRIPTS.JSON] PASSED [ 79%]
importer/tests/test_script_pack_composition.py::test_reviewer_l_pipeline_refuses_source_output_slug_or_case_mismatch[maps/fixture/SCRIPTS.JSON] PASSED [ 79%]
importer/tests/test_script_pack_composition.py::test_script_composite_pipeline_refuses_non_multiplayer_map_paths[maps/map good campaign/map good campaign.map] PASSED [ 79%]
importer/tests/test_script_pack_composition.py::test_script_composite_pipeline_refuses_non_multiplayer_map_paths[maps/cinematics/opening/opening.map] PASSED [ 79%]
importer/tests/test_script_pack_composition.py::test_script_composite_pipeline_refuses_non_multiplayer_map_paths[maps/livingworld/warofthering.map] PASSED [ 79%]
importer/tests/test_script_pack_composition.py::test_script_composite_pipeline_refuses_non_multiplayer_map_paths[map mp fixture.map] PASSED [ 79%]
importer/tests/test_script_pack_composition.py::test_script_composite_pipeline_refuses_non_multiplayer_map_paths[maps/map mp fixture/map mp different.map] PASSED [ 79%]
importer/tests/test_scripts_converter.py::SageScriptsConverterTests::test_composite_binds_a_named_library_to_its_map_player PASSED [ 79%]
importer/tests/test_scripts_converter.py::SageScriptsConverterTests::test_composite_preserves_per_player_library_template PASSED [ 79%]
importer/tests/test_scripts_converter.py::SageScriptsConverterTests::test_composite_refuses_a_named_library_the_map_cannot_bind PASSED [ 79%]
importer/tests/test_scripts_converter.py::SageScriptsConverterTests::test_composite_refuses_ambiguous_or_duplicate_library_templates PASSED [ 79%]
importer/tests/test_scripts_converter.py::SageScriptsConverterTests::test_converter_contract_is_strict PASSED [ 79%]
importer/tests/test_scripts_converter.py::SageScriptsConverterTests::test_corrupt_input_fails_closed PASSED [ 79%]
importer/tests/test_scripts_converter.py::SageScriptsConverterTests::test_empty_inheritance_team_is_completely_enumerated PASSED [ 79%]
importer/tests/test_scripts_converter.py::SageScriptsConverterTests::test_marker_only_attestation_requires_exact_complete_source_rows PASSED [ 79%]
importer/tests/test_scripts_converter.py::SageScriptsConverterTests::test_one_cell_structural_map_decodes_for_script_extraction PASSED [ 79%]
importer/tests/test_scripts_converter.py::SageScriptsConverterTests::test_synthetic_map_container_extracts_only_player_scripts PASSED [ 79%]
importer/tests/test_scripts_converter.py::SageScriptsConverterTests::test_synthetic_scb_round_trips_through_the_converter PASSED [ 79%]
importer/tests/test_scripts_converter.py::SageScriptsConverterTests::test_two_runs_are_byte_identical PASSED [ 79%]
importer/tests/test_scripts_converter.py::SageScriptsConverterTests::test_unsupported_container_label_is_rejected PASSED [ 79%]
importer/tests/test_scripts_converter.py::RuntimeOpcodeContractTests::test_every_declared_action_has_a_runtime_branch PASSED [ 79%]
importer/tests/test_scripts_converter.py::RuntimeOpcodeContractTests::test_every_declared_condition_has_a_runtime_branch PASSED [ 79%]
importer/tests/test_scripts_converter.py::RuntimeOpcodeContractTests::test_no_opcode_is_both_semantic_and_recorded PASSED [ 79%]
importer/tests/test_scripts_converter.py::RuntimeOpcodeContractTests::test_recorded_action_tables_match PASSED [ 79%]
importer/tests/test_scripts_converter.py::RuntimeOpcodeContractTests::test_semantic_action_tables_match PASSED [ 79%]
importer/tests/test_scripts_converter.py::RuntimeOpcodeContractTests::test_semantic_condition_tables_match PASSED [ 79%]
importer/tests/test_scripts_converter.py::SageScriptsRealCorpusTests::test_real_campaign_map_extracts_a_resolvable_script_world PASSED [ 79%]
importer/tests/test_scripts_converter.py::SageScriptsRealCorpusTests::test_real_library_scb_matches_the_contract PASSED [ 79%]
importer/tests/test_scripts_converter.py::SageScriptsRealCorpusTests::test_real_skirmish_map_matches_the_contract PASSED [ 80%]
importer/tests/test_scripts_converter.py::InheritanceMarkerRealCorpusTests::test_effective_official_skirmish_inheritance_teams_are_attested FAILED [ 80%]
importer/tests/test_ship_catalog.py::test_catalog_accounts_for_buildable_template_and_scenario_ships PASSED [ 80%]
importer/tests/test_ship_catalog.py::test_catalog_validation_rejects_a_ship_lost_from_the_summary PASSED [ 80%]
importer/tests/test_ship_catalog.py::test_retail_ship_family_is_completely_accounted_for[bfme2.json-bfme2] PASSED [ 80%]
importer/tests/test_ship_catalog.py::test_retail_ship_family_is_completely_accounted_for[rotwk-layered.json-rotwk] PASSED [ 80%]
importer/tests/test_ships_emission.py::test_ship_descriptor_preserves_sink_voice_and_particle_sites PASSED [ 80%]
importer/tests/test_ships_emission.py::test_retail_rotwk_catalog_emits_all_effective_ship_descriptors FAILED [ 80%]
importer/tests/test_source_record_case_resolve.py::test_exact_path_match PASSED [ 80%]
importer/tests/test_source_record_case_resolve.py::test_casefold_resolves_to_manifest_canonical_path PASSED [ 80%]
importer/tests/test_source_record_case_resolve.py::test_absent_path_fails_closed PASSED [ 80%]
importer/tests/test_special_disguise_prerequisite.py::test_retail_eowyn_disguise_prerequisite_is_exact_and_deferred[bfme2] PASSED [ 80%]
importer/tests/test_special_disguise_prerequisite.py::test_retail_eowyn_disguise_prerequisite_is_exact_and_deferred[rotwk] PASSED [ 80%]
importer/tests/test_special_disguise_prerequisite.py::test_canonical_rotwk_201_disguise_is_not_fanpatch_rider2_shape PASSED [ 80%]
importer/tests/test_special_disguise_prerequisite.py::test_disguise_prerequisite_rejects_digest_and_identity_tampering PASSED [ 80%]
importer/tests/test_special_disguise_prerequisite.py::test_retail_eowyn_upgrade_aura_preserves_edition_exact_default[bfme2] PASSED [ 80%]
importer/tests/test_special_disguise_prerequisite.py::test_retail_eowyn_upgrade_aura_preserves_edition_exact_default[rotwk] PASSED [ 80%]
importer/tests/test_special_disguise_prerequisite.py::test_retail_eowyn_respawn_rules_preserve_exact_edition_expressions[bfme2] PASSED [ 80%]
importer/tests/test_special_disguise_prerequisite.py::test_retail_eowyn_respawn_rules_preserve_exact_edition_expressions[rotwk] PASSED [ 80%]
importer/tests/test_special_disguise_prerequisite.py::test_bfme2_recipe_and_profile_bind_the_prerequisite_digest_and_resources PASSED [ 80%]
importer/tests/test_special_disguise_prerequisite.py::test_canonical_rotwk_recipe_does_not_invent_fanpatch_cancel_fx PASSED [ 80%]
importer/tests/test_special_disguise_prerequisite.py::test_current_selected_rotwk_eowyn_pack_fails_new_prerequisite_closure FAILED [ 80%]
importer/tests/test_spellbook_import.py::test_descriptor_resolves_tree_costs_prerequisites_and_effect_leaves PASSED [ 80%]
importer/tests/test_spellbook_import.py::test_weather_and_allegiance_modules_preserve_fields_and_provenance PASSED [ 80%]
importer/tests/test_spellbook_import.py::test_scavenger_effect_survives_descriptor_recipe_and_runtime_packaging PASSED [ 80%]
importer/tests/test_spellbook_import.py::test_grantable_science_qualifier_is_preserved PASSED [ 80%]
importer/tests/test_spellbook_import.py::test_invisibility_broadcast_camouflage_is_projected PASSED [ 80%]
importer/tests/test_spellbook_import.py::test_invisibility_records_unsupported_fields_by_name PASSED [ 80%]
importer/tests/test_spellbook_import.py::test_invisibility_without_a_nugget_stays_named_unconverted PASSED [ 80%]
importer/tests/test_spellbook_import.py::test_slow_death_destruction_delay_is_emitted_per_module PASSED [ 80%]
importer/tests/test_spellbook_import.py::test_hatch_slow_death_also_records_its_fade_row PASSED [ 80%]
importer/tests/test_spellbook_import.py::test_object_aura_preserves_explicit_target_polarity PASSED [ 80%]
importer/tests/test_spellbook_import.py::test_command_points_upgrade_rejects_nonretail_points PASSED [ 80%]
importer/tests/test_spellbook_import.py::test_pack_recipe_and_runtime_bind_media_and_power_tree PASSED [ 80%]
importer/tests/test_spellbook_import.py::test_lane_fails_closed_on_missing_or_drifted_leaves[data/ini/specialpower.ini-  ReloadTime = 60000\n-  ReloadTime = 61000\n-no longer matches its census definition digest] PASSED [ 80%]
importer/tests/test_spellbook_import.py::test_lane_fails_closed_on_missing_or_drifted_leaves[data/ini/objectcreationlist.ini-ObjectCreationList OCL_TestVolley-ObjectCreationList OCL_Renamed-missing ObjectCreationList: OCL_TestVolley] PASSED [ 80%]
importer/tests/test_spellbook_import.py::test_lane_fails_closed_on_missing_or_drifted_leaves[data/ini/fxlist.ini-FXList FX_TestWeaponFire-FXList FX_Renamed-references a missing FXList: FX_TestWeaponFire] PASSED [ 81%]
importer/tests/test_spellbook_import.py::test_lane_fails_closed_on_missing_or_drifted_leaves[data/ini/weapon.ini-Weapon TestVolleyWeapon-Weapon RenamedWeapon-missing Weapon: TestVolleyWeapon] PASSED [ 81%]
importer/tests/test_spellbook_import.py::test_lane_fails_closed_on_missing_or_drifted_leaves[data/ini/attributemodifier.ini-ModifierList TestRallyModifier-ModifierList RenamedModifier-missing ModifierList: TestRallyModifier] PASSED [ 81%]
importer/tests/test_spellbook_import.py::test_lane_fails_closed_on_missing_or_drifted_leaves[data/ini/upgrade.ini-Upgrade Upgrade_TestBlessing-Upgrade Upgrade_Renamed-missing Upgrade: Upgrade_TestBlessing] PASSED [ 81%]
importer/tests/test_spellbook_import.py::test_lane_fails_closed_on_missing_or_drifted_leaves[data/ini/object/system/test_system.ini-Object TestHealPing-Object RenamedPing-references a missing Object: TestHealPing] PASSED [ 81%]
importer/tests/test_spellbook_import.py::test_lane_fails_closed_on_missing_or_drifted_leaves[data/ini/gamedata.ini-#define SPELL_RECHARGE_TIME_TIER_1 30000--unresolved expression: SPELL_RECHARGE_TIME_TIER_1] PASSED [ 81%]
importer/tests/test_spellbook_import.py::test_lane_fails_closed_on_missing_or_drifted_leaves[data/ini/science.ini-Science SCIENCE_TestHeal-Science SCIENCE_Renamed-effective Science is missing: SCIENCE_TestHeal] PASSED [ 81%]
importer/tests/test_spellbook_import.py::test_lane_fails_closed_on_missing_or_drifted_leaves[data/ini/object/system/test_system.ini-    SpecialPowerTemplate = SpellBookTestVolley\n-    SpecialPowerTemplate = SpellBookTestHeal\n-bound by multiple modules] PASSED [ 81%]
importer/tests/test_spellbook_import.py::test_lane_fails_closed_on_missing_or_drifted_leaves[data/ini/object/system/test_system.ini-    HealOCL = OCL_TestHealPing\n-    StartOCL = OCL_TestHealPing\n-unsupported effect leaf field: StartOCL] PASSED [ 81%]
importer/tests/test_spellbook_import.py::test_lane_fails_closed_when_power_module_is_missing PASSED [ 81%]
importer/tests/test_spellbook_import.py::test_lane_fails_closed_on_unresolved_census_leaves PASSED [ 81%]
importer/tests/test_spellbook_import.py::test_lane_fails_closed_when_tree_disagrees_with_census PASSED [ 81%]
importer/tests/test_spellbook_import.py::test_layered_authority_uses_its_command_surface_over_stale_census_sets PASSED [ 81%]
importer/tests/test_spellbook_import.py::test_media_resolution_fails_closed_on_unresolved_image_or_audio PASSED [ 81%]
importer/tests/test_spellbook_import.py::test_audio_fallback_only_applies_when_root_definition_is_absent PASSED [ 81%]
importer/tests/test_spellbook_import.py::test_fxlist_preserves_authored_particle_absent_from_shipped_definitions PASSED [ 81%]
importer/tests/test_spellbook_import.py::test_mapped_image_fallback_only_applies_when_definition_is_absent PASSED [ 81%]
importer/tests/test_spellbook_import.py::test_string_resolution_fails_closed_on_missing_record PASSED [ 81%]
importer/tests/test_spellbook_import.py::test_layered_source_null_spellbook_string_is_recorded_not_invented PASSED [ 81%]
importer/tests/test_spellbook_import.py::test_pack_recipe_fails_closed_on_unresolved_media PASSED [ 81%]
importer/tests/test_spellbook_import.py::test_runtime_composition_fails_closed_on_identity_drift PASSED [ 81%]
importer/tests/test_spellbook_import.py::test_spell_store_rejects_duplicate_science_slots PASSED [ 81%]
importer/tests/test_spellbook_import.py::test_case_variant_icon_casings_emit_one_crop_and_keep_all_bindings PASSED [ 81%]
importer/tests/test_spellbook_import.py::test_mordor_rainoffire_case_variants_emit_one_crop_and_keep_bindings PASSED [ 81%]
importer/tests/test_spellbook_import.py::test_distinct_images_colliding_on_logical_name_fail_closed PASSED [ 81%]
importer/tests/test_spellbook_import.py::TestParticleSysBoneFields::test_quoted_bone_with_spaces_keeps_the_real_system_name PASSED [ 81%]
importer/tests/test_spellbook_import.py::TestParticleSysBoneFields::test_unquoted_form_is_unchanged PASSED [ 81%]
importer/tests/test_spellbook_import.py::TestParticleSysBoneFields::test_value_without_both_fields_binds_nothing PASSED [ 81%]
importer/tests/test_spellbook_import.py::test_unresolvable_particle_sys_bone_is_recorded_with_its_source_line PASSED [ 81%]
importer/tests/test_spellbook_import.py::test_unresolvable_particle_is_classified_against_the_legacy_family PASSED [ 81%]
importer/tests/test_spellbook_import.py::test_effect_geometry_rides_the_recipe_and_the_runtime_document PASSED [ 81%]
importer/tests/test_spellbook_import.py::test_recipe_rejects_a_visual_binding_with_no_owning_resource PASSED [ 81%]
importer/tests/test_spellbook_visual_ingress.py::test_visual_object_ids_skips_hordes_and_modelless_leaves PASSED [ 81%]
importer/tests/test_spellbook_visual_ingress.py::test_summoned_member_converts_and_horde_binds_to_it PASSED [ 81%]
importer/tests/test_spellbook_visual_ingress.py::test_embedded_animation_model_converts_as_self_animated_bundle PASSED [ 81%]
importer/tests/test_spellbook_visual_ingress.py::test_summoned_unit_binds_its_authored_animation_states PASSED [ 81%]
importer/tests/test_spellbook_visual_ingress.py::test_summon_without_matching_clips_stays_a_static_model PASSED [ 81%]
importer/tests/test_spellbook_visual_ingress.py::test_static_placeholder_model_converts_without_a_rig PASSED [ 82%]
importer/tests/test_spellbook_visual_ingress.py::test_conditional_only_model_is_recorded_not_guessed PASSED [ 82%]
importer/tests/test_spellbook_visual_ingress.py::test_two_draw_modules_with_different_default_models_stay_unconverted PASSED [ 82%]
importer/tests/test_spellbook_visual_ingress.py::test_unresolved_texture_costs_only_that_object PASSED [ 82%]
importer/tests/test_spellbook_visual_ingress.py::test_closure_failures_ride_the_bindings_as_recorded_gaps PASSED [ 82%]
importer/tests/test_spellbook_visual_ingress.py::test_tampered_closure_digest_is_rejected PASSED [ 82%]
importer/tests/test_spellbook_visual_ingress.py::test_validate_rejects_a_binding_without_a_glb PASSED [ 82%]
importer/tests/test_spellbook_visual_ingress.py::test_model_condition_state_none_is_the_default_state PASSED [ 82%]
importer/tests/test_spellbook_visual_ingress.py::test_world_builder_only_geometry_is_an_authored_in_game_absence PASSED [ 82%]
importer/tests/test_spellbook_visual_ingress.py::test_floor_draw_bib_does_not_make_the_body_look_ambiguous PASSED [ 82%]
importer/tests/test_strategic_census.py::StrategicCensusClassifierTests::test_expected_file_counts_match_measured_ground_truth PASSED [ 82%]
importer/tests/test_strategic_census.py::StrategicCensusClassifierTests::test_known_families_are_accepted_and_totaled PASSED [ 82%]
importer/tests/test_strategic_census.py::StrategicCensusClassifierTests::test_missing_expected_files_land_in_unresolved_files PASSED [ 82%]
importer/tests/test_strategic_census.py::StrategicCensusClassifierTests::test_unknown_block_type_lands_in_unclassified_blocks PASSED [ 82%]
importer/tests/test_strategic_census.py::StrategicCensusClassifierTests::test_unsupported_game_fails_closed PASSED [ 82%]
importer/tests/test_strategic_census.py::StrategicCensusClassifierTests::test_unterminated_block_fails_closed PASSED [ 82%]
importer/tests/test_strategic_census.py::Bfme2StrategicCensusIntegrationTests::test_measured_surface PASSED [ 82%]
importer/tests/test_strategic_census.py::RotwkStrategicCensusIntegrationTests::test_measured_surface PASSED [ 82%]
importer/tests/test_terrain_materials.py::TerrainMaterialTests::test_converts_exact_case_insensitive_closure_deterministically PASSED [ 82%]
importer/tests/test_terrain_materials.py::TerrainMaterialTests::test_ignores_duplicate_unrequested_retail_definitions PASSED [ 82%]
importer/tests/test_terrain_materials.py::TerrainMaterialTests::test_pipeline_runs_terrain_material_conversion_once_for_all_entries PASSED [ 82%]
importer/tests/test_terrain_materials.py::TerrainMaterialTests::test_profile_requires_bounded_explicit_symbols_and_output 
importer/tests/test_terrain_materials.py::TerrainMaterialTests::test_profile_requires_bounded_explicit_symbols_and_output PASSED [ 82%]
importer/tests/test_terrain_materials.py::TerrainMaterialTests::test_rejects_unresolved_ambiguous_and_non_exact_closures 
importer/tests/test_terrain_materials.py::TerrainMaterialTests::test_rejects_unresolved_ambiguous_and_non_exact_closures PASSED [ 82%]
importer/tests/test_terrain_materials.py::TerrainMaterialTests::test_resolves_ordered_material_references_from_bytes PASSED [ 82%]
importer/tests/test_terrain_materials.py::TerrainMaterialDuplicateTests::test_duplicate_definition_takes_the_last_record PASSED [ 82%]
importer/tests/test_texture_atlas_crops.py::TextureAtlasCropTests::test_multiple_crops_are_canonical_rgba_and_byte_deterministic PASSED [ 82%]
importer/tests/test_texture_atlas_crops.py::TextureAtlasCropTests::test_out_of_bounds_crop_fails_before_writing_any_output PASSED [ 82%]
importer/tests/test_texture_atlas_crops.py::TextureAtlasCropTests::test_pipeline_records_every_crop_once_on_the_single_source PASSED [ 82%]
importer/tests/test_texture_atlas_crops.py::TextureAtlasCropTests::test_profile_rejects_unbounded_unsafe_duplicate_and_malformed_crops 
importer/tests/test_texture_atlas_crops.py::TextureAtlasCropTests::test_profile_rejects_unbounded_unsafe_duplicate_and_malformed_crops PASSED [ 82%]
importer/tests/test_typed_visual_graph.py::TypedVisualGraphTests::test_animation_clip_file_stem_fallback_stays_fail_closed PASSED [ 82%]
importer/tests/test_typed_visual_graph.py::TypedVisualGraphTests::test_animation_clip_file_stem_resolves_retail_clip_id_drift PASSED [ 82%]
importer/tests/test_typed_visual_graph.py::TypedVisualGraphTests::test_authored_tga_resolves_only_to_unique_compiled_dds_stem PASSED [ 82%]
importer/tests/test_typed_visual_graph.py::TypedVisualGraphTests::test_drawable_script_control_flow_is_retained_as_an_explicit_gap PASSED [ 82%]
importer/tests/test_typed_visual_graph.py::TypedVisualGraphTests::test_duplicate_or_missing_targets_fail_closed_and_bad_requests_are_rejected PASSED [ 82%]
importer/tests/test_typed_visual_graph.py::TypedVisualGraphTests::test_extra_mesh_suffix_resolves_as_explicit_extra_mesh_kind PASSED [ 82%]
importer/tests/test_typed_visual_graph.py::TypedVisualGraphTests::test_include_inheritance_resolves_tagged_draws_and_source_provenance PASSED [ 82%]
importer/tests/test_typed_visual_graph.py::TypedVisualGraphTests::test_inheritance_failures_are_diagnostic_and_never_hide_local_visuals PASSED [ 83%]
importer/tests/test_typed_visual_graph.py::TypedVisualGraphTests::test_lifecycle_states_cover_construction_damage_rubble_and_post_rubble PASSED [ 83%]
importer/tests/test_typed_visual_graph.py::TypedVisualGraphTests::test_missing_ambiguous_and_invalid_tokens_remain_explicit_at_source_line PASSED [ 83%]
importer/tests/test_typed_visual_graph.py::TypedVisualGraphTests::test_output_is_deterministic_across_target_document_and_catalog_order PASSED [ 83%]
importer/tests/test_typed_visual_graph.py::TypedVisualGraphTests::test_remove_module_removes_only_the_exact_inherited_draw_tag PASSED [ 83%]
importer/tests/test_typed_visual_graph.py::TypedVisualGraphTests::test_resolved_include_evidence_is_retained_but_spliced_visuals_are_traversed PASSED [ 83%]
importer/tests/test_typed_visual_graph.py::TypedVisualGraphTests::test_resolves_visual_roles_and_preserves_uncoerced_shadow_recolour_flags PASSED [ 83%]
importer/tests/test_typed_visual_graph.py::TypedVisualGraphTests::test_same_tag_replaces_the_inherited_module_without_asset_fallback PASSED [ 83%]
importer/tests/test_typed_visual_graph.py::TypedVisualGraphTests::test_unresolved_body_markers_are_never_silently_filtered PASSED [ 83%]
importer/tests/test_upgrade_parity_compiler.py::test_research_surface_compiles_buttons_gates_and_costs PASSED [ 83%]
importer/tests/test_upgrade_parity_compiler.py::test_research_surface_requires_player_upgrade_type PASSED [ 83%]
importer/tests/test_upgrade_parity_compiler.py::test_research_surface_missing_upgrade_block_fails_closed PASSED [ 83%]
importer/tests/test_upgrade_parity_compiler.py::test_upgrade_effects_compile_discount_refund_and_income_bonus PASSED [ 83%]
importer/tests/test_upgrade_parity_compiler.py::test_unsupported_upgrade_effect_module_is_recorded PASSED [ 83%]
importer/tests/test_upgrade_parity_compiler.py::test_structure_level_presentation_compiles_without_level_up_modules PASSED [ 83%]
importer/tests/test_upgrade_parity_compiler.py::test_structure_without_subobject_rows_has_no_presentation_key PASSED [ 83%]
importer/tests/test_upgrade_parity_compiler.py::test_unit_upgrade_purchase_commands_compile PASSED [ 83%]
importer/tests/test_upgrade_parity_compiler.py::test_level_up_upgrades_compile_and_leave_unsupported_record PASSED [ 83%]
importer/tests/test_upgrade_parity_compiler.py::test_unit_purchase_requires_object_upgrade_type PASSED [ 83%]
importer/tests/test_upgrade_parity_compiler.py::test_unit_purchase_missing_upgrade_block_fails_closed PASSED [ 83%]
importer/tests/test_upgrade_parity_compiler.py::test_unit_without_purchase_buttons_has_no_new_keys PASSED [ 83%]
importer/tests/test_visual_leaf.py::VisualLeafTests::test_batch_diagnostics_are_classified_bounded_and_deterministic PASSED [ 83%]
importer/tests/test_visual_leaf.py::VisualLeafTests::test_enforces_catalog_request_path_identifier_and_diagnostic_bounds PASSED [ 83%]
importer/tests/test_visual_leaf.py::VisualLeafTests::test_explicit_house_color_pair_is_anchored_without_format_fallback PASSED [ 83%]
importer/tests/test_visual_leaf.py::VisualLeafTests::test_extensionless_and_explicit_resolution_never_guess PASSED [ 83%]
importer/tests/test_visual_leaf.py::VisualLeafTests::test_house_color_accepts_tga_or_complete_jpg_png_pair PASSED [ 83%]
importer/tests/test_visual_leaf.py::VisualLeafTests::test_house_color_rejects_partial_and_multiple_alternatives PASSED [ 83%]
importer/tests/test_visual_leaf.py::VisualLeafTests::test_particle_requires_unique_representation_or_caller_pin PASSED [ 83%]
importer/tests/test_visual_leaf.py::VisualLeafTests::test_rejects_case_ambiguous_and_duplicate_catalog_paths PASSED [ 83%]
importer/tests/test_visual_leaf.py::VisualLeafTests::test_rejects_unsafe_inputs_and_kind_extension_mismatches 
importer/tests/test_visual_leaf.py::VisualLeafTests::test_rejects_unsafe_inputs_and_kind_extension_mismatches PASSED [ 83%]
importer/tests/test_visual_leaf.py::VisualLeafTests::test_resolves_each_single_leaf_role_and_preserves_canonical_path PASSED [ 83%]
importer/tests/test_visual_leaf.py::VisualLeafTests::test_strict_batch_returns_request_order_and_neutral_data PASSED [ 83%]
importer/tests/test_w3d_action_shapes.py::W3dActionShapeTests::test_duplicate_logical_clip_requires_full_semantic_equivalence PASSED [ 83%]
importer/tests/test_w3d_action_shapes.py::W3dActionShapeTests::test_empty_action_shape_set_cannot_prove_static_output PASSED [ 83%]
importer/tests/test_w3d_action_shapes.py::W3dActionShapeTests::test_missing_required_transform_animation_still_fails_closed PASSED [ 83%]
importer/tests/test_w3d_action_shapes.py::W3dActionShapeTests::test_semantic_fingerprint_includes_visibility_values_not_action_names PASSED [ 83%]
importer/tests/test_w3d_action_shapes.py::W3dActionShapeTests::test_transform_only_and_full_pair_are_distinct_typed_shapes PASSED [ 83%]
importer/tests/test_w3d_action_shapes.py::W3dActionShapeTests::test_unsealed_empty_animation_output_is_rejected PASSED [ 84%]
importer/tests/test_w3d_action_shapes.py::W3dActionShapeTests::test_visibility_only_source_preserves_static_geometry_without_motion PASSED [ 84%]
importer/tests/test_w3d_action_shapes.py::W3dAnimationOwnerRigTests::test_find_model_rig_allows_rigless_animated_only PASSED [ 84%]
importer/tests/test_w3d_action_shapes.py::W3dAnimationOwnerRigTests::test_nla_shapes_without_owner_stay_on_the_model_rig PASSED [ 84%]
importer/tests/test_w3d_action_shapes.py::W3dAnimationOwnerRigTests::test_nla_tracks_are_created_per_owner_rig PASSED [ 84%]
importer/tests/test_w3d_action_shapes.py::W3dAnimationOwnerRigTests::test_owner_rig_rejects_actions_outside_the_owner_set PASSED [ 84%]
importer/tests/test_w3d_action_shapes.py::W3dAnimationOwnerRigTests::test_owner_rig_resolution_prefers_the_unique_owning_rig PASSED [ 84%]
importer/tests/test_w3d_action_shapes.py::W3dSplitGlbSkeletalRelaxationTests::test_detached_mesh_requires_skeletal_opt_out PASSED [ 84%]
importer/tests/test_w3d_action_shapes.py::W3dSplitGlbSkeletalRelaxationTests::test_rigid_animated_glb_without_skins_validates PASSED [ 84%]
importer/tests/test_w3d_animation_streams.py::RawAnimationChannelTests::test_canonical_hash_attests_padding_bytes PASSED [ 84%]
importer/tests/test_w3d_animation_streams.py::RawAnimationChannelTests::test_opaque_header_and_124_byte_tail_are_preserved_in_evidence PASSED [ 84%]
importer/tests/test_w3d_animation_streams.py::RawAnimationChannelTests::test_quaternion_layout_validates_norm_and_attests_padding PASSED [ 84%]
importer/tests/test_w3d_animation_streams.py::RawAnimationChannelTests::test_raw_channel_rejects_truncation_header_frame_and_float PASSED [ 84%]
importer/tests/test_w3d_animation_streams.py::RawAnimationChannelTests::test_raw_channel_retains_global_hard_byte_bound PASSED [ 84%]
importer/tests/test_w3d_animation_streams.py::RawAnimationChannelTests::test_scalar_layout_bounds_immutability_and_payload_free_attestation PASSED [ 84%]
importer/tests/test_w3d_animation_streams.py::RawAnimationChannelTests::test_unknown_type_and_wrong_vector_width_fail_closed PASSED [ 84%]
importer/tests/test_w3d_animation_streams.py::RawBitChannelTests::test_lsb_first_bits_default_and_unused_high_bits_are_attested PASSED [ 84%]
importer/tests/test_w3d_animation_streams.py::RawBitChannelTests::test_raw_bit_rejects_exact_length_and_unknown_type PASSED [ 84%]
importer/tests/test_w3d_animation_streams.py::CompressedAnimationChannelTests::test_adaptive_delta_four_bit_layout_expands_and_attests_blocks PASSED [ 84%]
importer/tests/test_w3d_animation_streams.py::CompressedAnimationChannelTests::test_adaptive_rejects_truncation_nonfinite_and_bad_initial_rotation PASSED [ 84%]
importer/tests/test_w3d_animation_streams.py::CompressedAnimationChannelTests::test_time_coded_out_of_owner_frames_are_exactly_attested PASSED [ 84%]
importer/tests/test_w3d_animation_streams.py::CompressedAnimationChannelTests::test_time_coded_quaternion_and_exact_length_are_validated PASSED [ 84%]
importer/tests/test_w3d_animation_streams.py::CompressedAnimationChannelTests::test_time_coded_scalar_layout_order_and_interpolation PASSED [ 84%]
importer/tests/test_w3d_animation_streams.py::CompressedBitAndMotionTests::test_compressed_bit_channel_uses_high_value_bit_and_allows_default_only PASSED [ 84%]
importer/tests/test_w3d_animation_streams.py::CompressedBitAndMotionTests::test_invalid_pivots_are_primary_skips_for_282_283_and_284 
importer/tests/test_w3d_animation_streams.py::CompressedBitAndMotionTests::test_invalid_pivots_are_primary_skips_for_282_283_and_284 PASSED [ 84%]
importer/tests/test_w3d_animation_streams.py::CompressedBitAndMotionTests::test_motion_eight_bit_adaptive_layout_is_distinct_and_bounded PASSED [ 84%]
importer/tests/test_w3d_animation_streams.py::CompressedBitAndMotionTests::test_motion_rejects_reserved_unknown_delta_bad_time_target_and_float PASSED [ 84%]
importer/tests/test_w3d_animation_streams.py::CompressedBitAndMotionTests::test_motion_time_coded_layout_has_separate_times_alignment_and_values PASSED [ 84%]
importer/tests/test_w3d_animation_streams.py::CompressedBitAndMotionTests::test_motion_time_codes_mask_binary_movement_flag PASSED [ 84%]
importer/tests/test_w3d_animation_streams.py::CompressedBitAndMotionTests::test_motion_time_codes_outside_owner_range_remain_attested PASSED [ 84%]
importer/tests/test_w3d_animation_streams.py::CompressedBitAndMotionTests::test_motion_time_codes_reject_unordered_masked_frames PASSED [ 84%]
importer/tests/test_w3d_animation_streams.py::AnimationDispatchTests::test_dispatch_preserves_all_five_chunk_kinds 
importer/tests/test_w3d_animation_streams.py::AnimationDispatchTests::test_dispatch_preserves_all_five_chunk_kinds PASSED [ 84%]
importer/tests/test_w3d_animation_streams.py::AnimationDispatchTests::test_dispatch_requires_flavor_and_rejects_unknown_chunk_and_flavor PASSED [ 84%]
importer/tests/test_w3d_auxiliary_streams.py::W3DAuxiliaryMeshStreamTests::test_diffuse_colors_are_rgba_bytes_per_owner_vertex PASSED [ 84%]
importer/tests/test_w3d_auxiliary_streams.py::W3DAuxiliaryMeshStreamTests::test_mesh_user_text_is_structural_hash_evidence_without_text PASSED [ 84%]
importer/tests/test_w3d_auxiliary_streams.py::W3DAuxiliaryMeshStreamTests::test_supported_set_is_exactly_the_nine_source_proven_layouts PASSED [ 84%]
importer/tests/test_w3d_auxiliary_streams.py::W3DAuxiliaryMeshStreamTests::test_tangents_and_bitangents_are_finite_vec3_records PASSED [ 85%]
importer/tests/test_w3d_auxiliary_streams.py::W3DAuxiliaryMeshStreamTests::test_vertex_shade_indices_are_owner_bound_uint32_records PASSED [ 85%]
importer/tests/test_w3d_auxiliary_streams.py::W3DAuxiliaryAabbTests::test_aabb_header_is_exact_and_bound_to_mesh_polygon_count PASSED [ 85%]
importer/tests/test_w3d_auxiliary_streams.py::W3DAuxiliaryAabbTests::test_aabb_nodes_reject_inverted_and_nonfinite_bounds PASSED [ 85%]
importer/tests/test_w3d_auxiliary_streams.py::W3DAuxiliaryAabbTests::test_aabb_nodes_validate_branch_and_leaf_ranges PASSED [ 85%]
importer/tests/test_w3d_auxiliary_streams.py::W3DAuxiliaryAabbTests::test_aabb_polygon_indices_match_header_and_mesh_cardinality PASSED [ 85%]
importer/tests/test_w3d_auxiliary_streams.py::W3DAuxiliaryHierarchyAndContractTests::test_caller_contracts_fail_closed_and_attestations_are_immutable PASSED [ 85%]
importer/tests/test_w3d_auxiliary_streams.py::W3DAuxiliaryHierarchyAndContractTests::test_pivot_fixups_are_finite_matrix4x3_records_per_pivot PASSED [ 85%]
importer/tests/test_w3d_batch_runner.py::W3DBatchRunnerTests::test_accounted_job_plan_rejects_removed_bad_or_overlapping_accounting 
importer/tests/test_w3d_batch_runner.py::W3DBatchRunnerTests::test_accounted_job_plan_rejects_removed_bad_or_overlapping_accounting PASSED [ 85%]
importer/tests/test_w3d_batch_runner.py::W3DBatchRunnerTests::test_accounted_job_plan_rejects_zero_jobs_and_process_failure PASSED [ 85%]
importer/tests/test_w3d_batch_runner.py::W3DBatchRunnerTests::test_accounted_job_policy_is_bound_into_reuse_request PASSED [ 85%]
importer/tests/test_w3d_batch_runner.py::W3DBatchRunnerTests::test_accounted_job_terminal_evidence_is_bound_into_reuse_request PASSED [ 85%]
importer/tests/test_w3d_batch_runner.py::W3DBatchRunnerTests::test_accounted_jobs_publish_transparent_incomplete_corpus_and_reuse PASSED [ 85%]
importer/tests/test_w3d_batch_runner.py::W3DBatchRunnerTests::test_accounted_jobs_require_current_prepared_attestation_before_process PASSED [ 85%]
importer/tests/test_w3d_batch_runner.py::W3DBatchRunnerTests::test_accounted_toolchain_changes_invalidate_reuse_and_midrun_mutation PASSED [ 85%]
importer/tests/test_w3d_batch_runner.py::W3DBatchRunnerTests::test_all_fixed_converter_phases_are_accepted_and_aggregated PASSED [ 85%]
importer/tests/test_w3d_batch_runner.py::W3DBatchRunnerTests::test_animation_mutation_is_rejected_before_process_launch PASSED [ 85%]
importer/tests/test_w3d_batch_runner.py::W3DBatchRunnerTests::test_asset_only_glb_with_fabricated_counts_never_publishes PASSED [ 85%]
importer/tests/test_w3d_batch_runner.py::W3DBatchRunnerTests::test_attested_preparation_executes_with_stable_adapter_manifest PASSED [ 85%]
importer/tests/test_w3d_batch_runner.py::W3DBatchRunnerTests::test_committed_force_publish_survives_best_effort_backup_cleanup PASSED [ 85%]
importer/tests/test_w3d_batch_runner.py::W3DBatchRunnerTests::test_embedded_hierarchy_attestation_uses_prepared_model_hash PASSED [ 85%]
importer/tests/test_w3d_batch_runner.py::W3DBatchRunnerTests::test_executes_one_exact_command_per_batch_and_publishes_canonical_evidence PASSED [ 85%]
importer/tests/test_w3d_batch_runner.py::W3DBatchRunnerTests::test_extra_files_and_invalid_glb_chunks_are_rejected PASSED [ 85%]
importer/tests/test_w3d_batch_runner.py::W3DBatchRunnerTests::test_failure_marker_field_enum_count_order_and_rc_forgery_fail_closed 
importer/tests/test_w3d_batch_runner.py::W3DBatchRunnerTests::test_failure_marker_field_enum_count_order_and_rc_forgery_fail_closed PASSED [ 85%]
importer/tests/test_w3d_batch_runner.py::W3DBatchRunnerTests::test_force_failure_preserves_previous_verified_destination PASSED [ 85%]
importer/tests/test_w3d_batch_runner.py::W3DBatchRunnerTests::test_hard_linked_output_is_rejected PASSED [ 85%]
importer/tests/test_w3d_batch_runner.py::W3DBatchRunnerTests::test_hierarchy_triplet_and_preparation_kind_are_fail_closed 
importer/tests/test_w3d_batch_runner.py::W3DBatchRunnerTests::test_hierarchy_triplet_and_preparation_kind_are_fail_closed PASSED [ 85%]
importer/tests/test_w3d_batch_runner.py::W3DBatchRunnerTests::test_job_root_mutation_during_process_aborts_transaction PASSED [ 85%]
importer/tests/test_w3d_batch_runner.py::W3DBatchRunnerTests::test_linked_output_is_rejected PASSED [ 85%]
importer/tests/test_w3d_batch_runner.py::W3DBatchRunnerTests::test_malformed_duplicate_unknown_and_leaky_markers_fail_closed 
importer/tests/test_w3d_batch_runner.py::W3DBatchRunnerTests::test_malformed_duplicate_unknown_and_leaky_markers_fail_closed PASSED [ 85%]
importer/tests/test_w3d_batch_runner.py::W3DBatchRunnerTests::test_ordinary_job_uses_raw_hash_and_remains_byte_identical PASSED [ 85%]
importer/tests/test_w3d_batch_runner.py::W3DBatchRunnerTests::test_prepared_model_and_external_hierarchy_tamper_are_rejected PASSED [ 85%]
importer/tests/test_w3d_batch_runner.py::W3DBatchRunnerTests::test_resolution_contract_forgery_matrix_fails_before_execution_or_reuse 
importer/tests/test_w3d_batch_runner.py::W3DBatchRunnerTests::test_resolution_contract_forgery_matrix_fails_before_execution_or_reuse PASSED [ 85%]
importer/tests/test_w3d_batch_runner.py::W3DBatchRunnerTests::test_run_process_retains_bounded_rc1_and_rejects_other_failures 
importer/tests/test_w3d_batch_runner.py::W3DBatchRunnerTests::test_run_process_retains_bounded_rc1_and_rejects_other_failures PASSED [ 85%]
importer/tests/test_w3d_batch_runner.py::W3DBatchRunnerTests::test_strict_mode_rejects_irrelevant_prepared_attestation_without_launch PASSED [ 85%]
importer/tests/test_w3d_batch_runner.py::W3DBatchRunnerTests::test_strict_schema_v0_default_and_false_have_fixed_reuse_hashes PASSED [ 85%]
importer/tests/test_w3d_batch_runner.py::W3DBatchRunnerTests::test_terminals_and_bad_pins_are_rejected_before_process_launch PASSED [ 85%]
importer/tests/test_w3d_batch_runner.py::W3DBatchRunnerTests::test_timeout_partial_output_and_hash_mismatch_never_publish 
importer/tests/test_w3d_batch_runner.py::W3DBatchRunnerTests::test_timeout_partial_output_and_hash_mismatch_never_publish PASSED [ 86%]
importer/tests/test_w3d_batch_runner.py::W3DBatchRunnerTests::test_unattested_preparation_is_rejected_before_process_launch PASSED [ 86%]
importer/tests/test_w3d_batch_runner.py::W3DBatchRunnerTests::test_valid_destination_is_fully_revalidated_and_reused_without_launch PASSED [ 86%]
importer/tests/test_w3d_batch_runner.py::W3DBatchRunnerTests::test_valid_rc1_failure_markers_raise_sanitized_canonical_aggregate PASSED [ 86%]
importer/tests/test_w3d_batch_to_glb.py::W3dBatchManifestTests::test_accepts_exact_bounded_job_contracts PASSED [ 86%]
importer/tests/test_w3d_batch_to_glb.py::W3dBatchManifestTests::test_asset_kind_animation_equipment_and_bake_rules_fail_closed 
importer/tests/test_w3d_batch_to_glb.py::W3dBatchManifestTests::test_asset_kind_animation_equipment_and_bake_rules_fail_closed PASSED [ 86%]
importer/tests/test_w3d_batch_to_glb.py::W3dBatchManifestTests::test_loader_requires_exact_canonical_utf8_json PASSED [ 86%]
importer/tests/test_w3d_batch_to_glb.py::W3dBatchManifestTests::test_only_exact_single_animated_model_overlap_is_admitted 
importer/tests/test_w3d_batch_to_glb.py::W3dBatchManifestTests::test_only_exact_single_animated_model_overlap_is_admitted PASSED [ 86%]
importer/tests/test_w3d_batch_to_glb.py::W3dBatchManifestTests::test_rejects_unknown_fields_bad_paths_duplicates_and_overlaps 
importer/tests/test_w3d_batch_to_glb.py::W3dBatchManifestTests::test_rejects_unknown_fields_bad_paths_duplicates_and_overlaps PASSED [ 86%]
importer/tests/test_w3d_batch_to_glb.py::W3dBatchExecutionTests::test_all_refined_converter_phases_require_exact_bound_error 
importer/tests/test_w3d_batch_to_glb.py::W3dBatchExecutionTests::test_all_refined_converter_phases_require_exact_bound_error PASSED [ 86%]
importer/tests/test_w3d_batch_to_glb.py::W3dBatchExecutionTests::test_converter_control_flow_failure_is_bounded_per_job PASSED [ 86%]
importer/tests/test_w3d_batch_to_glb.py::W3dBatchExecutionTests::test_converter_initialization_base_exception_reports_every_trusted_job PASSED [ 86%]
importer/tests/test_w3d_batch_to_glb.py::W3dBatchExecutionTests::test_embedded_animation_report_flag_must_exactly_match_request 
importer/tests/test_w3d_batch_to_glb.py::W3dBatchExecutionTests::test_embedded_animation_report_flag_must_exactly_match_request PASSED [ 86%]
importer/tests/test_w3d_batch_to_glb.py::W3dBatchExecutionTests::test_failure_kind_classifier_uses_only_fixed_categories 
importer/tests/test_w3d_batch_to_glb.py::W3dBatchExecutionTests::test_failure_kind_classifier_uses_only_fixed_categories PASSED [ 86%]
importer/tests/test_w3d_batch_to_glb.py::W3dBatchExecutionTests::test_failure_markers_seal_phase_kind_and_aggregate_counts PASSED [ 86%]
importer/tests/test_w3d_batch_to_glb.py::W3dBatchExecutionTests::test_invalid_glb_or_report_is_a_failure_and_does_not_publish PASSED [ 86%]
importer/tests/test_w3d_batch_to_glb.py::W3dBatchExecutionTests::test_missing_input_fails_one_job_without_invoking_converter PASSED [ 86%]
importer/tests/test_w3d_batch_to_glb.py::W3dBatchExecutionTests::test_only_exact_bound_phase_error_can_refine_converter_failure PASSED [ 86%]
importer/tests/test_w3d_batch_to_glb.py::W3dBatchExecutionTests::test_roots_must_be_separate_and_link_free SKIPPED [ 86%]
importer/tests/test_w3d_batch_to_glb.py::W3dBatchExecutionTests::test_runs_all_jobs_continues_after_failure_and_publishes_atomically PASSED [ 86%]
importer/tests/test_w3d_batch_to_glb.py::W3dAdapterInitializationTests::test_batch_and_single_job_report_contracts_are_identical PASSED [ 86%]
importer/tests/test_w3d_batch_to_glb.py::W3dAdapterInitializationTests::test_converter_bindings_require_exact_module_owned_phase_error_class PASSED [ 86%]
importer/tests/test_w3d_batch_to_glb.py::W3dAdapterInitializationTests::test_default_converter_load_suppresses_bytecode_and_restores_flag PASSED [ 86%]
importer/tests/test_w3d_batch_to_glb.py::W3dAdapterInitializationTests::test_plugin_factory_reset_and_shim_are_installed_once PASSED [ 86%]
importer/tests/test_w3d_batch_to_glb.py::W3dAdapterInitializationTests::test_single_job_main_keeps_established_marker_and_report PASSED [ 86%]
importer/tests/test_w3d_catalog.py::W3DCatalogTests::test_aggregate_bounds_and_per_file_scanner_limits_fail_closed PASSED [ 86%]
importer/tests/test_w3d_catalog.py::W3DCatalogTests::test_case_colliding_physical_paths_are_not_guessed_in_partial_index PASSED [ 86%]
importer/tests/test_w3d_catalog.py::W3DCatalogTests::test_catalog_source_ids_use_canonical_utf8_and_preserve_ascii_ids 
importer/tests/test_w3d_catalog.py::W3DCatalogTests::test_catalog_source_ids_use_canonical_utf8_and_preserve_ascii_ids PASSED [ 86%]
importer/tests/test_w3d_catalog.py::W3DCatalogTests::test_duplicate_logical_ids_preserve_case_and_offset_provenance PASSED [ 86%]
importer/tests/test_w3d_catalog.py::W3DCatalogTests::test_order_independent_catalog_hashes_counts_and_file_header_bridge PASSED [ 86%]
importer/tests/test_w3d_catalog.py::W3DCatalogTests::test_padded_ids_admit_with_trim_when_provably_unique PASSED [ 86%]
importer/tests/test_w3d_catalog.py::W3DCatalogTests::test_reports_without_trims_keep_the_pre_trim_canonical_form PASSED [ 86%]
importer/tests/test_w3d_catalog.py::W3DCatalogTests::test_trim_collisions_keep_the_fail_closed_rejection PASSED [ 86%]
importer/tests/test_w3d_catalog.py::W3DCatalogTests::test_truncated_and_unsupported_files_retain_per_file_warnings PASSED [ 86%]
importer/tests/test_w3d_chunk_backlog.py::W3DChunkBacklogTests::test_decode_corpus_join_and_index_rejections_are_aggregated PASSED [ 86%]
importer/tests/test_w3d_chunk_backlog.py::W3DChunkBacklogTests::test_decoded_secondary_streams_do_not_appear_in_the_backlog PASSED [ 86%]
importer/tests/test_w3d_chunk_backlog.py::W3DChunkBacklogTests::test_duplicate_logical_ids_split_identical_and_distinct_bytes PASSED [ 87%]
importer/tests/test_w3d_chunk_backlog.py::W3DChunkBacklogTests::test_fail_closed_on_untrustworthy_inputs PASSED [ 87%]
importer/tests/test_w3d_chunk_backlog.py::W3DChunkBacklogTests::test_ranks_by_files_blocked_with_faction_reachability PASSED [ 87%]
importer/tests/test_w3d_chunk_backlog.py::W3DChunkBacklogTests::test_rendering_is_deterministic_lf_terminated_and_order_stable PASSED [ 87%]
importer/tests/test_w3d_chunk_backlog.py::W3DChunkBacklogTests::test_schema_identity_is_present PASSED [ 87%]
importer/tests/test_w3d_chunk_backlog.py::W3DChunkBacklogTests::test_slice_plan_paths_are_extracted_casefolded PASSED [ 87%]
importer/tests/test_w3d_chunk_backlog.py::W3DChunkBacklogTests::test_trim_collisions_keep_the_fail_closed_rejection PASSED [ 87%]
importer/tests/test_w3d_chunk_backlog.py::W3DChunkBacklogTests::test_vacuous_stream_completeness_is_separately_counted PASSED [ 87%]
importer/tests/test_w3d_chunk_backlog.py::W3DChunkBacklogStalenessGuardTests::test_fresh_decode_corpus_is_dated_in_the_census PASSED [ 87%]
importer/tests/test_w3d_chunk_backlog.py::W3DChunkBacklogStalenessGuardTests::test_stale_decode_corpus_is_marked_loudly_with_the_moved_module PASSED [ 87%]
importer/tests/test_w3d_chunk_backlog.py::W3DChunkBacklogStalenessGuardTests::test_undatable_decode_corpus_is_refused PASSED [ 87%]
importer/tests/test_w3d_chunk_backlog.py::CommittedCensusProvenanceTests::test_committed_census_dates_itself_and_is_current FAILED [ 87%]
importer/tests/test_w3d_chunk_backlog.py::CommittedCensusProvenanceTests::test_committed_census_decode_corpus_figures_are_dated_fresh FAILED [ 87%]
importer/tests/test_w3d_converter_phase_evidence.py::W3dConverterPhaseEvidenceTests::test_additive_material_real_boundaries_preserve_optional_none_behavior PASSED [ 87%]
importer/tests/test_w3d_converter_phase_evidence.py::W3dConverterPhaseEvidenceTests::test_exact_kind_enum_uses_only_isinstance_categories 
importer/tests/test_w3d_converter_phase_evidence.py::W3dConverterPhaseEvidenceTests::test_exact_kind_enum_uses_only_isinstance_categories PASSED [ 87%]
importer/tests/test_w3d_converter_phase_evidence.py::W3dConverterPhaseEvidenceTests::test_exact_phase_enum_is_sanitized_and_read_only 
importer/tests/test_w3d_converter_phase_evidence.py::W3dConverterPhaseEvidenceTests::test_exact_phase_enum_is_sanitized_and_read_only PASSED [ 87%]
importer/tests/test_w3d_converter_phase_evidence.py::W3dConverterPhaseEvidenceTests::test_invalid_evidence_fails_closed_without_echoing_values 
importer/tests/test_w3d_converter_phase_evidence.py::W3dConverterPhaseEvidenceTests::test_invalid_evidence_fails_closed_without_echoing_values PASSED [ 87%]
importer/tests/test_w3d_converter_phase_evidence.py::W3dConverterPhaseEvidenceTests::test_mesh_inventory_real_boundaries_preserve_optional_none_behavior PASSED [ 87%]
importer/tests/test_w3d_converter_phase_evidence.py::W3dConverterPhaseEvidenceTests::test_pinned_animation_create_captures_outer_terminal_phases 
importer/tests/test_w3d_converter_phase_evidence.py::W3dConverterPhaseEvidenceTests::test_pinned_animation_create_captures_outer_terminal_phases PASSED [ 87%]
importer/tests/test_w3d_converter_phase_evidence.py::W3dConverterPhaseEvidenceTests::test_pinned_animation_create_preserves_deepest_failure_phase PASSED [ 87%]
importer/tests/test_w3d_converter_phase_evidence.py::W3dConverterPhaseEvidenceTests::test_pinned_animation_create_runs_exact_normal_and_compressed_routes PASSED [ 87%]
importer/tests/test_w3d_converter_phase_evidence.py::W3dConverterPhaseEvidenceTests::test_pinned_importer_none_result_is_hierarchy_dependency_failure PASSED [ 87%]
importer/tests/test_w3d_converter_phase_evidence.py::W3dConverterPhaseEvidenceTests::test_pinned_importer_phase_scope_is_single_use_and_all_or_none PASSED [ 87%]
importer/tests/test_w3d_converter_phase_evidence.py::W3dConverterPhaseEvidenceTests::test_pinned_importer_phase_scope_maps_calls_and_restores_identities PASSED [ 87%]
importer/tests/test_w3d_converter_phase_evidence.py::W3dConverterPhaseEvidenceTests::test_pinned_importer_phase_scope_retains_swallowed_failure_without_payload PASSED [ 87%]
importer/tests/test_w3d_converter_phase_evidence.py::W3dConverterPhaseEvidenceTests::test_pinned_scope_exit_reasserts_failure_after_capture_cleanup PASSED [ 87%]
importer/tests/test_w3d_converter_phase_evidence.py::W3dConverterPhaseEvidenceTests::test_pinned_scope_invokes_loader_directly_with_silent_context PASSED [ 87%]
importer/tests/test_w3d_converter_phase_evidence.py::W3dConverterPhaseEvidenceTests::test_real_animation_boundaries_fail_closed_without_retail_data PASSED [ 87%]
importer/tests/test_w3d_converter_phase_evidence.py::W3dConverterPhaseEvidenceTests::test_real_helper_failures_report_the_active_boundary 
importer/tests/test_w3d_converter_phase_evidence.py::W3dConverterPhaseEvidenceTests::test_real_helper_failures_report_the_active_boundary PASSED [ 87%]
importer/tests/test_w3d_converter_phase_evidence.py::W3dConverterPhaseEvidenceTests::test_real_report_construction_uses_report_validation_phase PASSED [ 87%]
importer/tests/test_w3d_converter_phase_evidence.py::W3dConverterPhaseEvidenceTests::test_real_static_conversion_visits_exact_operation_boundaries PASSED [ 87%]
importer/tests/test_w3d_converter_phase_evidence.py::W3dConverterPhaseEvidenceTests::test_real_validation_and_restoration_failures_report_new_phases PASSED [ 87%]
importer/tests/test_w3d_converter_phase_evidence.py::W3dConverterPhaseEvidenceTests::test_replay_failure_cannot_replace_or_leak_original_evidence PASSED [ 87%]
importer/tests/test_w3d_converter_phase_evidence.py::W3dConverterPhaseEvidenceTests::test_retail_uruk_orphan_hlod_exclusion_is_exact_and_fail_closed PASSED [ 87%]
importer/tests/test_w3d_converter_phase_evidence.py::W3dConverterPhaseEvidenceTests::test_success_preserves_the_established_report_shape PASSED [ 87%]
importer/tests/test_w3d_converter_phase_evidence.py::W3dConverterPhaseEvidenceTests::test_success_replay_failure_is_also_sanitized PASSED [ 87%]
importer/tests/test_w3d_corpus.py::W3DCorpusTests::test_empty_selection_and_selected_bounds_fail_closed PASSED [ 87%]
importer/tests/test_w3d_corpus.py::W3DCorpusTests::test_rejects_bad_schema_totals_aggregate_paths_and_inventory_order PASSED [ 88%]
importer/tests/test_w3d_corpus.py::W3DCorpusTests::test_rejects_links_when_the_platform_can_create_them PASSED [ 88%]
importer/tests/test_w3d_corpus.py::W3DCorpusTests::test_rejects_missing_and_extra_tree_entries_before_scanning PASSED [ 88%]
importer/tests/test_w3d_corpus.py::W3DCorpusTests::test_rejects_w3d_size_and_sha256_mismatches PASSED [ 88%]
importer/tests/test_w3d_corpus.py::W3DCorpusTests::test_strict_mode_preserves_verified_corpus_report PASSED [ 88%]
importer/tests/test_w3d_corpus.py::W3DCorpusTests::test_verified_full_and_compact_reports_are_deterministic_and_payload_free PASSED [ 88%]
importer/tests/test_w3d_decode_corpus.py::W3DDecodeCorpusCoverageTests::test_duplicate_payloads_are_planned_once_but_fully_accounted PASSED [ 88%]
importer/tests/test_w3d_decode_corpus.py::W3DDecodeCorpusCoverageTests::test_hundreds_are_streamed_without_omission PASSED [ 88%]
importer/tests/test_w3d_decode_corpus.py::W3DDecodeCorpusCoverageTests::test_incomplete_damaged_unresolved_and_unsupported_are_explicit PASSED [ 88%]
importer/tests/test_w3d_decode_corpus.py::W3DDecodeCorpusCoverageTests::test_planner_rejection_becomes_damaged_evidence_and_scan_continues PASSED [ 88%]
importer/tests/test_w3d_decode_corpus.py::W3DDecodeCorpusCoverageTests::test_vacuous_completeness_is_counted_and_distinguishable PASSED [ 88%]
importer/tests/test_w3d_decode_corpus.py::W3DDecodeCorpusCoverageTests::test_zero_target_file_with_blocker_is_not_vacuously_complete PASSED [ 88%]
importer/tests/test_w3d_decode_corpus.py::W3DDecodeCorpusExternalHierarchyTests::test_byte_identical_manifest_duplicates_are_safe_and_fully_accounted PASSED [ 88%]
importer/tests/test_w3d_decode_corpus.py::W3DDecodeCorpusExternalHierarchyTests::test_different_exact_hierarchy_evidence_is_explicitly_ambiguous PASSED [ 88%]
importer/tests/test_w3d_decode_corpus.py::W3DDecodeCorpusExternalHierarchyTests::test_exact_hierarchy_change_rebinds_resolver_plan_and_corpus_hashes PASSED [ 88%]
importer/tests/test_w3d_decode_corpus.py::W3DDecodeCorpusExternalHierarchyTests::test_identical_animation_bytes_are_sealed_per_directory_context PASSED [ 88%]
importer/tests/test_w3d_decode_corpus.py::W3DDecodeCorpusExternalHierarchyTests::test_primary_skipped_channels_are_deterministically_accounted PASSED [ 88%]
importer/tests/test_w3d_decode_corpus.py::W3DDecodeCorpusExternalHierarchyTests::test_unique_external_hierarchy_resolves_and_strict_scan_succeeds PASSED [ 88%]
importer/tests/test_w3d_decode_corpus.py::W3DDecodeCorpusSafetyTests::test_empty_selection_is_rejected PASSED [ 88%]
importer/tests/test_w3d_decode_corpus.py::W3DDecodeCorpusSafetyTests::test_limits_fail_before_planning_and_never_truncate PASSED [ 88%]
importer/tests/test_w3d_decode_corpus.py::W3DDecodeCorpusSafetyTests::test_manifest_must_remain_stable_through_planning PASSED [ 88%]
importer/tests/test_w3d_decode_corpus.py::W3DDecodeCorpusSafetyTests::test_rejects_linked_entries PASSED [ 88%]
importer/tests/test_w3d_decode_corpus.py::W3DDecodeCorpusSafetyTests::test_rejects_manifest_tree_tamper_and_collisions PASSED [ 88%]
importer/tests/test_w3d_decode_corpus.py::W3DDecodeCorpusSafetyTests::test_source_mutation_between_hierarchy_and_planning_passes_is_rejected PASSED [ 88%]
importer/tests/test_w3d_decode_corpus.py::W3DDecodeCorpusSafetyTests::test_source_mutation_during_planning_is_rejected_by_final_verification PASSED [ 88%]
importer/tests/test_w3d_decode_corpus.py::W3DDecodeCorpusIdentityAndStrictTests::test_hashes_and_reports_are_deterministic_across_copied_roots PASSED [ 88%]
importer/tests/test_w3d_decode_corpus.py::W3DDecodeCorpusIdentityAndStrictTests::test_strict_mode_finishes_all_sources_then_raises_with_report PASSED [ 88%]
importer/tests/test_w3d_decode_corpus_report.py::W3DDecodeCorpusReportDocumentTests::test_cli_writer_is_byte_identical_across_runs PASSED [ 88%]
importer/tests/test_w3d_decode_corpus_report.py::W3DDecodeCorpusReportDocumentTests::test_document_is_the_neutral_report_plus_dated_provenance PASSED [ 88%]
importer/tests/test_w3d_decode_corpus_report.py::W3DDecodeCorpusReportDocumentTests::test_rendering_rejects_non_reports PASSED [ 88%]
importer/tests/test_w3d_decode_corpus_report.py::W3DDecodeCorpusReportDocumentTests::test_serialization_matches_the_stored_document_exactly PASSED [ 88%]
importer/tests/test_w3d_decode_plan.py::W3DDecodePlanGeometryTests::test_invalid_stream_cardinality_is_a_damaged_terminal PASSED [ 88%]
importer/tests/test_w3d_decode_plan.py::W3DDecodePlanGeometryTests::test_nested_ownership_preserves_primary_and_secondary_streams PASSED [ 88%]
importer/tests/test_w3d_decode_plan.py::W3DDecodePlanGeometryTests::test_orphan_and_duplicate_owner_headers_fail_closed PASSED [ 88%]
importer/tests/test_w3d_decode_plan.py::W3DDecodePlanGeometryTests::test_unknown_owner_header_extension_is_not_silently_accepted PASSED [ 88%]
importer/tests/test_w3d_decode_plan.py::W3DDecodePlanAnimationTests::test_ambiguous_identifier_prefix_candidate_is_explicit PASSED [ 88%]
importer/tests/test_w3d_decode_plan.py::W3DDecodePlanAnimationTests::test_animation_channel_uses_exact_animation_and_hierarchy_owners PASSED [ 89%]
importer/tests/test_w3d_decode_plan.py::W3DDecodePlanAnimationTests::test_external_identical_duplicates_are_safe_but_conflicts_are_ambiguous PASSED [ 89%]
importer/tests/test_w3d_decode_plan.py::W3DDecodePlanAnimationTests::test_identifier_prefix_resolves_cross_shard_skeleton_when_sibling_absent PASSED [ 89%]
importer/tests/test_w3d_decode_plan.py::W3DDecodePlanAnimationTests::test_internal_hierarchy_is_preferred_and_internal_damage_never_falls_back PASSED [ 89%]
importer/tests/test_w3d_decode_plan.py::W3DDecodePlanAnimationTests::test_missing_and_ambiguous_hierarchy_cardinality_remain_unresolved PASSED [ 89%]
importer/tests/test_w3d_decode_plan.py::W3DDecodePlanAnimationTests::test_multiple_and_damaged_sibling_hierarchies_are_explicit PASSED [ 89%]
importer/tests/test_w3d_decode_plan.py::W3DDecodePlanAnimationTests::test_primary_skipped_pivot_is_decoded_unbound_and_not_damaged PASSED [ 89%]
importer/tests/test_w3d_decode_plan.py::W3DDecodePlanAnimationTests::test_reference_authored_nowhere_stays_fail_closed_over_near_names PASSED [ 89%]
importer/tests/test_w3d_decode_plan.py::W3DDecodePlanAnimationTests::test_resolver_tamper_is_rejected_and_identity_changes_plan_hash PASSED [ 89%]
importer/tests/test_w3d_decode_plan.py::W3DDecodePlanAnimationTests::test_sibling_candidate_precedes_identifier_prefix PASSED [ 89%]
importer/tests/test_w3d_decode_plan.py::W3DDecodePlanAnimationTests::test_sibling_filename_controls_resolution_not_internal_identifier PASSED [ 89%]
importer/tests/test_w3d_decode_plan.py::W3DDecodePlanAnimationTests::test_sibling_lookup_is_case_insensitive_and_never_falls_back_global PASSED [ 89%]
importer/tests/test_w3d_decode_plan.py::W3DDecodePlanAnimationTests::test_sibling_resolution_is_directory_local_while_global_is_ambiguous PASSED [ 89%]
importer/tests/test_w3d_decode_plan.py::W3DDecodePlanAnimationTests::test_unique_external_hierarchy_is_exactly_proven_without_identifier_leakage PASSED [ 89%]
importer/tests/test_w3d_decode_plan.py::W3DDecodePlanCompletenessTests::test_decoded_completeness_is_never_marked_vacuous PASSED [ 89%]
importer/tests/test_w3d_decode_plan.py::W3DDecodePlanCompletenessTests::test_nothing_to_decode_is_vacuously_complete_and_marked PASSED [ 89%]
importer/tests/test_w3d_decode_plan.py::W3DDecodePlanCompletenessTests::test_vacuous_and_decoded_completeness_have_distinct_plan_evidence PASSED [ 89%]
importer/tests/test_w3d_decode_plan.py::W3DDecodePlanCompletenessTests::test_vacuous_marker_is_sealed_into_the_plan_hash PASSED [ 89%]
importer/tests/test_w3d_decode_plan.py::W3DDecodePlanCompletenessTests::test_zero_targets_with_a_blocking_terminal_stays_incomplete PASSED [ 89%]
importer/tests/test_w3d_decode_plan.py::W3DDecodePlanAuxiliaryTests::test_aabb_header_presence_uniqueness_and_counts_fail_closed PASSED [ 89%]
importer/tests/test_w3d_decode_plan.py::W3DDecodePlanAuxiliaryTests::test_all_nine_source_proven_auxiliary_layouts_are_owner_bound PASSED [ 89%]
importer/tests/test_w3d_decode_plan.py::W3DDecodePlanAuxiliaryTests::test_auxiliary_paths_reject_wrong_direct_owners PASSED [ 89%]
importer/tests/test_w3d_decode_plan.py::W3DDecodePlanAuxiliaryTests::test_mesh_and_hierarchy_cardinality_fail_closed PASSED [ 89%]
importer/tests/test_w3d_decode_plan.py::W3DDecodePlanEmitterTests::test_orphan_and_cross_child_corruption_fail_closed PASSED [ 89%]
importer/tests/test_w3d_decode_plan.py::W3DDecodePlanEmitterTests::test_source_proven_emitter_children_are_owner_bound_and_decoded PASSED [ 89%]
importer/tests/test_w3d_decode_plan.py::W3DDecodePlanEmitterTests::test_source_proven_extra_info_completes_the_emitter_target_set PASSED [ 89%]
importer/tests/test_w3d_decode_plan.py::W3DDecodePlanTerminalTests::test_plan_is_deterministic_immutable_json_ready_and_identifier_free PASSED [ 89%]
importer/tests/test_w3d_decode_plan.py::W3DDecodePlanTerminalTests::test_provenance_overlap_and_bounds_fail_before_payload_decode PASSED [ 89%]
importer/tests/test_w3d_decode_plan.py::W3DDecodePlanTerminalTests::test_truncation_unknown_and_known_unhandled_chunks_are_explicit PASSED [ 89%]
importer/tests/test_w3d_emitter_streams.py::W3DEmitterPositiveTests::test_declared_reserved_words_are_preserved_not_guessed PASSED [ 89%]
importer/tests/test_w3d_emitter_streams.py::W3DEmitterPositiveTests::test_decodes_complete_file_without_revealing_authored_strings PASSED [ 89%]
importer/tests/test_w3d_emitter_streams.py::W3DEmitterPositiveTests::test_extra_info_preserves_exact_source_record_and_hash PASSED [ 89%]
importer/tests/test_w3d_emitter_streams.py::W3DEmitterPositiveTests::test_supported_and_terminal_sets_are_exact PASSED [ 89%]
importer/tests/test_w3d_emitter_streams.py::W3DEmitterChildValidationTests::test_extra_info_validates_size_time_domain_and_padding PASSED [ 89%]
importer/tests/test_w3d_emitter_streams.py::W3DEmitterChildValidationTests::test_header_requires_exact_size_current_version_and_terminator PASSED [ 89%]
importer/tests/test_w3d_emitter_streams.py::W3DEmitterChildValidationTests::test_info_rejects_nonfinite_and_attests_signed_ranges PASSED [ 89%]
importer/tests/test_w3d_emitter_streams.py::W3DEmitterChildValidationTests::test_info_v2_validates_randomizers_shader_and_enums PASSED [ 89%]
importer/tests/test_w3d_emitter_streams.py::W3DEmitterChildValidationTests::test_line_properties_validate_flags_modes_ranges_and_finiteness PASSED [ 90%]
importer/tests/test_w3d_emitter_streams.py::W3DEmitterChildValidationTests::test_properties_validate_sizes_counts_times_values_and_finiteness PASSED [ 90%]
importer/tests/test_w3d_emitter_streams.py::W3DEmitterChildValidationTests::test_scalar_keyframes_bind_count_start_time_order_and_ranges PASSED [ 90%]
importer/tests/test_w3d_emitter_streams.py::W3DEmitterChildValidationTests::test_user_data_validates_enum_declared_size_and_terminator PASSED [ 90%]
importer/tests/test_w3d_emitter_streams.py::W3DEmitterContainmentTests::test_complete_file_validates_root_and_top_level_boundaries PASSED [ 90%]
importer/tests/test_w3d_emitter_streams.py::W3DEmitterContainmentTests::test_contracts_are_deterministic_immutable_and_bounded PASSED [ 90%]
importer/tests/test_w3d_emitter_streams.py::W3DEmitterContainmentTests::test_rejects_flagged_truncated_unknown_and_duplicate_children PASSED [ 90%]
importer/tests/test_w3d_emitter_streams.py::W3DEmitterContainmentTests::test_requires_mandatory_prefix_and_cross_validates_frame_grid PASSED [ 90%]
importer/tests/test_w3d_empty_placeholder_animations.py::W3DEmptyPlaceholderAnimationTests::test_prepare_excludes_zero_byte_animation_and_keeps_real_clips PASSED [ 90%]
importer/tests/test_w3d_empty_placeholder_animations.py::W3DEmptyPlaceholderAnimationTests::test_prepare_fails_closed_when_every_animation_is_zero_byte PASSED [ 90%]
importer/tests/test_w3d_geometry_streams.py::W3DGeometryVectorStreamTests::test_primary_and_secondary_streams_remain_distinct PASSED [ 90%]
importer/tests/test_w3d_geometry_streams.py::W3DGeometryVectorStreamTests::test_primary_vec3_is_little_endian_exact_immutable_and_json_ready PASSED [ 90%]
importer/tests/test_w3d_geometry_streams.py::W3DGeometryVectorStreamTests::test_vec3_rejects_malformed_length_cardinality_and_non_finite_values 
importer/tests/test_w3d_geometry_streams.py::W3DGeometryVectorStreamTests::test_vec3_rejects_malformed_length_cardinality_and_non_finite_values PASSED [ 90%]
importer/tests/test_w3d_geometry_streams.py::W3DGeometryTriangleStreamTests::test_triangle_layout_indices_floats_bounds_and_hash_are_exact PASSED [ 90%]
importer/tests/test_w3d_geometry_streams.py::W3DGeometryTriangleStreamTests::test_triangle_rejects_bad_length_count_index_and_float PASSED [ 90%]
importer/tests/test_w3d_geometry_streams.py::W3DGeometryInfluenceAndUvTests::test_empty_explicit_cardinalities_have_null_bounds PASSED [ 90%]
importer/tests/test_w3d_geometry_streams.py::W3DGeometryInfluenceAndUvTests::test_influences_decode_exact_weights_and_validate_pivots PASSED [ 90%]
importer/tests/test_w3d_geometry_streams.py::W3DGeometryInfluenceAndUvTests::test_influences_reject_bad_length_count_and_weight PASSED [ 90%]
importer/tests/test_w3d_geometry_streams.py::W3DGeometryInfluenceAndUvTests::test_uv_is_little_endian_exact_and_rejects_non_finite PASSED [ 90%]
importer/tests/test_w3d_geometry_streams.py::W3DGeometryDispatchTests::test_dispatch_requires_owner_counts_and_refuses_unknown_layouts PASSED [ 90%]
importer/tests/test_w3d_geometry_streams.py::W3DGeometryDispatchTests::test_duplicate_uv_streams_are_preserved_in_input_order PASSED [ 90%]
importer/tests/test_w3d_glb_validation.py::test_validates_indexed_geometry_and_visibility_sidecar_without_names PASSED [ 90%]
importer/tests/test_w3d_glb_validation.py::test_counts_non_indexed_triangles PASSED [ 90%]
importer/tests/test_w3d_glb_validation.py::test_rejects_external_resource_uris[buffer] PASSED [ 90%]
importer/tests/test_w3d_glb_validation.py::test_rejects_external_resource_uris[image] PASSED [ 90%]
importer/tests/test_w3d_glb_validation.py::test_rejects_buffer_view_and_accessor_overruns PASSED [ 90%]
importer/tests/test_w3d_glb_validation.py::test_rejects_out_of_range_triangle_index PASSED [ 90%]
importer/tests/test_w3d_glb_validation.py::test_rejects_malformed_visibility_only_contract_without_echoing_name PASSED [ 90%]
importer/tests/test_w3d_glb_validation.py::test_raises_dedicated_error_for_exact_count_mismatch PASSED [ 90%]
importer/tests/test_w3d_glb_validation.py::test_asset_only_glb_cannot_claim_geometry PASSED [ 90%]
importer/tests/test_w3d_glb_validation.py::test_explicit_zero_geometry_contract_accepts_pivot_only_hierarchy PASSED [ 90%]
importer/tests/test_w3d_glb_validation.py::test_partial_zero_geometry_contract_still_rejects_asset_only_glb PASSED [ 90%]
importer/tests/test_w3d_glb_validation.py::test_rejects_malformed_container_length PASSED [ 90%]
importer/tests/test_w3d_glb_validation.py::test_rejects_sparse_accessor_and_empty_expectations PASSED [ 90%]
importer/tests/test_w3d_glb_validation.py::test_does_not_require_payload_names_in_error_or_summary PASSED [ 90%]
importer/tests/test_w3d_glb_validation.py::test_path_must_be_an_ordinary_file PASSED [ 90%]
importer/tests/test_w3d_index.py::W3DIndexTests::test_batch_retains_missing_and_ambiguous_and_exact_fails_closed PASSED [ 91%]
importer/tests/test_w3d_index.py::W3DIndexTests::test_duplicate_header_ids_are_retained_as_ambiguity_or_strictly_rejected PASSED [ 91%]
importer/tests/test_w3d_index.py::W3DIndexTests::test_enforces_path_header_identifier_and_request_bounds PASSED [ 91%]
importer/tests/test_w3d_index.py::W3DIndexTests::test_input_order_does_not_change_index_or_batch_output PASSED [ 91%]
importer/tests/test_w3d_index.py::W3DIndexTests::test_rejects_bad_request_shapes_and_duplicates PASSED [ 91%]
importer/tests/test_w3d_index.py::W3DIndexTests::test_rejects_unsafe_duplicate_case_ambiguous_and_non_w3d_paths 
importer/tests/test_w3d_index.py::W3DIndexTests::test_rejects_unsafe_duplicate_case_ambiguous_and_non_w3d_paths PASSED [ 91%]
importer/tests/test_w3d_index.py::W3DIndexTests::test_resolves_container_subobject_with_explicit_evidence PASSED [ 91%]
importer/tests/test_w3d_index.py::W3DIndexTests::test_resolves_exact_physical_path_without_basename_guessing PASSED [ 91%]
importer/tests/test_w3d_index.py::W3DIndexTests::test_resolves_model_animation_and_hierarchy_header_ids PASSED [ 91%]
importer/tests/test_w3d_index.py::W3DIndexTests::test_semantic_tokens_require_explicit_caller_classification PASSED [ 91%]
importer/tests/test_w3d_index.py::W3DIndexTests::test_unique_stem_is_exact_but_multiple_stems_are_ambiguous PASSED [ 91%]
importer/tests/test_w3d_index.py::W3DTrimAdmissionTests::test_reject_ambiguous_w3d_trims_is_exact_and_order_independent PASSED [ 91%]
importer/tests/test_w3d_index.py::W3DTrimAdmissionTests::test_trim_w3d_identifier_trims_each_component_and_fails_closed PASSED [ 91%]
importer/tests/test_w3d_input_stage.py::W3DInputStageTests::test_directory_case_aliases_normalize_without_splitting_hierarchy_neighbors PASSED [ 91%]
importer/tests/test_w3d_input_stage.py::W3DInputStageTests::test_empty_w3d_selection_is_rejected PASSED [ 91%]
importer/tests/test_w3d_input_stage.py::W3DInputStageTests::test_force_publish_failure_rolls_back_the_prior_stage PASSED [ 91%]
importer/tests/test_w3d_input_stage.py::W3DInputStageTests::test_force_rebuilds_tampered_or_extraneous_output PASSED [ 91%]
importer/tests/test_w3d_input_stage.py::W3DInputStageTests::test_limits_fail_closed_without_truncation_and_cannot_raise_hard_caps PASSED [ 91%]
importer/tests/test_w3d_input_stage.py::W3DInputStageTests::test_matching_output_is_exact_noop_reuse PASSED [ 91%]
importer/tests/test_w3d_input_stage.py::W3DInputStageTests::test_path_mapping_and_hashes_are_stable_across_host_roots PASSED [ 91%]
importer/tests/test_w3d_input_stage.py::W3DInputStageTests::test_rejects_links_and_hardlinks PASSED [ 91%]
importer/tests/test_w3d_input_stage.py::W3DInputStageTests::test_rejects_manifest_path_escape_case_collision_and_noncanonical_json PASSED [ 91%]
importer/tests/test_w3d_input_stage.py::W3DInputStageTests::test_rejects_retail_derived_output_in_public_repository_space PASSED [ 91%]
importer/tests/test_w3d_input_stage.py::W3DInputStageTests::test_rejects_source_output_overlap_and_linked_output_root PASSED [ 91%]
importer/tests/test_w3d_input_stage.py::W3DInputStageTests::test_rejects_source_payload_tamper_and_exact_tree_extras PASSED [ 91%]
importer/tests/test_w3d_input_stage.py::W3DInputStageTests::test_stages_every_w3d_with_stable_path_mapping_and_private_manifest PASSED [ 91%]
importer/tests/test_w3d_input_stage.py::W3DInputStageTests::test_stale_output_from_another_verified_source_is_rejected PASSED [ 91%]
importer/tests/test_w3d_job_planner.py::W3DJobPlannerTests::test_257_jobs_are_deterministically_bounded_into_two_batches PASSED [ 91%]
importer/tests/test_w3d_job_planner.py::W3DJobPlannerTests::test_case_colliding_and_damaged_sibling_hierarchies_fail_closed PASSED [ 91%]
importer/tests/test_w3d_job_planner.py::W3DJobPlannerTests::test_complete_same_source_hierarchy_precedes_sibling_lookup PASSED [ 91%]
importer/tests/test_w3d_job_planner.py::W3DJobPlannerTests::test_duplicate_clip_ids_block_owner_without_global_guessing PASSED [ 91%]
importer/tests/test_w3d_job_planner.py::W3DJobPlannerTests::test_embedded_animation_rejects_external_clips_and_extra_owners PASSED [ 91%]
importer/tests/test_w3d_job_planner.py::W3DJobPlannerTests::test_exact_embedded_model_animation_is_one_deterministic_consumed_source 
importer/tests/test_w3d_job_planner.py::W3DJobPlannerTests::test_exact_embedded_model_animation_is_one_deterministic_consumed_source PASSED [ 91%]
importer/tests/test_w3d_job_planner.py::W3DJobPlannerTests::test_forced_hierarchy_terminal_cascades_without_losing_sources PASSED [ 91%]
importer/tests/test_w3d_job_planner.py::W3DJobPlannerTests::test_forced_model_does_not_poison_other_shared_hierarchy_owner PASSED [ 91%]
importer/tests/test_w3d_job_planner.py::W3DJobPlannerTests::test_forced_shared_hierarchy_or_clip_fails_all_dependents 
importer/tests/test_w3d_job_planner.py::W3DJobPlannerTests::test_forced_shared_hierarchy_or_clip_fails_all_dependents PASSED [ 91%]
importer/tests/test_w3d_job_planner.py::W3DJobPlannerTests::test_forced_terminal_defaults_preserve_legacy_neutral_hashes PASSED [ 91%]
importer/tests/test_w3d_job_planner.py::W3DJobPlannerTests::test_forced_terminal_inputs_are_canonical_and_evidence_sealed PASSED [ 92%]
importer/tests/test_w3d_job_planner.py::W3DJobPlannerTests::test_forced_terminal_mapping_order_is_identity_stable PASSED [ 92%]
importer/tests/test_w3d_job_planner.py::W3DJobPlannerTests::test_identifier_prefix_never_guesses_a_near_name PASSED [ 92%]
importer/tests/test_w3d_job_planner.py::W3DJobPlannerTests::test_identifier_prefix_path_stages_cross_shard_skeleton PASSED [ 92%]
importer/tests/test_w3d_job_planner.py::W3DJobPlannerTests::test_invalid_forced_terminal_evidence_seals_fail_closed 
importer/tests/test_w3d_job_planner.py::W3DJobPlannerTests::test_invalid_forced_terminal_evidence_seals_fail_closed PASSED [ 92%]
importer/tests/test_w3d_job_planner.py::W3DJobPlannerTests::test_invalid_forced_terminal_sources_and_reasons_fail_closed 
importer/tests/test_w3d_job_planner.py::W3DJobPlannerTests::test_invalid_forced_terminal_sources_and_reasons_fail_closed PASSED [ 92%]
importer/tests/test_w3d_job_planner.py::W3DJobPlannerTests::test_invalid_presentation_policy_is_rejected 
importer/tests/test_w3d_job_planner.py::W3DJobPlannerTests::test_invalid_presentation_policy_is_rejected PASSED [ 92%]
importer/tests/test_w3d_job_planner.py::W3DJobPlannerTests::test_near_embedded_shapes_remain_terminal 
importer/tests/test_w3d_job_planner.py::W3DJobPlannerTests::test_near_embedded_shapes_remain_terminal PASSED [ 92%]
importer/tests/test_w3d_job_planner.py::W3DJobPlannerTests::test_order_hashes_and_neutral_evidence_are_stable_and_name_free PASSED [ 92%]
importer/tests/test_w3d_job_planner.py::W3DJobPlannerTests::test_orphan_animation_and_missing_mapping_are_explicit_terminals PASSED [ 92%]
importer/tests/test_w3d_job_planner.py::W3DJobPlannerTests::test_preserve_all_does_not_relax_other_terminal_evidence PASSED [ 92%]
importer/tests/test_w3d_job_planner.py::W3DJobPlannerTests::test_preserve_all_is_policy_bound_while_default_strict_is_unchanged PASSED [ 92%]
importer/tests/test_w3d_job_planner.py::W3DJobPlannerTests::test_preserve_all_order_and_batching_are_deterministic PASSED [ 92%]
importer/tests/test_w3d_job_planner.py::W3DJobPlannerTests::test_preserve_all_retains_every_mesh_without_resolving_presentation PASSED [ 92%]
importer/tests/test_w3d_job_planner.py::W3DJobPlannerTests::test_resolution_contract_predicate_is_exact_and_modes_are_evidence 
importer/tests/test_w3d_job_planner.py::W3DJobPlannerTests::test_resolution_contract_predicate_is_exact_and_modes_are_evidence PASSED [ 92%]
importer/tests/test_w3d_job_planner.py::W3DJobPlannerTests::test_same_named_sibling_groups_never_cross_attach_between_directories PASSED [ 92%]
importer/tests/test_w3d_job_planner.py::W3DJobPlannerTests::test_sanitized_animation_name_collision_fails_closed PASSED [ 92%]
importer/tests/test_w3d_job_planner.py::W3DJobPlannerTests::test_secondary_skin_chunks_require_attested_preparation_without_entering_manifest PASSED [ 92%]
importer/tests/test_w3d_job_planner.py::W3DJobPlannerTests::test_secondary_skin_preparation_without_a_hierarchy_is_terminal PASSED [ 92%]
importer/tests/test_w3d_job_planner.py::W3DJobPlannerTests::test_shared_hierarchy_fans_out_with_unique_consumption_and_stable_order PASSED [ 92%]
importer/tests/test_w3d_job_planner.py::W3DJobPlannerTests::test_sibling_candidate_precedes_identifier_prefix_candidate PASSED [ 92%]
importer/tests/test_w3d_job_planner.py::W3DJobPlannerTests::test_single_root_unskinned_lod_hierarchy_proves_root_rigid_bake PASSED [ 92%]
importer/tests/test_w3d_job_planner.py::W3DJobPlannerTests::test_static_hierarchical_and_animated_unique_closures_match_adapter PASSED [ 92%]
importer/tests/test_w3d_job_planner.py::W3DJobPlannerTests::test_unsafe_and_ambiguous_sources_remain_explicit PASSED [ 92%]
importer/tests/test_w3d_job_planner.py::W3DJobPlannerTests::test_unsafe_catalog_paths_are_path_free_deterministic_terminals PASSED [ 92%]
importer/tests/test_w3d_job_preparation.py::W3DJobPreparationTests::test_accounted_job_gaps_overlaps_and_duplicates_precede_writes 
importer/tests/test_w3d_job_preparation.py::W3DJobPreparationTests::test_accounted_job_gaps_overlaps_and_duplicates_precede_writes PASSED [ 92%]
importer/tests/test_w3d_job_preparation.py::W3DJobPreparationTests::test_accounted_job_policy_requires_at_least_one_planned_job PASSED [ 92%]
importer/tests/test_w3d_job_preparation.py::W3DJobPreparationTests::test_accounted_jobs_prepare_only_planned_models_and_are_idempotent PASSED [ 92%]
importer/tests/test_w3d_job_preparation.py::W3DJobPreparationTests::test_animation_mutation_is_rejected_before_preparation_writes PASSED [ 92%]
importer/tests/test_w3d_job_preparation.py::W3DJobPreparationTests::test_commit_failure_rolls_back_every_replacement PASSED [ 92%]
importer/tests/test_w3d_job_preparation.py::W3DJobPreparationTests::test_default_policy_matches_explicit_false_bytes_and_hashes PASSED [ 92%]
importer/tests/test_w3d_job_preparation.py::W3DJobPreparationTests::test_exact_embedded_animation_without_preparation_is_byte_identical PASSED [ 92%]
importer/tests/test_w3d_job_preparation.py::W3DJobPreparationTests::test_hard_linked_job_file_is_rejected_before_changes PASSED [ 92%]
importer/tests/test_w3d_job_preparation.py::W3DJobPreparationTests::test_mode_none_active_primary_root_is_terminalized_before_writes PASSED [ 92%]
importer/tests/test_w3d_job_preparation.py::W3DJobPreparationTests::test_multi_job_proof_failure_changes_nothing PASSED [ 92%]
importer/tests/test_w3d_job_preparation.py::W3DJobPreparationTests::test_no_preparation_plan_is_fully_verified_and_byte_identical PASSED [ 92%]
importer/tests/test_w3d_job_preparation.py::W3DJobPreparationTests::test_partial_unsupported_and_shared_preparations_fail_closed 
importer/tests/test_w3d_job_preparation.py::W3DJobPreparationTests::test_partial_unsupported_and_shared_preparations_fail_closed PASSED [ 93%]
importer/tests/test_w3d_job_preparation.py::W3DJobPreparationTests::test_preflight_all_preparations_are_provable_and_read_only PASSED [ 93%]
importer/tests/test_w3d_job_preparation.py::W3DJobPreparationTests::test_preflight_all_rejected_is_canonical_and_deterministic PASSED [ 93%]
importer/tests/test_w3d_job_preparation.py::W3DJobPreparationTests::test_preflight_fixed_point_rejects_then_binds_exact_final_plan 
importer/tests/test_w3d_job_preparation.py::W3DJobPreparationTests::test_preflight_fixed_point_rejects_then_binds_exact_final_plan PASSED [ 93%]
importer/tests/test_w3d_job_preparation.py::W3DJobPreparationTests::test_preflight_malformed_attested_and_unbound_inputs_fail_closed 
importer/tests/test_w3d_job_preparation.py::W3DJobPreparationTests::test_preflight_malformed_attested_and_unbound_inputs_fail_closed PASSED [ 93%]
importer/tests/test_w3d_job_preparation.py::W3DJobPreparationTests::test_preflight_merge_rejects_tampered_or_malformed_upstream 
importer/tests/test_w3d_job_preparation.py::W3DJobPreparationTests::test_preflight_merge_rejects_tampered_or_malformed_upstream PASSED [ 93%]
importer/tests/test_w3d_job_preparation.py::W3DJobPreparationTests::test_preflight_merge_unions_overlap_and_binds_exact_upstream PASSED [ 93%]
importer/tests/test_w3d_job_preparation.py::W3DJobPreparationTests::test_preflight_mixed_proofs_force_only_rejected_model_without_writes PASSED [ 93%]
importer/tests/test_w3d_job_preparation.py::W3DJobPreparationTests::test_preflight_neutral_evidence_never_leaks_paths_names_or_exceptions PASSED [ 93%]
importer/tests/test_w3d_job_preparation.py::W3DJobPreparationTests::test_preflight_no_preparation_has_zero_canonical_report PASSED [ 93%]
importer/tests/test_w3d_job_preparation.py::W3DJobPreparationTests::test_preparation_required_embedded_animation_fails_before_writes 
importer/tests/test_w3d_job_preparation.py::W3DJobPreparationTests::test_preparation_required_embedded_animation_fails_before_writes PASSED [ 93%]
importer/tests/test_w3d_job_preparation.py::W3DJobPreparationTests::test_repeated_attestation_reuses_prepared_bytes_and_hashes PASSED [ 93%]
importer/tests/test_w3d_job_preparation.py::W3DJobPreparationTests::test_resolution_mode_forgery_is_rejected_before_preparation 
importer/tests/test_w3d_job_preparation.py::W3DJobPreparationTests::test_resolution_mode_forgery_is_rejected_before_preparation PASSED [ 93%]
importer/tests/test_w3d_job_preparation.py::W3DJobPreparationTests::test_safe_skinned_mode_none_job_passes_without_mutation PASSED [ 93%]
importer/tests/test_w3d_job_preparation.py::W3DJobPreparationTests::test_shared_hierarchy_fixup_has_one_terminal_covering_dependents PASSED [ 93%]
importer/tests/test_w3d_job_preparation.py::W3DJobPreparationTests::test_skin_safety_evidence_is_deterministic_and_path_free PASSED [ 93%]
importer/tests/test_w3d_job_preparation.py::W3DJobPreparationTests::test_success_is_source_bound_and_preserves_adapter_manifest_bytes PASSED [ 93%]
importer/tests/test_w3d_job_preparation.py::W3DJobPreparationTests::test_tamper_is_rejected_without_leaking_paths_or_job_ids PASSED [ 93%]
importer/tests/test_w3d_job_preparation.py::W3DJobPreparationTests::test_terminal_plan_is_rejected_by_default_before_writes PASSED [ 93%]
importer/tests/test_w3d_job_root.py::W3DJobRootTests::test_accounted_animated_partial_role_overlap_fails_closed PASSED [ 93%]
importer/tests/test_w3d_job_root.py::W3DJobRootTests::test_accounted_combined_texture_and_preflight_bridge_reuses_exactly PASSED [ 93%]
importer/tests/test_w3d_job_root.py::W3DJobRootTests::test_accounted_exact_embedded_animation_materializes_one_copy PASSED [ 93%]
importer/tests/test_w3d_job_root.py::W3DJobRootTests::test_accounted_mode_materializes_exact_planned_dependency_union PASSED [ 93%]
importer/tests/test_w3d_job_root.py::W3DJobRootTests::test_accounted_mode_materializes_proven_root_rigid_job PASSED [ 93%]
importer/tests/test_w3d_job_root.py::W3DJobRootTests::test_accounted_mode_rejects_catalog_and_source_seal_mismatches 
importer/tests/test_w3d_job_root.py::W3DJobRootTests::test_accounted_mode_rejects_catalog_and_source_seal_mismatches PASSED [ 93%]
importer/tests/test_w3d_job_root.py::W3DJobRootTests::test_accounted_mode_rejects_gap_overlap_and_duplicate_accounting 
importer/tests/test_w3d_job_root.py::W3DJobRootTests::test_accounted_mode_rejects_gap_overlap_and_duplicate_accounting PASSED [ 93%]
importer/tests/test_w3d_job_root.py::W3DJobRootTests::test_accounted_mode_rejects_texture_terminal_consumed_by_a_job PASSED [ 93%]
importer/tests/test_w3d_job_root.py::W3DJobRootTests::test_accounted_mode_requires_both_explicit_flag_and_job_plan PASSED [ 93%]
importer/tests/test_w3d_job_root.py::W3DJobRootTests::test_accounted_mode_requires_exact_texture_terminal_bridge PASSED [ 93%]
importer/tests/test_w3d_job_root.py::W3DJobRootTests::test_accounted_policy_and_terminal_reason_changes_invalidate_reuse PASSED [ 93%]
importer/tests/test_w3d_job_root.py::W3DJobRootTests::test_accounted_preparation_fixed_point_is_bound_and_reuses_exactly PASSED [ 93%]
importer/tests/test_w3d_job_root.py::W3DJobRootTests::test_accounted_resolution_contract_forgery_matrix_fails_before_reuse 
importer/tests/test_w3d_job_root.py::W3DJobRootTests::test_accounted_resolution_contract_forgery_matrix_fails_before_reuse PASSED [ 93%]
importer/tests/test_w3d_job_root.py::W3DJobRootTests::test_combined_plan_requires_report_and_strict_mode_rejects_report PASSED [ 93%]
importer/tests/test_w3d_job_root.py::W3DJobRootTests::test_deduplicates_shared_destination_and_supports_zero_texture_models PASSED [ 93%]
importer/tests/test_w3d_job_root.py::W3DJobRootTests::test_effective_file_case_and_file_directory_collisions_still_reject PASSED [ 93%]
importer/tests/test_w3d_job_root.py::W3DJobRootTests::test_effective_parent_case_aliases_join_one_physical_tree PASSED [ 93%]
importer/tests/test_w3d_job_root.py::W3DJobRootTests::test_effective_physical_join_rejects_extra_missing_and_tampered_files PASSED [ 93%]
importer/tests/test_w3d_job_root.py::W3DJobRootTests::test_incomplete_plan_and_forged_seals_or_bindings_are_rejected PASSED [ 94%]
importer/tests/test_w3d_job_root.py::W3DJobRootTests::test_limits_only_lower_hard_caps_and_never_truncate PASSED [ 94%]
importer/tests/test_w3d_job_root.py::W3DJobRootTests::test_materializes_png_at_referenced_relative_path_and_reports_no_parity_claim PASSED [ 94%]
importer/tests/test_w3d_job_root.py::W3DJobRootTests::test_post_publish_source_mutation_rolls_back_prior_output PASSED [ 94%]
importer/tests/test_w3d_job_root.py::W3DJobRootTests::test_preflight_bridge_forgery_matrix_fails_closed_and_name_free 
importer/tests/test_w3d_job_root.py::W3DJobRootTests::test_preflight_bridge_forgery_matrix_fails_closed_and_name_free PASSED [ 94%]
importer/tests/test_w3d_job_root.py::W3DJobRootTests::test_repeat_to_distinct_roots_is_deterministic PASSED [ 94%]
importer/tests/test_w3d_job_root.py::W3DJobRootTests::test_reuse_tamper_extra_and_force_rebuild_are_fail_closed PASSED [ 94%]
importer/tests/test_w3d_job_root.py::W3DJobRootTests::test_source_symlink_is_rejected_when_supported SKIPPED [ 94%]
importer/tests/test_w3d_job_root.py::W3DJobRootTests::test_stage_and_destination_path_casing_remain_strict PASSED [ 94%]
importer/tests/test_w3d_job_root.py::W3DJobRootTests::test_stage_and_native_source_tamper_are_rejected PASSED [ 94%]
importer/tests/test_w3d_job_root.py::W3DJobRootTests::test_strict_fixture_hashes_remain_byte_identical PASSED [ 94%]
importer/tests/test_w3d_job_root.py::W3DJobRootTests::test_unsafe_and_case_colliding_destinations_are_rejected PASSED [ 94%]
importer/tests/test_w3d_job_sweep.py::W3dJobSweepStagingTests::test_missing_model_and_unknown_owner_fail_closed PASSED [ 94%]
importer/tests/test_w3d_job_sweep.py::W3dJobSweepStagingTests::test_staging_pulls_the_declared_closure_and_maps_the_asset_kind PASSED [ 94%]
importer/tests/test_w3d_job_sweep.py::W3dJobSweepStagingTests::test_zero_byte_retail_animation_placeholders_are_dropped PASSED [ 94%]
importer/tests/test_w3d_job_sweep.py::W3dJobSweepMarkerTests::test_markers_are_parsed_from_a_real_shaped_log PASSED [ 94%]
importer/tests/test_w3d_metadata.py::W3DMetadataTests::test_chunk_inventory_and_neutral_output_are_offset_stable PASSED [ 94%]
importer/tests/test_w3d_metadata.py::W3DMetadataTests::test_does_not_guess_identifiers_or_promote_shader_strings_to_textures PASSED [ 94%]
importer/tests/test_w3d_metadata.py::W3DMetadataTests::test_emitter_is_a_real_container_with_exact_child_classifications PASSED [ 94%]
importer/tests/test_w3d_metadata.py::W3DMetadataTests::test_extracts_header_identity_dependencies_and_material_metadata PASSED [ 94%]
importer/tests/test_w3d_metadata.py::W3DMetadataTests::test_preserves_duplicate_header_ids_for_the_index_to_reject PASSED [ 94%]
importer/tests/test_w3d_metadata.py::W3DMetadataTests::test_reports_unknown_unsupported_truncated_and_count_mismatch PASSED [ 94%]
importer/tests/test_w3d_metadata.py::W3DMetadataTests::test_shader_property_damage_is_retained_without_fabricated_values PASSED [ 94%]
importer/tests/test_w3d_metadata.py::W3DMetadataTests::test_validates_types_paths_and_hard_bounds 
importer/tests/test_w3d_metadata.py::W3DMetadataTests::test_validates_types_paths_and_hard_bounds PASSED [ 94%]
importer/tests/test_w3d_metadata.py::W3DSecondaryGeometryTests::test_count_disagreement_with_mesh_header_fails_closed PASSED [ 94%]
importer/tests/test_w3d_metadata.py::W3DSecondaryGeometryTests::test_non_finite_records_fail_closed PASSED [ 94%]
importer/tests/test_w3d_metadata.py::W3DSecondaryGeometryTests::test_partial_records_fail_closed PASSED [ 94%]
importer/tests/test_w3d_metadata.py::W3DSecondaryGeometryTests::test_streams_before_their_mesh_header_fail_closed PASSED [ 94%]
importer/tests/test_w3d_metadata.py::W3DSecondaryGeometryTests::test_streams_outside_a_mesh_fail_closed PASSED [ 94%]
importer/tests/test_w3d_metadata.py::W3DSecondaryGeometryTests::test_truncated_streams_refuse_partial_decode PASSED [ 94%]
importer/tests/test_w3d_metadata.py::W3DSecondaryGeometryTests::test_valid_streams_are_decoded_validated_and_round_tripped PASSED [ 94%]
importer/tests/test_w3d_metadata.py::W3DTrimmedFileHeadersTests::test_trimmed_file_headers_trim_padding_and_record_provenance PASSED [ 94%]
importer/tests/test_w3d_metadata.py::W3DTrimmedFileHeadersTests::test_trimmed_file_headers_without_padding_are_identical PASSED [ 94%]
importer/tests/test_w3d_metadata.py::W3DTrimmedFileHeadersTests::test_whitespace_only_component_stays_fail_closed PASSED [ 94%]
importer/tests/test_w3d_metadata.py::W3DStringLeafChunkTests::test_flagged_string_leaf_is_not_walked_as_a_container PASSED [ 94%]
importer/tests/test_w3d_metadata.py::W3DStringLeafChunkTests::test_retail_payload_matches_the_pinned_header_shape PASSED [ 94%]
importer/tests/test_w3d_multi_job.py::W3DMultiJobTests::test_chunk_uses_multi_driver_and_finalizes_each_job PASSED [ 95%]
importer/tests/test_w3d_multi_job.py::W3DMultiJobTests::test_clean_multi_batch_finalizes_and_caches_real_output PASSED [ 95%]
importer/tests/test_w3d_multi_job.py::W3DMultiJobTests::test_guard_tripping_job_fails_alone_and_is_never_cached PASSED [ 95%]
importer/tests/test_w3d_multi_job.py::W3DMultiJobTests::test_multi_env_flag_disables_batching PASSED [ 95%]
importer/tests/test_w3d_multi_job.py::W3DMultiJobTests::test_multi_job_invalid_or_unbounded_output_log_fails_closed 
importer/tests/test_w3d_multi_job.py::W3DMultiJobTests::test_multi_job_invalid_or_unbounded_output_log_fails_closed PASSED [ 95%]
importer/tests/test_w3d_multi_job.py::W3DMultiJobTests::test_single_job_guard_behavior_is_unchanged PASSED [ 95%]
importer/tests/test_w3d_multi_job.py::W3DMultiWrapperTests::test_wrapper_captures_per_job_real_output_end_to_end PASSED [ 95%]
importer/tests/test_w3d_multi_job.py::W3DMultiWrapperTests::test_wrapper_output_overflow_fails_that_job_closed PASSED [ 95%]
importer/tests/test_w3d_multi_job.py::W3DMultiWrapperTests::test_wrapper_read_bounded_output_fails_closed_over_limit PASSED [ 95%]
importer/tests/test_w3d_no_motion.py::W3DNoMotionSuccessTests::test_compressed_header_only_container_and_zero_flavor_are_supported PASSED [ 95%]
importer/tests/test_w3d_no_motion.py::W3DNoMotionSuccessTests::test_multiple_actions_match_by_exact_id_not_expectation_order PASSED [ 95%]
importer/tests/test_w3d_no_motion.py::W3DNoMotionSuccessTests::test_proof_is_deterministic_immutable_canonical_and_payload_free PASSED [ 95%]
importer/tests/test_w3d_no_motion.py::W3DNoMotionSuccessTests::test_raw_header_only_container_is_removed_by_top_level_concatenation PASSED [ 95%]
importer/tests/test_w3d_no_motion.py::W3DNoMotionFailureTests::test_all_motion_and_unknown_animation_children_fail_closed 
importer/tests/test_w3d_no_motion.py::W3DNoMotionFailureTests::test_all_motion_and_unknown_animation_children_fail_closed PASSED [ 95%]
importer/tests/test_w3d_no_motion.py::W3DNoMotionFailureTests::test_ambiguous_expectations_and_invalid_types_fail_before_output PASSED [ 95%]
importer/tests/test_w3d_no_motion.py::W3DNoMotionFailureTests::test_embedded_hierarchy_and_model_bindings_must_match_exactly PASSED [ 95%]
importer/tests/test_w3d_no_motion.py::W3DNoMotionFailureTests::test_exact_identifier_header_timing_compression_and_flavor_are_sealed 
importer/tests/test_w3d_no_motion.py::W3DNoMotionFailureTests::test_exact_identifier_header_timing_compression_and_flavor_are_sealed PASSED [ 95%]
importer/tests/test_w3d_no_motion.py::W3DNoMotionFailureTests::test_extra_missing_duplicate_and_morph_containers_fail_closed PASSED [ 95%]
importer/tests/test_w3d_no_motion.py::W3DNoMotionFailureTests::test_malformed_nesting_and_animation_ownership_fail_closed 
importer/tests/test_w3d_no_motion.py::W3DNoMotionFailureTests::test_malformed_nesting_and_animation_ownership_fail_closed PASSED [ 95%]
importer/tests/test_w3d_no_motion.py::W3DNoMotionFailureTests::test_source_and_chunk_bounds_are_hard PASSED [ 95%]
importer/tests/test_w3d_no_motion.py::W3DNoMotionFailureTests::test_source_and_expected_timing_must_be_positive_finite_integers 
importer/tests/test_w3d_no_motion.py::W3DNoMotionFailureTests::test_source_and_expected_timing_must_be_positive_finite_integers PASSED [ 95%]
importer/tests/test_w3d_no_motion.py::W3DNoMotionFailureTests::test_unflagged_wrong_sized_and_dirty_fixed_headers_fail_closed 
importer/tests/test_w3d_no_motion.py::W3DNoMotionFailureTests::test_unflagged_wrong_sized_and_dirty_fixed_headers_fail_closed PASSED [ 95%]
importer/tests/test_w3d_no_motion_pipeline.py::W3DNoMotionPipelineTests::test_job_local_preprocessor_changes_only_the_declared_model PASSED [ 95%]
importer/tests/test_w3d_no_motion_pipeline.py::W3DNoMotionPipelineTests::test_profile_accepts_only_exact_hierarchical_no_motion_contract 
importer/tests/test_w3d_no_motion_pipeline.py::W3DNoMotionPipelineTests::test_profile_accepts_only_exact_hierarchical_no_motion_contract PASSED [ 95%]
importer/tests/test_w3d_pipeline.py::W3dStaticPipelineTests::test_conversion_cache_key_covers_all_declared_inputs 
importer/tests/test_w3d_pipeline.py::W3dStaticPipelineTests::test_conversion_cache_key_covers_all_declared_inputs PASSED [ 95%]
importer/tests/test_w3d_pipeline.py::W3dStaticPipelineTests::test_conversion_cache_miss_populate_and_verified_hit PASSED [ 95%]
importer/tests/test_w3d_pipeline.py::W3dStaticPipelineTests::test_embedded_model_animation_proof_is_exact_and_canonicalized 
importer/tests/test_w3d_pipeline.py::W3dStaticPipelineTests::test_embedded_model_animation_proof_is_exact_and_canonicalized PASSED [ 95%]
importer/tests/test_w3d_pipeline.py::W3dStaticPipelineTests::test_embedded_split_transform_export_proof_remains_fail_closed 
importer/tests/test_w3d_pipeline.py::W3dStaticPipelineTests::test_embedded_split_transform_export_proof_remains_fail_closed PASSED [ 95%]
importer/tests/test_w3d_pipeline.py::W3dStaticPipelineTests::test_embedded_split_visibility_only_proof_keeps_zero_core_channels PASSED [ 95%]
importer/tests/test_w3d_pipeline.py::W3dStaticPipelineTests::test_explicit_input_closure_isolates_duplicate_cross_unit_basenames PASSED [ 95%]
importer/tests/test_w3d_pipeline.py::W3dStaticPipelineTests::test_hierarchical_report_accepts_one_rig_zero_clips_and_skinning PASSED [ 95%]
importer/tests/test_w3d_pipeline.py::W3dStaticPipelineTests::test_hierarchical_report_fails_closed_on_wrong_kind_or_contract 
importer/tests/test_w3d_pipeline.py::W3dStaticPipelineTests::test_hierarchical_report_fails_closed_on_wrong_kind_or_contract PASSED [ 95%]
importer/tests/test_w3d_pipeline.py::W3dStaticPipelineTests::test_mixed_capture_flag_requires_three_core_clips_and_one_sidecar PASSED [ 95%]
importer/tests/test_w3d_pipeline.py::W3dStaticPipelineTests::test_optional_mesh_exclusion_report_is_exact_and_payload_free PASSED [ 95%]
importer/tests/test_w3d_pipeline.py::W3dStaticPipelineTests::test_profile_accepts_explicit_hierarchical_converter PASSED [ 95%]
importer/tests/test_w3d_pipeline.py::W3dStaticPipelineTests::test_profile_accepts_explicit_static_converter PASSED [ 95%]
importer/tests/test_w3d_pipeline.py::W3dStaticPipelineTests::test_profile_rejects_invalid_hierarchical_conversion_requests 
importer/tests/test_w3d_pipeline.py::W3dStaticPipelineTests::test_profile_rejects_invalid_hierarchical_conversion_requests PASSED [ 95%]
importer/tests/test_w3d_pipeline.py::W3dStaticPipelineTests::test_profile_rejects_invalid_w3d_input_dependency_graphs 
importer/tests/test_w3d_pipeline.py::W3dStaticPipelineTests::test_profile_rejects_invalid_w3d_input_dependency_graphs PASSED [ 96%]
importer/tests/test_w3d_pipeline.py::W3dStaticPipelineTests::test_proven_root_rigid_report_accepts_no_exported_skeleton PASSED [ 96%]
importer/tests/test_w3d_pipeline.py::W3dStaticPipelineTests::test_report_path_uses_only_a_validated_resource_id 
importer/tests/test_w3d_pipeline.py::W3dStaticPipelineTests::test_report_path_uses_only_a_validated_resource_id PASSED [ 96%]
importer/tests/test_w3d_pipeline.py::W3dStaticPipelineTests::test_requested_asset_kind_must_match_adapter_report PASSED [ 96%]
importer/tests/test_w3d_pipeline.py::W3dStaticPipelineTests::test_root_rigid_report_requires_exact_profile_opt_in_and_proof PASSED [ 96%]
importer/tests/test_w3d_pipeline.py::W3dStaticPipelineTests::test_shader_compatibility_report_fails_closed_when_malformed 
importer/tests/test_w3d_pipeline.py::W3dStaticPipelineTests::test_shader_compatibility_report_fails_closed_when_malformed PASSED [ 96%]
importer/tests/test_w3d_pipeline.py::W3dStaticPipelineTests::test_shader_compatibility_report_is_validated_and_canonicalized PASSED [ 96%]
importer/tests/test_w3d_pipeline.py::W3dStaticPipelineTests::test_static_report_produces_non_skeletal_capabilities PASSED [ 96%]
importer/tests/test_w3d_pipeline.py::W3dStaticPipelineTests::test_static_report_rejects_skeletal_or_animated_payload 
importer/tests/test_w3d_pipeline.py::W3dStaticPipelineTests::test_static_report_rejects_skeletal_or_animated_payload PASSED [ 96%]
importer/tests/test_w3d_pipeline.py::W3dStaticPipelineTests::test_transform_only_rigid_animation_does_not_require_skin_modifiers 
importer/tests/test_w3d_pipeline.py::W3dStaticPipelineTests::test_transform_only_rigid_animation_does_not_require_skin_modifiers PASSED [ 96%]
importer/tests/test_w3d_pipeline.py::W3dStaticPipelineTests::test_visibility_only_animation_is_preserved_as_typed_sidecar PASSED [ 96%]
importer/tests/test_w3d_prepared_root.py::W3DPreparedRootTests::test_accounted_fake_runner_requires_and_binds_the_real_prepared_root PASSED [ 96%]
importer/tests/test_w3d_prepared_root.py::W3DPreparedRootTests::test_accounted_root_binds_source_job_and_texture_plan PASSED [ 96%]
importer/tests/test_w3d_prepared_root.py::W3DPreparedRootTests::test_committed_force_publish_survives_best_effort_backup_cleanup PASSED [ 96%]
importer/tests/test_w3d_prepared_root.py::W3DPreparedRootTests::test_distinct_root_preserves_raw_tree_and_changes_only_declared_model PASSED [ 96%]
importer/tests/test_w3d_prepared_root.py::W3DPreparedRootTests::test_exact_noop_reuse_does_not_rewrite_or_reprove_model PASSED [ 96%]
importer/tests/test_w3d_prepared_root.py::W3DPreparedRootTests::test_force_transactionally_replaces_a_tampered_prepared_root PASSED [ 96%]
importer/tests/test_w3d_prepared_root.py::W3DPreparedRootTests::test_linked_source_and_prepared_files_are_rejected PASSED [ 96%]
importer/tests/test_w3d_prepared_root.py::W3DPreparedRootTests::test_plan_without_rewrites_still_gets_a_distinct_exact_execution_root PASSED [ 96%]
importer/tests/test_w3d_prepared_root.py::W3DPreparedRootTests::test_prepared_tree_tamper_is_rejected_for_every_protected_role 
importer/tests/test_w3d_prepared_root.py::W3DPreparedRootTests::test_prepared_tree_tamper_is_rejected_for_every_protected_role PASSED [ 96%]
importer/tests/test_w3d_prepared_root.py::W3DPreparedRootTests::test_resolution_contract_forgery_matrix_fails_before_acceptance 
importer/tests/test_w3d_prepared_root.py::W3DPreparedRootTests::test_resolution_contract_forgery_matrix_fails_before_acceptance PASSED [ 96%]
importer/tests/test_w3d_prepared_root.py::W3DPreparedRootTests::test_runner_rejects_texture_mutated_prepared_report_before_process PASSED [ 96%]
importer/tests/test_w3d_prepared_root.py::W3DPreparedRootTests::test_source_payload_and_source_manifest_tamper_are_rejected 
importer/tests/test_w3d_prepared_root.py::W3DPreparedRootTests::test_source_payload_and_source_manifest_tamper_are_rejected PASSED [ 96%]
importer/tests/test_w3d_prepared_root.py::W3DPreparedRootTests::test_stale_report_plan_policy_and_root_are_rejected PASSED [ 96%]
importer/tests/test_w3d_presentation.py::W3dPresentationFixtureTests::test_armature_free_static_mesh_keeps_scene_attachment PASSED [ 96%]
importer/tests/test_w3d_presentation.py::W3dPresentationFixtureTests::test_collision_and_volume_cubes_are_removed_before_export PASSED [ 96%]
importer/tests/test_w3d_presentation.py::W3dPresentationFixtureTests::test_disabled_proxy_words_in_retail_user_text_do_not_delete_render_mesh PASSED [ 96%]
importer/tests/test_w3d_presentation.py::W3dPresentationFixtureTests::test_exact_optional_mesh_exclusion_is_fingerprinted_and_removed PASSED [ 96%]
importer/tests/test_w3d_presentation.py::W3dPresentationFixtureTests::test_hierarchical_request_and_rig_contract_fail_closed PASSED [ 96%]
importer/tests/test_w3d_presentation.py::W3dPresentationFixtureTests::test_hierarchical_scene_rejects_accidental_actions PASSED [ 96%]
importer/tests/test_w3d_presentation.py::W3dPresentationFixtureTests::test_inventory_distinguishes_right_weapon_and_left_shield PASSED [ 96%]
importer/tests/test_w3d_presentation.py::W3dPresentationFixtureTests::test_optional_mesh_exclusions_fail_closed_without_semantic_weakening 
importer/tests/test_w3d_presentation.py::W3dPresentationFixtureTests::test_optional_mesh_exclusions_fail_closed_without_semantic_weakening PASSED [ 96%]
importer/tests/test_w3d_presentation.py::W3dPresentationFixtureTests::test_preserve_all_does_not_infer_optional_equipment PASSED [ 96%]
importer/tests/test_w3d_presentation.py::W3dPresentationFixtureTests::test_proven_root_rigid_bake_accepts_rigid_multi_pivot_carrier PASSED [ 96%]
importer/tests/test_w3d_presentation.py::W3dPresentationFixtureTests::test_proven_root_rigid_bake_accepts_the_omitted_root_pivot_skin 
importer/tests/test_w3d_presentation.py::W3dPresentationFixtureTests::test_proven_root_rigid_bake_accepts_the_omitted_root_pivot_skin PASSED [ 96%]
importer/tests/test_w3d_presentation.py::W3dPresentationFixtureTests::test_proven_root_rigid_bake_preserves_world_transform_and_removes_carrier PASSED [ 96%]
importer/tests/test_w3d_presentation.py::W3dPresentationFixtureTests::test_proven_root_rigid_bake_rejects_missing_opt_in_and_malformed_scene 
importer/tests/test_w3d_presentation.py::W3dPresentationFixtureTests::test_proven_root_rigid_bake_rejects_missing_opt_in_and_malformed_scene PASSED [ 97%]
importer/tests/test_w3d_presentation.py::W3dPresentationFixtureTests::test_source_typed_render_cube_survives_as_a_weapon_prop PASSED [ 97%]
importer/tests/test_w3d_presentation.py::W3dPresentationFixtureTests::test_static_rig_check_fails_closed PASSED [ 97%]
importer/tests/test_w3d_presentation.py::W3dPresentationFixtureTests::test_unclassified_mesh_and_unproven_equipment_fail_closed PASSED [ 97%]
importer/tests/test_w3d_presentation.py::W3dPresentationFixtureTests::test_zero_clip_hierarchical_mesh_keeps_skinning PASSED [ 97%]
importer/tests/test_w3d_secondary_skin.py::W3DSecondarySkinSuccessTests::test_exact_proof_removes_only_secondary_children_and_repairs_size PASSED [ 97%]
importer/tests/test_w3d_secondary_skin.py::W3DSecondarySkinSuccessTests::test_fixed_tolerances_accept_only_narrow_float32_roundoff PASSED [ 97%]
importer/tests/test_w3d_secondary_skin.py::W3DSecondarySkinSuccessTests::test_magnitude_relative_roundoff_bounds_follow_bind_coordinate_scale PASSED [ 97%]
importer/tests/test_w3d_secondary_skin.py::W3DSecondarySkinSuccessTests::test_output_and_payload_free_proof_are_deterministic_and_immutable PASSED [ 97%]
importer/tests/test_w3d_secondary_skin.py::W3DSecondarySkinSuccessTests::test_reskin_authoring_normal_drift_within_tolerance_still_proves PASSED [ 97%]
importer/tests/test_w3d_secondary_skin.py::W3DSecondarySkinSuccessTests::test_retail_mapper_args_string_leaf_is_not_walked_as_a_container PASSED [ 97%]
importer/tests/test_w3d_secondary_skin.py::W3DSecondarySkinSuccessTests::test_zero_weight_secondary_records_are_finite_but_otherwise_irrelevant PASSED [ 97%]
importer/tests/test_w3d_secondary_skin.py::W3DSecondarySkinFailureTests::test_hierarchy_and_hlod_binding_fail_closed PASSED [ 97%]
importer/tests/test_w3d_secondary_skin.py::W3DSecondarySkinFailureTests::test_malformed_noop_and_non_bytes_are_rejected PASSED [ 97%]
importer/tests/test_w3d_secondary_skin.py::W3DSecondarySkinFailureTests::test_stream_structure_and_semantics_fail_closed 
importer/tests/test_w3d_secondary_skin.py::W3DSecondarySkinFailureTests::test_stream_structure_and_semantics_fail_closed PASSED [ 97%]
importer/tests/test_w3d_secondary_skin_pipeline.py::W3DSecondarySkinPipelineTests::test_job_local_transform_selects_one_hierarchy_and_preserves_other_inputs PASSED [ 97%]
importer/tests/test_w3d_secondary_skin_pipeline.py::W3DSecondarySkinPipelineTests::test_missing_or_ambiguous_compatible_hierarchy_fails_before_output PASSED [ 97%]
importer/tests/test_w3d_secondary_skin_pipeline.py::W3DSecondarySkinPipelineTests::test_model_without_secondary_streams_is_unchanged PASSED [ 97%]
importer/tests/test_w3d_secondary_skin_pipeline.py::W3DSecondarySkinPipelineTests::test_unproven_redundancy_retains_streams_with_exact_evidence PASSED [ 97%]
importer/tests/test_w3d_skin_safety.py::W3DSkinSafetyTests::test_active_primary_or_secondary_root_is_rejected 
importer/tests/test_w3d_skin_safety.py::W3DSkinSafetyTests::test_active_primary_or_secondary_root_is_rejected PASSED [ 97%]
importer/tests/test_w3d_skin_safety.py::W3DSkinSafetyTests::test_any_pivot_fixup_is_rejected_on_the_hierarchy_owner PASSED [ 97%]
importer/tests/test_w3d_skin_safety.py::W3DSkinSafetyTests::test_malformed_or_unbound_skin_contracts_fail_closed 
importer/tests/test_w3d_skin_safety.py::W3DSkinSafetyTests::test_malformed_or_unbound_skin_contracts_fail_closed PASSED [ 97%]
importer/tests/test_w3d_skin_safety.py::W3DSkinSafetyTests::test_nonskin_static_model_needs_no_hierarchy PASSED [ 97%]
importer/tests/test_w3d_skin_safety.py::W3DSkinSafetyTests::test_valid_nonroot_influences_are_deterministic_and_name_free PASSED [ 97%]
importer/tests/test_w3d_skin_safety.py::W3DSkinSafetyTests::test_validator_rejects_a_resealed_noncanonical_schema PASSED [ 97%]
importer/tests/test_w3d_skin_safety.py::W3DSkinSafetyTests::test_zero_weight_root_fields_are_allowed 
importer/tests/test_w3d_skin_safety.py::W3DSkinSafetyTests::test_zero_weight_root_fields_are_allowed PASSED [ 97%]
importer/tests/test_w3d_texture_closure.py::W3DTextureClosureTests::test_ambiguous_missing_and_unsafe_references_are_terminals PASSED [ 97%]
importer/tests/test_w3d_texture_closure.py::W3DTextureClosureTests::test_case_colliding_and_unsafe_manifest_paths_are_rejected PASSED [ 97%]
importer/tests/test_w3d_texture_closure.py::W3DTextureClosureTests::test_catalog_native_source_and_stage_mismatches_fail_closed PASSED [ 97%]
importer/tests/test_w3d_texture_closure.py::W3DTextureClosureTests::test_dazzle_implicit_texture_dependency_is_closed PASSED [ 97%]
importer/tests/test_w3d_texture_closure.py::W3DTextureClosureTests::test_destination_conflicts_terminal_every_affected_model PASSED [ 97%]
importer/tests/test_w3d_texture_closure.py::W3DTextureClosureTests::test_exact_path_and_private_destination_preserve_referenced_layout PASSED [ 97%]
importer/tests/test_w3d_texture_closure.py::W3DTextureClosureTests::test_forced_terminal_bridge_attests_complete_empty_mapping PASSED [ 97%]
importer/tests/test_w3d_texture_closure.py::W3DTextureClosureTests::test_forced_terminal_bridge_rejects_malformed_model_evidence PASSED [ 97%]
importer/tests/test_w3d_texture_closure.py::W3DTextureClosureTests::test_identical_same_directory_requirements_deduplicate PASSED [ 97%]
importer/tests/test_w3d_texture_closure.py::W3DTextureClosureTests::test_manifest_seals_totals_and_identities_are_verified PASSED [ 97%]
importer/tests/test_w3d_texture_closure.py::W3DTextureClosureTests::test_missing_dazzle_implicit_texture_is_terminal PASSED [ 97%]
importer/tests/test_w3d_texture_closure.py::W3DTextureClosureTests::test_optional_seals_are_bound_and_neutral_evidence_is_path_free PASSED [ 98%]
importer/tests/test_w3d_texture_closure.py::W3DTextureClosureTests::test_pinned_shader_texture_properties_are_closed PASSED [ 98%]
importer/tests/test_w3d_texture_closure.py::W3DTextureClosureTests::test_reference_destination_over_path_bound_is_terminal PASSED [ 98%]
importer/tests/test_w3d_texture_closure.py::W3DTextureClosureTests::test_reference_subdirectories_prevent_same_stem_destination_collision PASSED [ 98%]
importer/tests/test_w3d_texture_closure.py::W3DTextureClosureTests::test_shader_texture_consumer_conditions_match_pinned_importer PASSED [ 98%]
importer/tests/test_w3d_texture_closure.py::W3DTextureClosureTests::test_texture_free_models_are_explicit_and_require_no_copy PASSED [ 98%]
importer/tests/test_w3d_texture_closure.py::W3DTextureClosureTests::test_texture_resolution_indexes_the_manifest_once PASSED [ 98%]
importer/tests/test_w3d_texture_closure.py::W3DTextureClosureTests::test_unbound_shader_texture_property_is_terminal PASSED [ 98%]
importer/tests/test_w3d_texture_closure.py::W3DTextureClosureTests::test_unconverted_and_reclassified_sources_never_enter_copy_plan PASSED [ 98%]
importer/tests/test_w3d_texture_closure.py::W3DTextureClosureTests::test_unicode_source_ids_match_planner_and_terminals_bridge_exactly PASSED [ 98%]
importer/tests/test_w3d_texture_closure.py::W3DTextureClosureTests::test_unique_basename_and_extension_fallback_are_deterministic PASSED [ 98%]
importer/tests/test_w3d_texture_overrides.py::W3DTextureOverrideProfileTests::test_normalizes_exact_records_and_order PASSED [ 98%]
importer/tests/test_w3d_texture_overrides.py::W3DTextureOverrideProfileTests::test_profile_allows_overrides_only_on_explicit_w3d_closure 
importer/tests/test_w3d_texture_overrides.py::W3DTextureOverrideProfileTests::test_profile_allows_overrides_only_on_explicit_w3d_closure PASSED [ 98%]
importer/tests/test_w3d_texture_overrides.py::W3DTextureOverrideProfileTests::test_rejects_unsafe_ambiguous_or_chained_records 
importer/tests/test_w3d_texture_overrides.py::W3DTextureOverrideProfileTests::test_rejects_unsafe_ambiguous_or_chained_records PASSED [ 98%]
importer/tests/test_w3d_texture_overrides.py::W3DTextureOverrideStagingTests::test_reads_only_structural_texture_name_chunks PASSED [ 98%]
importer/tests/test_w3d_texture_overrides.py::W3DTextureOverrideStagingTests::test_rejects_missing_same_bytes_and_reference_ambiguity PASSED [ 98%]
importer/tests/test_w3d_texture_overrides.py::W3DTextureOverrideStagingTests::test_replaces_only_job_local_target_and_emits_hash_proof PASSED [ 98%]
importer/tests/test_w3d_texture_overrides.py::W3DTextureOverrideGlbTests::test_proof_contract_does_not_depend_on_adapter_path_logging PASSED [ 98%]
importer/tests/test_w3d_texture_overrides.py::W3DTextureOverrideGlbTests::test_proves_exact_embedded_base_color_image PASSED [ 98%]
importer/tests/test_w3d_texture_overrides.py::W3DTextureOverrideGlbTests::test_rejects_boolean_indices_that_alias_integer_zero PASSED [ 98%]
importer/tests/test_w3d_texture_overrides.py::W3DTextureOverrideGlbTests::test_rejects_unconsumed_or_wrong_embedded_image PASSED [ 98%]
importer/tests/test_w3d_to_glb_fixtures.py::W3dAdditiveMaterialTests::test_direct_image_link_uses_blender_pointer_identity PASSED [ 98%]
importer/tests/test_w3d_to_glb_fixtures.py::W3dAdditiveMaterialTests::test_exact_additive_shader_converts_shared_image_and_connects_alpha PASSED [ 98%]
importer/tests/test_w3d_to_glb_fixtures.py::W3dAdditiveMaterialTests::test_image_round_trip_error_beyond_one_8bit_step_fails PASSED [ 98%]
importer/tests/test_w3d_to_glb_fixtures.py::W3dAdditiveMaterialTests::test_incomplete_or_coerced_shader_proof_fails_closed 
importer/tests/test_w3d_to_glb_fixtures.py::W3dAdditiveMaterialTests::test_incomplete_or_coerced_shader_proof_fails_closed PASSED [ 98%]
importer/tests/test_w3d_to_glb_fixtures.py::W3dAdditiveMaterialTests::test_multiple_images_without_a_direct_color_link_fail_closed PASSED [ 98%]
importer/tests/test_w3d_to_glb_fixtures.py::W3dAdditiveMaterialTests::test_one_8bit_step_of_image_round_trip_quantization_is_allowed PASSED [ 98%]
importer/tests/test_w3d_to_glb_fixtures.py::W3dAdditiveMaterialTests::test_unproven_and_non_additive_materials_are_untouched 
importer/tests/test_w3d_to_glb_fixtures.py::W3dAdditiveMaterialTests::test_unproven_and_non_additive_materials_are_untouched PASSED [ 98%]
importer/tests/test_w3d_to_glb_fixtures.py::W3dAdditiveMaterialTests::test_zero_source_alpha_does_not_erase_proven_additive_rgb PASSED [ 98%]
importer/tests/test_w3d_to_glb_fixtures.py::W3dOpaqueMaterialNormalizationTests::test_additive_and_alpha_blended_states_remain_connected PASSED [ 98%]
importer/tests/test_w3d_to_glb_fixtures.py::W3dOpaqueMaterialNormalizationTests::test_alpha_tested_one_zero_state_remains_connected PASSED [ 98%]
importer/tests/test_w3d_to_glb_fixtures.py::W3dOpaqueMaterialNormalizationTests::test_exact_one_zero_state_disconnects_texture_alpha PASSED [ 98%]
importer/tests/test_w3d_to_glb_fixtures.py::W3dOpaqueMaterialNormalizationTests::test_incomplete_source_blend_state_fails_closed PASSED [ 98%]
importer/tests/test_w3d_to_glb_fixtures.py::W3dShaderMaterialCompatibilityTests::test_duplicate_or_non_boolean_compatibility_flags_fail_closed 
importer/tests/test_w3d_to_glb_fixtures.py::W3dShaderMaterialCompatibilityTests::test_duplicate_or_non_boolean_compatibility_flags_fail_closed PASSED [ 98%]
importer/tests/test_w3d_to_glb_fixtures.py::W3dShaderMaterialCompatibilityTests::test_exact_flags_are_mapped_and_preserved_in_canonical_proof PASSED [ 98%]
importer/tests/test_w3d_to_glb_fixtures.py::W3dShaderMaterialCompatibilityTests::test_false_alpha_flag_maps_to_opaque PASSED [ 98%]
importer/tests/test_w3d_to_glb_fixtures.py::W3dShaderMaterialCompatibilityTests::test_retail_no_texture_sentinel_is_dropped_before_the_pinned_import PASSED [ 99%]
importer/tests/test_w3d_to_glb_fixtures.py::W3dShaderMaterialCompatibilityTests::test_sentinel_drop_is_exact_and_never_touches_real_names 
importer/tests/test_w3d_to_glb_fixtures.py::W3dShaderMaterialCompatibilityTests::test_sentinel_drop_is_exact_and_never_touches_real_names PASSED [ 99%]
importer/tests/test_w3d_to_glb_fixtures.py::W3dShaderMaterialCompatibilityTests::test_sentinel_drop_leaves_a_receipt_and_clean_input_leaves_none PASSED [ 99%]
importer/tests/test_w3d_to_glb_fixtures.py::W3dShaderMaterialCompatibilityTests::test_unknown_shader_property_reaches_the_pinned_importer PASSED [ 99%]
importer/tests/test_w3d_to_glb_fixtures.py::W3dEquipmentRoleProofTests::test_attachment_label_cannot_invent_weapon_role PASSED [ 99%]
importer/tests/test_w3d_to_glb_fixtures.py::W3dEquipmentRoleProofTests::test_authored_equipment_pivot_is_not_reparented_to_a_nearby_hand PASSED [ 99%]
importer/tests/test_w3d_to_glb_fixtures.py::W3dEquipmentRoleProofTests::test_authored_equipment_pivot_proves_attachment_without_inventing_role PASSED [ 99%]
importer/tests/test_w3d_to_glb_fixtures.py::W3dEquipmentRoleProofTests::test_mesh_or_material_role_still_requires_matching_hand_attachment PASSED [ 99%]
importer/tests/test_w3d_to_glb_fixtures.py::W3dEquipmentRoleProofTests::test_unproven_weapon_still_fails_with_bounded_sanitized_diagnostics PASSED [ 99%]
importer/tests/test_w3d_to_glb_fixtures.py::W3dAnimationImportOutputTests::test_capture_checkpoints_cover_success_and_accounting_failure PASSED [ 99%]
importer/tests/test_w3d_to_glb_fixtures.py::W3dAnimationImportOutputTests::test_capture_does_not_overwrite_operation_failure_phase PASSED [ 99%]
importer/tests/test_w3d_to_glb_fixtures.py::W3dAnimationImportOutputTests::test_exact_warning_lines_are_the_only_matches PASSED [ 99%]
importer/tests/test_w3d_to_glb_fixtures.py::W3dAnimationImportOutputTests::test_later_adapter_failure_replays_every_raw_warning_byte PASSED [ 99%]
importer/tests/test_w3d_to_glb_fixtures.py::W3dAnimationImportOutputTests::test_near_matches_and_other_blender_warnings_are_preserved PASSED [ 99%]
importer/tests/test_w3d_to_glb_fixtures.py::W3dAnimationImportOutputTests::test_success_filters_os_descriptor_output_and_reports_count PASSED [ 99%]
importer/tests/test_w3d_to_glb_fixtures.py::W3dAnimationGeometryProofTests::test_ambiguous_or_skinned_rest_only_attachment_is_rejected PASSED [ 99%]
importer/tests/test_w3d_to_glb_fixtures.py::W3dAnimationGeometryProofTests::test_cleared_bone_parent_is_restored_before_semantic_revalidation PASSED [ 99%]
importer/tests/test_w3d_to_glb_fixtures.py::W3dAnimationGeometryProofTests::test_embedded_animation_glb_proof_requires_one_named_nonempty_clip PASSED [ 99%]
importer/tests/test_w3d_to_glb_fixtures.py::W3dAnimationGeometryProofTests::test_embedded_model_animation_requires_exact_active_split_pair PASSED [ 99%]
importer/tests/test_w3d_to_glb_fixtures.py::W3dAnimationGeometryProofTests::test_geometry_material_weight_and_object_data_mutations_fail_closed 
importer/tests/test_w3d_to_glb_fixtures.py::W3dAnimationGeometryProofTests::test_geometry_material_weight_and_object_data_mutations_fail_closed PASSED [ 99%]
importer/tests/test_w3d_to_glb_fixtures.py::W3dAnimationGeometryProofTests::test_harmless_matrix_round_trip_drift_is_tolerated PASSED [ 99%]
importer/tests/test_w3d_to_glb_fixtures.py::W3dAnimationGeometryProofTests::test_material_matrix_mismatch_fails_with_specific_safe_error 
importer/tests/test_w3d_to_glb_fixtures.py::W3dAnimationGeometryProofTests::test_material_matrix_mismatch_fails_with_specific_safe_error PASSED [ 99%]
importer/tests/test_w3d_to_glb_fixtures.py::W3dAnimationGeometryProofTests::test_multiple_left_candidates_choose_materially_nearest_without_world_drift PASSED [ 99%]
importer/tests/test_w3d_to_glb_fixtures.py::W3dAnimationGeometryProofTests::test_object_mesh_data_and_material_replacement_fail_closed PASSED [ 99%]
importer/tests/test_w3d_to_glb_fixtures.py::W3dAnimationGeometryProofTests::test_post_restoration_semantic_revalidation_catches_mismatch PASSED [ 99%]
importer/tests/test_w3d_to_glb_fixtures.py::W3dAnimationGeometryProofTests::test_unique_explicit_shield_bone_outranks_colocated_generic_hand PASSED [ 99%]
importer/tests/test_w3d_to_glb_fixtures.py::W3dAnimationGeometryProofTests::test_wrong_or_unavailable_parent_cannot_satisfy_restoration PASSED [ 99%]
importer/tests/test_w3d_to_glb_fixtures.py::W3dAdditiveVertexMaterialTests::test_textureless_additive_material_converts_vertex_colors PASSED [ 99%]
importer/tests/test_w3d_to_glb_fixtures.py::W3dAdditiveVertexMaterialTests::test_textureless_additive_material_shared_mesh_fails PASSED [ 99%]
importer/tests/test_w3d_to_glb_fixtures.py::W3dAdditiveVertexMaterialTests::test_textureless_additive_material_with_nonblack_constant_fails PASSED [ 99%]
importer/tests/test_w3d_to_glb_fixtures.py::W3dAdditiveVertexMaterialTests::test_textureless_additive_material_without_colors_uses_constant PASSED [ 99%]
importer/tests/test_w3d_to_glb_fixtures.py::W3dAdditiveVertexMaterialTests::test_textureless_additive_material_without_meshes_fails PASSED [ 99%]
importer/tests/test_w3d_to_glb_fixtures.py::W3dRetailAbsentTextureTests::test_absent_texture_resolved_to_a_real_image_fails_closed PASSED [ 99%]
importer/tests/test_w3d_to_glb_fixtures.py::W3dRetailAbsentTextureTests::test_absent_texture_that_is_staged_fails_closed PASSED [ 99%]
importer/tests/test_w3d_to_glb_fixtures.py::W3dRetailAbsentTextureTests::test_clear_only_tolerated_generated_placeholders PASSED [ 99%]
importer/tests/test_w3d_to_glb_fixtures.py::W3dRetailAbsentTextureTests::test_normalize_rejects_unsafe_or_duplicate_basenames PASSED [ 99%]
importer/tests/test_w3d_to_glb_fixtures.py::W3dRetailAbsentTextureTests::test_unreferenced_absent_texture_is_recorded_not_fatal PASSED [100%]

=================================== ERRORS ====================================
_ ERROR at setup of test_erebor_emits_one_gate_fixture_with_authored_contract _

type_name = 'AngForStronghold'
documents = {'data/ini/aidata.ini': b'AIData\r\n; set the values in ini/default/aidata.ini for now.\r\nEnd\r\n', 'data/ini/ambient...tn Settings/CustomSettings\r\n\t;\r\n\tButtonMap = Skirmish/ProfileNav/bttn Skirmish/ProfileMenu/bttn\r\nEND\r\n', ...}
raw = {'cine_eagle_takeoff': SageObject(kind='Object', name='CINE_Eagle_Takeoff', parent=None, items=(SageBlock(kind='W3DScr...70, has_equals=True)), ordinal=3, source_virtual_path='data/ini/object/cinematic/cinematicobjects.ini', line=290), ...}
defines = {'campness_default': 2000, 'campness_fortress': 3000, 'campness_fortress_expansion': 700, 'campness_wall': 1, ...}
game = 'rotwk'

    def compile_map_object_descriptor(
        type_name: str,
        documents: Mapping[str, bytes],
        *,
        raw: Mapping[str, Any] | None = None,
        defines: Mapping[str, int | float] | None = None,
        game: str = "bfme2",
    ) -> dict[str, Any]:
        """Compile one map-referenced object type into a descriptor document.
    
        The descriptor carries the authored health, armor, geometry and module
        contracts exactly as the playable compilers extract them; no production
        routes are required because map objects are placed, never constructed.
        """
    
        if raw is None:
            try:
                raw = _object_index(documents)
            except PlayableUnitCompilerError as exc:
                raise CastleFixturesError(str(exc)) from exc
        if defines is None:
            try:
                defines = _numeric_defines(documents)
            except PlayableUnitCompilerError as exc:
                raise CastleFixturesError(str(exc)) from exc
        item, ancestry = _compile_lineage(type_name, raw)
        try:
            health = _health_contract(ancestry, defines, item.name)
        except PlayableStructureCompilerError as exc:
            raise CastleFixturesError(str(exc)) from exc
        try:
            armor = compile_armor_contract(documents, ancestry, game=game)
        except ArmorCompilerError as exc:
            raise CastleFixturesError(str(exc)) from exc
        geometry = _geometry_contract(ancestry, defines)
        try:
>           modules = compile_all_module_contracts(ancestry, item.name)
                      ^^^^^^^^^^^^^^^^^^^^^^^^^^^^^^^^^^^^^^^^^^^^^^^^^

importer\openbfme_importer\castle_fixtures.py:180: 
_ _ _ _ _ _ _ _ _ _ _ _ _ _ _ _ _ _ _ _ _ _ _ _ _ _ _ _ _ _ _ _ _ _ _ _ _ _ _ _
importer\openbfme_importer\module_contracts.py:8460: in compile_all_module_contracts
    numeric_define_provenance=numeric_define_provenance,
importer\openbfme_importer\module_contracts.py:4203: in compile_queue_production_exit_updates
    burst = _integer_assignment_field(grouped.get("initialburst", [None])[-1], f"{target_id} QueueProductionExitUpdate InitialBurst", minimum=0)
        ^^^^^^^^^^^^^^^^^^^^^^^^^^^^^^^^^^^^^^^^^^^^^^^^^^^^^^^^^^^^^^^^^^^^^^^^^^^^^^^^^^^^
_ _ _ _ _ _ _ _ _ _ _ _ _ _ _ _ _ _ _ _ _ _ _ _ _ _ _ _ _ _ _ _ _ _ _ _ _ _ _ _

assignment = SageAssignment(key='ExitDelay', value='STANDARD_HORDE_EXIT_DELAY', ordinal=2, key_ordinal=0, item_ordinal=2, source_virtual_path='data/ini/object/civilian/angfornostbuildings.ini', line=241, has_equals=True)
target_id = 'AngForStronghold', numeric_defines = None
numeric_define_provenance = None

        numeric_define_provenance: Mapping[str, Mapping[str, object]] | None,
    ) -> dict[str, object]:
        label = f"{target_id} QueueProductionExitUpdate ExitDelay"
        result = _lifetime_expression_field(assignment, label)
        assert result is not None
        if "milliseconds" in result:
            if re.fullmatch(r"\s*\d+\s*", assignment.value) is None:
                raise ModuleContractError(f"{label} must be an exact unsigned decimal")
            if int(result["milliseconds"]) > 4_294_967_295:
                raise ModuleContractError(f"{label} exceeds UnsignedInt range 0..4294967295")
            return result
        expression = str(result.get("expression", "")).strip()
        if re.fullmatch(r"[A-Za-z_][A-Za-z0-9_]*", expression) is None:
            raise ModuleContractError(f"{label} is not a resolvable millisecond expression")
        key = expression.casefold()
        value = None if numeric_defines is None else numeric_defines.get(key)
        provenance = None if numeric_define_provenance is None else numeric_define_provenance.get(key)
        if value is None or provenance is None:
            raise ModuleContractError(f"{label} define is unresolved: {expression}")
        numeric = float(value)
        if numeric < 0 or not numeric.is_integer() or numeric > 4_294_967_295:
            raise ModuleContractError(f"{label} define must resolve to non-negative integer milliseconds: {expression}")
>       provenance_value = provenance.get("value")
            ^^^^^^^^^^^^^^^^^^^^^^^^^^^^^^^^^^^^^^^
E       openbfme_importer.module_contracts.ModuleContractError: AngForStronghold QueueProductionExitUpdate ExitDelay define is unresolved: STANDARD_HORDE_EXIT_DELAY

importer\openbfme_importer\module_contracts.py:4153: ModuleContractError

The above exception was the direct cause of the following exception:

documents = {'data/ini/aidata.ini': b'AIData\r\n; set the values in ini/default/aidata.ini for now.\r\nEnd\r\n', 'data/ini/ambient...tn Settings/CustomSettings\r\n\t;\r\n\tButtonMap = Skirmish/ProfileNav/bttn Skirmish/ProfileMenu/bttn\r\nEND\r\n', ...}
raw = {'cine_eagle_takeoff': SageObject(kind='Object', name='CINE_Eagle_Takeoff', parent=None, items=(SageBlock(kind='W3DScr...70, has_equals=True)), ordinal=3, source_virtual_path='data/ini/object/cinematic/cinematicobjects.ini', line=290), ...}
index = {'cine_eagle_takeoff': ObjectTypeInfo(name='CINE_Eagle_Takeoff', definition='Object', kind_of=('CAN_CAST_REFLECTIONS',...or', 'SlowDeathBehavior', 'SquishCollide'), source_virtual_path='data/ini/object/cinematic/cinematicobjects.ini'), ...}
defines = {'campness_default': 2000, 'campness_fortress': 3000, 'campness_fortress_expansion': 700, 'campness_wall': 1, ...}
catalog = <openbfme_importer.catalog.InstallCatalog object at 0x0000018EE33281D0>

    @pytest.fixture(scope="module")
    def fixtures_by_map(documents, raw, index, defines, catalog):
        return {
>           virtual_path: build_map_fixtures(
                documents,
                _parse_map(catalog, virtual_path).objects,
                raw=raw,
                index=index,
                defines=defines,
                game="rotwk",
            )
            for virtual_path in EXPECTED_ROLE_COUNTS
        }

importer\tests\test_castle_fixtures_oracle.py:138: 
_ _ _ _ _ _ _ _ _ _ _ _ _ _ _ _ _ _ _ _ _ _ _ _ _ _ _ _ _ _ _ _ _ _ _ _ _ _ _ _
importer\openbfme_importer\castle_fixtures.py:502: in build_map_fixtures
    descriptors[folded] = compile_map_object_descriptor(
_ _ _ _ _ _ _ _ _ _ _ _ _ _ _ _ _ _ _ _ _ _ _ _ _ _ _ _ _ _ _ _ _ _ _ _ _ _ _ _

type_name = 'AngForStronghold'
documents = {'data/ini/aidata.ini': b'AIData\r\n; set the values in ini/default/aidata.ini for now.\r\nEnd\r\n', 'data/ini/ambient...tn Settings/CustomSettings\r\n\t;\r\n\tButtonMap = Skirmish/ProfileNav/bttn Skirmish/ProfileMenu/bttn\r\nEND\r\n', ...}
raw = {'cine_eagle_takeoff': SageObject(kind='Object', name='CINE_Eagle_Takeoff', parent=None, items=(SageBlock(kind='W3DScr...70, has_equals=True)), ordinal=3, source_virtual_path='data/ini/object/cinematic/cinematicobjects.ini', line=290), ...}
defines = {'campness_default': 2000, 'campness_fortress': 3000, 'campness_fortress_expansion': 700, 'campness_wall': 1, ...}
game = 'rotwk'

    def compile_map_object_descriptor(
        type_name: str,
        documents: Mapping[str, bytes],
        *,
        raw: Mapping[str, Any] | None = None,
        defines: Mapping[str, int | float] | None = None,
        game: str = "bfme2",
    ) -> dict[str, Any]:
        """Compile one map-referenced object type into a descriptor document.
    
        The descriptor carries the authored health, armor, geometry and module
        contracts exactly as the playable compilers extract them; no production
        routes are required because map objects are placed, never constructed.
        """
    
        if raw is None:
            try:
                raw = _object_index(documents)
            except PlayableUnitCompilerError as exc:
                raise CastleFixturesError(str(exc)) from exc
        if defines is None:
            try:
                defines = _numeric_defines(documents)
            except PlayableUnitCompilerError as exc:
                raise CastleFixturesError(str(exc)) from exc
        item, ancestry = _compile_lineage(type_name, raw)
        try:
            health = _health_contract(ancestry, defines, item.name)
        except PlayableStructureCompilerError as exc:
            raise CastleFixturesError(str(exc)) from exc
        try:
            armor = compile_armor_contract(documents, ancestry, game=game)
        except ArmorCompilerError as exc:
            raise CastleFixturesError(str(exc)) from exc
        geometry = _geometry_contract(ancestry, defines)
        try:
            modules = compile_all_module_contracts(ancestry, item.name)
        except ModuleContractError as exc:
>           raise CastleFixturesError(str(exc)) from exc
E           openbfme_importer.castle_fixtures.CastleFixturesError: AngForStronghold QueueProductionExitUpdate ExitDelay define is unresolved: STANDARD_HORDE_EXIT_DELAY

importer\openbfme_importer\castle_fixtures.py:182: CastleFixturesError
_ ERROR at setup of test_erebor_emits_six_garrison_fixtures_with_contain_max_3 _

type_name = 'AngForStronghold'
documents = {'data/ini/aidata.ini': b'AIData\r\n; set the values in ini/default/aidata.ini for now.\r\nEnd\r\n', 'data/ini/ambient...tn Settings/CustomSettings\r\n\t;\r\n\tButtonMap = Skirmish/ProfileNav/bttn Skirmish/ProfileMenu/bttn\r\nEND\r\n', ...}
raw = {'cine_eagle_takeoff': SageObject(kind='Object', name='CINE_Eagle_Takeoff', parent=None, items=(SageBlock(kind='W3DScr...70, has_equals=True)), ordinal=3, source_virtual_path='data/ini/object/cinematic/cinematicobjects.ini', line=290), ...}
defines = {'campness_default': 2000, 'campness_fortress': 3000, 'campness_fortress_expansion': 700, 'campness_wall': 1, ...}
game = 'rotwk'

    def compile_map_object_descriptor(
        type_name: str,
        documents: Mapping[str, bytes],
        *,
        raw: Mapping[str, Any] | None = None,
        defines: Mapping[str, int | float] | None = None,
        game: str = "bfme2",
    ) -> dict[str, Any]:
        """Compile one map-referenced object type into a descriptor document.
    
        The descriptor carries the authored health, armor, geometry and module
        contracts exactly as the playable compilers extract them; no production
        routes are required because map objects are placed, never constructed.
        """
    
        if raw is None:
            try:
                raw = _object_index(documents)
            except PlayableUnitCompilerError as exc:
                raise CastleFixturesError(str(exc)) from exc
        if defines is None:
            try:
                defines = _numeric_defines(documents)
            except PlayableUnitCompilerError as exc:
                raise CastleFixturesError(str(exc)) from exc
        item, ancestry = _compile_lineage(type_name, raw)
        try:
            health = _health_contract(ancestry, defines, item.name)
        except PlayableStructureCompilerError as exc:
            raise CastleFixturesError(str(exc)) from exc
        try:
            armor = compile_armor_contract(documents, ancestry, game=game)
        except ArmorCompilerError as exc:
            raise CastleFixturesError(str(exc)) from exc
        geometry = _geometry_contract(ancestry, defines)
        try:
>           modules = compile_all_module_contracts(ancestry, item.name)
                      ^^^^^^^^^^^^^^^^^^^^^^^^^^^^^^^^^^^^^^^^^^^^^^^^^

importer\openbfme_importer\castle_fixtures.py:180: 
_ _ _ _ _ _ _ _ _ _ _ _ _ _ _ _ _ _ _ _ _ _ _ _ _ _ _ _ _ _ _ _ _ _ _ _ _ _ _ _
importer\openbfme_importer\module_contracts.py:8460: in compile_all_module_contracts
    numeric_define_provenance=numeric_define_provenance,
importer\openbfme_importer\module_contracts.py:4203: in compile_queue_production_exit_updates
    burst = _integer_assignment_field(grouped.get("initialburst", [None])[-1], f"{target_id} QueueProductionExitUpdate InitialBurst", minimum=0)
        ^^^^^^^^^^^^^^^^^^^^^^^^^^^^^^^^^^^^^^^^^^^^^^^^^^^^^^^^^^^^^^^^^^^^^^^^^^^^^^^^^^^^
_ _ _ _ _ _ _ _ _ _ _ _ _ _ _ _ _ _ _ _ _ _ _ _ _ _ _ _ _ _ _ _ _ _ _ _ _ _ _ _

assignment = SageAssignment(key='ExitDelay', value='STANDARD_HORDE_EXIT_DELAY', ordinal=2, key_ordinal=0, item_ordinal=2, source_virtual_path='data/ini/object/civilian/angfornostbuildings.ini', line=241, has_equals=True)
target_id = 'AngForStronghold', numeric_defines = None
numeric_define_provenance = None

        numeric_define_provenance: Mapping[str, Mapping[str, object]] | None,
    ) -> dict[str, object]:
        label = f"{target_id} QueueProductionExitUpdate ExitDelay"
        result = _lifetime_expression_field(assignment, label)
        assert result is not None
        if "milliseconds" in result:
            if re.fullmatch(r"\s*\d+\s*", assignment.value) is None:
                raise ModuleContractError(f"{label} must be an exact unsigned decimal")
            if int(result["milliseconds"]) > 4_294_967_295:
                raise ModuleContractError(f"{label} exceeds UnsignedInt range 0..4294967295")
            return result
        expression = str(result.get("expression", "")).strip()
        if re.fullmatch(r"[A-Za-z_][A-Za-z0-9_]*", expression) is None:
            raise ModuleContractError(f"{label} is not a resolvable millisecond expression")
        key = expression.casefold()
        value = None if numeric_defines is None else numeric_defines.get(key)
        provenance = None if numeric_define_provenance is None else numeric_define_provenance.get(key)
        if value is None or provenance is None:
            raise ModuleContractError(f"{label} define is unresolved: {expression}")
        numeric = float(value)
        if numeric < 0 or not numeric.is_integer() or numeric > 4_294_967_295:
            raise ModuleContractError(f"{label} define must resolve to non-negative integer milliseconds: {expression}")
>       provenance_value = provenance.get("value")
            ^^^^^^^^^^^^^^^^^^^^^^^^^^^^^^^^^^^^^^^
E       openbfme_importer.module_contracts.ModuleContractError: AngForStronghold QueueProductionExitUpdate ExitDelay define is unresolved: STANDARD_HORDE_EXIT_DELAY

importer\openbfme_importer\module_contracts.py:4153: ModuleContractError

The above exception was the direct cause of the following exception:

documents = {'data/ini/aidata.ini': b'AIData\r\n; set the values in ini/default/aidata.ini for now.\r\nEnd\r\n', 'data/ini/ambient...tn Settings/CustomSettings\r\n\t;\r\n\tButtonMap = Skirmish/ProfileNav/bttn Skirmish/ProfileMenu/bttn\r\nEND\r\n', ...}
raw = {'cine_eagle_takeoff': SageObject(kind='Object', name='CINE_Eagle_Takeoff', parent=None, items=(SageBlock(kind='W3DScr...70, has_equals=True)), ordinal=3, source_virtual_path='data/ini/object/cinematic/cinematicobjects.ini', line=290), ...}
index = {'cine_eagle_takeoff': ObjectTypeInfo(name='CINE_Eagle_Takeoff', definition='Object', kind_of=('CAN_CAST_REFLECTIONS',...or', 'SlowDeathBehavior', 'SquishCollide'), source_virtual_path='data/ini/object/cinematic/cinematicobjects.ini'), ...}
defines = {'campness_default': 2000, 'campness_fortress': 3000, 'campness_fortress_expansion': 700, 'campness_wall': 1, ...}
catalog = <openbfme_importer.catalog.InstallCatalog object at 0x0000018EE33281D0>

    @pytest.fixture(scope="module")
    def fixtures_by_map(documents, raw, index, defines, catalog):
        return {
>           virtual_path: build_map_fixtures(
                documents,
                _parse_map(catalog, virtual_path).objects,
                raw=raw,
                index=index,
                defines=defines,
                game="rotwk",
            )
            for virtual_path in EXPECTED_ROLE_COUNTS
        }

importer\tests\test_castle_fixtures_oracle.py:138: 
_ _ _ _ _ _ _ _ _ _ _ _ _ _ _ _ _ _ _ _ _ _ _ _ _ _ _ _ _ _ _ _ _ _ _ _ _ _ _ _
importer\openbfme_importer\castle_fixtures.py:502: in build_map_fixtures
    descriptors[folded] = compile_map_object_descriptor(
_ _ _ _ _ _ _ _ _ _ _ _ _ _ _ _ _ _ _ _ _ _ _ _ _ _ _ _ _ _ _ _ _ _ _ _ _ _ _ _

type_name = 'AngForStronghold'
documents = {'data/ini/aidata.ini': b'AIData\r\n; set the values in ini/default/aidata.ini for now.\r\nEnd\r\n', 'data/ini/ambient...tn Settings/CustomSettings\r\n\t;\r\n\tButtonMap = Skirmish/ProfileNav/bttn Skirmish/ProfileMenu/bttn\r\nEND\r\n', ...}
raw = {'cine_eagle_takeoff': SageObject(kind='Object', name='CINE_Eagle_Takeoff', parent=None, items=(SageBlock(kind='W3DScr...70, has_equals=True)), ordinal=3, source_virtual_path='data/ini/object/cinematic/cinematicobjects.ini', line=290), ...}
defines = {'campness_default': 2000, 'campness_fortress': 3000, 'campness_fortress_expansion': 700, 'campness_wall': 1, ...}
game = 'rotwk'

    def compile_map_object_descriptor(
        type_name: str,
        documents: Mapping[str, bytes],
        *,
        raw: Mapping[str, Any] | None = None,
        defines: Mapping[str, int | float] | None = None,
        game: str = "bfme2",
    ) -> dict[str, Any]:
        """Compile one map-referenced object type into a descriptor document.
    
        The descriptor carries the authored health, armor, geometry and module
        contracts exactly as the playable compilers extract them; no production
        routes are required because map objects are placed, never constructed.
        """
    
        if raw is None:
            try:
                raw = _object_index(documents)
            except PlayableUnitCompilerError as exc:
                raise CastleFixturesError(str(exc)) from exc
        if defines is None:
            try:
                defines = _numeric_defines(documents)
            except PlayableUnitCompilerError as exc:
                raise CastleFixturesError(str(exc)) from exc
        item, ancestry = _compile_lineage(type_name, raw)
        try:
            health = _health_contract(ancestry, defines, item.name)
        except PlayableStructureCompilerError as exc:
            raise CastleFixturesError(str(exc)) from exc
        try:
            armor = compile_armor_contract(documents, ancestry, game=game)
        except ArmorCompilerError as exc:
            raise CastleFixturesError(str(exc)) from exc
        geometry = _geometry_contract(ancestry, defines)
        try:
            modules = compile_all_module_contracts(ancestry, item.name)
        except ModuleContractError as exc:
>           raise CastleFixturesError(str(exc)) from exc
E           openbfme_importer.castle_fixtures.CastleFixturesError: AngForStronghold QueueProductionExitUpdate ExitDelay define is unresolved: STANDARD_HORDE_EXIT_DELAY

importer\openbfme_importer\castle_fixtures.py:182: CastleFixturesError
_ ERROR at setup of test_every_castle_map_fixtures_validate_and_match_the_matrix[maps/map wor ang carn dum/map wor ang carn dum.map] _

type_name = 'AngForStronghold'
documents = {'data/ini/aidata.ini': b'AIData\r\n; set the values in ini/default/aidata.ini for now.\r\nEnd\r\n', 'data/ini/ambient...tn Settings/CustomSettings\r\n\t;\r\n\tButtonMap = Skirmish/ProfileNav/bttn Skirmish/ProfileMenu/bttn\r\nEND\r\n', ...}
raw = {'cine_eagle_takeoff': SageObject(kind='Object', name='CINE_Eagle_Takeoff', parent=None, items=(SageBlock(kind='W3DScr...70, has_equals=True)), ordinal=3, source_virtual_path='data/ini/object/cinematic/cinematicobjects.ini', line=290), ...}
defines = {'campness_default': 2000, 'campness_fortress': 3000, 'campness_fortress_expansion': 700, 'campness_wall': 1, ...}
game = 'rotwk'

    def compile_map_object_descriptor(
        type_name: str,
        documents: Mapping[str, bytes],
        *,
        raw: Mapping[str, Any] | None = None,
        defines: Mapping[str, int | float] | None = None,
        game: str = "bfme2",
    ) -> dict[str, Any]:
        """Compile one map-referenced object type into a descriptor document.
    
        The descriptor carries the authored health, armor, geometry and module
        contracts exactly as the playable compilers extract them; no production
        routes are required because map objects are placed, never constructed.
        """
    
        if raw is None:
            try:
                raw = _object_index(documents)
            except PlayableUnitCompilerError as exc:
                raise CastleFixturesError(str(exc)) from exc
        if defines is None:
            try:
                defines = _numeric_defines(documents)
            except PlayableUnitCompilerError as exc:
                raise CastleFixturesError(str(exc)) from exc
        item, ancestry = _compile_lineage(type_name, raw)
        try:
            health = _health_contract(ancestry, defines, item.name)
        except PlayableStructureCompilerError as exc:
            raise CastleFixturesError(str(exc)) from exc
        try:
            armor = compile_armor_contract(documents, ancestry, game=game)
        except ArmorCompilerError as exc:
            raise CastleFixturesError(str(exc)) from exc
        geometry = _geometry_contract(ancestry, defines)
        try:
>           modules = compile_all_module_contracts(ancestry, item.name)
                      ^^^^^^^^^^^^^^^^^^^^^^^^^^^^^^^^^^^^^^^^^^^^^^^^^

importer\openbfme_importer\castle_fixtures.py:180: 
_ _ _ _ _ _ _ _ _ _ _ _ _ _ _ _ _ _ _ _ _ _ _ _ _ _ _ _ _ _ _ _ _ _ _ _ _ _ _ _
importer\openbfme_importer\module_contracts.py:8460: in compile_all_module_contracts
    numeric_define_provenance=numeric_define_provenance,
importer\openbfme_importer\module_contracts.py:4203: in compile_queue_production_exit_updates
    burst = _integer_assignment_field(grouped.get("initialburst", [None])[-1], f"{target_id} QueueProductionExitUpdate InitialBurst", minimum=0)
        ^^^^^^^^^^^^^^^^^^^^^^^^^^^^^^^^^^^^^^^^^^^^^^^^^^^^^^^^^^^^^^^^^^^^^^^^^^^^^^^^^^^^
_ _ _ _ _ _ _ _ _ _ _ _ _ _ _ _ _ _ _ _ _ _ _ _ _ _ _ _ _ _ _ _ _ _ _ _ _ _ _ _

assignment = SageAssignment(key='ExitDelay', value='STANDARD_HORDE_EXIT_DELAY', ordinal=2, key_ordinal=0, item_ordinal=2, source_virtual_path='data/ini/object/civilian/angfornostbuildings.ini', line=241, has_equals=True)
target_id = 'AngForStronghold', numeric_defines = None
numeric_define_provenance = None

        numeric_define_provenance: Mapping[str, Mapping[str, object]] | None,
    ) -> dict[str, object]:
        label = f"{target_id} QueueProductionExitUpdate ExitDelay"
        result = _lifetime_expression_field(assignment, label)
        assert result is not None
        if "milliseconds" in result:
            if re.fullmatch(r"\s*\d+\s*", assignment.value) is None:
                raise ModuleContractError(f"{label} must be an exact unsigned decimal")
            if int(result["milliseconds"]) > 4_294_967_295:
                raise ModuleContractError(f"{label} exceeds UnsignedInt range 0..4294967295")
            return result
        expression = str(result.get("expression", "")).strip()
        if re.fullmatch(r"[A-Za-z_][A-Za-z0-9_]*", expression) is None:
            raise ModuleContractError(f"{label} is not a resolvable millisecond expression")
        key = expression.casefold()
        value = None if numeric_defines is None else numeric_defines.get(key)
        provenance = None if numeric_define_provenance is None else numeric_define_provenance.get(key)
        if value is None or provenance is None:
            raise ModuleContractError(f"{label} define is unresolved: {expression}")
        numeric = float(value)
        if numeric < 0 or not numeric.is_integer() or numeric > 4_294_967_295:
            raise ModuleContractError(f"{label} define must resolve to non-negative integer milliseconds: {expression}")
>       provenance_value = provenance.get("value")
            ^^^^^^^^^^^^^^^^^^^^^^^^^^^^^^^^^^^^^^^
E       openbfme_importer.module_contracts.ModuleContractError: AngForStronghold QueueProductionExitUpdate ExitDelay define is unresolved: STANDARD_HORDE_EXIT_DELAY

importer\openbfme_importer\module_contracts.py:4153: ModuleContractError

The above exception was the direct cause of the following exception:

documents = {'data/ini/aidata.ini': b'AIData\r\n; set the values in ini/default/aidata.ini for now.\r\nEnd\r\n', 'data/ini/ambient...tn Settings/CustomSettings\r\n\t;\r\n\tButtonMap = Skirmish/ProfileNav/bttn Skirmish/ProfileMenu/bttn\r\nEND\r\n', ...}
raw = {'cine_eagle_takeoff': SageObject(kind='Object', name='CINE_Eagle_Takeoff', parent=None, items=(SageBlock(kind='W3DScr...70, has_equals=True)), ordinal=3, source_virtual_path='data/ini/object/cinematic/cinematicobjects.ini', line=290), ...}
index = {'cine_eagle_takeoff': ObjectTypeInfo(name='CINE_Eagle_Takeoff', definition='Object', kind_of=('CAN_CAST_REFLECTIONS',...or', 'SlowDeathBehavior', 'SquishCollide'), source_virtual_path='data/ini/object/cinematic/cinematicobjects.ini'), ...}
defines = {'campness_default': 2000, 'campness_fortress': 3000, 'campness_fortress_expansion': 700, 'campness_wall': 1, ...}
catalog = <openbfme_importer.catalog.InstallCatalog object at 0x0000018EE33281D0>

    @pytest.fixture(scope="module")
    def fixtures_by_map(documents, raw, index, defines, catalog):
        return {
>           virtual_path: build_map_fixtures(
                documents,
                _parse_map(catalog, virtual_path).objects,
                raw=raw,
                index=index,
                defines=defines,
                game="rotwk",
            )
            for virtual_path in EXPECTED_ROLE_COUNTS
        }

importer\tests\test_castle_fixtures_oracle.py:138: 
_ _ _ _ _ _ _ _ _ _ _ _ _ _ _ _ _ _ _ _ _ _ _ _ _ _ _ _ _ _ _ _ _ _ _ _ _ _ _ _
importer\openbfme_importer\castle_fixtures.py:502: in build_map_fixtures
    descriptors[folded] = compile_map_object_descriptor(
_ _ _ _ _ _ _ _ _ _ _ _ _ _ _ _ _ _ _ _ _ _ _ _ _ _ _ _ _ _ _ _ _ _ _ _ _ _ _ _

type_name = 'AngForStronghold'
documents = {'data/ini/aidata.ini': b'AIData\r\n; set the values in ini/default/aidata.ini for now.\r\nEnd\r\n', 'data/ini/ambient...tn Settings/CustomSettings\r\n\t;\r\n\tButtonMap = Skirmish/ProfileNav/bttn Skirmish/ProfileMenu/bttn\r\nEND\r\n', ...}
raw = {'cine_eagle_takeoff': SageObject(kind='Object', name='CINE_Eagle_Takeoff', parent=None, items=(SageBlock(kind='W3DScr...70, has_equals=True)), ordinal=3, source_virtual_path='data/ini/object/cinematic/cinematicobjects.ini', line=290), ...}
defines = {'campness_default': 2000, 'campness_fortress': 3000, 'campness_fortress_expansion': 700, 'campness_wall': 1, ...}
game = 'rotwk'

    def compile_map_object_descriptor(
        type_name: str,
        documents: Mapping[str, bytes],
        *,
        raw: Mapping[str, Any] | None = None,
        defines: Mapping[str, int | float] | None = None,
        game: str = "bfme2",
    ) -> dict[str, Any]:
        """Compile one map-referenced object type into a descriptor document.
    
        The descriptor carries the authored health, armor, geometry and module
        contracts exactly as the playable compilers extract them; no production
        routes are required because map objects are placed, never constructed.
        """
    
        if raw is None:
            try:
                raw = _object_index(documents)
            except PlayableUnitCompilerError as exc:
                raise CastleFixturesError(str(exc)) from exc
        if defines is None:
            try:
                defines = _numeric_defines(documents)
            except PlayableUnitCompilerError as exc:
                raise CastleFixturesError(str(exc)) from exc
        item, ancestry = _compile_lineage(type_name, raw)
        try:
            health = _health_contract(ancestry, defines, item.name)
        except PlayableStructureCompilerError as exc:
            raise CastleFixturesError(str(exc)) from exc
        try:
            armor = compile_armor_contract(documents, ancestry, game=game)
        except ArmorCompilerError as exc:
            raise CastleFixturesError(str(exc)) from exc
        geometry = _geometry_contract(ancestry, defines)
        try:
            modules = compile_all_module_contracts(ancestry, item.name)
        except ModuleContractError as exc:
>           raise CastleFixturesError(str(exc)) from exc
E           openbfme_importer.castle_fixtures.CastleFixturesError: AngForStronghold QueueProductionExitUpdate ExitDelay define is unresolved: STANDARD_HORDE_EXIT_DELAY

importer\openbfme_importer\castle_fixtures.py:182: CastleFixturesError
_ ERROR at setup of test_every_castle_map_fixtures_validate_and_match_the_matrix[maps/map wor ang fornost/map wor ang fornost.map] _

type_name = 'AngForStronghold'
documents = {'data/ini/aidata.ini': b'AIData\r\n; set the values in ini/default/aidata.ini for now.\r\nEnd\r\n', 'data/ini/ambient...tn Settings/CustomSettings\r\n\t;\r\n\tButtonMap = Skirmish/ProfileNav/bttn Skirmish/ProfileMenu/bttn\r\nEND\r\n', ...}
raw = {'cine_eagle_takeoff': SageObject(kind='Object', name='CINE_Eagle_Takeoff', parent=None, items=(SageBlock(kind='W3DScr...70, has_equals=True)), ordinal=3, source_virtual_path='data/ini/object/cinematic/cinematicobjects.ini', line=290), ...}
defines = {'campness_default': 2000, 'campness_fortress': 3000, 'campness_fortress_expansion': 700, 'campness_wall': 1, ...}
game = 'rotwk'

    def compile_map_object_descriptor(
        type_name: str,
        documents: Mapping[str, bytes],
        *,
        raw: Mapping[str, Any] | None = None,
        defines: Mapping[str, int | float] | None = None,
        game: str = "bfme2",
    ) -> dict[str, Any]:
        """Compile one map-referenced object type into a descriptor document.
    
        The descriptor carries the authored health, armor, geometry and module
        contracts exactly as the playable compilers extract them; no production
        routes are required because map objects are placed, never constructed.
        """
    
        if raw is None:
            try:
                raw = _object_index(documents)
            except PlayableUnitCompilerError as exc:
                raise CastleFixturesError(str(exc)) from exc
        if defines is None:
            try:
                defines = _numeric_defines(documents)
            except PlayableUnitCompilerError as exc:
                raise CastleFixturesError(str(exc)) from exc
        item, ancestry = _compile_lineage(type_name, raw)
        try:
            health = _health_contract(ancestry, defines, item.name)
        except PlayableStructureCompilerError as exc:
            raise CastleFixturesError(str(exc)) from exc
        try:
            armor = compile_armor_contract(documents, ancestry, game=game)
        except ArmorCompilerError as exc:
            raise CastleFixturesError(str(exc)) from exc
        geometry = _geometry_contract(ancestry, defines)
        try:
>           modules = compile_all_module_contracts(ancestry, item.name)
                      ^^^^^^^^^^^^^^^^^^^^^^^^^^^^^^^^^^^^^^^^^^^^^^^^^

importer\openbfme_importer\castle_fixtures.py:180: 
_ _ _ _ _ _ _ _ _ _ _ _ _ _ _ _ _ _ _ _ _ _ _ _ _ _ _ _ _ _ _ _ _ _ _ _ _ _ _ _
importer\openbfme_importer\module_contracts.py:8460: in compile_all_module_contracts
    numeric_define_provenance=numeric_define_provenance,
importer\openbfme_importer\module_contracts.py:4203: in compile_queue_production_exit_updates
    burst = _integer_assignment_field(grouped.get("initialburst", [None])[-1], f"{target_id} QueueProductionExitUpdate InitialBurst", minimum=0)
        ^^^^^^^^^^^^^^^^^^^^^^^^^^^^^^^^^^^^^^^^^^^^^^^^^^^^^^^^^^^^^^^^^^^^^^^^^^^^^^^^^^^^
_ _ _ _ _ _ _ _ _ _ _ _ _ _ _ _ _ _ _ _ _ _ _ _ _ _ _ _ _ _ _ _ _ _ _ _ _ _ _ _

assignment = SageAssignment(key='ExitDelay', value='STANDARD_HORDE_EXIT_DELAY', ordinal=2, key_ordinal=0, item_ordinal=2, source_virtual_path='data/ini/object/civilian/angfornostbuildings.ini', line=241, has_equals=True)
target_id = 'AngForStronghold', numeric_defines = None
numeric_define_provenance = None

        numeric_define_provenance: Mapping[str, Mapping[str, object]] | None,
    ) -> dict[str, object]:
        label = f"{target_id} QueueProductionExitUpdate ExitDelay"
        result = _lifetime_expression_field(assignment, label)
        assert result is not None
        if "milliseconds" in result:
            if re.fullmatch(r"\s*\d+\s*", assignment.value) is None:
                raise ModuleContractError(f"{label} must be an exact unsigned decimal")
            if int(result["milliseconds"]) > 4_294_967_295:
                raise ModuleContractError(f"{label} exceeds UnsignedInt range 0..4294967295")
            return result
        expression = str(result.get("expression", "")).strip()
        if re.fullmatch(r"[A-Za-z_][A-Za-z0-9_]*", expression) is None:
            raise ModuleContractError(f"{label} is not a resolvable millisecond expression")
        key = expression.casefold()
        value = None if numeric_defines is None else numeric_defines.get(key)
        provenance = None if numeric_define_provenance is None else numeric_define_provenance.get(key)
        if value is None or provenance is None:
            raise ModuleContractError(f"{label} define is unresolved: {expression}")
        numeric = float(value)
        if numeric < 0 or not numeric.is_integer() or numeric > 4_294_967_295:
            raise ModuleContractError(f"{label} define must resolve to non-negative integer milliseconds: {expression}")
>       provenance_value = provenance.get("value")
            ^^^^^^^^^^^^^^^^^^^^^^^^^^^^^^^^^^^^^^^
E       openbfme_importer.module_contracts.ModuleContractError: AngForStronghold QueueProductionExitUpdate ExitDelay define is unresolved: STANDARD_HORDE_EXIT_DELAY

importer\openbfme_importer\module_contracts.py:4153: ModuleContractError

The above exception was the direct cause of the following exception:

documents = {'data/ini/aidata.ini': b'AIData\r\n; set the values in ini/default/aidata.ini for now.\r\nEnd\r\n', 'data/ini/ambient...tn Settings/CustomSettings\r\n\t;\r\n\tButtonMap = Skirmish/ProfileNav/bttn Skirmish/ProfileMenu/bttn\r\nEND\r\n', ...}
raw = {'cine_eagle_takeoff': SageObject(kind='Object', name='CINE_Eagle_Takeoff', parent=None, items=(SageBlock(kind='W3DScr...70, has_equals=True)), ordinal=3, source_virtual_path='data/ini/object/cinematic/cinematicobjects.ini', line=290), ...}
index = {'cine_eagle_takeoff': ObjectTypeInfo(name='CINE_Eagle_Takeoff', definition='Object', kind_of=('CAN_CAST_REFLECTIONS',...or', 'SlowDeathBehavior', 'SquishCollide'), source_virtual_path='data/ini/object/cinematic/cinematicobjects.ini'), ...}
defines = {'campness_default': 2000, 'campness_fortress': 3000, 'campness_fortress_expansion': 700, 'campness_wall': 1, ...}
catalog = <openbfme_importer.catalog.InstallCatalog object at 0x0000018EE33281D0>

    @pytest.fixture(scope="module")
    def fixtures_by_map(documents, raw, index, defines, catalog):
        return {
>           virtual_path: build_map_fixtures(
                documents,
                _parse_map(catalog, virtual_path).objects,
                raw=raw,
                index=index,
                defines=defines,
                game="rotwk",
            )
            for virtual_path in EXPECTED_ROLE_COUNTS
        }

importer\tests\test_castle_fixtures_oracle.py:138: 
_ _ _ _ _ _ _ _ _ _ _ _ _ _ _ _ _ _ _ _ _ _ _ _ _ _ _ _ _ _ _ _ _ _ _ _ _ _ _ _
importer\openbfme_importer\castle_fixtures.py:502: in build_map_fixtures
    descriptors[folded] = compile_map_object_descriptor(
_ _ _ _ _ _ _ _ _ _ _ _ _ _ _ _ _ _ _ _ _ _ _ _ _ _ _ _ _ _ _ _ _ _ _ _ _ _ _ _

type_name = 'AngForStronghold'
documents = {'data/ini/aidata.ini': b'AIData\r\n; set the values in ini/default/aidata.ini for now.\r\nEnd\r\n', 'data/ini/ambient...tn Settings/CustomSettings\r\n\t;\r\n\tButtonMap = Skirmish/ProfileNav/bttn Skirmish/ProfileMenu/bttn\r\nEND\r\n', ...}
raw = {'cine_eagle_takeoff': SageObject(kind='Object', name='CINE_Eagle_Takeoff', parent=None, items=(SageBlock(kind='W3DScr...70, has_equals=True)), ordinal=3, source_virtual_path='data/ini/object/cinematic/cinematicobjects.ini', line=290), ...}
defines = {'campness_default': 2000, 'campness_fortress': 3000, 'campness_fortress_expansion': 700, 'campness_wall': 1, ...}
game = 'rotwk'

    def compile_map_object_descriptor(
        type_name: str,
        documents: Mapping[str, bytes],
        *,
        raw: Mapping[str, Any] | None = None,
        defines: Mapping[str, int | float] | None = None,
        game: str = "bfme2",
    ) -> dict[str, Any]:
        """Compile one map-referenced object type into a descriptor document.
    
        The descriptor carries the authored health, armor, geometry and module
        contracts exactly as the playable compilers extract them; no production
        routes are required because map objects are placed, never constructed.
        """
    
        if raw is None:
            try:
                raw = _object_index(documents)
            except PlayableUnitCompilerError as exc:
                raise CastleFixturesError(str(exc)) from exc
        if defines is None:
            try:
                defines = _numeric_defines(documents)
            except PlayableUnitCompilerError as exc:
                raise CastleFixturesError(str(exc)) from exc
        item, ancestry = _compile_lineage(type_name, raw)
        try:
            health = _health_contract(ancestry, defines, item.name)
        except PlayableStructureCompilerError as exc:
            raise CastleFixturesError(str(exc)) from exc
        try:
            armor = compile_armor_contract(documents, ancestry, game=game)
        except ArmorCompilerError as exc:
            raise CastleFixturesError(str(exc)) from exc
        geometry = _geometry_contract(ancestry, defines)
        try:
            modules = compile_all_module_contracts(ancestry, item.name)
        except ModuleContractError as exc:
>           raise CastleFixturesError(str(exc)) from exc
E           openbfme_importer.castle_fixtures.CastleFixturesError: AngForStronghold QueueProductionExitUpdate ExitDelay define is unresolved: STANDARD_HORDE_EXIT_DELAY

importer\openbfme_importer\castle_fixtures.py:182: CastleFixturesError
_ ERROR at setup of test_every_castle_map_fixtures_validate_and_match_the_matrix[maps/map wor black gate/map wor black gate.map] _

type_name = 'AngForStronghold'
documents = {'data/ini/aidata.ini': b'AIData\r\n; set the values in ini/default/aidata.ini for now.\r\nEnd\r\n', 'data/ini/ambient...tn Settings/CustomSettings\r\n\t;\r\n\tButtonMap = Skirmish/ProfileNav/bttn Skirmish/ProfileMenu/bttn\r\nEND\r\n', ...}
raw = {'cine_eagle_takeoff': SageObject(kind='Object', name='CINE_Eagle_Takeoff', parent=None, items=(SageBlock(kind='W3DScr...70, has_equals=True)), ordinal=3, source_virtual_path='data/ini/object/cinematic/cinematicobjects.ini', line=290), ...}
defines = {'campness_default': 2000, 'campness_fortress': 3000, 'campness_fortress_expansion': 700, 'campness_wall': 1, ...}
game = 'rotwk'

    def compile_map_object_descriptor(
        type_name: str,
        documents: Mapping[str, bytes],
        *,
        raw: Mapping[str, Any] | None = None,
        defines: Mapping[str, int | float] | None = None,
        game: str = "bfme2",
    ) -> dict[str, Any]:
        """Compile one map-referenced object type into a descriptor document.
    
        The descriptor carries the authored health, armor, geometry and module
        contracts exactly as the playable compilers extract them; no production
        routes are required because map objects are placed, never constructed.
        """
    
        if raw is None:
            try:
                raw = _object_index(documents)
            except PlayableUnitCompilerError as exc:
                raise CastleFixturesError(str(exc)) from exc
        if defines is None:
            try:
                defines = _numeric_defines(documents)
            except PlayableUnitCompilerError as exc:
                raise CastleFixturesError(str(exc)) from exc
        item, ancestry = _compile_lineage(type_name, raw)
        try:
            health = _health_contract(ancestry, defines, item.name)
        except PlayableStructureCompilerError as exc:
            raise CastleFixturesError(str(exc)) from exc
        try:
            armor = compile_armor_contract(documents, ancestry, game=game)
        except ArmorCompilerError as exc:
            raise CastleFixturesError(str(exc)) from exc
        geometry = _geometry_contract(ancestry, defines)
        try:
>           modules = compile_all_module_contracts(ancestry, item.name)
                      ^^^^^^^^^^^^^^^^^^^^^^^^^^^^^^^^^^^^^^^^^^^^^^^^^

importer\openbfme_importer\castle_fixtures.py:180: 
_ _ _ _ _ _ _ _ _ _ _ _ _ _ _ _ _ _ _ _ _ _ _ _ _ _ _ _ _ _ _ _ _ _ _ _ _ _ _ _
importer\openbfme_importer\module_contracts.py:8460: in compile_all_module_contracts
    numeric_define_provenance=numeric_define_provenance,
importer\openbfme_importer\module_contracts.py:4203: in compile_queue_production_exit_updates
    burst = _integer_assignment_field(grouped.get("initialburst", [None])[-1], f"{target_id} QueueProductionExitUpdate InitialBurst", minimum=0)
        ^^^^^^^^^^^^^^^^^^^^^^^^^^^^^^^^^^^^^^^^^^^^^^^^^^^^^^^^^^^^^^^^^^^^^^^^^^^^^^^^^^^^
_ _ _ _ _ _ _ _ _ _ _ _ _ _ _ _ _ _ _ _ _ _ _ _ _ _ _ _ _ _ _ _ _ _ _ _ _ _ _ _

assignment = SageAssignment(key='ExitDelay', value='STANDARD_HORDE_EXIT_DELAY', ordinal=2, key_ordinal=0, item_ordinal=2, source_virtual_path='data/ini/object/civilian/angfornostbuildings.ini', line=241, has_equals=True)
target_id = 'AngForStronghold', numeric_defines = None
numeric_define_provenance = None

        numeric_define_provenance: Mapping[str, Mapping[str, object]] | None,
    ) -> dict[str, object]:
        label = f"{target_id} QueueProductionExitUpdate ExitDelay"
        result = _lifetime_expression_field(assignment, label)
        assert result is not None
        if "milliseconds" in result:
            if re.fullmatch(r"\s*\d+\s*", assignment.value) is None:
                raise ModuleContractError(f"{label} must be an exact unsigned decimal")
            if int(result["milliseconds"]) > 4_294_967_295:
                raise ModuleContractError(f"{label} exceeds UnsignedInt range 0..4294967295")
            return result
        expression = str(result.get("expression", "")).strip()
        if re.fullmatch(r"[A-Za-z_][A-Za-z0-9_]*", expression) is None:
            raise ModuleContractError(f"{label} is not a resolvable millisecond expression")
        key = expression.casefold()
        value = None if numeric_defines is None else numeric_defines.get(key)
        provenance = None if numeric_define_provenance is None else numeric_define_provenance.get(key)
        if value is None or provenance is None:
            raise ModuleContractError(f"{label} define is unresolved: {expression}")
        numeric = float(value)
        if numeric < 0 or not numeric.is_integer() or numeric > 4_294_967_295:
            raise ModuleContractError(f"{label} define must resolve to non-negative integer milliseconds: {expression}")
>       provenance_value = provenance.get("value")
            ^^^^^^^^^^^^^^^^^^^^^^^^^^^^^^^^^^^^^^^
E       openbfme_importer.module_contracts.ModuleContractError: AngForStronghold QueueProductionExitUpdate ExitDelay define is unresolved: STANDARD_HORDE_EXIT_DELAY

importer\openbfme_importer\module_contracts.py:4153: ModuleContractError

The above exception was the direct cause of the following exception:

documents = {'data/ini/aidata.ini': b'AIData\r\n; set the values in ini/default/aidata.ini for now.\r\nEnd\r\n', 'data/ini/ambient...tn Settings/CustomSettings\r\n\t;\r\n\tButtonMap = Skirmish/ProfileNav/bttn Skirmish/ProfileMenu/bttn\r\nEND\r\n', ...}
raw = {'cine_eagle_takeoff': SageObject(kind='Object', name='CINE_Eagle_Takeoff', parent=None, items=(SageBlock(kind='W3DScr...70, has_equals=True)), ordinal=3, source_virtual_path='data/ini/object/cinematic/cinematicobjects.ini', line=290), ...}
index = {'cine_eagle_takeoff': ObjectTypeInfo(name='CINE_Eagle_Takeoff', definition='Object', kind_of=('CAN_CAST_REFLECTIONS',...or', 'SlowDeathBehavior', 'SquishCollide'), source_virtual_path='data/ini/object/cinematic/cinematicobjects.ini'), ...}
defines = {'campness_default': 2000, 'campness_fortress': 3000, 'campness_fortress_expansion': 700, 'campness_wall': 1, ...}
catalog = <openbfme_importer.catalog.InstallCatalog object at 0x0000018EE33281D0>

    @pytest.fixture(scope="module")
    def fixtures_by_map(documents, raw, index, defines, catalog):
        return {
>           virtual_path: build_map_fixtures(
                documents,
                _parse_map(catalog, virtual_path).objects,
                raw=raw,
                index=index,
                defines=defines,
                game="rotwk",
            )
            for virtual_path in EXPECTED_ROLE_COUNTS
        }

importer\tests\test_castle_fixtures_oracle.py:138: 
_ _ _ _ _ _ _ _ _ _ _ _ _ _ _ _ _ _ _ _ _ _ _ _ _ _ _ _ _ _ _ _ _ _ _ _ _ _ _ _
importer\openbfme_importer\castle_fixtures.py:502: in build_map_fixtures
    descriptors[folded] = compile_map_object_descriptor(
_ _ _ _ _ _ _ _ _ _ _ _ _ _ _ _ _ _ _ _ _ _ _ _ _ _ _ _ _ _ _ _ _ _ _ _ _ _ _ _

type_name = 'AngForStronghold'
documents = {'data/ini/aidata.ini': b'AIData\r\n; set the values in ini/default/aidata.ini for now.\r\nEnd\r\n', 'data/ini/ambient...tn Settings/CustomSettings\r\n\t;\r\n\tButtonMap = Skirmish/ProfileNav/bttn Skirmish/ProfileMenu/bttn\r\nEND\r\n', ...}
raw = {'cine_eagle_takeoff': SageObject(kind='Object', name='CINE_Eagle_Takeoff', parent=None, items=(SageBlock(kind='W3DScr...70, has_equals=True)), ordinal=3, source_virtual_path='data/ini/object/cinematic/cinematicobjects.ini', line=290), ...}
defines = {'campness_default': 2000, 'campness_fortress': 3000, 'campness_fortress_expansion': 700, 'campness_wall': 1, ...}
game = 'rotwk'

    def compile_map_object_descriptor(
        type_name: str,
        documents: Mapping[str, bytes],
        *,
        raw: Mapping[str, Any] | None = None,
        defines: Mapping[str, int | float] | None = None,
        game: str = "bfme2",
    ) -> dict[str, Any]:
        """Compile one map-referenced object type into a descriptor document.
    
        The descriptor carries the authored health, armor, geometry and module
        contracts exactly as the playable compilers extract them; no production
        routes are required because map objects are placed, never constructed.
        """
    
        if raw is None:
            try:
                raw = _object_index(documents)
            except PlayableUnitCompilerError as exc:
                raise CastleFixturesError(str(exc)) from exc
        if defines is None:
            try:
                defines = _numeric_defines(documents)
            except PlayableUnitCompilerError as exc:
                raise CastleFixturesError(str(exc)) from exc
        item, ancestry = _compile_lineage(type_name, raw)
        try:
            health = _health_contract(ancestry, defines, item.name)
        except PlayableStructureCompilerError as exc:
            raise CastleFixturesError(str(exc)) from exc
        try:
            armor = compile_armor_contract(documents, ancestry, game=game)
        except ArmorCompilerError as exc:
            raise CastleFixturesError(str(exc)) from exc
        geometry = _geometry_contract(ancestry, defines)
        try:
            modules = compile_all_module_contracts(ancestry, item.name)
        except ModuleContractError as exc:
>           raise CastleFixturesError(str(exc)) from exc
E           openbfme_importer.castle_fixtures.CastleFixturesError: AngForStronghold QueueProductionExitUpdate ExitDelay define is unresolved: STANDARD_HORDE_EXIT_DELAY

importer\openbfme_importer\castle_fixtures.py:182: CastleFixturesError
_ ERROR at setup of test_every_castle_map_fixtures_validate_and_match_the_matrix[maps/map wor dol guldur/map wor dol guldur.map] _

type_name = 'AngForStronghold'
documents = {'data/ini/aidata.ini': b'AIData\r\n; set the values in ini/default/aidata.ini for now.\r\nEnd\r\n', 'data/ini/ambient...tn Settings/CustomSettings\r\n\t;\r\n\tButtonMap = Skirmish/ProfileNav/bttn Skirmish/ProfileMenu/bttn\r\nEND\r\n', ...}
raw = {'cine_eagle_takeoff': SageObject(kind='Object', name='CINE_Eagle_Takeoff', parent=None, items=(SageBlock(kind='W3DScr...70, has_equals=True)), ordinal=3, source_virtual_path='data/ini/object/cinematic/cinematicobjects.ini', line=290), ...}
defines = {'campness_default': 2000, 'campness_fortress': 3000, 'campness_fortress_expansion': 700, 'campness_wall': 1, ...}
game = 'rotwk'

    def compile_map_object_descriptor(
        type_name: str,
        documents: Mapping[str, bytes],
        *,
        raw: Mapping[str, Any] | None = None,
        defines: Mapping[str, int | float] | None = None,
        game: str = "bfme2",
    ) -> dict[str, Any]:
        """Compile one map-referenced object type into a descriptor document.
    
        The descriptor carries the authored health, armor, geometry and module
        contracts exactly as the playable compilers extract them; no production
        routes are required because map objects are placed, never constructed.
        """
    
        if raw is None:
            try:
                raw = _object_index(documents)
            except PlayableUnitCompilerError as exc:
                raise CastleFixturesError(str(exc)) from exc
        if defines is None:
            try:
                defines = _numeric_defines(documents)
            except PlayableUnitCompilerError as exc:
                raise CastleFixturesError(str(exc)) from exc
        item, ancestry = _compile_lineage(type_name, raw)
        try:
            health = _health_contract(ancestry, defines, item.name)
        except PlayableStructureCompilerError as exc:
            raise CastleFixturesError(str(exc)) from exc
        try:
            armor = compile_armor_contract(documents, ancestry, game=game)
        except ArmorCompilerError as exc:
            raise CastleFixturesError(str(exc)) from exc
        geometry = _geometry_contract(ancestry, defines)
        try:
>           modules = compile_all_module_contracts(ancestry, item.name)
                      ^^^^^^^^^^^^^^^^^^^^^^^^^^^^^^^^^^^^^^^^^^^^^^^^^

importer\openbfme_importer\castle_fixtures.py:180: 
_ _ _ _ _ _ _ _ _ _ _ _ _ _ _ _ _ _ _ _ _ _ _ _ _ _ _ _ _ _ _ _ _ _ _ _ _ _ _ _
importer\openbfme_importer\module_contracts.py:8460: in compile_all_module_contracts
    numeric_define_provenance=numeric_define_provenance,
importer\openbfme_importer\module_contracts.py:4203: in compile_queue_production_exit_updates
    burst = _integer_assignment_field(grouped.get("initialburst", [None])[-1], f"{target_id} QueueProductionExitUpdate InitialBurst", minimum=0)
        ^^^^^^^^^^^^^^^^^^^^^^^^^^^^^^^^^^^^^^^^^^^^^^^^^^^^^^^^^^^^^^^^^^^^^^^^^^^^^^^^^^^^
_ _ _ _ _ _ _ _ _ _ _ _ _ _ _ _ _ _ _ _ _ _ _ _ _ _ _ _ _ _ _ _ _ _ _ _ _ _ _ _

assignment = SageAssignment(key='ExitDelay', value='STANDARD_HORDE_EXIT_DELAY', ordinal=2, key_ordinal=0, item_ordinal=2, source_virtual_path='data/ini/object/civilian/angfornostbuildings.ini', line=241, has_equals=True)
target_id = 'AngForStronghold', numeric_defines = None
numeric_define_provenance = None

        numeric_define_provenance: Mapping[str, Mapping[str, object]] | None,
    ) -> dict[str, object]:
        label = f"{target_id} QueueProductionExitUpdate ExitDelay"
        result = _lifetime_expression_field(assignment, label)
        assert result is not None
        if "milliseconds" in result:
            if re.fullmatch(r"\s*\d+\s*", assignment.value) is None:
                raise ModuleContractError(f"{label} must be an exact unsigned decimal")
            if int(result["milliseconds"]) > 4_294_967_295:
                raise ModuleContractError(f"{label} exceeds UnsignedInt range 0..4294967295")
            return result
        expression = str(result.get("expression", "")).strip()
        if re.fullmatch(r"[A-Za-z_][A-Za-z0-9_]*", expression) is None:
            raise ModuleContractError(f"{label} is not a resolvable millisecond expression")
        key = expression.casefold()
        value = None if numeric_defines is None else numeric_defines.get(key)
        provenance = None if numeric_define_provenance is None else numeric_define_provenance.get(key)
        if value is None or provenance is None:
            raise ModuleContractError(f"{label} define is unresolved: {expression}")
        numeric = float(value)
        if numeric < 0 or not numeric.is_integer() or numeric > 4_294_967_295:
            raise ModuleContractError(f"{label} define must resolve to non-negative integer milliseconds: {expression}")
>       provenance_value = provenance.get("value")
            ^^^^^^^^^^^^^^^^^^^^^^^^^^^^^^^^^^^^^^^
E       openbfme_importer.module_contracts.ModuleContractError: AngForStronghold QueueProductionExitUpdate ExitDelay define is unresolved: STANDARD_HORDE_EXIT_DELAY

importer\openbfme_importer\module_contracts.py:4153: ModuleContractError

The above exception was the direct cause of the following exception:

documents = {'data/ini/aidata.ini': b'AIData\r\n; set the values in ini/default/aidata.ini for now.\r\nEnd\r\n', 'data/ini/ambient...tn Settings/CustomSettings\r\n\t;\r\n\tButtonMap = Skirmish/ProfileNav/bttn Skirmish/ProfileMenu/bttn\r\nEND\r\n', ...}
raw = {'cine_eagle_takeoff': SageObject(kind='Object', name='CINE_Eagle_Takeoff', parent=None, items=(SageBlock(kind='W3DScr...70, has_equals=True)), ordinal=3, source_virtual_path='data/ini/object/cinematic/cinematicobjects.ini', line=290), ...}
index = {'cine_eagle_takeoff': ObjectTypeInfo(name='CINE_Eagle_Takeoff', definition='Object', kind_of=('CAN_CAST_REFLECTIONS',...or', 'SlowDeathBehavior', 'SquishCollide'), source_virtual_path='data/ini/object/cinematic/cinematicobjects.ini'), ...}
defines = {'campness_default': 2000, 'campness_fortress': 3000, 'campness_fortress_expansion': 700, 'campness_wall': 1, ...}
catalog = <openbfme_importer.catalog.InstallCatalog object at 0x0000018EE33281D0>

    @pytest.fixture(scope="module")
    def fixtures_by_map(documents, raw, index, defines, catalog):
        return {
>           virtual_path: build_map_fixtures(
                documents,
                _parse_map(catalog, virtual_path).objects,
                raw=raw,
                index=index,
                defines=defines,
                game="rotwk",
            )
            for virtual_path in EXPECTED_ROLE_COUNTS
        }

importer\tests\test_castle_fixtures_oracle.py:138: 
_ _ _ _ _ _ _ _ _ _ _ _ _ _ _ _ _ _ _ _ _ _ _ _ _ _ _ _ _ _ _ _ _ _ _ _ _ _ _ _
importer\openbfme_importer\castle_fixtures.py:502: in build_map_fixtures
    descriptors[folded] = compile_map_object_descriptor(
_ _ _ _ _ _ _ _ _ _ _ _ _ _ _ _ _ _ _ _ _ _ _ _ _ _ _ _ _ _ _ _ _ _ _ _ _ _ _ _

type_name = 'AngForStronghold'
documents = {'data/ini/aidata.ini': b'AIData\r\n; set the values in ini/default/aidata.ini for now.\r\nEnd\r\n', 'data/ini/ambient...tn Settings/CustomSettings\r\n\t;\r\n\tButtonMap = Skirmish/ProfileNav/bttn Skirmish/ProfileMenu/bttn\r\nEND\r\n', ...}
raw = {'cine_eagle_takeoff': SageObject(kind='Object', name='CINE_Eagle_Takeoff', parent=None, items=(SageBlock(kind='W3DScr...70, has_equals=True)), ordinal=3, source_virtual_path='data/ini/object/cinematic/cinematicobjects.ini', line=290), ...}
defines = {'campness_default': 2000, 'campness_fortress': 3000, 'campness_fortress_expansion': 700, 'campness_wall': 1, ...}
game = 'rotwk'

    def compile_map_object_descriptor(
        type_name: str,
        documents: Mapping[str, bytes],
        *,
        raw: Mapping[str, Any] | None = None,
        defines: Mapping[str, int | float] | None = None,
        game: str = "bfme2",
    ) -> dict[str, Any]:
        """Compile one map-referenced object type into a descriptor document.
    
        The descriptor carries the authored health, armor, geometry and module
        contracts exactly as the playable compilers extract them; no production
        routes are required because map objects are placed, never constructed.
        """
    
        if raw is None:
            try:
                raw = _object_index(documents)
            except PlayableUnitCompilerError as exc:
                raise CastleFixturesError(str(exc)) from exc
        if defines is None:
            try:
                defines = _numeric_defines(documents)
            except PlayableUnitCompilerError as exc:
                raise CastleFixturesError(str(exc)) from exc
        item, ancestry = _compile_lineage(type_name, raw)
        try:
            health = _health_contract(ancestry, defines, item.name)
        except PlayableStructureCompilerError as exc:
            raise CastleFixturesError(str(exc)) from exc
        try:
            armor = compile_armor_contract(documents, ancestry, game=game)
        except ArmorCompilerError as exc:
            raise CastleFixturesError(str(exc)) from exc
        geometry = _geometry_contract(ancestry, defines)
        try:
            modules = compile_all_module_contracts(ancestry, item.name)
        except ModuleContractError as exc:
>           raise CastleFixturesError(str(exc)) from exc
E           openbfme_importer.castle_fixtures.CastleFixturesError: AngForStronghold QueueProductionExitUpdate ExitDelay define is unresolved: STANDARD_HORDE_EXIT_DELAY

importer\openbfme_importer\castle_fixtures.py:182: CastleFixturesError
_ ERROR at setup of test_every_castle_map_fixtures_validate_and_match_the_matrix[maps/map wor erebor/map wor erebor.map] _

type_name = 'AngForStronghold'
documents = {'data/ini/aidata.ini': b'AIData\r\n; set the values in ini/default/aidata.ini for now.\r\nEnd\r\n', 'data/ini/ambient...tn Settings/CustomSettings\r\n\t;\r\n\tButtonMap = Skirmish/ProfileNav/bttn Skirmish/ProfileMenu/bttn\r\nEND\r\n', ...}
raw = {'cine_eagle_takeoff': SageObject(kind='Object', name='CINE_Eagle_Takeoff', parent=None, items=(SageBlock(kind='W3DScr...70, has_equals=True)), ordinal=3, source_virtual_path='data/ini/object/cinematic/cinematicobjects.ini', line=290), ...}
defines = {'campness_default': 2000, 'campness_fortress': 3000, 'campness_fortress_expansion': 700, 'campness_wall': 1, ...}
game = 'rotwk'

    def compile_map_object_descriptor(
        type_name: str,
        documents: Mapping[str, bytes],
        *,
        raw: Mapping[str, Any] | None = None,
        defines: Mapping[str, int | float] | None = None,
        game: str = "bfme2",
    ) -> dict[str, Any]:
        """Compile one map-referenced object type into a descriptor document.
    
        The descriptor carries the authored health, armor, geometry and module
        contracts exactly as the playable compilers extract them; no production
        routes are required because map objects are placed, never constructed.
        """
    
        if raw is None:
            try:
                raw = _object_index(documents)
            except PlayableUnitCompilerError as exc:
                raise CastleFixturesError(str(exc)) from exc
        if defines is None:
            try:
                defines = _numeric_defines(documents)
            except PlayableUnitCompilerError as exc:
                raise CastleFixturesError(str(exc)) from exc
        item, ancestry = _compile_lineage(type_name, raw)
        try:
            health = _health_contract(ancestry, defines, item.name)
        except PlayableStructureCompilerError as exc:
            raise CastleFixturesError(str(exc)) from exc
        try:
            armor = compile_armor_contract(documents, ancestry, game=game)
        except ArmorCompilerError as exc:
            raise CastleFixturesError(str(exc)) from exc
        geometry = _geometry_contract(ancestry, defines)
        try:
>           modules = compile_all_module_contracts(ancestry, item.name)
                      ^^^^^^^^^^^^^^^^^^^^^^^^^^^^^^^^^^^^^^^^^^^^^^^^^

importer\openbfme_importer\castle_fixtures.py:180: 
_ _ _ _ _ _ _ _ _ _ _ _ _ _ _ _ _ _ _ _ _ _ _ _ _ _ _ _ _ _ _ _ _ _ _ _ _ _ _ _
importer\openbfme_importer\module_contracts.py:8460: in compile_all_module_contracts
    numeric_define_provenance=numeric_define_provenance,
importer\openbfme_importer\module_contracts.py:4203: in compile_queue_production_exit_updates
    burst = _integer_assignment_field(grouped.get("initialburst", [None])[-1], f"{target_id} QueueProductionExitUpdate InitialBurst", minimum=0)
        ^^^^^^^^^^^^^^^^^^^^^^^^^^^^^^^^^^^^^^^^^^^^^^^^^^^^^^^^^^^^^^^^^^^^^^^^^^^^^^^^^^^^
_ _ _ _ _ _ _ _ _ _ _ _ _ _ _ _ _ _ _ _ _ _ _ _ _ _ _ _ _ _ _ _ _ _ _ _ _ _ _ _

assignment = SageAssignment(key='ExitDelay', value='STANDARD_HORDE_EXIT_DELAY', ordinal=2, key_ordinal=0, item_ordinal=2, source_virtual_path='data/ini/object/civilian/angfornostbuildings.ini', line=241, has_equals=True)
target_id = 'AngForStronghold', numeric_defines = None
numeric_define_provenance = None

        numeric_define_provenance: Mapping[str, Mapping[str, object]] | None,
    ) -> dict[str, object]:
        label = f"{target_id} QueueProductionExitUpdate ExitDelay"
        result = _lifetime_expression_field(assignment, label)
        assert result is not None
        if "milliseconds" in result:
            if re.fullmatch(r"\s*\d+\s*", assignment.value) is None:
                raise ModuleContractError(f"{label} must be an exact unsigned decimal")
            if int(result["milliseconds"]) > 4_294_967_295:
                raise ModuleContractError(f"{label} exceeds UnsignedInt range 0..4294967295")
            return result
        expression = str(result.get("expression", "")).strip()
        if re.fullmatch(r"[A-Za-z_][A-Za-z0-9_]*", expression) is None:
            raise ModuleContractError(f"{label} is not a resolvable millisecond expression")
        key = expression.casefold()
        value = None if numeric_defines is None else numeric_defines.get(key)
        provenance = None if numeric_define_provenance is None else numeric_define_provenance.get(key)
        if value is None or provenance is None:
            raise ModuleContractError(f"{label} define is unresolved: {expression}")
        numeric = float(value)
        if numeric < 0 or not numeric.is_integer() or numeric > 4_294_967_295:
            raise ModuleContractError(f"{label} define must resolve to non-negative integer milliseconds: {expression}")
>       provenance_value = provenance.get("value")
            ^^^^^^^^^^^^^^^^^^^^^^^^^^^^^^^^^^^^^^^
E       openbfme_importer.module_contracts.ModuleContractError: AngForStronghold QueueProductionExitUpdate ExitDelay define is unresolved: STANDARD_HORDE_EXIT_DELAY

importer\openbfme_importer\module_contracts.py:4153: ModuleContractError

The above exception was the direct cause of the following exception:

documents = {'data/ini/aidata.ini': b'AIData\r\n; set the values in ini/default/aidata.ini for now.\r\nEnd\r\n', 'data/ini/ambient...tn Settings/CustomSettings\r\n\t;\r\n\tButtonMap = Skirmish/ProfileNav/bttn Skirmish/ProfileMenu/bttn\r\nEND\r\n', ...}
raw = {'cine_eagle_takeoff': SageObject(kind='Object', name='CINE_Eagle_Takeoff', parent=None, items=(SageBlock(kind='W3DScr...70, has_equals=True)), ordinal=3, source_virtual_path='data/ini/object/cinematic/cinematicobjects.ini', line=290), ...}
index = {'cine_eagle_takeoff': ObjectTypeInfo(name='CINE_Eagle_Takeoff', definition='Object', kind_of=('CAN_CAST_REFLECTIONS',...or', 'SlowDeathBehavior', 'SquishCollide'), source_virtual_path='data/ini/object/cinematic/cinematicobjects.ini'), ...}
defines = {'campness_default': 2000, 'campness_fortress': 3000, 'campness_fortress_expansion': 700, 'campness_wall': 1, ...}
catalog = <openbfme_importer.catalog.InstallCatalog object at 0x0000018EE33281D0>

    @pytest.fixture(scope="module")
    def fixtures_by_map(documents, raw, index, defines, catalog):
        return {
>           virtual_path: build_map_fixtures(
                documents,
                _parse_map(catalog, virtual_path).objects,
                raw=raw,
                index=index,
                defines=defines,
                game="rotwk",
            )
            for virtual_path in EXPECTED_ROLE_COUNTS
        }

importer\tests\test_castle_fixtures_oracle.py:138: 
_ _ _ _ _ _ _ _ _ _ _ _ _ _ _ _ _ _ _ _ _ _ _ _ _ _ _ _ _ _ _ _ _ _ _ _ _ _ _ _
importer\openbfme_importer\castle_fixtures.py:502: in build_map_fixtures
    descriptors[folded] = compile_map_object_descriptor(
_ _ _ _ _ _ _ _ _ _ _ _ _ _ _ _ _ _ _ _ _ _ _ _ _ _ _ _ _ _ _ _ _ _ _ _ _ _ _ _

type_name = 'AngForStronghold'
documents = {'data/ini/aidata.ini': b'AIData\r\n; set the values in ini/default/aidata.ini for now.\r\nEnd\r\n', 'data/ini/ambient...tn Settings/CustomSettings\r\n\t;\r\n\tButtonMap = Skirmish/ProfileNav/bttn Skirmish/ProfileMenu/bttn\r\nEND\r\n', ...}
raw = {'cine_eagle_takeoff': SageObject(kind='Object', name='CINE_Eagle_Takeoff', parent=None, items=(SageBlock(kind='W3DScr...70, has_equals=True)), ordinal=3, source_virtual_path='data/ini/object/cinematic/cinematicobjects.ini', line=290), ...}
defines = {'campness_default': 2000, 'campness_fortress': 3000, 'campness_fortress_expansion': 700, 'campness_wall': 1, ...}
game = 'rotwk'

    def compile_map_object_descriptor(
        type_name: str,
        documents: Mapping[str, bytes],
        *,
        raw: Mapping[str, Any] | None = None,
        defines: Mapping[str, int | float] | None = None,
        game: str = "bfme2",
    ) -> dict[str, Any]:
        """Compile one map-referenced object type into a descriptor document.
    
        The descriptor carries the authored health, armor, geometry and module
        contracts exactly as the playable compilers extract them; no production
        routes are required because map objects are placed, never constructed.
        """
    
        if raw is None:
            try:
                raw = _object_index(documents)
            except PlayableUnitCompilerError as exc:
                raise CastleFixturesError(str(exc)) from exc
        if defines is None:
            try:
                defines = _numeric_defines(documents)
            except PlayableUnitCompilerError as exc:
                raise CastleFixturesError(str(exc)) from exc
        item, ancestry = _compile_lineage(type_name, raw)
        try:
            health = _health_contract(ancestry, defines, item.name)
        except PlayableStructureCompilerError as exc:
            raise CastleFixturesError(str(exc)) from exc
        try:
            armor = compile_armor_contract(documents, ancestry, game=game)
        except ArmorCompilerError as exc:
            raise CastleFixturesError(str(exc)) from exc
        geometry = _geometry_contract(ancestry, defines)
        try:
            modules = compile_all_module_contracts(ancestry, item.name)
        except ModuleContractError as exc:
>           raise CastleFixturesError(str(exc)) from exc
E           openbfme_importer.castle_fixtures.CastleFixturesError: AngForStronghold QueueProductionExitUpdate ExitDelay define is unresolved: STANDARD_HORDE_EXIT_DELAY

importer\openbfme_importer\castle_fixtures.py:182: CastleFixturesError
_ ERROR at setup of test_every_castle_map_fixtures_validate_and_match_the_matrix[maps/map wor grey havens/map wor grey havens.map] _

type_name = 'AngForStronghold'
documents = {'data/ini/aidata.ini': b'AIData\r\n; set the values in ini/default/aidata.ini for now.\r\nEnd\r\n', 'data/ini/ambient...tn Settings/CustomSettings\r\n\t;\r\n\tButtonMap = Skirmish/ProfileNav/bttn Skirmish/ProfileMenu/bttn\r\nEND\r\n', ...}
raw = {'cine_eagle_takeoff': SageObject(kind='Object', name='CINE_Eagle_Takeoff', parent=None, items=(SageBlock(kind='W3DScr...70, has_equals=True)), ordinal=3, source_virtual_path='data/ini/object/cinematic/cinematicobjects.ini', line=290), ...}
defines = {'campness_default': 2000, 'campness_fortress': 3000, 'campness_fortress_expansion': 700, 'campness_wall': 1, ...}
game = 'rotwk'

    def compile_map_object_descriptor(
        type_name: str,
        documents: Mapping[str, bytes],
        *,
        raw: Mapping[str, Any] | None = None,
        defines: Mapping[str, int | float] | None = None,
        game: str = "bfme2",
    ) -> dict[str, Any]:
        """Compile one map-referenced object type into a descriptor document.
    
        The descriptor carries the authored health, armor, geometry and module
        contracts exactly as the playable compilers extract them; no production
        routes are required because map objects are placed, never constructed.
        """
    
        if raw is None:
            try:
                raw = _object_index(documents)
            except PlayableUnitCompilerError as exc:
                raise CastleFixturesError(str(exc)) from exc
        if defines is None:
            try:
                defines = _numeric_defines(documents)
            except PlayableUnitCompilerError as exc:
                raise CastleFixturesError(str(exc)) from exc
        item, ancestry = _compile_lineage(type_name, raw)
        try:
            health = _health_contract(ancestry, defines, item.name)
        except PlayableStructureCompilerError as exc:
            raise CastleFixturesError(str(exc)) from exc
        try:
            armor = compile_armor_contract(documents, ancestry, game=game)
        except ArmorCompilerError as exc:
            raise CastleFixturesError(str(exc)) from exc
        geometry = _geometry_contract(ancestry, defines)
        try:
>           modules = compile_all_module_contracts(ancestry, item.name)
                      ^^^^^^^^^^^^^^^^^^^^^^^^^^^^^^^^^^^^^^^^^^^^^^^^^

importer\openbfme_importer\castle_fixtures.py:180: 
_ _ _ _ _ _ _ _ _ _ _ _ _ _ _ _ _ _ _ _ _ _ _ _ _ _ _ _ _ _ _ _ _ _ _ _ _ _ _ _
importer\openbfme_importer\module_contracts.py:8460: in compile_all_module_contracts
    numeric_define_provenance=numeric_define_provenance,
importer\openbfme_importer\module_contracts.py:4203: in compile_queue_production_exit_updates
    burst = _integer_assignment_field(grouped.get("initialburst", [None])[-1], f"{target_id} QueueProductionExitUpdate InitialBurst", minimum=0)
        ^^^^^^^^^^^^^^^^^^^^^^^^^^^^^^^^^^^^^^^^^^^^^^^^^^^^^^^^^^^^^^^^^^^^^^^^^^^^^^^^^^^^
_ _ _ _ _ _ _ _ _ _ _ _ _ _ _ _ _ _ _ _ _ _ _ _ _ _ _ _ _ _ _ _ _ _ _ _ _ _ _ _

assignment = SageAssignment(key='ExitDelay', value='STANDARD_HORDE_EXIT_DELAY', ordinal=2, key_ordinal=0, item_ordinal=2, source_virtual_path='data/ini/object/civilian/angfornostbuildings.ini', line=241, has_equals=True)
target_id = 'AngForStronghold', numeric_defines = None
numeric_define_provenance = None

        numeric_define_provenance: Mapping[str, Mapping[str, object]] | None,
    ) -> dict[str, object]:
        label = f"{target_id} QueueProductionExitUpdate ExitDelay"
        result = _lifetime_expression_field(assignment, label)
        assert result is not None
        if "milliseconds" in result:
            if re.fullmatch(r"\s*\d+\s*", assignment.value) is None:
                raise ModuleContractError(f"{label} must be an exact unsigned decimal")
            if int(result["milliseconds"]) > 4_294_967_295:
                raise ModuleContractError(f"{label} exceeds UnsignedInt range 0..4294967295")
            return result
        expression = str(result.get("expression", "")).strip()
        if re.fullmatch(r"[A-Za-z_][A-Za-z0-9_]*", expression) is None:
            raise ModuleContractError(f"{label} is not a resolvable millisecond expression")
        key = expression.casefold()
        value = None if numeric_defines is None else numeric_defines.get(key)
        provenance = None if numeric_define_provenance is None else numeric_define_provenance.get(key)
        if value is None or provenance is None:
            raise ModuleContractError(f"{label} define is unresolved: {expression}")
        numeric = float(value)
        if numeric < 0 or not numeric.is_integer() or numeric > 4_294_967_295:
            raise ModuleContractError(f"{label} define must resolve to non-negative integer milliseconds: {expression}")
>       provenance_value = provenance.get("value")
            ^^^^^^^^^^^^^^^^^^^^^^^^^^^^^^^^^^^^^^^
E       openbfme_importer.module_contracts.ModuleContractError: AngForStronghold QueueProductionExitUpdate ExitDelay define is unresolved: STANDARD_HORDE_EXIT_DELAY

importer\openbfme_importer\module_contracts.py:4153: ModuleContractError

The above exception was the direct cause of the following exception:

documents = {'data/ini/aidata.ini': b'AIData\r\n; set the values in ini/default/aidata.ini for now.\r\nEnd\r\n', 'data/ini/ambient...tn Settings/CustomSettings\r\n\t;\r\n\tButtonMap = Skirmish/ProfileNav/bttn Skirmish/ProfileMenu/bttn\r\nEND\r\n', ...}
raw = {'cine_eagle_takeoff': SageObject(kind='Object', name='CINE_Eagle_Takeoff', parent=None, items=(SageBlock(kind='W3DScr...70, has_equals=True)), ordinal=3, source_virtual_path='data/ini/object/cinematic/cinematicobjects.ini', line=290), ...}
index = {'cine_eagle_takeoff': ObjectTypeInfo(name='CINE_Eagle_Takeoff', definition='Object', kind_of=('CAN_CAST_REFLECTIONS',...or', 'SlowDeathBehavior', 'SquishCollide'), source_virtual_path='data/ini/object/cinematic/cinematicobjects.ini'), ...}
defines = {'campness_default': 2000, 'campness_fortress': 3000, 'campness_fortress_expansion': 700, 'campness_wall': 1, ...}
catalog = <openbfme_importer.catalog.InstallCatalog object at 0x0000018EE33281D0>

    @pytest.fixture(scope="module")
    def fixtures_by_map(documents, raw, index, defines, catalog):
        return {
>           virtual_path: build_map_fixtures(
                documents,
                _parse_map(catalog, virtual_path).objects,
                raw=raw,
                index=index,
                defines=defines,
                game="rotwk",
            )
            for virtual_path in EXPECTED_ROLE_COUNTS
        }

importer\tests\test_castle_fixtures_oracle.py:138: 
_ _ _ _ _ _ _ _ _ _ _ _ _ _ _ _ _ _ _ _ _ _ _ _ _ _ _ _ _ _ _ _ _ _ _ _ _ _ _ _
importer\openbfme_importer\castle_fixtures.py:502: in build_map_fixtures
    descriptors[folded] = compile_map_object_descriptor(
_ _ _ _ _ _ _ _ _ _ _ _ _ _ _ _ _ _ _ _ _ _ _ _ _ _ _ _ _ _ _ _ _ _ _ _ _ _ _ _

type_name = 'AngForStronghold'
documents = {'data/ini/aidata.ini': b'AIData\r\n; set the values in ini/default/aidata.ini for now.\r\nEnd\r\n', 'data/ini/ambient...tn Settings/CustomSettings\r\n\t;\r\n\tButtonMap = Skirmish/ProfileNav/bttn Skirmish/ProfileMenu/bttn\r\nEND\r\n', ...}
raw = {'cine_eagle_takeoff': SageObject(kind='Object', name='CINE_Eagle_Takeoff', parent=None, items=(SageBlock(kind='W3DScr...70, has_equals=True)), ordinal=3, source_virtual_path='data/ini/object/cinematic/cinematicobjects.ini', line=290), ...}
defines = {'campness_default': 2000, 'campness_fortress': 3000, 'campness_fortress_expansion': 700, 'campness_wall': 1, ...}
game = 'rotwk'

    def compile_map_object_descriptor(
        type_name: str,
        documents: Mapping[str, bytes],
        *,
        raw: Mapping[str, Any] | None = None,
        defines: Mapping[str, int | float] | None = None,
        game: str = "bfme2",
    ) -> dict[str, Any]:
        """Compile one map-referenced object type into a descriptor document.
    
        The descriptor carries the authored health, armor, geometry and module
        contracts exactly as the playable compilers extract them; no production
        routes are required because map objects are placed, never constructed.
        """
    
        if raw is None:
            try:
                raw = _object_index(documents)
            except PlayableUnitCompilerError as exc:
                raise CastleFixturesError(str(exc)) from exc
        if defines is None:
            try:
                defines = _numeric_defines(documents)
            except PlayableUnitCompilerError as exc:
                raise CastleFixturesError(str(exc)) from exc
        item, ancestry = _compile_lineage(type_name, raw)
        try:
            health = _health_contract(ancestry, defines, item.name)
        except PlayableStructureCompilerError as exc:
            raise CastleFixturesError(str(exc)) from exc
        try:
            armor = compile_armor_contract(documents, ancestry, game=game)
        except ArmorCompilerError as exc:
            raise CastleFixturesError(str(exc)) from exc
        geometry = _geometry_contract(ancestry, defines)
        try:
            modules = compile_all_module_contracts(ancestry, item.name)
        except ModuleContractError as exc:
>           raise CastleFixturesError(str(exc)) from exc
E           openbfme_importer.castle_fixtures.CastleFixturesError: AngForStronghold QueueProductionExitUpdate ExitDelay define is unresolved: STANDARD_HORDE_EXIT_DELAY

importer\openbfme_importer\castle_fixtures.py:182: CastleFixturesError
_ ERROR at setup of test_every_castle_map_fixtures_validate_and_match_the_matrix[maps/map wor helms deep/map wor helms deep.map] _

type_name = 'AngForStronghold'
documents = {'data/ini/aidata.ini': b'AIData\r\n; set the values in ini/default/aidata.ini for now.\r\nEnd\r\n', 'data/ini/ambient...tn Settings/CustomSettings\r\n\t;\r\n\tButtonMap = Skirmish/ProfileNav/bttn Skirmish/ProfileMenu/bttn\r\nEND\r\n', ...}
raw = {'cine_eagle_takeoff': SageObject(kind='Object', name='CINE_Eagle_Takeoff', parent=None, items=(SageBlock(kind='W3DScr...70, has_equals=True)), ordinal=3, source_virtual_path='data/ini/object/cinematic/cinematicobjects.ini', line=290), ...}
defines = {'campness_default': 2000, 'campness_fortress': 3000, 'campness_fortress_expansion': 700, 'campness_wall': 1, ...}
game = 'rotwk'

    def compile_map_object_descriptor(
        type_name: str,
        documents: Mapping[str, bytes],
        *,
        raw: Mapping[str, Any] | None = None,
        defines: Mapping[str, int | float] | None = None,
        game: str = "bfme2",
    ) -> dict[str, Any]:
        """Compile one map-referenced object type into a descriptor document.
    
        The descriptor carries the authored health, armor, geometry and module
        contracts exactly as the playable compilers extract them; no production
        routes are required because map objects are placed, never constructed.
        """
    
        if raw is None:
            try:
                raw = _object_index(documents)
            except PlayableUnitCompilerError as exc:
                raise CastleFixturesError(str(exc)) from exc
        if defines is None:
            try:
                defines = _numeric_defines(documents)
            except PlayableUnitCompilerError as exc:
                raise CastleFixturesError(str(exc)) from exc
        item, ancestry = _compile_lineage(type_name, raw)
        try:
            health = _health_contract(ancestry, defines, item.name)
        except PlayableStructureCompilerError as exc:
            raise CastleFixturesError(str(exc)) from exc
        try:
            armor = compile_armor_contract(documents, ancestry, game=game)
        except ArmorCompilerError as exc:
            raise CastleFixturesError(str(exc)) from exc
        geometry = _geometry_contract(ancestry, defines)
        try:
>           modules = compile_all_module_contracts(ancestry, item.name)
                      ^^^^^^^^^^^^^^^^^^^^^^^^^^^^^^^^^^^^^^^^^^^^^^^^^

importer\openbfme_importer\castle_fixtures.py:180: 
_ _ _ _ _ _ _ _ _ _ _ _ _ _ _ _ _ _ _ _ _ _ _ _ _ _ _ _ _ _ _ _ _ _ _ _ _ _ _ _
importer\openbfme_importer\module_contracts.py:8460: in compile_all_module_contracts
    numeric_define_provenance=numeric_define_provenance,
importer\openbfme_importer\module_contracts.py:4203: in compile_queue_production_exit_updates
    burst = _integer_assignment_field(grouped.get("initialburst", [None])[-1], f"{target_id} QueueProductionExitUpdate InitialBurst", minimum=0)
        ^^^^^^^^^^^^^^^^^^^^^^^^^^^^^^^^^^^^^^^^^^^^^^^^^^^^^^^^^^^^^^^^^^^^^^^^^^^^^^^^^^^^
_ _ _ _ _ _ _ _ _ _ _ _ _ _ _ _ _ _ _ _ _ _ _ _ _ _ _ _ _ _ _ _ _ _ _ _ _ _ _ _

assignment = SageAssignment(key='ExitDelay', value='STANDARD_HORDE_EXIT_DELAY', ordinal=2, key_ordinal=0, item_ordinal=2, source_virtual_path='data/ini/object/civilian/angfornostbuildings.ini', line=241, has_equals=True)
target_id = 'AngForStronghold', numeric_defines = None
numeric_define_provenance = None

        numeric_define_provenance: Mapping[str, Mapping[str, object]] | None,
    ) -> dict[str, object]:
        label = f"{target_id} QueueProductionExitUpdate ExitDelay"
        result = _lifetime_expression_field(assignment, label)
        assert result is not None
        if "milliseconds" in result:
            if re.fullmatch(r"\s*\d+\s*", assignment.value) is None:
                raise ModuleContractError(f"{label} must be an exact unsigned decimal")
            if int(result["milliseconds"]) > 4_294_967_295:
                raise ModuleContractError(f"{label} exceeds UnsignedInt range 0..4294967295")
            return result
        expression = str(result.get("expression", "")).strip()
        if re.fullmatch(r"[A-Za-z_][A-Za-z0-9_]*", expression) is None:
            raise ModuleContractError(f"{label} is not a resolvable millisecond expression")
        key = expression.casefold()
        value = None if numeric_defines is None else numeric_defines.get(key)
        provenance = None if numeric_define_provenance is None else numeric_define_provenance.get(key)
        if value is None or provenance is None:
            raise ModuleContractError(f"{label} define is unresolved: {expression}")
        numeric = float(value)
        if numeric < 0 or not numeric.is_integer() or numeric > 4_294_967_295:
            raise ModuleContractError(f"{label} define must resolve to non-negative integer milliseconds: {expression}")
>       provenance_value = provenance.get("value")
            ^^^^^^^^^^^^^^^^^^^^^^^^^^^^^^^^^^^^^^^
E       openbfme_importer.module_contracts.ModuleContractError: AngForStronghold QueueProductionExitUpdate ExitDelay define is unresolved: STANDARD_HORDE_EXIT_DELAY

importer\openbfme_importer\module_contracts.py:4153: ModuleContractError

The above exception was the direct cause of the following exception:

documents = {'data/ini/aidata.ini': b'AIData\r\n; set the values in ini/default/aidata.ini for now.\r\nEnd\r\n', 'data/ini/ambient...tn Settings/CustomSettings\r\n\t;\r\n\tButtonMap = Skirmish/ProfileNav/bttn Skirmish/ProfileMenu/bttn\r\nEND\r\n', ...}
raw = {'cine_eagle_takeoff': SageObject(kind='Object', name='CINE_Eagle_Takeoff', parent=None, items=(SageBlock(kind='W3DScr...70, has_equals=True)), ordinal=3, source_virtual_path='data/ini/object/cinematic/cinematicobjects.ini', line=290), ...}
index = {'cine_eagle_takeoff': ObjectTypeInfo(name='CINE_Eagle_Takeoff', definition='Object', kind_of=('CAN_CAST_REFLECTIONS',...or', 'SlowDeathBehavior', 'SquishCollide'), source_virtual_path='data/ini/object/cinematic/cinematicobjects.ini'), ...}
defines = {'campness_default': 2000, 'campness_fortress': 3000, 'campness_fortress_expansion': 700, 'campness_wall': 1, ...}
catalog = <openbfme_importer.catalog.InstallCatalog object at 0x0000018EE33281D0>

    @pytest.fixture(scope="module")
    def fixtures_by_map(documents, raw, index, defines, catalog):
        return {
>           virtual_path: build_map_fixtures(
                documents,
                _parse_map(catalog, virtual_path).objects,
                raw=raw,
                index=index,
                defines=defines,
                game="rotwk",
            )
            for virtual_path in EXPECTED_ROLE_COUNTS
        }

importer\tests\test_castle_fixtures_oracle.py:138: 
_ _ _ _ _ _ _ _ _ _ _ _ _ _ _ _ _ _ _ _ _ _ _ _ _ _ _ _ _ _ _ _ _ _ _ _ _ _ _ _
importer\openbfme_importer\castle_fixtures.py:502: in build_map_fixtures
    descriptors[folded] = compile_map_object_descriptor(
_ _ _ _ _ _ _ _ _ _ _ _ _ _ _ _ _ _ _ _ _ _ _ _ _ _ _ _ _ _ _ _ _ _ _ _ _ _ _ _

type_name = 'AngForStronghold'
documents = {'data/ini/aidata.ini': b'AIData\r\n; set the values in ini/default/aidata.ini for now.\r\nEnd\r\n', 'data/ini/ambient...tn Settings/CustomSettings\r\n\t;\r\n\tButtonMap = Skirmish/ProfileNav/bttn Skirmish/ProfileMenu/bttn\r\nEND\r\n', ...}
raw = {'cine_eagle_takeoff': SageObject(kind='Object', name='CINE_Eagle_Takeoff', parent=None, items=(SageBlock(kind='W3DScr...70, has_equals=True)), ordinal=3, source_virtual_path='data/ini/object/cinematic/cinematicobjects.ini', line=290), ...}
defines = {'campness_default': 2000, 'campness_fortress': 3000, 'campness_fortress_expansion': 700, 'campness_wall': 1, ...}
game = 'rotwk'

    def compile_map_object_descriptor(
        type_name: str,
        documents: Mapping[str, bytes],
        *,
        raw: Mapping[str, Any] | None = None,
        defines: Mapping[str, int | float] | None = None,
        game: str = "bfme2",
    ) -> dict[str, Any]:
        """Compile one map-referenced object type into a descriptor document.
    
        The descriptor carries the authored health, armor, geometry and module
        contracts exactly as the playable compilers extract them; no production
        routes are required because map objects are placed, never constructed.
        """
    
        if raw is None:
            try:
                raw = _object_index(documents)
            except PlayableUnitCompilerError as exc:
                raise CastleFixturesError(str(exc)) from exc
        if defines is None:
            try:
                defines = _numeric_defines(documents)
            except PlayableUnitCompilerError as exc:
                raise CastleFixturesError(str(exc)) from exc
        item, ancestry = _compile_lineage(type_name, raw)
        try:
            health = _health_contract(ancestry, defines, item.name)
        except PlayableStructureCompilerError as exc:
            raise CastleFixturesError(str(exc)) from exc
        try:
            armor = compile_armor_contract(documents, ancestry, game=game)
        except ArmorCompilerError as exc:
            raise CastleFixturesError(str(exc)) from exc
        geometry = _geometry_contract(ancestry, defines)
        try:
            modules = compile_all_module_contracts(ancestry, item.name)
        except ModuleContractError as exc:
>           raise CastleFixturesError(str(exc)) from exc
E           openbfme_importer.castle_fixtures.CastleFixturesError: AngForStronghold QueueProductionExitUpdate ExitDelay define is unresolved: STANDARD_HORDE_EXIT_DELAY

importer\openbfme_importer\castle_fixtures.py:182: CastleFixturesError
_ ERROR at setup of test_every_castle_map_fixtures_validate_and_match_the_matrix[maps/map wor isengard/map wor isengard.map] _

type_name = 'AngForStronghold'
documents = {'data/ini/aidata.ini': b'AIData\r\n; set the values in ini/default/aidata.ini for now.\r\nEnd\r\n', 'data/ini/ambient...tn Settings/CustomSettings\r\n\t;\r\n\tButtonMap = Skirmish/ProfileNav/bttn Skirmish/ProfileMenu/bttn\r\nEND\r\n', ...}
raw = {'cine_eagle_takeoff': SageObject(kind='Object', name='CINE_Eagle_Takeoff', parent=None, items=(SageBlock(kind='W3DScr...70, has_equals=True)), ordinal=3, source_virtual_path='data/ini/object/cinematic/cinematicobjects.ini', line=290), ...}
defines = {'campness_default': 2000, 'campness_fortress': 3000, 'campness_fortress_expansion': 700, 'campness_wall': 1, ...}
game = 'rotwk'

    def compile_map_object_descriptor(
        type_name: str,
        documents: Mapping[str, bytes],
        *,
        raw: Mapping[str, Any] | None = None,
        defines: Mapping[str, int | float] | None = None,
        game: str = "bfme2",
    ) -> dict[str, Any]:
        """Compile one map-referenced object type into a descriptor document.
    
        The descriptor carries the authored health, armor, geometry and module
        contracts exactly as the playable compilers extract them; no production
        routes are required because map objects are placed, never constructed.
        """
    
        if raw is None:
            try:
                raw = _object_index(documents)
            except PlayableUnitCompilerError as exc:
                raise CastleFixturesError(str(exc)) from exc
        if defines is None:
            try:
                defines = _numeric_defines(documents)
            except PlayableUnitCompilerError as exc:
                raise CastleFixturesError(str(exc)) from exc
        item, ancestry = _compile_lineage(type_name, raw)
        try:
            health = _health_contract(ancestry, defines, item.name)
        except PlayableStructureCompilerError as exc:
            raise CastleFixturesError(str(exc)) from exc
        try:
            armor = compile_armor_contract(documents, ancestry, game=game)
        except ArmorCompilerError as exc:
            raise CastleFixturesError(str(exc)) from exc
        geometry = _geometry_contract(ancestry, defines)
        try:
>           modules = compile_all_module_contracts(ancestry, item.name)
                      ^^^^^^^^^^^^^^^^^^^^^^^^^^^^^^^^^^^^^^^^^^^^^^^^^

importer\openbfme_importer\castle_fixtures.py:180: 
_ _ _ _ _ _ _ _ _ _ _ _ _ _ _ _ _ _ _ _ _ _ _ _ _ _ _ _ _ _ _ _ _ _ _ _ _ _ _ _
importer\openbfme_importer\module_contracts.py:8460: in compile_all_module_contracts
    numeric_define_provenance=numeric_define_provenance,
importer\openbfme_importer\module_contracts.py:4203: in compile_queue_production_exit_updates
    burst = _integer_assignment_field(grouped.get("initialburst", [None])[-1], f"{target_id} QueueProductionExitUpdate InitialBurst", minimum=0)
        ^^^^^^^^^^^^^^^^^^^^^^^^^^^^^^^^^^^^^^^^^^^^^^^^^^^^^^^^^^^^^^^^^^^^^^^^^^^^^^^^^^^^
_ _ _ _ _ _ _ _ _ _ _ _ _ _ _ _ _ _ _ _ _ _ _ _ _ _ _ _ _ _ _ _ _ _ _ _ _ _ _ _

assignment = SageAssignment(key='ExitDelay', value='STANDARD_HORDE_EXIT_DELAY', ordinal=2, key_ordinal=0, item_ordinal=2, source_virtual_path='data/ini/object/civilian/angfornostbuildings.ini', line=241, has_equals=True)
target_id = 'AngForStronghold', numeric_defines = None
numeric_define_provenance = None

        numeric_define_provenance: Mapping[str, Mapping[str, object]] | None,
    ) -> dict[str, object]:
        label = f"{target_id} QueueProductionExitUpdate ExitDelay"
        result = _lifetime_expression_field(assignment, label)
        assert result is not None
        if "milliseconds" in result:
            if re.fullmatch(r"\s*\d+\s*", assignment.value) is None:
                raise ModuleContractError(f"{label} must be an exact unsigned decimal")
            if int(result["milliseconds"]) > 4_294_967_295:
                raise ModuleContractError(f"{label} exceeds UnsignedInt range 0..4294967295")
            return result
        expression = str(result.get("expression", "")).strip()
        if re.fullmatch(r"[A-Za-z_][A-Za-z0-9_]*", expression) is None:
            raise ModuleContractError(f"{label} is not a resolvable millisecond expression")
        key = expression.casefold()
        value = None if numeric_defines is None else numeric_defines.get(key)
        provenance = None if numeric_define_provenance is None else numeric_define_provenance.get(key)
        if value is None or provenance is None:
            raise ModuleContractError(f"{label} define is unresolved: {expression}")
        numeric = float(value)
        if numeric < 0 or not numeric.is_integer() or numeric > 4_294_967_295:
            raise ModuleContractError(f"{label} define must resolve to non-negative integer milliseconds: {expression}")
>       provenance_value = provenance.get("value")
            ^^^^^^^^^^^^^^^^^^^^^^^^^^^^^^^^^^^^^^^
E       openbfme_importer.module_contracts.ModuleContractError: AngForStronghold QueueProductionExitUpdate ExitDelay define is unresolved: STANDARD_HORDE_EXIT_DELAY

importer\openbfme_importer\module_contracts.py:4153: ModuleContractError

The above exception was the direct cause of the following exception:

documents = {'data/ini/aidata.ini': b'AIData\r\n; set the values in ini/default/aidata.ini for now.\r\nEnd\r\n', 'data/ini/ambient...tn Settings/CustomSettings\r\n\t;\r\n\tButtonMap = Skirmish/ProfileNav/bttn Skirmish/ProfileMenu/bttn\r\nEND\r\n', ...}
raw = {'cine_eagle_takeoff': SageObject(kind='Object', name='CINE_Eagle_Takeoff', parent=None, items=(SageBlock(kind='W3DScr...70, has_equals=True)), ordinal=3, source_virtual_path='data/ini/object/cinematic/cinematicobjects.ini', line=290), ...}
index = {'cine_eagle_takeoff': ObjectTypeInfo(name='CINE_Eagle_Takeoff', definition='Object', kind_of=('CAN_CAST_REFLECTIONS',...or', 'SlowDeathBehavior', 'SquishCollide'), source_virtual_path='data/ini/object/cinematic/cinematicobjects.ini'), ...}
defines = {'campness_default': 2000, 'campness_fortress': 3000, 'campness_fortress_expansion': 700, 'campness_wall': 1, ...}
catalog = <openbfme_importer.catalog.InstallCatalog object at 0x0000018EE33281D0>

    @pytest.fixture(scope="module")
    def fixtures_by_map(documents, raw, index, defines, catalog):
        return {
>           virtual_path: build_map_fixtures(
                documents,
                _parse_map(catalog, virtual_path).objects,
                raw=raw,
                index=index,
                defines=defines,
                game="rotwk",
            )
            for virtual_path in EXPECTED_ROLE_COUNTS
        }

importer\tests\test_castle_fixtures_oracle.py:138: 
_ _ _ _ _ _ _ _ _ _ _ _ _ _ _ _ _ _ _ _ _ _ _ _ _ _ _ _ _ _ _ _ _ _ _ _ _ _ _ _
importer\openbfme_importer\castle_fixtures.py:502: in build_map_fixtures
    descriptors[folded] = compile_map_object_descriptor(
_ _ _ _ _ _ _ _ _ _ _ _ _ _ _ _ _ _ _ _ _ _ _ _ _ _ _ _ _ _ _ _ _ _ _ _ _ _ _ _

type_name = 'AngForStronghold'
documents = {'data/ini/aidata.ini': b'AIData\r\n; set the values in ini/default/aidata.ini for now.\r\nEnd\r\n', 'data/ini/ambient...tn Settings/CustomSettings\r\n\t;\r\n\tButtonMap = Skirmish/ProfileNav/bttn Skirmish/ProfileMenu/bttn\r\nEND\r\n', ...}
raw = {'cine_eagle_takeoff': SageObject(kind='Object', name='CINE_Eagle_Takeoff', parent=None, items=(SageBlock(kind='W3DScr...70, has_equals=True)), ordinal=3, source_virtual_path='data/ini/object/cinematic/cinematicobjects.ini', line=290), ...}
defines = {'campness_default': 2000, 'campness_fortress': 3000, 'campness_fortress_expansion': 700, 'campness_wall': 1, ...}
game = 'rotwk'

    def compile_map_object_descriptor(
        type_name: str,
        documents: Mapping[str, bytes],
        *,
        raw: Mapping[str, Any] | None = None,
        defines: Mapping[str, int | float] | None = None,
        game: str = "bfme2",
    ) -> dict[str, Any]:
        """Compile one map-referenced object type into a descriptor document.
    
        The descriptor carries the authored health, armor, geometry and module
        contracts exactly as the playable compilers extract them; no production
        routes are required because map objects are placed, never constructed.
        """
    
        if raw is None:
            try:
                raw = _object_index(documents)
            except PlayableUnitCompilerError as exc:
                raise CastleFixturesError(str(exc)) from exc
        if defines is None:
            try:
                defines = _numeric_defines(documents)
            except PlayableUnitCompilerError as exc:
                raise CastleFixturesError(str(exc)) from exc
        item, ancestry = _compile_lineage(type_name, raw)
        try:
            health = _health_contract(ancestry, defines, item.name)
        except PlayableStructureCompilerError as exc:
            raise CastleFixturesError(str(exc)) from exc
        try:
            armor = compile_armor_contract(documents, ancestry, game=game)
        except ArmorCompilerError as exc:
            raise CastleFixturesError(str(exc)) from exc
        geometry = _geometry_contract(ancestry, defines)
        try:
            modules = compile_all_module_contracts(ancestry, item.name)
        except ModuleContractError as exc:
>           raise CastleFixturesError(str(exc)) from exc
E           openbfme_importer.castle_fixtures.CastleFixturesError: AngForStronghold QueueProductionExitUpdate ExitDelay define is unresolved: STANDARD_HORDE_EXIT_DELAY

importer\openbfme_importer\castle_fixtures.py:182: CastleFixturesError
_ ERROR at setup of test_every_castle_map_fixtures_validate_and_match_the_matrix[maps/map wor minas morgul/map wor minas morgul.map] _

type_name = 'AngForStronghold'
documents = {'data/ini/aidata.ini': b'AIData\r\n; set the values in ini/default/aidata.ini for now.\r\nEnd\r\n', 'data/ini/ambient...tn Settings/CustomSettings\r\n\t;\r\n\tButtonMap = Skirmish/ProfileNav/bttn Skirmish/ProfileMenu/bttn\r\nEND\r\n', ...}
raw = {'cine_eagle_takeoff': SageObject(kind='Object', name='CINE_Eagle_Takeoff', parent=None, items=(SageBlock(kind='W3DScr...70, has_equals=True)), ordinal=3, source_virtual_path='data/ini/object/cinematic/cinematicobjects.ini', line=290), ...}
defines = {'campness_default': 2000, 'campness_fortress': 3000, 'campness_fortress_expansion': 700, 'campness_wall': 1, ...}
game = 'rotwk'

    def compile_map_object_descriptor(
        type_name: str,
        documents: Mapping[str, bytes],
        *,
        raw: Mapping[str, Any] | None = None,
        defines: Mapping[str, int | float] | None = None,
        game: str = "bfme2",
    ) -> dict[str, Any]:
        """Compile one map-referenced object type into a descriptor document.
    
        The descriptor carries the authored health, armor, geometry and module
        contracts exactly as the playable compilers extract them; no production
        routes are required because map objects are placed, never constructed.
        """
    
        if raw is None:
            try:
                raw = _object_index(documents)
            except PlayableUnitCompilerError as exc:
                raise CastleFixturesError(str(exc)) from exc
        if defines is None:
            try:
                defines = _numeric_defines(documents)
            except PlayableUnitCompilerError as exc:
                raise CastleFixturesError(str(exc)) from exc
        item, ancestry = _compile_lineage(type_name, raw)
        try:
            health = _health_contract(ancestry, defines, item.name)
        except PlayableStructureCompilerError as exc:
            raise CastleFixturesError(str(exc)) from exc
        try:
            armor = compile_armor_contract(documents, ancestry, game=game)
        except ArmorCompilerError as exc:
            raise CastleFixturesError(str(exc)) from exc
        geometry = _geometry_contract(ancestry, defines)
        try:
>           modules = compile_all_module_contracts(ancestry, item.name)
                      ^^^^^^^^^^^^^^^^^^^^^^^^^^^^^^^^^^^^^^^^^^^^^^^^^

importer\openbfme_importer\castle_fixtures.py:180: 
_ _ _ _ _ _ _ _ _ _ _ _ _ _ _ _ _ _ _ _ _ _ _ _ _ _ _ _ _ _ _ _ _ _ _ _ _ _ _ _
importer\openbfme_importer\module_contracts.py:8460: in compile_all_module_contracts
    numeric_define_provenance=numeric_define_provenance,
importer\openbfme_importer\module_contracts.py:4203: in compile_queue_production_exit_updates
    burst = _integer_assignment_field(grouped.get("initialburst", [None])[-1], f"{target_id} QueueProductionExitUpdate InitialBurst", minimum=0)
        ^^^^^^^^^^^^^^^^^^^^^^^^^^^^^^^^^^^^^^^^^^^^^^^^^^^^^^^^^^^^^^^^^^^^^^^^^^^^^^^^^^^^
_ _ _ _ _ _ _ _ _ _ _ _ _ _ _ _ _ _ _ _ _ _ _ _ _ _ _ _ _ _ _ _ _ _ _ _ _ _ _ _

assignment = SageAssignment(key='ExitDelay', value='STANDARD_HORDE_EXIT_DELAY', ordinal=2, key_ordinal=0, item_ordinal=2, source_virtual_path='data/ini/object/civilian/angfornostbuildings.ini', line=241, has_equals=True)
target_id = 'AngForStronghold', numeric_defines = None
numeric_define_provenance = None

        numeric_define_provenance: Mapping[str, Mapping[str, object]] | None,
    ) -> dict[str, object]:
        label = f"{target_id} QueueProductionExitUpdate ExitDelay"
        result = _lifetime_expression_field(assignment, label)
        assert result is not None
        if "milliseconds" in result:
            if re.fullmatch(r"\s*\d+\s*", assignment.value) is None:
                raise ModuleContractError(f"{label} must be an exact unsigned decimal")
            if int(result["milliseconds"]) > 4_294_967_295:
                raise ModuleContractError(f"{label} exceeds UnsignedInt range 0..4294967295")
            return result
        expression = str(result.get("expression", "")).strip()
        if re.fullmatch(r"[A-Za-z_][A-Za-z0-9_]*", expression) is None:
            raise ModuleContractError(f"{label} is not a resolvable millisecond expression")
        key = expression.casefold()
        value = None if numeric_defines is None else numeric_defines.get(key)
        provenance = None if numeric_define_provenance is None else numeric_define_provenance.get(key)
        if value is None or provenance is None:
            raise ModuleContractError(f"{label} define is unresolved: {expression}")
        numeric = float(value)
        if numeric < 0 or not numeric.is_integer() or numeric > 4_294_967_295:
            raise ModuleContractError(f"{label} define must resolve to non-negative integer milliseconds: {expression}")
>       provenance_value = provenance.get("value")
            ^^^^^^^^^^^^^^^^^^^^^^^^^^^^^^^^^^^^^^^
E       openbfme_importer.module_contracts.ModuleContractError: AngForStronghold QueueProductionExitUpdate ExitDelay define is unresolved: STANDARD_HORDE_EXIT_DELAY

importer\openbfme_importer\module_contracts.py:4153: ModuleContractError

The above exception was the direct cause of the following exception:

documents = {'data/ini/aidata.ini': b'AIData\r\n; set the values in ini/default/aidata.ini for now.\r\nEnd\r\n', 'data/ini/ambient...tn Settings/CustomSettings\r\n\t;\r\n\tButtonMap = Skirmish/ProfileNav/bttn Skirmish/ProfileMenu/bttn\r\nEND\r\n', ...}
raw = {'cine_eagle_takeoff': SageObject(kind='Object', name='CINE_Eagle_Takeoff', parent=None, items=(SageBlock(kind='W3DScr...70, has_equals=True)), ordinal=3, source_virtual_path='data/ini/object/cinematic/cinematicobjects.ini', line=290), ...}
index = {'cine_eagle_takeoff': ObjectTypeInfo(name='CINE_Eagle_Takeoff', definition='Object', kind_of=('CAN_CAST_REFLECTIONS',...or', 'SlowDeathBehavior', 'SquishCollide'), source_virtual_path='data/ini/object/cinematic/cinematicobjects.ini'), ...}
defines = {'campness_default': 2000, 'campness_fortress': 3000, 'campness_fortress_expansion': 700, 'campness_wall': 1, ...}
catalog = <openbfme_importer.catalog.InstallCatalog object at 0x0000018EE33281D0>

    @pytest.fixture(scope="module")
    def fixtures_by_map(documents, raw, index, defines, catalog):
        return {
>           virtual_path: build_map_fixtures(
                documents,
                _parse_map(catalog, virtual_path).objects,
                raw=raw,
                index=index,
                defines=defines,
                game="rotwk",
            )
            for virtual_path in EXPECTED_ROLE_COUNTS
        }

importer\tests\test_castle_fixtures_oracle.py:138: 
_ _ _ _ _ _ _ _ _ _ _ _ _ _ _ _ _ _ _ _ _ _ _ _ _ _ _ _ _ _ _ _ _ _ _ _ _ _ _ _
importer\openbfme_importer\castle_fixtures.py:502: in build_map_fixtures
    descriptors[folded] = compile_map_object_descriptor(
_ _ _ _ _ _ _ _ _ _ _ _ _ _ _ _ _ _ _ _ _ _ _ _ _ _ _ _ _ _ _ _ _ _ _ _ _ _ _ _

type_name = 'AngForStronghold'
documents = {'data/ini/aidata.ini': b'AIData\r\n; set the values in ini/default/aidata.ini for now.\r\nEnd\r\n', 'data/ini/ambient...tn Settings/CustomSettings\r\n\t;\r\n\tButtonMap = Skirmish/ProfileNav/bttn Skirmish/ProfileMenu/bttn\r\nEND\r\n', ...}
raw = {'cine_eagle_takeoff': SageObject(kind='Object', name='CINE_Eagle_Takeoff', parent=None, items=(SageBlock(kind='W3DScr...70, has_equals=True)), ordinal=3, source_virtual_path='data/ini/object/cinematic/cinematicobjects.ini', line=290), ...}
defines = {'campness_default': 2000, 'campness_fortress': 3000, 'campness_fortress_expansion': 700, 'campness_wall': 1, ...}
game = 'rotwk'

    def compile_map_object_descriptor(
        type_name: str,
        documents: Mapping[str, bytes],
        *,
        raw: Mapping[str, Any] | None = None,
        defines: Mapping[str, int | float] | None = None,
        game: str = "bfme2",
    ) -> dict[str, Any]:
        """Compile one map-referenced object type into a descriptor document.
    
        The descriptor carries the authored health, armor, geometry and module
        contracts exactly as the playable compilers extract them; no production
        routes are required because map objects are placed, never constructed.
        """
    
        if raw is None:
            try:
                raw = _object_index(documents)
            except PlayableUnitCompilerError as exc:
                raise CastleFixturesError(str(exc)) from exc
        if defines is None:
            try:
                defines = _numeric_defines(documents)
            except PlayableUnitCompilerError as exc:
                raise CastleFixturesError(str(exc)) from exc
        item, ancestry = _compile_lineage(type_name, raw)
        try:
            health = _health_contract(ancestry, defines, item.name)
        except PlayableStructureCompilerError as exc:
            raise CastleFixturesError(str(exc)) from exc
        try:
            armor = compile_armor_contract(documents, ancestry, game=game)
        except ArmorCompilerError as exc:
            raise CastleFixturesError(str(exc)) from exc
        geometry = _geometry_contract(ancestry, defines)
        try:
            modules = compile_all_module_contracts(ancestry, item.name)
        except ModuleContractError as exc:
>           raise CastleFixturesError(str(exc)) from exc
E           openbfme_importer.castle_fixtures.CastleFixturesError: AngForStronghold QueueProductionExitUpdate ExitDelay define is unresolved: STANDARD_HORDE_EXIT_DELAY

importer\openbfme_importer\castle_fixtures.py:182: CastleFixturesError
_ ERROR at setup of test_every_castle_map_fixtures_validate_and_match_the_matrix[maps/map wor minas tirith/map wor minas tirith.map] _

type_name = 'AngForStronghold'
documents = {'data/ini/aidata.ini': b'AIData\r\n; set the values in ini/default/aidata.ini for now.\r\nEnd\r\n', 'data/ini/ambient...tn Settings/CustomSettings\r\n\t;\r\n\tButtonMap = Skirmish/ProfileNav/bttn Skirmish/ProfileMenu/bttn\r\nEND\r\n', ...}
raw = {'cine_eagle_takeoff': SageObject(kind='Object', name='CINE_Eagle_Takeoff', parent=None, items=(SageBlock(kind='W3DScr...70, has_equals=True)), ordinal=3, source_virtual_path='data/ini/object/cinematic/cinematicobjects.ini', line=290), ...}
defines = {'campness_default': 2000, 'campness_fortress': 3000, 'campness_fortress_expansion': 700, 'campness_wall': 1, ...}
game = 'rotwk'

    def compile_map_object_descriptor(
        type_name: str,
        documents: Mapping[str, bytes],
        *,
        raw: Mapping[str, Any] | None = None,
        defines: Mapping[str, int | float] | None = None,
        game: str = "bfme2",
    ) -> dict[str, Any]:
        """Compile one map-referenced object type into a descriptor document.
    
        The descriptor carries the authored health, armor, geometry and module
        contracts exactly as the playable compilers extract them; no production
        routes are required because map objects are placed, never constructed.
        """
    
        if raw is None:
            try:
                raw = _object_index(documents)
            except PlayableUnitCompilerError as exc:
                raise CastleFixturesError(str(exc)) from exc
        if defines is None:
            try:
                defines = _numeric_defines(documents)
            except PlayableUnitCompilerError as exc:
                raise CastleFixturesError(str(exc)) from exc
        item, ancestry = _compile_lineage(type_name, raw)
        try:
            health = _health_contract(ancestry, defines, item.name)
        except PlayableStructureCompilerError as exc:
            raise CastleFixturesError(str(exc)) from exc
        try:
            armor = compile_armor_contract(documents, ancestry, game=game)
        except ArmorCompilerError as exc:
            raise CastleFixturesError(str(exc)) from exc
        geometry = _geometry_contract(ancestry, defines)
        try:
>           modules = compile_all_module_contracts(ancestry, item.name)
                      ^^^^^^^^^^^^^^^^^^^^^^^^^^^^^^^^^^^^^^^^^^^^^^^^^

importer\openbfme_importer\castle_fixtures.py:180: 
_ _ _ _ _ _ _ _ _ _ _ _ _ _ _ _ _ _ _ _ _ _ _ _ _ _ _ _ _ _ _ _ _ _ _ _ _ _ _ _
importer\openbfme_importer\module_contracts.py:8460: in compile_all_module_contracts
    numeric_define_provenance=numeric_define_provenance,
importer\openbfme_importer\module_contracts.py:4203: in compile_queue_production_exit_updates
    burst = _integer_assignment_field(grouped.get("initialburst", [None])[-1], f"{target_id} QueueProductionExitUpdate InitialBurst", minimum=0)
        ^^^^^^^^^^^^^^^^^^^^^^^^^^^^^^^^^^^^^^^^^^^^^^^^^^^^^^^^^^^^^^^^^^^^^^^^^^^^^^^^^^^^
_ _ _ _ _ _ _ _ _ _ _ _ _ _ _ _ _ _ _ _ _ _ _ _ _ _ _ _ _ _ _ _ _ _ _ _ _ _ _ _

assignment = SageAssignment(key='ExitDelay', value='STANDARD_HORDE_EXIT_DELAY', ordinal=2, key_ordinal=0, item_ordinal=2, source_virtual_path='data/ini/object/civilian/angfornostbuildings.ini', line=241, has_equals=True)
target_id = 'AngForStronghold', numeric_defines = None
numeric_define_provenance = None

        numeric_define_provenance: Mapping[str, Mapping[str, object]] | None,
    ) -> dict[str, object]:
        label = f"{target_id} QueueProductionExitUpdate ExitDelay"
        result = _lifetime_expression_field(assignment, label)
        assert result is not None
        if "milliseconds" in result:
            if re.fullmatch(r"\s*\d+\s*", assignment.value) is None:
                raise ModuleContractError(f"{label} must be an exact unsigned decimal")
            if int(result["milliseconds"]) > 4_294_967_295:
                raise ModuleContractError(f"{label} exceeds UnsignedInt range 0..4294967295")
            return result
        expression = str(result.get("expression", "")).strip()
        if re.fullmatch(r"[A-Za-z_][A-Za-z0-9_]*", expression) is None:
            raise ModuleContractError(f"{label} is not a resolvable millisecond expression")
        key = expression.casefold()
        value = None if numeric_defines is None else numeric_defines.get(key)
        provenance = None if numeric_define_provenance is None else numeric_define_provenance.get(key)
        if value is None or provenance is None:
            raise ModuleContractError(f"{label} define is unresolved: {expression}")
        numeric = float(value)
        if numeric < 0 or not numeric.is_integer() or numeric > 4_294_967_295:
            raise ModuleContractError(f"{label} define must resolve to non-negative integer milliseconds: {expression}")
>       provenance_value = provenance.get("value")
            ^^^^^^^^^^^^^^^^^^^^^^^^^^^^^^^^^^^^^^^
E       openbfme_importer.module_contracts.ModuleContractError: AngForStronghold QueueProductionExitUpdate ExitDelay define is unresolved: STANDARD_HORDE_EXIT_DELAY

importer\openbfme_importer\module_contracts.py:4153: ModuleContractError

The above exception was the direct cause of the following exception:

documents = {'data/ini/aidata.ini': b'AIData\r\n; set the values in ini/default/aidata.ini for now.\r\nEnd\r\n', 'data/ini/ambient...tn Settings/CustomSettings\r\n\t;\r\n\tButtonMap = Skirmish/ProfileNav/bttn Skirmish/ProfileMenu/bttn\r\nEND\r\n', ...}
raw = {'cine_eagle_takeoff': SageObject(kind='Object', name='CINE_Eagle_Takeoff', parent=None, items=(SageBlock(kind='W3DScr...70, has_equals=True)), ordinal=3, source_virtual_path='data/ini/object/cinematic/cinematicobjects.ini', line=290), ...}
index = {'cine_eagle_takeoff': ObjectTypeInfo(name='CINE_Eagle_Takeoff', definition='Object', kind_of=('CAN_CAST_REFLECTIONS',...or', 'SlowDeathBehavior', 'SquishCollide'), source_virtual_path='data/ini/object/cinematic/cinematicobjects.ini'), ...}
defines = {'campness_default': 2000, 'campness_fortress': 3000, 'campness_fortress_expansion': 700, 'campness_wall': 1, ...}
catalog = <openbfme_importer.catalog.InstallCatalog object at 0x0000018EE33281D0>

    @pytest.fixture(scope="module")
    def fixtures_by_map(documents, raw, index, defines, catalog):
        return {
>           virtual_path: build_map_fixtures(
                documents,
                _parse_map(catalog, virtual_path).objects,
                raw=raw,
                index=index,
                defines=defines,
                game="rotwk",
            )
            for virtual_path in EXPECTED_ROLE_COUNTS
        }

importer\tests\test_castle_fixtures_oracle.py:138: 
_ _ _ _ _ _ _ _ _ _ _ _ _ _ _ _ _ _ _ _ _ _ _ _ _ _ _ _ _ _ _ _ _ _ _ _ _ _ _ _
importer\openbfme_importer\castle_fixtures.py:502: in build_map_fixtures
    descriptors[folded] = compile_map_object_descriptor(
_ _ _ _ _ _ _ _ _ _ _ _ _ _ _ _ _ _ _ _ _ _ _ _ _ _ _ _ _ _ _ _ _ _ _ _ _ _ _ _

type_name = 'AngForStronghold'
documents = {'data/ini/aidata.ini': b'AIData\r\n; set the values in ini/default/aidata.ini for now.\r\nEnd\r\n', 'data/ini/ambient...tn Settings/CustomSettings\r\n\t;\r\n\tButtonMap = Skirmish/ProfileNav/bttn Skirmish/ProfileMenu/bttn\r\nEND\r\n', ...}
raw = {'cine_eagle_takeoff': SageObject(kind='Object', name='CINE_Eagle_Takeoff', parent=None, items=(SageBlock(kind='W3DScr...70, has_equals=True)), ordinal=3, source_virtual_path='data/ini/object/cinematic/cinematicobjects.ini', line=290), ...}
defines = {'campness_default': 2000, 'campness_fortress': 3000, 'campness_fortress_expansion': 700, 'campness_wall': 1, ...}
game = 'rotwk'

    def compile_map_object_descriptor(
        type_name: str,
        documents: Mapping[str, bytes],
        *,
        raw: Mapping[str, Any] | None = None,
        defines: Mapping[str, int | float] | None = None,
        game: str = "bfme2",
    ) -> dict[str, Any]:
        """Compile one map-referenced object type into a descriptor document.
    
        The descriptor carries the authored health, armor, geometry and module
        contracts exactly as the playable compilers extract them; no production
        routes are required because map objects are placed, never constructed.
        """
    
        if raw is None:
            try:
                raw = _object_index(documents)
            except PlayableUnitCompilerError as exc:
                raise CastleFixturesError(str(exc)) from exc
        if defines is None:
            try:
                defines = _numeric_defines(documents)
            except PlayableUnitCompilerError as exc:
                raise CastleFixturesError(str(exc)) from exc
        item, ancestry = _compile_lineage(type_name, raw)
        try:
            health = _health_contract(ancestry, defines, item.name)
        except PlayableStructureCompilerError as exc:
            raise CastleFixturesError(str(exc)) from exc
        try:
            armor = compile_armor_contract(documents, ancestry, game=game)
        except ArmorCompilerError as exc:
            raise CastleFixturesError(str(exc)) from exc
        geometry = _geometry_contract(ancestry, defines)
        try:
            modules = compile_all_module_contracts(ancestry, item.name)
        except ModuleContractError as exc:
>           raise CastleFixturesError(str(exc)) from exc
E           openbfme_importer.castle_fixtures.CastleFixturesError: AngForStronghold QueueProductionExitUpdate ExitDelay define is unresolved: STANDARD_HORDE_EXIT_DELAY

importer\openbfme_importer\castle_fixtures.py:182: CastleFixturesError
_ ERROR at setup of test_fixture_seed_disposition_matches_oracle[maps/map wor ang carn dum/map wor ang carn dum.map] _

type_name = 'AngForStronghold'
documents = {'data/ini/aidata.ini': b'AIData\r\n; set the values in ini/default/aidata.ini for now.\r\nEnd\r\n', 'data/ini/ambient...tn Settings/CustomSettings\r\n\t;\r\n\tButtonMap = Skirmish/ProfileNav/bttn Skirmish/ProfileMenu/bttn\r\nEND\r\n', ...}
raw = {'cine_eagle_takeoff': SageObject(kind='Object', name='CINE_Eagle_Takeoff', parent=None, items=(SageBlock(kind='W3DScr...70, has_equals=True)), ordinal=3, source_virtual_path='data/ini/object/cinematic/cinematicobjects.ini', line=290), ...}
defines = {'campness_default': 2000, 'campness_fortress': 3000, 'campness_fortress_expansion': 700, 'campness_wall': 1, ...}
game = 'rotwk'

    def compile_map_object_descriptor(
        type_name: str,
        documents: Mapping[str, bytes],
        *,
        raw: Mapping[str, Any] | None = None,
        defines: Mapping[str, int | float] | None = None,
        game: str = "bfme2",
    ) -> dict[str, Any]:
        """Compile one map-referenced object type into a descriptor document.
    
        The descriptor carries the authored health, armor, geometry and module
        contracts exactly as the playable compilers extract them; no production
        routes are required because map objects are placed, never constructed.
        """
    
        if raw is None:
            try:
                raw = _object_index(documents)
            except PlayableUnitCompilerError as exc:
                raise CastleFixturesError(str(exc)) from exc
        if defines is None:
            try:
                defines = _numeric_defines(documents)
            except PlayableUnitCompilerError as exc:
                raise CastleFixturesError(str(exc)) from exc
        item, ancestry = _compile_lineage(type_name, raw)
        try:
            health = _health_contract(ancestry, defines, item.name)
        except PlayableStructureCompilerError as exc:
            raise CastleFixturesError(str(exc)) from exc
        try:
            armor = compile_armor_contract(documents, ancestry, game=game)
        except ArmorCompilerError as exc:
            raise CastleFixturesError(str(exc)) from exc
        geometry = _geometry_contract(ancestry, defines)
        try:
>           modules = compile_all_module_contracts(ancestry, item.name)
                      ^^^^^^^^^^^^^^^^^^^^^^^^^^^^^^^^^^^^^^^^^^^^^^^^^

importer\openbfme_importer\castle_fixtures.py:180: 
_ _ _ _ _ _ _ _ _ _ _ _ _ _ _ _ _ _ _ _ _ _ _ _ _ _ _ _ _ _ _ _ _ _ _ _ _ _ _ _
importer\openbfme_importer\module_contracts.py:8460: in compile_all_module_contracts
    raise ModuleContractError(
importer\openbfme_importer\module_contracts.py:4203: in compile_queue_production_exit_updates
    r"\s*(\d+(?:\.\d*)?|\.\d+)\s*(%)?\s*", assignment.value
        ^^^^^^^^^^^^^^^^^^^^^^^^^^^^^^^^^^^^^^^^^^^^^^^^^^^^
_ _ _ _ _ _ _ _ _ _ _ _ _ _ _ _ _ _ _ _ _ _ _ _ _ _ _ _ _ _ _ _ _ _ _ _ _ _ _ _

assignment = SageAssignment(key='ExitDelay', value='STANDARD_HORDE_EXIT_DELAY', ordinal=2, key_ordinal=0, item_ordinal=2, source_virtual_path='data/ini/object/civilian/angfornostbuildings.ini', line=241, has_equals=True)
target_id = 'AngForStronghold', numeric_defines = None
numeric_define_provenance = None

        raise ModuleContractError(
            f"{target_id} RebuildHoleExposeDie requires ExemptStatus tokens"
        )
    hole = _required_identifier_field(
        amap.get("holename"), f"{target_id} RebuildHoleExposeDie HoleName"
    )
    health = _number_field(
        amap.get("holemaxhealth"),
        f"{target_id} RebuildHoleExposeDie HoleMaxHealth",
    )
    fade = _number_field(
        amap.get("fadeintimeseconds"),
        f"{target_id} RebuildHoleExposeDie FadeInTimeSeconds",
    )
    if health is None or float(health["value"]) <= 0:
        raise ModuleContractError(
            f"{target_id} RebuildHoleExposeDie HoleMaxHealth must be positive"
        )
    if fade is None or float(fade["value"]) < 0:
        raise ModuleContractError(
            f"{target_id} RebuildHoleExposeDie FadeInTimeSeconds must be non-negative"
        )
>   transfer = _yes_no_field(
        amap.get("transferattackers"),
        f"{target_id} RebuildHoleExposeDie TransferAttackers",
    )
E   openbfme_importer.module_contracts.ModuleContractError: AngForStronghold QueueProductionExitUpdate ExitDelay define is unresolved: STANDARD_HORDE_EXIT_DELAY

importer\openbfme_importer\module_contracts.py:4153: ModuleContractError

The above exception was the direct cause of the following exception:

documents = {'data/ini/aidata.ini': b'AIData\r\n; set the values in ini/default/aidata.ini for now.\r\nEnd\r\n', 'data/ini/ambient...tn Settings/CustomSettings\r\n\t;\r\n\tButtonMap = Skirmish/ProfileNav/bttn Skirmish/ProfileMenu/bttn\r\nEND\r\n', ...}
raw = {'cine_eagle_takeoff': SageObject(kind='Object', name='CINE_Eagle_Takeoff', parent=None, items=(SageBlock(kind='W3DScr...70, has_equals=True)), ordinal=3, source_virtual_path='data/ini/object/cinematic/cinematicobjects.ini', line=290), ...}
index = {'cine_eagle_takeoff': ObjectTypeInfo(name='CINE_Eagle_Takeoff', definition='Object', kind_of=('CAN_CAST_REFLECTIONS',...or', 'SlowDeathBehavior', 'SquishCollide'), source_virtual_path='data/ini/object/cinematic/cinematicobjects.ini'), ...}
defines = {'campness_default': 2000, 'campness_fortress': 3000, 'campness_fortress_expansion': 700, 'campness_wall': 1, ...}
catalog = <openbfme_importer.catalog.InstallCatalog object at 0x0000018EE33281D0>

    @pytest.fixture(scope="module")
    def fixtures_by_map(documents, raw, index, defines, catalog):
        return {
>           virtual_path: build_map_fixtures(
                documents,
                _parse_map(catalog, virtual_path).objects,
                raw=raw,
                index=index,
                defines=defines,
                game="rotwk",
            )
            for virtual_path in EXPECTED_ROLE_COUNTS
        }

importer\tests\test_castle_fixtures_oracle.py:138: 
_ _ _ _ _ _ _ _ _ _ _ _ _ _ _ _ _ _ _ _ _ _ _ _ _ _ _ _ _ _ _ _ _ _ _ _ _ _ _ _
importer\openbfme_importer\castle_fixtures.py:502: in build_map_fixtures
    descriptors[folded] = compile_map_object_descriptor(
_ _ _ _ _ _ _ _ _ _ _ _ _ _ _ _ _ _ _ _ _ _ _ _ _ _ _ _ _ _ _ _ _ _ _ _ _ _ _ _

type_name = 'AngForStronghold'
documents = {'data/ini/aidata.ini': b'AIData\r\n; set the values in ini/default/aidata.ini for now.\r\nEnd\r\n', 'data/ini/ambient...tn Settings/CustomSettings\r\n\t;\r\n\tButtonMap = Skirmish/ProfileNav/bttn Skirmish/ProfileMenu/bttn\r\nEND\r\n', ...}
raw = {'cine_eagle_takeoff': SageObject(kind='Object', name='CINE_Eagle_Takeoff', parent=None, items=(SageBlock(kind='W3DScr...70, has_equals=True)), ordinal=3, source_virtual_path='data/ini/object/cinematic/cinematicobjects.ini', line=290), ...}
defines = {'campness_default': 2000, 'campness_fortress': 3000, 'campness_fortress_expansion': 700, 'campness_wall': 1, ...}
game = 'rotwk'

    def compile_map_object_descriptor(
        type_name: str,
        documents: Mapping[str, bytes],
        *,
        raw: Mapping[str, Any] | None = None,
        defines: Mapping[str, int | float] | None = None,
        game: str = "bfme2",
    ) -> dict[str, Any]:
        """Compile one map-referenced object type into a descriptor document.
    
        The descriptor carries the authored health, armor, geometry and module
        contracts exactly as the playable compilers extract them; no production
        routes are required because map objects are placed, never constructed.
        """
    
        if raw is None:
            try:
                raw = _object_index(documents)
            except PlayableUnitCompilerError as exc:
                raise CastleFixturesError(str(exc)) from exc
        if defines is None:
            try:
                defines = _numeric_defines(documents)
            except PlayableUnitCompilerError as exc:
                raise CastleFixturesError(str(exc)) from exc
        item, ancestry = _compile_lineage(type_name, raw)
        try:
            health = _health_contract(ancestry, defines, item.name)
        except PlayableStructureCompilerError as exc:
            raise CastleFixturesError(str(exc)) from exc
        try:
            armor = compile_armor_contract(documents, ancestry, game=game)
        except ArmorCompilerError as exc:
            raise CastleFixturesError(str(exc)) from exc
        geometry = _geometry_contract(ancestry, defines)
        try:
            modules = compile_all_module_contracts(ancestry, item.name)
        except ModuleContractError as exc:
>           raise CastleFixturesError(str(exc)) from exc
E           openbfme_importer.castle_fixtures.CastleFixturesError: AngForStronghold QueueProductionExitUpdate ExitDelay define is unresolved: STANDARD_HORDE_EXIT_DELAY

importer\openbfme_importer\castle_fixtures.py:182: CastleFixturesError
_ ERROR at setup of test_fixture_seed_disposition_matches_oracle[maps/map wor ang fornost/map wor ang fornost.map] _

type_name = 'AngForStronghold'
documents = {'data/ini/aidata.ini': b'AIData\r\n; set the values in ini/default/aidata.ini for now.\r\nEnd\r\n', 'data/ini/ambient...tn Settings/CustomSettings\r\n\t;\r\n\tButtonMap = Skirmish/ProfileNav/bttn Skirmish/ProfileMenu/bttn\r\nEND\r\n', ...}
raw = {'cine_eagle_takeoff': SageObject(kind='Object', name='CINE_Eagle_Takeoff', parent=None, items=(SageBlock(kind='W3DScr...70, has_equals=True)), ordinal=3, source_virtual_path='data/ini/object/cinematic/cinematicobjects.ini', line=290), ...}
defines = {'campness_default': 2000, 'campness_fortress': 3000, 'campness_fortress_expansion': 700, 'campness_wall': 1, ...}
game = 'rotwk'

    def compile_map_object_descriptor(
        type_name: str,
        documents: Mapping[str, bytes],
        *,
        raw: Mapping[str, Any] | None = None,
        defines: Mapping[str, int | float] | None = None,
        game: str = "bfme2",
    ) -> dict[str, Any]:
        """Compile one map-referenced object type into a descriptor document.
    
        The descriptor carries the authored health, armor, geometry and module
        contracts exactly as the playable compilers extract them; no production
        routes are required because map objects are placed, never constructed.
        """
    
        if raw is None:
            try:
                raw = _object_index(documents)
            except PlayableUnitCompilerError as exc:
                raise CastleFixturesError(str(exc)) from exc
        if defines is None:
            try:
                defines = _numeric_defines(documents)
            except PlayableUnitCompilerError as exc:
                raise CastleFixturesError(str(exc)) from exc
        item, ancestry = _compile_lineage(type_name, raw)
        try:
            health = _health_contract(ancestry, defines, item.name)
        except PlayableStructureCompilerError as exc:
            raise CastleFixturesError(str(exc)) from exc
        try:
            armor = compile_armor_contract(documents, ancestry, game=game)
        except ArmorCompilerError as exc:
            raise CastleFixturesError(str(exc)) from exc
        geometry = _geometry_contract(ancestry, defines)
        try:
>           modules = compile_all_module_contracts(ancestry, item.name)
                      ^^^^^^^^^^^^^^^^^^^^^^^^^^^^^^^^^^^^^^^^^^^^^^^^^

importer\openbfme_importer\castle_fixtures.py:180: 
_ _ _ _ _ _ _ _ _ _ _ _ _ _ _ _ _ _ _ _ _ _ _ _ _ _ _ _ _ _ _ _ _ _ _ _ _ _ _ _
importer\openbfme_importer\module_contracts.py:8460: in compile_all_module_contracts
    raise ModuleContractError(
importer\openbfme_importer\module_contracts.py:4203: in compile_queue_production_exit_updates
    r"\s*(\d+(?:\.\d*)?|\.\d+)\s*(%)?\s*", assignment.value
        ^^^^^^^^^^^^^^^^^^^^^^^^^^^^^^^^^^^^^^^^^^^^^^^^^^^^
_ _ _ _ _ _ _ _ _ _ _ _ _ _ _ _ _ _ _ _ _ _ _ _ _ _ _ _ _ _ _ _ _ _ _ _ _ _ _ _

assignment = SageAssignment(key='ExitDelay', value='STANDARD_HORDE_EXIT_DELAY', ordinal=2, key_ordinal=0, item_ordinal=2, source_virtual_path='data/ini/object/civilian/angfornostbuildings.ini', line=241, has_equals=True)
target_id = 'AngForStronghold', numeric_defines = None
numeric_define_provenance = None

        raise ModuleContractError(
            f"{target_id} RebuildHoleExposeDie requires ExemptStatus tokens"
        )
    hole = _required_identifier_field(
        amap.get("holename"), f"{target_id} RebuildHoleExposeDie HoleName"
    )
    health = _number_field(
        amap.get("holemaxhealth"),
        f"{target_id} RebuildHoleExposeDie HoleMaxHealth",
    )
    fade = _number_field(
        amap.get("fadeintimeseconds"),
        f"{target_id} RebuildHoleExposeDie FadeInTimeSeconds",
    )
    if health is None or float(health["value"]) <= 0:
        raise ModuleContractError(
            f"{target_id} RebuildHoleExposeDie HoleMaxHealth must be positive"
        )
    if fade is None or float(fade["value"]) < 0:
        raise ModuleContractError(
            f"{target_id} RebuildHoleExposeDie FadeInTimeSeconds must be non-negative"
        )
>   transfer = _yes_no_field(
        amap.get("transferattackers"),
        f"{target_id} RebuildHoleExposeDie TransferAttackers",
    )
E   openbfme_importer.module_contracts.ModuleContractError: AngForStronghold QueueProductionExitUpdate ExitDelay define is unresolved: STANDARD_HORDE_EXIT_DELAY

importer\openbfme_importer\module_contracts.py:4153: ModuleContractError

The above exception was the direct cause of the following exception:

documents = {'data/ini/aidata.ini': b'AIData\r\n; set the values in ini/default/aidata.ini for now.\r\nEnd\r\n', 'data/ini/ambient...tn Settings/CustomSettings\r\n\t;\r\n\tButtonMap = Skirmish/ProfileNav/bttn Skirmish/ProfileMenu/bttn\r\nEND\r\n', ...}
raw = {'cine_eagle_takeoff': SageObject(kind='Object', name='CINE_Eagle_Takeoff', parent=None, items=(SageBlock(kind='W3DScr...70, has_equals=True)), ordinal=3, source_virtual_path='data/ini/object/cinematic/cinematicobjects.ini', line=290), ...}
index = {'cine_eagle_takeoff': ObjectTypeInfo(name='CINE_Eagle_Takeoff', definition='Object', kind_of=('CAN_CAST_REFLECTIONS',...or', 'SlowDeathBehavior', 'SquishCollide'), source_virtual_path='data/ini/object/cinematic/cinematicobjects.ini'), ...}
defines = {'campness_default': 2000, 'campness_fortress': 3000, 'campness_fortress_expansion': 700, 'campness_wall': 1, ...}
catalog = <openbfme_importer.catalog.InstallCatalog object at 0x0000018EE33281D0>

    @pytest.fixture(scope="module")
    def fixtures_by_map(documents, raw, index, defines, catalog):
        return {
>           virtual_path: build_map_fixtures(
                documents,
                _parse_map(catalog, virtual_path).objects,
                raw=raw,
                index=index,
                defines=defines,
                game="rotwk",
            )
            for virtual_path in EXPECTED_ROLE_COUNTS
        }

importer\tests\test_castle_fixtures_oracle.py:138: 
_ _ _ _ _ _ _ _ _ _ _ _ _ _ _ _ _ _ _ _ _ _ _ _ _ _ _ _ _ _ _ _ _ _ _ _ _ _ _ _
importer\openbfme_importer\castle_fixtures.py:502: in build_map_fixtures
    descriptors[folded] = compile_map_object_descriptor(
_ _ _ _ _ _ _ _ _ _ _ _ _ _ _ _ _ _ _ _ _ _ _ _ _ _ _ _ _ _ _ _ _ _ _ _ _ _ _ _

type_name = 'AngForStronghold'
documents = {'data/ini/aidata.ini': b'AIData\r\n; set the values in ini/default/aidata.ini for now.\r\nEnd\r\n', 'data/ini/ambient...tn Settings/CustomSettings\r\n\t;\r\n\tButtonMap = Skirmish/ProfileNav/bttn Skirmish/ProfileMenu/bttn\r\nEND\r\n', ...}
raw = {'cine_eagle_takeoff': SageObject(kind='Object', name='CINE_Eagle_Takeoff', parent=None, items=(SageBlock(kind='W3DScr...70, has_equals=True)), ordinal=3, source_virtual_path='data/ini/object/cinematic/cinematicobjects.ini', line=290), ...}
defines = {'campness_default': 2000, 'campness_fortress': 3000, 'campness_fortress_expansion': 700, 'campness_wall': 1, ...}
game = 'rotwk'

    def compile_map_object_descriptor(
        type_name: str,
        documents: Mapping[str, bytes],
        *,
        raw: Mapping[str, Any] | None = None,
        defines: Mapping[str, int | float] | None = None,
        game: str = "bfme2",
    ) -> dict[str, Any]:
        """Compile one map-referenced object type into a descriptor document.
    
        The descriptor carries the authored health, armor, geometry and module
        contracts exactly as the playable compilers extract them; no production
        routes are required because map objects are placed, never constructed.
        """
    
        if raw is None:
            try:
                raw = _object_index(documents)
            except PlayableUnitCompilerError as exc:
                raise CastleFixturesError(str(exc)) from exc
        if defines is None:
            try:
                defines = _numeric_defines(documents)
            except PlayableUnitCompilerError as exc:
                raise CastleFixturesError(str(exc)) from exc
        item, ancestry = _compile_lineage(type_name, raw)
        try:
            health = _health_contract(ancestry, defines, item.name)
        except PlayableStructureCompilerError as exc:
            raise CastleFixturesError(str(exc)) from exc
        try:
            armor = compile_armor_contract(documents, ancestry, game=game)
        except ArmorCompilerError as exc:
            raise CastleFixturesError(str(exc)) from exc
        geometry = _geometry_contract(ancestry, defines)
        try:
            modules = compile_all_module_contracts(ancestry, item.name)
        except ModuleContractError as exc:
>           raise CastleFixturesError(str(exc)) from exc
E           openbfme_importer.castle_fixtures.CastleFixturesError: AngForStronghold QueueProductionExitUpdate ExitDelay define is unresolved: STANDARD_HORDE_EXIT_DELAY

importer\openbfme_importer\castle_fixtures.py:182: CastleFixturesError
_ ERROR at setup of test_fixture_seed_disposition_matches_oracle[maps/map wor black gate/map wor black gate.map] _

type_name = 'AngForStronghold'
documents = {'data/ini/aidata.ini': b'AIData\r\n; set the values in ini/default/aidata.ini for now.\r\nEnd\r\n', 'data/ini/ambient...tn Settings/CustomSettings\r\n\t;\r\n\tButtonMap = Skirmish/ProfileNav/bttn Skirmish/ProfileMenu/bttn\r\nEND\r\n', ...}
raw = {'cine_eagle_takeoff': SageObject(kind='Object', name='CINE_Eagle_Takeoff', parent=None, items=(SageBlock(kind='W3DScr...70, has_equals=True)), ordinal=3, source_virtual_path='data/ini/object/cinematic/cinematicobjects.ini', line=290), ...}
defines = {'campness_default': 2000, 'campness_fortress': 3000, 'campness_fortress_expansion': 700, 'campness_wall': 1, ...}
game = 'rotwk'

    def compile_map_object_descriptor(
        type_name: str,
        documents: Mapping[str, bytes],
        *,
        raw: Mapping[str, Any] | None = None,
        defines: Mapping[str, int | float] | None = None,
        game: str = "bfme2",
    ) -> dict[str, Any]:
        """Compile one map-referenced object type into a descriptor document.
    
        The descriptor carries the authored health, armor, geometry and module
        contracts exactly as the playable compilers extract them; no production
        routes are required because map objects are placed, never constructed.
        """
    
        if raw is None:
            try:
                raw = _object_index(documents)
            except PlayableUnitCompilerError as exc:
                raise CastleFixturesError(str(exc)) from exc
        if defines is None:
            try:
                defines = _numeric_defines(documents)
            except PlayableUnitCompilerError as exc:
                raise CastleFixturesError(str(exc)) from exc
        item, ancestry = _compile_lineage(type_name, raw)
        try:
            health = _health_contract(ancestry, defines, item.name)
        except PlayableStructureCompilerError as exc:
            raise CastleFixturesError(str(exc)) from exc
        try:
            armor = compile_armor_contract(documents, ancestry, game=game)
        except ArmorCompilerError as exc:
            raise CastleFixturesError(str(exc)) from exc
        geometry = _geometry_contract(ancestry, defines)
        try:
>           modules = compile_all_module_contracts(ancestry, item.name)
                      ^^^^^^^^^^^^^^^^^^^^^^^^^^^^^^^^^^^^^^^^^^^^^^^^^

importer\openbfme_importer\castle_fixtures.py:180: 
_ _ _ _ _ _ _ _ _ _ _ _ _ _ _ _ _ _ _ _ _ _ _ _ _ _ _ _ _ _ _ _ _ _ _ _ _ _ _ _
importer\openbfme_importer\module_contracts.py:8460: in compile_all_module_contracts
    raise ModuleContractError(
importer\openbfme_importer\module_contracts.py:4203: in compile_queue_production_exit_updates
    r"\s*(\d+(?:\.\d*)?|\.\d+)\s*(%)?\s*", assignment.value
        ^^^^^^^^^^^^^^^^^^^^^^^^^^^^^^^^^^^^^^^^^^^^^^^^^^^^
_ _ _ _ _ _ _ _ _ _ _ _ _ _ _ _ _ _ _ _ _ _ _ _ _ _ _ _ _ _ _ _ _ _ _ _ _ _ _ _

assignment = SageAssignment(key='ExitDelay', value='STANDARD_HORDE_EXIT_DELAY', ordinal=2, key_ordinal=0, item_ordinal=2, source_virtual_path='data/ini/object/civilian/angfornostbuildings.ini', line=241, has_equals=True)
target_id = 'AngForStronghold', numeric_defines = None
numeric_define_provenance = None

        raise ModuleContractError(
            f"{target_id} RebuildHoleExposeDie requires ExemptStatus tokens"
        )
    hole = _required_identifier_field(
        amap.get("holename"), f"{target_id} RebuildHoleExposeDie HoleName"
    )
    health = _number_field(
        amap.get("holemaxhealth"),
        f"{target_id} RebuildHoleExposeDie HoleMaxHealth",
    )
    fade = _number_field(
        amap.get("fadeintimeseconds"),
        f"{target_id} RebuildHoleExposeDie FadeInTimeSeconds",
    )
    if health is None or float(health["value"]) <= 0:
        raise ModuleContractError(
            f"{target_id} RebuildHoleExposeDie HoleMaxHealth must be positive"
        )
    if fade is None or float(fade["value"]) < 0:
        raise ModuleContractError(
            f"{target_id} RebuildHoleExposeDie FadeInTimeSeconds must be non-negative"
        )
>   transfer = _yes_no_field(
        amap.get("transferattackers"),
        f"{target_id} RebuildHoleExposeDie TransferAttackers",
    )
E   openbfme_importer.module_contracts.ModuleContractError: AngForStronghold QueueProductionExitUpdate ExitDelay define is unresolved: STANDARD_HORDE_EXIT_DELAY

importer\openbfme_importer\module_contracts.py:4153: ModuleContractError

The above exception was the direct cause of the following exception:

documents = {'data/ini/aidata.ini': b'AIData\r\n; set the values in ini/default/aidata.ini for now.\r\nEnd\r\n', 'data/ini/ambient...tn Settings/CustomSettings\r\n\t;\r\n\tButtonMap = Skirmish/ProfileNav/bttn Skirmish/ProfileMenu/bttn\r\nEND\r\n', ...}
raw = {'cine_eagle_takeoff': SageObject(kind='Object', name='CINE_Eagle_Takeoff', parent=None, items=(SageBlock(kind='W3DScr...70, has_equals=True)), ordinal=3, source_virtual_path='data/ini/object/cinematic/cinematicobjects.ini', line=290), ...}
index = {'cine_eagle_takeoff': ObjectTypeInfo(name='CINE_Eagle_Takeoff', definition='Object', kind_of=('CAN_CAST_REFLECTIONS',...or', 'SlowDeathBehavior', 'SquishCollide'), source_virtual_path='data/ini/object/cinematic/cinematicobjects.ini'), ...}
defines = {'campness_default': 2000, 'campness_fortress': 3000, 'campness_fortress_expansion': 700, 'campness_wall': 1, ...}
catalog = <openbfme_importer.catalog.InstallCatalog object at 0x0000018EE33281D0>

    @pytest.fixture(scope="module")
    def fixtures_by_map(documents, raw, index, defines, catalog):
        return {
>           virtual_path: build_map_fixtures(
                documents,
                _parse_map(catalog, virtual_path).objects,
                raw=raw,
                index=index,
                defines=defines,
                game="rotwk",
            )
            for virtual_path in EXPECTED_ROLE_COUNTS
        }

importer\tests\test_castle_fixtures_oracle.py:138: 
_ _ _ _ _ _ _ _ _ _ _ _ _ _ _ _ _ _ _ _ _ _ _ _ _ _ _ _ _ _ _ _ _ _ _ _ _ _ _ _
importer\openbfme_importer\castle_fixtures.py:502: in build_map_fixtures
    descriptors[folded] = compile_map_object_descriptor(
_ _ _ _ _ _ _ _ _ _ _ _ _ _ _ _ _ _ _ _ _ _ _ _ _ _ _ _ _ _ _ _ _ _ _ _ _ _ _ _

type_name = 'AngForStronghold'
documents = {'data/ini/aidata.ini': b'AIData\r\n; set the values in ini/default/aidata.ini for now.\r\nEnd\r\n', 'data/ini/ambient...tn Settings/CustomSettings\r\n\t;\r\n\tButtonMap = Skirmish/ProfileNav/bttn Skirmish/ProfileMenu/bttn\r\nEND\r\n', ...}
raw = {'cine_eagle_takeoff': SageObject(kind='Object', name='CINE_Eagle_Takeoff', parent=None, items=(SageBlock(kind='W3DScr...70, has_equals=True)), ordinal=3, source_virtual_path='data/ini/object/cinematic/cinematicobjects.ini', line=290), ...}
defines = {'campness_default': 2000, 'campness_fortress': 3000, 'campness_fortress_expansion': 700, 'campness_wall': 1, ...}
game = 'rotwk'

    def compile_map_object_descriptor(
        type_name: str,
        documents: Mapping[str, bytes],
        *,
        raw: Mapping[str, Any] | None = None,
        defines: Mapping[str, int | float] | None = None,
        game: str = "bfme2",
    ) -> dict[str, Any]:
        """Compile one map-referenced object type into a descriptor document.
    
        The descriptor carries the authored health, armor, geometry and module
        contracts exactly as the playable compilers extract them; no production
        routes are required because map objects are placed, never constructed.
        """
    
        if raw is None:
            try:
                raw = _object_index(documents)
            except PlayableUnitCompilerError as exc:
                raise CastleFixturesError(str(exc)) from exc
        if defines is None:
            try:
                defines = _numeric_defines(documents)
            except PlayableUnitCompilerError as exc:
                raise CastleFixturesError(str(exc)) from exc
        item, ancestry = _compile_lineage(type_name, raw)
        try:
            health = _health_contract(ancestry, defines, item.name)
        except PlayableStructureCompilerError as exc:
            raise CastleFixturesError(str(exc)) from exc
        try:
            armor = compile_armor_contract(documents, ancestry, game=game)
        except ArmorCompilerError as exc:
            raise CastleFixturesError(str(exc)) from exc
        geometry = _geometry_contract(ancestry, defines)
        try:
            modules = compile_all_module_contracts(ancestry, item.name)
        except ModuleContractError as exc:
>           raise CastleFixturesError(str(exc)) from exc
E           openbfme_importer.castle_fixtures.CastleFixturesError: AngForStronghold QueueProductionExitUpdate ExitDelay define is unresolved: STANDARD_HORDE_EXIT_DELAY

importer\openbfme_importer\castle_fixtures.py:182: CastleFixturesError
_ ERROR at setup of test_fixture_seed_disposition_matches_oracle[maps/map wor dol guldur/map wor dol guldur.map] _

type_name = 'AngForStronghold'
documents = {'data/ini/aidata.ini': b'AIData\r\n; set the values in ini/default/aidata.ini for now.\r\nEnd\r\n', 'data/ini/ambient...tn Settings/CustomSettings\r\n\t;\r\n\tButtonMap = Skirmish/ProfileNav/bttn Skirmish/ProfileMenu/bttn\r\nEND\r\n', ...}
raw = {'cine_eagle_takeoff': SageObject(kind='Object', name='CINE_Eagle_Takeoff', parent=None, items=(SageBlock(kind='W3DScr...70, has_equals=True)), ordinal=3, source_virtual_path='data/ini/object/cinematic/cinematicobjects.ini', line=290), ...}
defines = {'campness_default': 2000, 'campness_fortress': 3000, 'campness_fortress_expansion': 700, 'campness_wall': 1, ...}
game = 'rotwk'

    def compile_map_object_descriptor(
        type_name: str,
        documents: Mapping[str, bytes],
        *,
        raw: Mapping[str, Any] | None = None,
        defines: Mapping[str, int | float] | None = None,
        game: str = "bfme2",
    ) -> dict[str, Any]:
        """Compile one map-referenced object type into a descriptor document.
    
        The descriptor carries the authored health, armor, geometry and module
        contracts exactly as the playable compilers extract them; no production
        routes are required because map objects are placed, never constructed.
        """
    
        if raw is None:
            try:
                raw = _object_index(documents)
            except PlayableUnitCompilerError as exc:
                raise CastleFixturesError(str(exc)) from exc
        if defines is None:
            try:
                defines = _numeric_defines(documents)
            except PlayableUnitCompilerError as exc:
                raise CastleFixturesError(str(exc)) from exc
        item, ancestry = _compile_lineage(type_name, raw)
        try:
            health = _health_contract(ancestry, defines, item.name)
        except PlayableStructureCompilerError as exc:
            raise CastleFixturesError(str(exc)) from exc
        try:
            armor = compile_armor_contract(documents, ancestry, game=game)
        except ArmorCompilerError as exc:
            raise CastleFixturesError(str(exc)) from exc
        geometry = _geometry_contract(ancestry, defines)
        try:
>           modules = compile_all_module_contracts(ancestry, item.name)
                      ^^^^^^^^^^^^^^^^^^^^^^^^^^^^^^^^^^^^^^^^^^^^^^^^^

importer\openbfme_importer\castle_fixtures.py:180: 
_ _ _ _ _ _ _ _ _ _ _ _ _ _ _ _ _ _ _ _ _ _ _ _ _ _ _ _ _ _ _ _ _ _ _ _ _ _ _ _
importer\openbfme_importer\module_contracts.py:8460: in compile_all_module_contracts
    raise ModuleContractError(
importer\openbfme_importer\module_contracts.py:4203: in compile_queue_production_exit_updates
    r"\s*(\d+(?:\.\d*)?|\.\d+)\s*(%)?\s*", assignment.value
        ^^^^^^^^^^^^^^^^^^^^^^^^^^^^^^^^^^^^^^^^^^^^^^^^^^^^
_ _ _ _ _ _ _ _ _ _ _ _ _ _ _ _ _ _ _ _ _ _ _ _ _ _ _ _ _ _ _ _ _ _ _ _ _ _ _ _

assignment = SageAssignment(key='ExitDelay', value='STANDARD_HORDE_EXIT_DELAY', ordinal=2, key_ordinal=0, item_ordinal=2, source_virtual_path='data/ini/object/civilian/angfornostbuildings.ini', line=241, has_equals=True)
target_id = 'AngForStronghold', numeric_defines = None
numeric_define_provenance = None

        raise ModuleContractError(
            f"{target_id} RebuildHoleExposeDie requires ExemptStatus tokens"
        )
    hole = _required_identifier_field(
        amap.get("holename"), f"{target_id} RebuildHoleExposeDie HoleName"
    )
    health = _number_field(
        amap.get("holemaxhealth"),
        f"{target_id} RebuildHoleExposeDie HoleMaxHealth",
    )
    fade = _number_field(
        amap.get("fadeintimeseconds"),
        f"{target_id} RebuildHoleExposeDie FadeInTimeSeconds",
    )
    if health is None or float(health["value"]) <= 0:
        raise ModuleContractError(
            f"{target_id} RebuildHoleExposeDie HoleMaxHealth must be positive"
        )
    if fade is None or float(fade["value"]) < 0:
        raise ModuleContractError(
            f"{target_id} RebuildHoleExposeDie FadeInTimeSeconds must be non-negative"
        )
>   transfer = _yes_no_field(
        amap.get("transferattackers"),
        f"{target_id} RebuildHoleExposeDie TransferAttackers",
    )
E   openbfme_importer.module_contracts.ModuleContractError: AngForStronghold QueueProductionExitUpdate ExitDelay define is unresolved: STANDARD_HORDE_EXIT_DELAY

importer\openbfme_importer\module_contracts.py:4153: ModuleContractError

The above exception was the direct cause of the following exception:

documents = {'data/ini/aidata.ini': b'AIData\r\n; set the values in ini/default/aidata.ini for now.\r\nEnd\r\n', 'data/ini/ambient...tn Settings/CustomSettings\r\n\t;\r\n\tButtonMap = Skirmish/ProfileNav/bttn Skirmish/ProfileMenu/bttn\r\nEND\r\n', ...}
raw = {'cine_eagle_takeoff': SageObject(kind='Object', name='CINE_Eagle_Takeoff', parent=None, items=(SageBlock(kind='W3DScr...70, has_equals=True)), ordinal=3, source_virtual_path='data/ini/object/cinematic/cinematicobjects.ini', line=290), ...}
index = {'cine_eagle_takeoff': ObjectTypeInfo(name='CINE_Eagle_Takeoff', definition='Object', kind_of=('CAN_CAST_REFLECTIONS',...or', 'SlowDeathBehavior', 'SquishCollide'), source_virtual_path='data/ini/object/cinematic/cinematicobjects.ini'), ...}
defines = {'campness_default': 2000, 'campness_fortress': 3000, 'campness_fortress_expansion': 700, 'campness_wall': 1, ...}
catalog = <openbfme_importer.catalog.InstallCatalog object at 0x0000018EE33281D0>

    @pytest.fixture(scope="module")
    def fixtures_by_map(documents, raw, index, defines, catalog):
        return {
>           virtual_path: build_map_fixtures(
                documents,
                _parse_map(catalog, virtual_path).objects,
                raw=raw,
                index=index,
                defines=defines,
                game="rotwk",
            )
            for virtual_path in EXPECTED_ROLE_COUNTS
        }

importer\tests\test_castle_fixtures_oracle.py:138: 
_ _ _ _ _ _ _ _ _ _ _ _ _ _ _ _ _ _ _ _ _ _ _ _ _ _ _ _ _ _ _ _ _ _ _ _ _ _ _ _
importer\openbfme_importer\castle_fixtures.py:502: in build_map_fixtures
    descriptors[folded] = compile_map_object_descriptor(
_ _ _ _ _ _ _ _ _ _ _ _ _ _ _ _ _ _ _ _ _ _ _ _ _ _ _ _ _ _ _ _ _ _ _ _ _ _ _ _

type_name = 'AngForStronghold'
documents = {'data/ini/aidata.ini': b'AIData\r\n; set the values in ini/default/aidata.ini for now.\r\nEnd\r\n', 'data/ini/ambient...tn Settings/CustomSettings\r\n\t;\r\n\tButtonMap = Skirmish/ProfileNav/bttn Skirmish/ProfileMenu/bttn\r\nEND\r\n', ...}
raw = {'cine_eagle_takeoff': SageObject(kind='Object', name='CINE_Eagle_Takeoff', parent=None, items=(SageBlock(kind='W3DScr...70, has_equals=True)), ordinal=3, source_virtual_path='data/ini/object/cinematic/cinematicobjects.ini', line=290), ...}
defines = {'campness_default': 2000, 'campness_fortress': 3000, 'campness_fortress_expansion': 700, 'campness_wall': 1, ...}
game = 'rotwk'

    def compile_map_object_descriptor(
        type_name: str,
        documents: Mapping[str, bytes],
        *,
        raw: Mapping[str, Any] | None = None,
        defines: Mapping[str, int | float] | None = None,
        game: str = "bfme2",
    ) -> dict[str, Any]:
        """Compile one map-referenced object type into a descriptor document.
    
        The descriptor carries the authored health, armor, geometry and module
        contracts exactly as the playable compilers extract them; no production
        routes are required because map objects are placed, never constructed.
        """
    
        if raw is None:
            try:
                raw = _object_index(documents)
            except PlayableUnitCompilerError as exc:
                raise CastleFixturesError(str(exc)) from exc
        if defines is None:
            try:
                defines = _numeric_defines(documents)
            except PlayableUnitCompilerError as exc:
                raise CastleFixturesError(str(exc)) from exc
        item, ancestry = _compile_lineage(type_name, raw)
        try:
            health = _health_contract(ancestry, defines, item.name)
        except PlayableStructureCompilerError as exc:
            raise CastleFixturesError(str(exc)) from exc
        try:
            armor = compile_armor_contract(documents, ancestry, game=game)
        except ArmorCompilerError as exc:
            raise CastleFixturesError(str(exc)) from exc
        geometry = _geometry_contract(ancestry, defines)
        try:
            modules = compile_all_module_contracts(ancestry, item.name)
        except ModuleContractError as exc:
>           raise CastleFixturesError(str(exc)) from exc
E           openbfme_importer.castle_fixtures.CastleFixturesError: AngForStronghold QueueProductionExitUpdate ExitDelay define is unresolved: STANDARD_HORDE_EXIT_DELAY

importer\openbfme_importer\castle_fixtures.py:182: CastleFixturesError
_ ERROR at setup of test_fixture_seed_disposition_matches_oracle[maps/map wor erebor/map wor erebor.map] _

type_name = 'AngForStronghold'
documents = {'data/ini/aidata.ini': b'AIData\r\n; set the values in ini/default/aidata.ini for now.\r\nEnd\r\n', 'data/ini/ambient...tn Settings/CustomSettings\r\n\t;\r\n\tButtonMap = Skirmish/ProfileNav/bttn Skirmish/ProfileMenu/bttn\r\nEND\r\n', ...}
raw = {'cine_eagle_takeoff': SageObject(kind='Object', name='CINE_Eagle_Takeoff', parent=None, items=(SageBlock(kind='W3DScr...70, has_equals=True)), ordinal=3, source_virtual_path='data/ini/object/cinematic/cinematicobjects.ini', line=290), ...}
defines = {'campness_default': 2000, 'campness_fortress': 3000, 'campness_fortress_expansion': 700, 'campness_wall': 1, ...}
game = 'rotwk'

    def compile_map_object_descriptor(
        type_name: str,
        documents: Mapping[str, bytes],
        *,
        raw: Mapping[str, Any] | None = None,
        defines: Mapping[str, int | float] | None = None,
        game: str = "bfme2",
    ) -> dict[str, Any]:
        """Compile one map-referenced object type into a descriptor document.
    
        The descriptor carries the authored health, armor, geometry and module
        contracts exactly as the playable compilers extract them; no production
        routes are required because map objects are placed, never constructed.
        """
    
        if raw is None:
            try:
                raw = _object_index(documents)
            except PlayableUnitCompilerError as exc:
                raise CastleFixturesError(str(exc)) from exc
        if defines is None:
            try:
                defines = _numeric_defines(documents)
            except PlayableUnitCompilerError as exc:
                raise CastleFixturesError(str(exc)) from exc
        item, ancestry = _compile_lineage(type_name, raw)
        try:
            health = _health_contract(ancestry, defines, item.name)
        except PlayableStructureCompilerError as exc:
            raise CastleFixturesError(str(exc)) from exc
        try:
            armor = compile_armor_contract(documents, ancestry, game=game)
        except ArmorCompilerError as exc:
            raise CastleFixturesError(str(exc)) from exc
        geometry = _geometry_contract(ancestry, defines)
        try:
>           modules = compile_all_module_contracts(ancestry, item.name)
                      ^^^^^^^^^^^^^^^^^^^^^^^^^^^^^^^^^^^^^^^^^^^^^^^^^

importer\openbfme_importer\castle_fixtures.py:180: 
_ _ _ _ _ _ _ _ _ _ _ _ _ _ _ _ _ _ _ _ _ _ _ _ _ _ _ _ _ _ _ _ _ _ _ _ _ _ _ _
importer\openbfme_importer\module_contracts.py:8460: in compile_all_module_contracts
    raise ModuleContractError(
importer\openbfme_importer\module_contracts.py:4203: in compile_queue_production_exit_updates
    r"\s*(\d+(?:\.\d*)?|\.\d+)\s*(%)?\s*", assignment.value
        ^^^^^^^^^^^^^^^^^^^^^^^^^^^^^^^^^^^^^^^^^^^^^^^^^^^^
_ _ _ _ _ _ _ _ _ _ _ _ _ _ _ _ _ _ _ _ _ _ _ _ _ _ _ _ _ _ _ _ _ _ _ _ _ _ _ _

assignment = SageAssignment(key='ExitDelay', value='STANDARD_HORDE_EXIT_DELAY', ordinal=2, key_ordinal=0, item_ordinal=2, source_virtual_path='data/ini/object/civilian/angfornostbuildings.ini', line=241, has_equals=True)
target_id = 'AngForStronghold', numeric_defines = None
numeric_define_provenance = None

        raise ModuleContractError(
            f"{target_id} RebuildHoleExposeDie requires ExemptStatus tokens"
        )
    hole = _required_identifier_field(
        amap.get("holename"), f"{target_id} RebuildHoleExposeDie HoleName"
    )
    health = _number_field(
        amap.get("holemaxhealth"),
        f"{target_id} RebuildHoleExposeDie HoleMaxHealth",
    )
    fade = _number_field(
        amap.get("fadeintimeseconds"),
        f"{target_id} RebuildHoleExposeDie FadeInTimeSeconds",
    )
    if health is None or float(health["value"]) <= 0:
        raise ModuleContractError(
            f"{target_id} RebuildHoleExposeDie HoleMaxHealth must be positive"
        )
    if fade is None or float(fade["value"]) < 0:
        raise ModuleContractError(
            f"{target_id} RebuildHoleExposeDie FadeInTimeSeconds must be non-negative"
        )
>   transfer = _yes_no_field(
        amap.get("transferattackers"),
        f"{target_id} RebuildHoleExposeDie TransferAttackers",
    )
E   openbfme_importer.module_contracts.ModuleContractError: AngForStronghold QueueProductionExitUpdate ExitDelay define is unresolved: STANDARD_HORDE_EXIT_DELAY

importer\openbfme_importer\module_contracts.py:4153: ModuleContractError

The above exception was the direct cause of the following exception:

documents = {'data/ini/aidata.ini': b'AIData\r\n; set the values in ini/default/aidata.ini for now.\r\nEnd\r\n', 'data/ini/ambient...tn Settings/CustomSettings\r\n\t;\r\n\tButtonMap = Skirmish/ProfileNav/bttn Skirmish/ProfileMenu/bttn\r\nEND\r\n', ...}
raw = {'cine_eagle_takeoff': SageObject(kind='Object', name='CINE_Eagle_Takeoff', parent=None, items=(SageBlock(kind='W3DScr...70, has_equals=True)), ordinal=3, source_virtual_path='data/ini/object/cinematic/cinematicobjects.ini', line=290), ...}
index = {'cine_eagle_takeoff': ObjectTypeInfo(name='CINE_Eagle_Takeoff', definition='Object', kind_of=('CAN_CAST_REFLECTIONS',...or', 'SlowDeathBehavior', 'SquishCollide'), source_virtual_path='data/ini/object/cinematic/cinematicobjects.ini'), ...}
defines = {'campness_default': 2000, 'campness_fortress': 3000, 'campness_fortress_expansion': 700, 'campness_wall': 1, ...}
catalog = <openbfme_importer.catalog.InstallCatalog object at 0x0000018EE33281D0>

    @pytest.fixture(scope="module")
    def fixtures_by_map(documents, raw, index, defines, catalog):
        return {
>           virtual_path: build_map_fixtures(
                documents,
                _parse_map(catalog, virtual_path).objects,
                raw=raw,
                index=index,
                defines=defines,
                game="rotwk",
            )
            for virtual_path in EXPECTED_ROLE_COUNTS
        }

importer\tests\test_castle_fixtures_oracle.py:138: 
_ _ _ _ _ _ _ _ _ _ _ _ _ _ _ _ _ _ _ _ _ _ _ _ _ _ _ _ _ _ _ _ _ _ _ _ _ _ _ _
importer\openbfme_importer\castle_fixtures.py:502: in build_map_fixtures
    descriptors[folded] = compile_map_object_descriptor(
_ _ _ _ _ _ _ _ _ _ _ _ _ _ _ _ _ _ _ _ _ _ _ _ _ _ _ _ _ _ _ _ _ _ _ _ _ _ _ _

type_name = 'AngForStronghold'
documents = {'data/ini/aidata.ini': b'AIData\r\n; set the values in ini/default/aidata.ini for now.\r\nEnd\r\n', 'data/ini/ambient...tn Settings/CustomSettings\r\n\t;\r\n\tButtonMap = Skirmish/ProfileNav/bttn Skirmish/ProfileMenu/bttn\r\nEND\r\n', ...}
raw = {'cine_eagle_takeoff': SageObject(kind='Object', name='CINE_Eagle_Takeoff', parent=None, items=(SageBlock(kind='W3DScr...70, has_equals=True)), ordinal=3, source_virtual_path='data/ini/object/cinematic/cinematicobjects.ini', line=290), ...}
defines = {'campness_default': 2000, 'campness_fortress': 3000, 'campness_fortress_expansion': 700, 'campness_wall': 1, ...}
game = 'rotwk'

    def compile_map_object_descriptor(
        type_name: str,
        documents: Mapping[str, bytes],
        *,
        raw: Mapping[str, Any] | None = None,
        defines: Mapping[str, int | float] | None = None,
        game: str = "bfme2",
    ) -> dict[str, Any]:
        """Compile one map-referenced object type into a descriptor document.
    
        The descriptor carries the authored health, armor, geometry and module
        contracts exactly as the playable compilers extract them; no production
        routes are required because map objects are placed, never constructed.
        """
    
        if raw is None:
            try:
                raw = _object_index(documents)
            except PlayableUnitCompilerError as exc:
                raise CastleFixturesError(str(exc)) from exc
        if defines is None:
            try:
                defines = _numeric_defines(documents)
            except PlayableUnitCompilerError as exc:
                raise CastleFixturesError(str(exc)) from exc
        item, ancestry = _compile_lineage(type_name, raw)
        try:
            health = _health_contract(ancestry, defines, item.name)
        except PlayableStructureCompilerError as exc:
            raise CastleFixturesError(str(exc)) from exc
        try:
            armor = compile_armor_contract(documents, ancestry, game=game)
        except ArmorCompilerError as exc:
            raise CastleFixturesError(str(exc)) from exc
        geometry = _geometry_contract(ancestry, defines)
        try:
            modules = compile_all_module_contracts(ancestry, item.name)
        except ModuleContractError as exc:
>           raise CastleFixturesError(str(exc)) from exc
E           openbfme_importer.castle_fixtures.CastleFixturesError: AngForStronghold QueueProductionExitUpdate ExitDelay define is unresolved: STANDARD_HORDE_EXIT_DELAY

importer\openbfme_importer\castle_fixtures.py:182: CastleFixturesError
_ ERROR at setup of test_fixture_seed_disposition_matches_oracle[maps/map wor grey havens/map wor grey havens.map] _

type_name = 'AngForStronghold'
documents = {'data/ini/aidata.ini': b'AIData\r\n; set the values in ini/default/aidata.ini for now.\r\nEnd\r\n', 'data/ini/ambient...tn Settings/CustomSettings\r\n\t;\r\n\tButtonMap = Skirmish/ProfileNav/bttn Skirmish/ProfileMenu/bttn\r\nEND\r\n', ...}
raw = {'cine_eagle_takeoff': SageObject(kind='Object', name='CINE_Eagle_Takeoff', parent=None, items=(SageBlock(kind='W3DScr...70, has_equals=True)), ordinal=3, source_virtual_path='data/ini/object/cinematic/cinematicobjects.ini', line=290), ...}
defines = {'campness_default': 2000, 'campness_fortress': 3000, 'campness_fortress_expansion': 700, 'campness_wall': 1, ...}
game = 'rotwk'

    def compile_map_object_descriptor(
        type_name: str,
        documents: Mapping[str, bytes],
        *,
        raw: Mapping[str, Any] | None = None,
        defines: Mapping[str, int | float] | None = None,
        game: str = "bfme2",
    ) -> dict[str, Any]:
        """Compile one map-referenced object type into a descriptor document.
    
        The descriptor carries the authored health, armor, geometry and module
        contracts exactly as the playable compilers extract them; no production
        routes are required because map objects are placed, never constructed.
        """
    
        if raw is None:
            try:
                raw = _object_index(documents)
            except PlayableUnitCompilerError as exc:
                raise CastleFixturesError(str(exc)) from exc
        if defines is None:
            try:
                defines = _numeric_defines(documents)
            except PlayableUnitCompilerError as exc:
                raise CastleFixturesError(str(exc)) from exc
        item, ancestry = _compile_lineage(type_name, raw)
        try:
            health = _health_contract(ancestry, defines, item.name)
        except PlayableStructureCompilerError as exc:
            raise CastleFixturesError(str(exc)) from exc
        try:
            armor = compile_armor_contract(documents, ancestry, game=game)
        except ArmorCompilerError as exc:
            raise CastleFixturesError(str(exc)) from exc
        geometry = _geometry_contract(ancestry, defines)
        try:
>           modules = compile_all_module_contracts(ancestry, item.name)
                      ^^^^^^^^^^^^^^^^^^^^^^^^^^^^^^^^^^^^^^^^^^^^^^^^^

importer\openbfme_importer\castle_fixtures.py:180: 
_ _ _ _ _ _ _ _ _ _ _ _ _ _ _ _ _ _ _ _ _ _ _ _ _ _ _ _ _ _ _ _ _ _ _ _ _ _ _ _
importer\openbfme_importer\module_contracts.py:8460: in compile_all_module_contracts
    raise ModuleContractError(
importer\openbfme_importer\module_contracts.py:4203: in compile_queue_production_exit_updates
    r"\s*(\d+(?:\.\d*)?|\.\d+)\s*(%)?\s*", assignment.value
        ^^^^^^^^^^^^^^^^^^^^^^^^^^^^^^^^^^^^^^^^^^^^^^^^^^^^
_ _ _ _ _ _ _ _ _ _ _ _ _ _ _ _ _ _ _ _ _ _ _ _ _ _ _ _ _ _ _ _ _ _ _ _ _ _ _ _

assignment = SageAssignment(key='ExitDelay', value='STANDARD_HORDE_EXIT_DELAY', ordinal=2, key_ordinal=0, item_ordinal=2, source_virtual_path='data/ini/object/civilian/angfornostbuildings.ini', line=241, has_equals=True)
target_id = 'AngForStronghold', numeric_defines = None
numeric_define_provenance = None

        raise ModuleContractError(
            f"{target_id} RebuildHoleExposeDie requires ExemptStatus tokens"
        )
    hole = _required_identifier_field(
        amap.get("holename"), f"{target_id} RebuildHoleExposeDie HoleName"
    )
    health = _number_field(
        amap.get("holemaxhealth"),
        f"{target_id} RebuildHoleExposeDie HoleMaxHealth",
    )
    fade = _number_field(
        amap.get("fadeintimeseconds"),
        f"{target_id} RebuildHoleExposeDie FadeInTimeSeconds",
    )
    if health is None or float(health["value"]) <= 0:
        raise ModuleContractError(
            f"{target_id} RebuildHoleExposeDie HoleMaxHealth must be positive"
        )
    if fade is None or float(fade["value"]) < 0:
        raise ModuleContractError(
            f"{target_id} RebuildHoleExposeDie FadeInTimeSeconds must be non-negative"
        )
>   transfer = _yes_no_field(
        amap.get("transferattackers"),
        f"{target_id} RebuildHoleExposeDie TransferAttackers",
    )
E   openbfme_importer.module_contracts.ModuleContractError: AngForStronghold QueueProductionExitUpdate ExitDelay define is unresolved: STANDARD_HORDE_EXIT_DELAY

importer\openbfme_importer\module_contracts.py:4153: ModuleContractError

The above exception was the direct cause of the following exception:

documents = {'data/ini/aidata.ini': b'AIData\r\n; set the values in ini/default/aidata.ini for now.\r\nEnd\r\n', 'data/ini/ambient...tn Settings/CustomSettings\r\n\t;\r\n\tButtonMap = Skirmish/ProfileNav/bttn Skirmish/ProfileMenu/bttn\r\nEND\r\n', ...}
raw = {'cine_eagle_takeoff': SageObject(kind='Object', name='CINE_Eagle_Takeoff', parent=None, items=(SageBlock(kind='W3DScr...70, has_equals=True)), ordinal=3, source_virtual_path='data/ini/object/cinematic/cinematicobjects.ini', line=290), ...}
index = {'cine_eagle_takeoff': ObjectTypeInfo(name='CINE_Eagle_Takeoff', definition='Object', kind_of=('CAN_CAST_REFLECTIONS',...or', 'SlowDeathBehavior', 'SquishCollide'), source_virtual_path='data/ini/object/cinematic/cinematicobjects.ini'), ...}
defines = {'campness_default': 2000, 'campness_fortress': 3000, 'campness_fortress_expansion': 700, 'campness_wall': 1, ...}
catalog = <openbfme_importer.catalog.InstallCatalog object at 0x0000018EE33281D0>

    @pytest.fixture(scope="module")
    def fixtures_by_map(documents, raw, index, defines, catalog):
        return {
>           virtual_path: build_map_fixtures(
                documents,
                _parse_map(catalog, virtual_path).objects,
                raw=raw,
                index=index,
                defines=defines,
                game="rotwk",
            )
            for virtual_path in EXPECTED_ROLE_COUNTS
        }

importer\tests\test_castle_fixtures_oracle.py:138: 
_ _ _ _ _ _ _ _ _ _ _ _ _ _ _ _ _ _ _ _ _ _ _ _ _ _ _ _ _ _ _ _ _ _ _ _ _ _ _ _
importer\openbfme_importer\castle_fixtures.py:502: in build_map_fixtures
    descriptors[folded] = compile_map_object_descriptor(
_ _ _ _ _ _ _ _ _ _ _ _ _ _ _ _ _ _ _ _ _ _ _ _ _ _ _ _ _ _ _ _ _ _ _ _ _ _ _ _

type_name = 'AngForStronghold'
documents = {'data/ini/aidata.ini': b'AIData\r\n; set the values in ini/default/aidata.ini for now.\r\nEnd\r\n', 'data/ini/ambient...tn Settings/CustomSettings\r\n\t;\r\n\tButtonMap = Skirmish/ProfileNav/bttn Skirmish/ProfileMenu/bttn\r\nEND\r\n', ...}
raw = {'cine_eagle_takeoff': SageObject(kind='Object', name='CINE_Eagle_Takeoff', parent=None, items=(SageBlock(kind='W3DScr...70, has_equals=True)), ordinal=3, source_virtual_path='data/ini/object/cinematic/cinematicobjects.ini', line=290), ...}
defines = {'campness_default': 2000, 'campness_fortress': 3000, 'campness_fortress_expansion': 700, 'campness_wall': 1, ...}
game = 'rotwk'

    def compile_map_object_descriptor(
        type_name: str,
        documents: Mapping[str, bytes],
        *,
        raw: Mapping[str, Any] | None = None,
        defines: Mapping[str, int | float] | None = None,
        game: str = "bfme2",
    ) -> dict[str, Any]:
        """Compile one map-referenced object type into a descriptor document.
    
        The descriptor carries the authored health, armor, geometry and module
        contracts exactly as the playable compilers extract them; no production
        routes are required because map objects are placed, never constructed.
        """
    
        if raw is None:
            try:
                raw = _object_index(documents)
            except PlayableUnitCompilerError as exc:
                raise CastleFixturesError(str(exc)) from exc
        if defines is None:
            try:
                defines = _numeric_defines(documents)
            except PlayableUnitCompilerError as exc:
                raise CastleFixturesError(str(exc)) from exc
        item, ancestry = _compile_lineage(type_name, raw)
        try:
            health = _health_contract(ancestry, defines, item.name)
        except PlayableStructureCompilerError as exc:
            raise CastleFixturesError(str(exc)) from exc
        try:
            armor = compile_armor_contract(documents, ancestry, game=game)
        except ArmorCompilerError as exc:
            raise CastleFixturesError(str(exc)) from exc
        geometry = _geometry_contract(ancestry, defines)
        try:
            modules = compile_all_module_contracts(ancestry, item.name)
        except ModuleContractError as exc:
>           raise CastleFixturesError(str(exc)) from exc
E           openbfme_importer.castle_fixtures.CastleFixturesError: AngForStronghold QueueProductionExitUpdate ExitDelay define is unresolved: STANDARD_HORDE_EXIT_DELAY

importer\openbfme_importer\castle_fixtures.py:182: CastleFixturesError
_ ERROR at setup of test_fixture_seed_disposition_matches_oracle[maps/map wor helms deep/map wor helms deep.map] _

type_name = 'AngForStronghold'
documents = {'data/ini/aidata.ini': b'AIData\r\n; set the values in ini/default/aidata.ini for now.\r\nEnd\r\n', 'data/ini/ambient...tn Settings/CustomSettings\r\n\t;\r\n\tButtonMap = Skirmish/ProfileNav/bttn Skirmish/ProfileMenu/bttn\r\nEND\r\n', ...}
raw = {'cine_eagle_takeoff': SageObject(kind='Object', name='CINE_Eagle_Takeoff', parent=None, items=(SageBlock(kind='W3DScr...70, has_equals=True)), ordinal=3, source_virtual_path='data/ini/object/cinematic/cinematicobjects.ini', line=290), ...}
defines = {'campness_default': 2000, 'campness_fortress': 3000, 'campness_fortress_expansion': 700, 'campness_wall': 1, ...}
game = 'rotwk'

    def compile_map_object_descriptor(
        type_name: str,
        documents: Mapping[str, bytes],
        *,
        raw: Mapping[str, Any] | None = None,
        defines: Mapping[str, int | float] | None = None,
        game: str = "bfme2",
    ) -> dict[str, Any]:
        """Compile one map-referenced object type into a descriptor document.
    
        The descriptor carries the authored health, armor, geometry and module
        contracts exactly as the playable compilers extract them; no production
        routes are required because map objects are placed, never constructed.
        """
    
        if raw is None:
            try:
                raw = _object_index(documents)
            except PlayableUnitCompilerError as exc:
                raise CastleFixturesError(str(exc)) from exc
        if defines is None:
            try:
                defines = _numeric_defines(documents)
            except PlayableUnitCompilerError as exc:
                raise CastleFixturesError(str(exc)) from exc
        item, ancestry = _compile_lineage(type_name, raw)
        try:
            health = _health_contract(ancestry, defines, item.name)
        except PlayableStructureCompilerError as exc:
            raise CastleFixturesError(str(exc)) from exc
        try:
            armor = compile_armor_contract(documents, ancestry, game=game)
        except ArmorCompilerError as exc:
            raise CastleFixturesError(str(exc)) from exc
        geometry = _geometry_contract(ancestry, defines)
        try:
>           modules = compile_all_module_contracts(ancestry, item.name)
                      ^^^^^^^^^^^^^^^^^^^^^^^^^^^^^^^^^^^^^^^^^^^^^^^^^

importer\openbfme_importer\castle_fixtures.py:180: 
_ _ _ _ _ _ _ _ _ _ _ _ _ _ _ _ _ _ _ _ _ _ _ _ _ _ _ _ _ _ _ _ _ _ _ _ _ _ _ _
importer\openbfme_importer\module_contracts.py:8460: in compile_all_module_contracts
    raise ModuleContractError(
importer\openbfme_importer\module_contracts.py:4203: in compile_queue_production_exit_updates
    r"\s*(\d+(?:\.\d*)?|\.\d+)\s*(%)?\s*", assignment.value
        ^^^^^^^^^^^^^^^^^^^^^^^^^^^^^^^^^^^^^^^^^^^^^^^^^^^^
_ _ _ _ _ _ _ _ _ _ _ _ _ _ _ _ _ _ _ _ _ _ _ _ _ _ _ _ _ _ _ _ _ _ _ _ _ _ _ _

assignment = SageAssignment(key='ExitDelay', value='STANDARD_HORDE_EXIT_DELAY', ordinal=2, key_ordinal=0, item_ordinal=2, source_virtual_path='data/ini/object/civilian/angfornostbuildings.ini', line=241, has_equals=True)
target_id = 'AngForStronghold', numeric_defines = None
numeric_define_provenance = None

        raise ModuleContractError(
            f"{target_id} RebuildHoleExposeDie requires ExemptStatus tokens"
        )
    hole = _required_identifier_field(
        amap.get("holename"), f"{target_id} RebuildHoleExposeDie HoleName"
    )
    health = _number_field(
        amap.get("holemaxhealth"),
        f"{target_id} RebuildHoleExposeDie HoleMaxHealth",
    )
    fade = _number_field(
        amap.get("fadeintimeseconds"),
        f"{target_id} RebuildHoleExposeDie FadeInTimeSeconds",
    )
    if health is None or float(health["value"]) <= 0:
        raise ModuleContractError(
            f"{target_id} RebuildHoleExposeDie HoleMaxHealth must be positive"
        )
    if fade is None or float(fade["value"]) < 0:
        raise ModuleContractError(
            f"{target_id} RebuildHoleExposeDie FadeInTimeSeconds must be non-negative"
        )
>   transfer = _yes_no_field(
        amap.get("transferattackers"),
        f"{target_id} RebuildHoleExposeDie TransferAttackers",
    )
E   openbfme_importer.module_contracts.ModuleContractError: AngForStronghold QueueProductionExitUpdate ExitDelay define is unresolved: STANDARD_HORDE_EXIT_DELAY

importer\openbfme_importer\module_contracts.py:4153: ModuleContractError

The above exception was the direct cause of the following exception:

documents = {'data/ini/aidata.ini': b'AIData\r\n; set the values in ini/default/aidata.ini for now.\r\nEnd\r\n', 'data/ini/ambient...tn Settings/CustomSettings\r\n\t;\r\n\tButtonMap = Skirmish/ProfileNav/bttn Skirmish/ProfileMenu/bttn\r\nEND\r\n', ...}
raw = {'cine_eagle_takeoff': SageObject(kind='Object', name='CINE_Eagle_Takeoff', parent=None, items=(SageBlock(kind='W3DScr...70, has_equals=True)), ordinal=3, source_virtual_path='data/ini/object/cinematic/cinematicobjects.ini', line=290), ...}
index = {'cine_eagle_takeoff': ObjectTypeInfo(name='CINE_Eagle_Takeoff', definition='Object', kind_of=('CAN_CAST_REFLECTIONS',...or', 'SlowDeathBehavior', 'SquishCollide'), source_virtual_path='data/ini/object/cinematic/cinematicobjects.ini'), ...}
defines = {'campness_default': 2000, 'campness_fortress': 3000, 'campness_fortress_expansion': 700, 'campness_wall': 1, ...}
catalog = <openbfme_importer.catalog.InstallCatalog object at 0x0000018EE33281D0>

    @pytest.fixture(scope="module")
    def fixtures_by_map(documents, raw, index, defines, catalog):
        return {
>           virtual_path: build_map_fixtures(
                documents,
                _parse_map(catalog, virtual_path).objects,
                raw=raw,
                index=index,
                defines=defines,
                game="rotwk",
            )
            for virtual_path in EXPECTED_ROLE_COUNTS
        }

importer\tests\test_castle_fixtures_oracle.py:138: 
_ _ _ _ _ _ _ _ _ _ _ _ _ _ _ _ _ _ _ _ _ _ _ _ _ _ _ _ _ _ _ _ _ _ _ _ _ _ _ _
importer\openbfme_importer\castle_fixtures.py:502: in build_map_fixtures
    descriptors[folded] = compile_map_object_descriptor(
_ _ _ _ _ _ _ _ _ _ _ _ _ _ _ _ _ _ _ _ _ _ _ _ _ _ _ _ _ _ _ _ _ _ _ _ _ _ _ _

type_name = 'AngForStronghold'
documents = {'data/ini/aidata.ini': b'AIData\r\n; set the values in ini/default/aidata.ini for now.\r\nEnd\r\n', 'data/ini/ambient...tn Settings/CustomSettings\r\n\t;\r\n\tButtonMap = Skirmish/ProfileNav/bttn Skirmish/ProfileMenu/bttn\r\nEND\r\n', ...}
raw = {'cine_eagle_takeoff': SageObject(kind='Object', name='CINE_Eagle_Takeoff', parent=None, items=(SageBlock(kind='W3DScr...70, has_equals=True)), ordinal=3, source_virtual_path='data/ini/object/cinematic/cinematicobjects.ini', line=290), ...}
defines = {'campness_default': 2000, 'campness_fortress': 3000, 'campness_fortress_expansion': 700, 'campness_wall': 1, ...}
game = 'rotwk'

    def compile_map_object_descriptor(
        type_name: str,
        documents: Mapping[str, bytes],
        *,
        raw: Mapping[str, Any] | None = None,
        defines: Mapping[str, int | float] | None = None,
        game: str = "bfme2",
    ) -> dict[str, Any]:
        """Compile one map-referenced object type into a descriptor document.
    
        The descriptor carries the authored health, armor, geometry and module
        contracts exactly as the playable compilers extract them; no production
        routes are required because map objects are placed, never constructed.
        """
    
        if raw is None:
            try:
                raw = _object_index(documents)
            except PlayableUnitCompilerError as exc:
                raise CastleFixturesError(str(exc)) from exc
        if defines is None:
            try:
                defines = _numeric_defines(documents)
            except PlayableUnitCompilerError as exc:
                raise CastleFixturesError(str(exc)) from exc
        item, ancestry = _compile_lineage(type_name, raw)
        try:
            health = _health_contract(ancestry, defines, item.name)
        except PlayableStructureCompilerError as exc:
            raise CastleFixturesError(str(exc)) from exc
        try:
            armor = compile_armor_contract(documents, ancestry, game=game)
        except ArmorCompilerError as exc:
            raise CastleFixturesError(str(exc)) from exc
        geometry = _geometry_contract(ancestry, defines)
        try:
            modules = compile_all_module_contracts(ancestry, item.name)
        except ModuleContractError as exc:
>           raise CastleFixturesError(str(exc)) from exc
E           openbfme_importer.castle_fixtures.CastleFixturesError: AngForStronghold QueueProductionExitUpdate ExitDelay define is unresolved: STANDARD_HORDE_EXIT_DELAY

importer\openbfme_importer\castle_fixtures.py:182: CastleFixturesError
_ ERROR at setup of test_fixture_seed_disposition_matches_oracle[maps/map wor isengard/map wor isengard.map] _

type_name = 'AngForStronghold'
documents = {'data/ini/aidata.ini': b'AIData\r\n; set the values in ini/default/aidata.ini for now.\r\nEnd\r\n', 'data/ini/ambient...tn Settings/CustomSettings\r\n\t;\r\n\tButtonMap = Skirmish/ProfileNav/bttn Skirmish/ProfileMenu/bttn\r\nEND\r\n', ...}
raw = {'cine_eagle_takeoff': SageObject(kind='Object', name='CINE_Eagle_Takeoff', parent=None, items=(SageBlock(kind='W3DScr...70, has_equals=True)), ordinal=3, source_virtual_path='data/ini/object/cinematic/cinematicobjects.ini', line=290), ...}
defines = {'campness_default': 2000, 'campness_fortress': 3000, 'campness_fortress_expansion': 700, 'campness_wall': 1, ...}
game = 'rotwk'

    def compile_map_object_descriptor(
        type_name: str,
        documents: Mapping[str, bytes],
        *,
        raw: Mapping[str, Any] | None = None,
        defines: Mapping[str, int | float] | None = None,
        game: str = "bfme2",
    ) -> dict[str, Any]:
        """Compile one map-referenced object type into a descriptor document.
    
        The descriptor carries the authored health, armor, geometry and module
        contracts exactly as the playable compilers extract them; no production
        routes are required because map objects are placed, never constructed.
        """
    
        if raw is None:
            try:
                raw = _object_index(documents)
            except PlayableUnitCompilerError as exc:
                raise CastleFixturesError(str(exc)) from exc
        if defines is None:
            try:
                defines = _numeric_defines(documents)
            except PlayableUnitCompilerError as exc:
                raise CastleFixturesError(str(exc)) from exc
        item, ancestry = _compile_lineage(type_name, raw)
        try:
            health = _health_contract(ancestry, defines, item.name)
        except PlayableStructureCompilerError as exc:
            raise CastleFixturesError(str(exc)) from exc
        try:
            armor = compile_armor_contract(documents, ancestry, game=game)
        except ArmorCompilerError as exc:
            raise CastleFixturesError(str(exc)) from exc
        geometry = _geometry_contract(ancestry, defines)
        try:
>           modules = compile_all_module_contracts(ancestry, item.name)
                      ^^^^^^^^^^^^^^^^^^^^^^^^^^^^^^^^^^^^^^^^^^^^^^^^^

importer\openbfme_importer\castle_fixtures.py:180: 
_ _ _ _ _ _ _ _ _ _ _ _ _ _ _ _ _ _ _ _ _ _ _ _ _ _ _ _ _ _ _ _ _ _ _ _ _ _ _ _
importer\openbfme_importer\module_contracts.py:8460: in compile_all_module_contracts
    raise ModuleContractError(
importer\openbfme_importer\module_contracts.py:4203: in compile_queue_production_exit_updates
    r"\s*(\d+(?:\.\d*)?|\.\d+)\s*(%)?\s*", assignment.value
        ^^^^^^^^^^^^^^^^^^^^^^^^^^^^^^^^^^^^^^^^^^^^^^^^^^^^
_ _ _ _ _ _ _ _ _ _ _ _ _ _ _ _ _ _ _ _ _ _ _ _ _ _ _ _ _ _ _ _ _ _ _ _ _ _ _ _

assignment = SageAssignment(key='ExitDelay', value='STANDARD_HORDE_EXIT_DELAY', ordinal=2, key_ordinal=0, item_ordinal=2, source_virtual_path='data/ini/object/civilian/angfornostbuildings.ini', line=241, has_equals=True)
target_id = 'AngForStronghold', numeric_defines = None
numeric_define_provenance = None

        raise ModuleContractError(
            f"{target_id} RebuildHoleExposeDie requires ExemptStatus tokens"
        )
    hole = _required_identifier_field(
        amap.get("holename"), f"{target_id} RebuildHoleExposeDie HoleName"
    )
    health = _number_field(
        amap.get("holemaxhealth"),
        f"{target_id} RebuildHoleExposeDie HoleMaxHealth",
    )
    fade = _number_field(
        amap.get("fadeintimeseconds"),
        f"{target_id} RebuildHoleExposeDie FadeInTimeSeconds",
    )
    if health is None or float(health["value"]) <= 0:
        raise ModuleContractError(
            f"{target_id} RebuildHoleExposeDie HoleMaxHealth must be positive"
        )
    if fade is None or float(fade["value"]) < 0:
        raise ModuleContractError(
            f"{target_id} RebuildHoleExposeDie FadeInTimeSeconds must be non-negative"
        )
>   transfer = _yes_no_field(
        amap.get("transferattackers"),
        f"{target_id} RebuildHoleExposeDie TransferAttackers",
    )
E   openbfme_importer.module_contracts.ModuleContractError: AngForStronghold QueueProductionExitUpdate ExitDelay define is unresolved: STANDARD_HORDE_EXIT_DELAY

importer\openbfme_importer\module_contracts.py:4153: ModuleContractError

The above exception was the direct cause of the following exception:

documents = {'data/ini/aidata.ini': b'AIData\r\n; set the values in ini/default/aidata.ini for now.\r\nEnd\r\n', 'data/ini/ambient...tn Settings/CustomSettings\r\n\t;\r\n\tButtonMap = Skirmish/ProfileNav/bttn Skirmish/ProfileMenu/bttn\r\nEND\r\n', ...}
raw = {'cine_eagle_takeoff': SageObject(kind='Object', name='CINE_Eagle_Takeoff', parent=None, items=(SageBlock(kind='W3DScr...70, has_equals=True)), ordinal=3, source_virtual_path='data/ini/object/cinematic/cinematicobjects.ini', line=290), ...}
index = {'cine_eagle_takeoff': ObjectTypeInfo(name='CINE_Eagle_Takeoff', definition='Object', kind_of=('CAN_CAST_REFLECTIONS',...or', 'SlowDeathBehavior', 'SquishCollide'), source_virtual_path='data/ini/object/cinematic/cinematicobjects.ini'), ...}
defines = {'campness_default': 2000, 'campness_fortress': 3000, 'campness_fortress_expansion': 700, 'campness_wall': 1, ...}
catalog = <openbfme_importer.catalog.InstallCatalog object at 0x0000018EE33281D0>

    @pytest.fixture(scope="module")
    def fixtures_by_map(documents, raw, index, defines, catalog):
        return {
>           virtual_path: build_map_fixtures(
                documents,
                _parse_map(catalog, virtual_path).objects,
                raw=raw,
                index=index,
                defines=defines,
                game="rotwk",
            )
            for virtual_path in EXPECTED_ROLE_COUNTS
        }

importer\tests\test_castle_fixtures_oracle.py:138: 
_ _ _ _ _ _ _ _ _ _ _ _ _ _ _ _ _ _ _ _ _ _ _ _ _ _ _ _ _ _ _ _ _ _ _ _ _ _ _ _
importer\openbfme_importer\castle_fixtures.py:502: in build_map_fixtures
    descriptors[folded] = compile_map_object_descriptor(
_ _ _ _ _ _ _ _ _ _ _ _ _ _ _ _ _ _ _ _ _ _ _ _ _ _ _ _ _ _ _ _ _ _ _ _ _ _ _ _

type_name = 'AngForStronghold'
documents = {'data/ini/aidata.ini': b'AIData\r\n; set the values in ini/default/aidata.ini for now.\r\nEnd\r\n', 'data/ini/ambient...tn Settings/CustomSettings\r\n\t;\r\n\tButtonMap = Skirmish/ProfileNav/bttn Skirmish/ProfileMenu/bttn\r\nEND\r\n', ...}
raw = {'cine_eagle_takeoff': SageObject(kind='Object', name='CINE_Eagle_Takeoff', parent=None, items=(SageBlock(kind='W3DScr...70, has_equals=True)), ordinal=3, source_virtual_path='data/ini/object/cinematic/cinematicobjects.ini', line=290), ...}
defines = {'campness_default': 2000, 'campness_fortress': 3000, 'campness_fortress_expansion': 700, 'campness_wall': 1, ...}
game = 'rotwk'

    def compile_map_object_descriptor(
        type_name: str,
        documents: Mapping[str, bytes],
        *,
        raw: Mapping[str, Any] | None = None,
        defines: Mapping[str, int | float] | None = None,
        game: str = "bfme2",
    ) -> dict[str, Any]:
        """Compile one map-referenced object type into a descriptor document.
    
        The descriptor carries the authored health, armor, geometry and module
        contracts exactly as the playable compilers extract them; no production
        routes are required because map objects are placed, never constructed.
        """
    
        if raw is None:
            try:
                raw = _object_index(documents)
            except PlayableUnitCompilerError as exc:
                raise CastleFixturesError(str(exc)) from exc
        if defines is None:
            try:
                defines = _numeric_defines(documents)
            except PlayableUnitCompilerError as exc:
                raise CastleFixturesError(str(exc)) from exc
        item, ancestry = _compile_lineage(type_name, raw)
        try:
            health = _health_contract(ancestry, defines, item.name)
        except PlayableStructureCompilerError as exc:
            raise CastleFixturesError(str(exc)) from exc
        try:
            armor = compile_armor_contract(documents, ancestry, game=game)
        except ArmorCompilerError as exc:
            raise CastleFixturesError(str(exc)) from exc
        geometry = _geometry_contract(ancestry, defines)
        try:
            modules = compile_all_module_contracts(ancestry, item.name)
        except ModuleContractError as exc:
>           raise CastleFixturesError(str(exc)) from exc
E           openbfme_importer.castle_fixtures.CastleFixturesError: AngForStronghold QueueProductionExitUpdate ExitDelay define is unresolved: STANDARD_HORDE_EXIT_DELAY

importer\openbfme_importer\castle_fixtures.py:182: CastleFixturesError
_ ERROR at setup of test_fixture_seed_disposition_matches_oracle[maps/map wor minas morgul/map wor minas morgul.map] _

type_name = 'AngForStronghold'
documents = {'data/ini/aidata.ini': b'AIData\r\n; set the values in ini/default/aidata.ini for now.\r\nEnd\r\n', 'data/ini/ambient...tn Settings/CustomSettings\r\n\t;\r\n\tButtonMap = Skirmish/ProfileNav/bttn Skirmish/ProfileMenu/bttn\r\nEND\r\n', ...}
raw = {'cine_eagle_takeoff': SageObject(kind='Object', name='CINE_Eagle_Takeoff', parent=None, items=(SageBlock(kind='W3DScr...70, has_equals=True)), ordinal=3, source_virtual_path='data/ini/object/cinematic/cinematicobjects.ini', line=290), ...}
defines = {'campness_default': 2000, 'campness_fortress': 3000, 'campness_fortress_expansion': 700, 'campness_wall': 1, ...}
game = 'rotwk'

    def compile_map_object_descriptor(
        type_name: str,
        documents: Mapping[str, bytes],
        *,
        raw: Mapping[str, Any] | None = None,
        defines: Mapping[str, int | float] | None = None,
        game: str = "bfme2",
    ) -> dict[str, Any]:
        """Compile one map-referenced object type into a descriptor document.
    
        The descriptor carries the authored health, armor, geometry and module
        contracts exactly as the playable compilers extract them; no production
        routes are required because map objects are placed, never constructed.
        """
    
        if raw is None:
            try:
                raw = _object_index(documents)
            except PlayableUnitCompilerError as exc:
                raise CastleFixturesError(str(exc)) from exc
        if defines is None:
            try:
                defines = _numeric_defines(documents)
            except PlayableUnitCompilerError as exc:
                raise CastleFixturesError(str(exc)) from exc
        item, ancestry = _compile_lineage(type_name, raw)
        try:
            health = _health_contract(ancestry, defines, item.name)
        except PlayableStructureCompilerError as exc:
            raise CastleFixturesError(str(exc)) from exc
        try:
            armor = compile_armor_contract(documents, ancestry, game=game)
        except ArmorCompilerError as exc:
            raise CastleFixturesError(str(exc)) from exc
        geometry = _geometry_contract(ancestry, defines)
        try:
>           modules = compile_all_module_contracts(ancestry, item.name)
                      ^^^^^^^^^^^^^^^^^^^^^^^^^^^^^^^^^^^^^^^^^^^^^^^^^

importer\openbfme_importer\castle_fixtures.py:180: 
_ _ _ _ _ _ _ _ _ _ _ _ _ _ _ _ _ _ _ _ _ _ _ _ _ _ _ _ _ _ _ _ _ _ _ _ _ _ _ _
importer\openbfme_importer\module_contracts.py:8460: in compile_all_module_contracts
    raise ModuleContractError(
importer\openbfme_importer\module_contracts.py:4203: in compile_queue_production_exit_updates
    r"\s*(\d+(?:\.\d*)?|\.\d+)\s*(%)?\s*", assignment.value
        ^^^^^^^^^^^^^^^^^^^^^^^^^^^^^^^^^^^^^^^^^^^^^^^^^^^^
_ _ _ _ _ _ _ _ _ _ _ _ _ _ _ _ _ _ _ _ _ _ _ _ _ _ _ _ _ _ _ _ _ _ _ _ _ _ _ _

assignment = SageAssignment(key='ExitDelay', value='STANDARD_HORDE_EXIT_DELAY', ordinal=2, key_ordinal=0, item_ordinal=2, source_virtual_path='data/ini/object/civilian/angfornostbuildings.ini', line=241, has_equals=True)
target_id = 'AngForStronghold', numeric_defines = None
numeric_define_provenance = None

        raise ModuleContractError(
            f"{target_id} RebuildHoleExposeDie requires ExemptStatus tokens"
        )
    hole = _required_identifier_field(
        amap.get("holename"), f"{target_id} RebuildHoleExposeDie HoleName"
    )
    health = _number_field(
        amap.get("holemaxhealth"),
        f"{target_id} RebuildHoleExposeDie HoleMaxHealth",
    )
    fade = _number_field(
        amap.get("fadeintimeseconds"),
        f"{target_id} RebuildHoleExposeDie FadeInTimeSeconds",
    )
    if health is None or float(health["value"]) <= 0:
        raise ModuleContractError(
            f"{target_id} RebuildHoleExposeDie HoleMaxHealth must be positive"
        )
    if fade is None or float(fade["value"]) < 0:
        raise ModuleContractError(
            f"{target_id} RebuildHoleExposeDie FadeInTimeSeconds must be non-negative"
        )
>   transfer = _yes_no_field(
        amap.get("transferattackers"),
        f"{target_id} RebuildHoleExposeDie TransferAttackers",
    )
E   openbfme_importer.module_contracts.ModuleContractError: AngForStronghold QueueProductionExitUpdate ExitDelay define is unresolved: STANDARD_HORDE_EXIT_DELAY

importer\openbfme_importer\module_contracts.py:4153: ModuleContractError

The above exception was the direct cause of the following exception:

documents = {'data/ini/aidata.ini': b'AIData\r\n; set the values in ini/default/aidata.ini for now.\r\nEnd\r\n', 'data/ini/ambient...tn Settings/CustomSettings\r\n\t;\r\n\tButtonMap = Skirmish/ProfileNav/bttn Skirmish/ProfileMenu/bttn\r\nEND\r\n', ...}
raw = {'cine_eagle_takeoff': SageObject(kind='Object', name='CINE_Eagle_Takeoff', parent=None, items=(SageBlock(kind='W3DScr...70, has_equals=True)), ordinal=3, source_virtual_path='data/ini/object/cinematic/cinematicobjects.ini', line=290), ...}
index = {'cine_eagle_takeoff': ObjectTypeInfo(name='CINE_Eagle_Takeoff', definition='Object', kind_of=('CAN_CAST_REFLECTIONS',...or', 'SlowDeathBehavior', 'SquishCollide'), source_virtual_path='data/ini/object/cinematic/cinematicobjects.ini'), ...}
defines = {'campness_default': 2000, 'campness_fortress': 3000, 'campness_fortress_expansion': 700, 'campness_wall': 1, ...}
catalog = <openbfme_importer.catalog.InstallCatalog object at 0x0000018EE33281D0>

    @pytest.fixture(scope="module")
    def fixtures_by_map(documents, raw, index, defines, catalog):
        return {
>           virtual_path: build_map_fixtures(
                documents,
                _parse_map(catalog, virtual_path).objects,
                raw=raw,
                index=index,
                defines=defines,
                game="rotwk",
            )
            for virtual_path in EXPECTED_ROLE_COUNTS
        }

importer\tests\test_castle_fixtures_oracle.py:138: 
_ _ _ _ _ _ _ _ _ _ _ _ _ _ _ _ _ _ _ _ _ _ _ _ _ _ _ _ _ _ _ _ _ _ _ _ _ _ _ _
importer\openbfme_importer\castle_fixtures.py:502: in build_map_fixtures
    descriptors[folded] = compile_map_object_descriptor(
_ _ _ _ _ _ _ _ _ _ _ _ _ _ _ _ _ _ _ _ _ _ _ _ _ _ _ _ _ _ _ _ _ _ _ _ _ _ _ _

type_name = 'AngForStronghold'
documents = {'data/ini/aidata.ini': b'AIData\r\n; set the values in ini/default/aidata.ini for now.\r\nEnd\r\n', 'data/ini/ambient...tn Settings/CustomSettings\r\n\t;\r\n\tButtonMap = Skirmish/ProfileNav/bttn Skirmish/ProfileMenu/bttn\r\nEND\r\n', ...}
raw = {'cine_eagle_takeoff': SageObject(kind='Object', name='CINE_Eagle_Takeoff', parent=None, items=(SageBlock(kind='W3DScr...70, has_equals=True)), ordinal=3, source_virtual_path='data/ini/object/cinematic/cinematicobjects.ini', line=290), ...}
defines = {'campness_default': 2000, 'campness_fortress': 3000, 'campness_fortress_expansion': 700, 'campness_wall': 1, ...}
game = 'rotwk'

    def compile_map_object_descriptor(
        type_name: str,
        documents: Mapping[str, bytes],
        *,
        raw: Mapping[str, Any] | None = None,
        defines: Mapping[str, int | float] | None = None,
        game: str = "bfme2",
    ) -> dict[str, Any]:
        """Compile one map-referenced object type into a descriptor document.
    
        The descriptor carries the authored health, armor, geometry and module
        contracts exactly as the playable compilers extract them; no production
        routes are required because map objects are placed, never constructed.
        """
    
        if raw is None:
            try:
                raw = _object_index(documents)
            except PlayableUnitCompilerError as exc:
                raise CastleFixturesError(str(exc)) from exc
        if defines is None:
            try:
                defines = _numeric_defines(documents)
            except PlayableUnitCompilerError as exc:
                raise CastleFixturesError(str(exc)) from exc
        item, ancestry = _compile_lineage(type_name, raw)
        try:
            health = _health_contract(ancestry, defines, item.name)
        except PlayableStructureCompilerError as exc:
            raise CastleFixturesError(str(exc)) from exc
        try:
            armor = compile_armor_contract(documents, ancestry, game=game)
        except ArmorCompilerError as exc:
            raise CastleFixturesError(str(exc)) from exc
        geometry = _geometry_contract(ancestry, defines)
        try:
            modules = compile_all_module_contracts(ancestry, item.name)
        except ModuleContractError as exc:
>           raise CastleFixturesError(str(exc)) from exc
E           openbfme_importer.castle_fixtures.CastleFixturesError: AngForStronghold QueueProductionExitUpdate ExitDelay define is unresolved: STANDARD_HORDE_EXIT_DELAY

importer\openbfme_importer\castle_fixtures.py:182: CastleFixturesError
_ ERROR at setup of test_fixture_seed_disposition_matches_oracle[maps/map wor minas tirith/map wor minas tirith.map] _

type_name = 'AngForStronghold'
documents = {'data/ini/aidata.ini': b'AIData\r\n; set the values in ini/default/aidata.ini for now.\r\nEnd\r\n', 'data/ini/ambient...tn Settings/CustomSettings\r\n\t;\r\n\tButtonMap = Skirmish/ProfileNav/bttn Skirmish/ProfileMenu/bttn\r\nEND\r\n', ...}
raw = {'cine_eagle_takeoff': SageObject(kind='Object', name='CINE_Eagle_Takeoff', parent=None, items=(SageBlock(kind='W3DScr...70, has_equals=True)), ordinal=3, source_virtual_path='data/ini/object/cinematic/cinematicobjects.ini', line=290), ...}
defines = {'campness_default': 2000, 'campness_fortress': 3000, 'campness_fortress_expansion': 700, 'campness_wall': 1, ...}
game = 'rotwk'

    def compile_map_object_descriptor(
        type_name: str,
        documents: Mapping[str, bytes],
        *,
        raw: Mapping[str, Any] | None = None,
        defines: Mapping[str, int | float] | None = None,
        game: str = "bfme2",
    ) -> dict[str, Any]:
        """Compile one map-referenced object type into a descriptor document.
    
        The descriptor carries the authored health, armor, geometry and module
        contracts exactly as the playable compilers extract them; no production
        routes are required because map objects are placed, never constructed.
        """
    
        if raw is None:
            try:
                raw = _object_index(documents)
            except PlayableUnitCompilerError as exc:
                raise CastleFixturesError(str(exc)) from exc
        if defines is None:
            try:
                defines = _numeric_defines(documents)
            except PlayableUnitCompilerError as exc:
                raise CastleFixturesError(str(exc)) from exc
        item, ancestry = _compile_lineage(type_name, raw)
        try:
            health = _health_contract(ancestry, defines, item.name)
        except PlayableStructureCompilerError as exc:
            raise CastleFixturesError(str(exc)) from exc
        try:
            armor = compile_armor_contract(documents, ancestry, game=game)
        except ArmorCompilerError as exc:
            raise CastleFixturesError(str(exc)) from exc
        geometry = _geometry_contract(ancestry, defines)
        try:
>           modules = compile_all_module_contracts(ancestry, item.name)
                      ^^^^^^^^^^^^^^^^^^^^^^^^^^^^^^^^^^^^^^^^^^^^^^^^^

importer\openbfme_importer\castle_fixtures.py:180: 
_ _ _ _ _ _ _ _ _ _ _ _ _ _ _ _ _ _ _ _ _ _ _ _ _ _ _ _ _ _ _ _ _ _ _ _ _ _ _ _
importer\openbfme_importer\module_contracts.py:8460: in compile_all_module_contracts
    raise ModuleContractError(
importer\openbfme_importer\module_contracts.py:4203: in compile_queue_production_exit_updates
    r"\s*(\d+(?:\.\d*)?|\.\d+)\s*(%)?\s*", assignment.value
        ^^^^^^^^^^^^^^^^^^^^^^^^^^^^^^^^^^^^^^^^^^^^^^^^^^^^
_ _ _ _ _ _ _ _ _ _ _ _ _ _ _ _ _ _ _ _ _ _ _ _ _ _ _ _ _ _ _ _ _ _ _ _ _ _ _ _

assignment = SageAssignment(key='ExitDelay', value='STANDARD_HORDE_EXIT_DELAY', ordinal=2, key_ordinal=0, item_ordinal=2, source_virtual_path='data/ini/object/civilian/angfornostbuildings.ini', line=241, has_equals=True)
target_id = 'AngForStronghold', numeric_defines = None
numeric_define_provenance = None

        raise ModuleContractError(
            f"{target_id} RebuildHoleExposeDie requires ExemptStatus tokens"
        )
    hole = _required_identifier_field(
        amap.get("holename"), f"{target_id} RebuildHoleExposeDie HoleName"
    )
    health = _number_field(
        amap.get("holemaxhealth"),
        f"{target_id} RebuildHoleExposeDie HoleMaxHealth",
    )
    fade = _number_field(
        amap.get("fadeintimeseconds"),
        f"{target_id} RebuildHoleExposeDie FadeInTimeSeconds",
    )
    if health is None or float(health["value"]) <= 0:
        raise ModuleContractError(
            f"{target_id} RebuildHoleExposeDie HoleMaxHealth must be positive"
        )
    if fade is None or float(fade["value"]) < 0:
        raise ModuleContractError(
            f"{target_id} RebuildHoleExposeDie FadeInTimeSeconds must be non-negative"
        )
>   transfer = _yes_no_field(
        amap.get("transferattackers"),
        f"{target_id} RebuildHoleExposeDie TransferAttackers",
    )
E   openbfme_importer.module_contracts.ModuleContractError: AngForStronghold QueueProductionExitUpdate ExitDelay define is unresolved: STANDARD_HORDE_EXIT_DELAY

importer\openbfme_importer\module_contracts.py:4153: ModuleContractError

The above exception was the direct cause of the following exception:

documents = {'data/ini/aidata.ini': b'AIData\r\n; set the values in ini/default/aidata.ini for now.\r\nEnd\r\n', 'data/ini/ambient...tn Settings/CustomSettings\r\n\t;\r\n\tButtonMap = Skirmish/ProfileNav/bttn Skirmish/ProfileMenu/bttn\r\nEND\r\n', ...}
raw = {'cine_eagle_takeoff': SageObject(kind='Object', name='CINE_Eagle_Takeoff', parent=None, items=(SageBlock(kind='W3DScr...70, has_equals=True)), ordinal=3, source_virtual_path='data/ini/object/cinematic/cinematicobjects.ini', line=290), ...}
index = {'cine_eagle_takeoff': ObjectTypeInfo(name='CINE_Eagle_Takeoff', definition='Object', kind_of=('CAN_CAST_REFLECTIONS',...or', 'SlowDeathBehavior', 'SquishCollide'), source_virtual_path='data/ini/object/cinematic/cinematicobjects.ini'), ...}
defines = {'campness_default': 2000, 'campness_fortress': 3000, 'campness_fortress_expansion': 700, 'campness_wall': 1, ...}
catalog = <openbfme_importer.catalog.InstallCatalog object at 0x0000018EE33281D0>

    @pytest.fixture(scope="module")
    def fixtures_by_map(documents, raw, index, defines, catalog):
        return {
>           virtual_path: build_map_fixtures(
                documents,
                _parse_map(catalog, virtual_path).objects,
                raw=raw,
                index=index,
                defines=defines,
                game="rotwk",
            )
            for virtual_path in EXPECTED_ROLE_COUNTS
        }

importer\tests\test_castle_fixtures_oracle.py:138: 
_ _ _ _ _ _ _ _ _ _ _ _ _ _ _ _ _ _ _ _ _ _ _ _ _ _ _ _ _ _ _ _ _ _ _ _ _ _ _ _
importer\openbfme_importer\castle_fixtures.py:502: in build_map_fixtures
    descriptors[folded] = compile_map_object_descriptor(
_ _ _ _ _ _ _ _ _ _ _ _ _ _ _ _ _ _ _ _ _ _ _ _ _ _ _ _ _ _ _ _ _ _ _ _ _ _ _ _

type_name = 'AngForStronghold'
documents = {'data/ini/aidata.ini': b'AIData\r\n; set the values in ini/default/aidata.ini for now.\r\nEnd\r\n', 'data/ini/ambient...tn Settings/CustomSettings\r\n\t;\r\n\tButtonMap = Skirmish/ProfileNav/bttn Skirmish/ProfileMenu/bttn\r\nEND\r\n', ...}
raw = {'cine_eagle_takeoff': SageObject(kind='Object', name='CINE_Eagle_Takeoff', parent=None, items=(SageBlock(kind='W3DScr...70, has_equals=True)), ordinal=3, source_virtual_path='data/ini/object/cinematic/cinematicobjects.ini', line=290), ...}
defines = {'campness_default': 2000, 'campness_fortress': 3000, 'campness_fortress_expansion': 700, 'campness_wall': 1, ...}
game = 'rotwk'

    def compile_map_object_descriptor(
        type_name: str,
        documents: Mapping[str, bytes],
        *,
        raw: Mapping[str, Any] | None = None,
        defines: Mapping[str, int | float] | None = None,
        game: str = "bfme2",
    ) -> dict[str, Any]:
        """Compile one map-referenced object type into a descriptor document.
    
        The descriptor carries the authored health, armor, geometry and module
        contracts exactly as the playable compilers extract them; no production
        routes are required because map objects are placed, never constructed.
        """
    
        if raw is None:
            try:
                raw = _object_index(documents)
            except PlayableUnitCompilerError as exc:
                raise CastleFixturesError(str(exc)) from exc
        if defines is None:
            try:
                defines = _numeric_defines(documents)
            except PlayableUnitCompilerError as exc:
                raise CastleFixturesError(str(exc)) from exc
        item, ancestry = _compile_lineage(type_name, raw)
        try:
            health = _health_contract(ancestry, defines, item.name)
        except PlayableStructureCompilerError as exc:
            raise CastleFixturesError(str(exc)) from exc
        try:
            armor = compile_armor_contract(documents, ancestry, game=game)
        except ArmorCompilerError as exc:
            raise CastleFixturesError(str(exc)) from exc
        geometry = _geometry_contract(ancestry, defines)
        try:
            modules = compile_all_module_contracts(ancestry, item.name)
        except ModuleContractError as exc:
>           raise CastleFixturesError(str(exc)) from exc
E           openbfme_importer.castle_fixtures.CastleFixturesError: AngForStronghold QueueProductionExitUpdate ExitDelay define is unresolved: STANDARD_HORDE_EXIT_DELAY

importer\openbfme_importer\castle_fixtures.py:182: CastleFixturesError
_ ERROR at setup of test_cooked_erebor_bindings_classify_seeded_types_as_lifecycle_structures _

type_name = 'AngForStronghold'
documents = {'data/ini/aidata.ini': b'AIData\r\n; set the values in ini/default/aidata.ini for now.\r\nEnd\r\n', 'data/ini/ambient...tn Settings/CustomSettings\r\n\t;\r\n\tButtonMap = Skirmish/ProfileNav/bttn Skirmish/ProfileMenu/bttn\r\nEND\r\n', ...}
raw = {'cine_eagle_takeoff': SageObject(kind='Object', name='CINE_Eagle_Takeoff', parent=None, items=(SageBlock(kind='W3DScr...70, has_equals=True)), ordinal=3, source_virtual_path='data/ini/object/cinematic/cinematicobjects.ini', line=290), ...}
defines = {'campness_default': 2000, 'campness_fortress': 3000, 'campness_fortress_expansion': 700, 'campness_wall': 1, ...}
game = 'rotwk'

    def compile_map_object_descriptor(
        type_name: str,
        documents: Mapping[str, bytes],
        *,
        raw: Mapping[str, Any] | None = None,
        defines: Mapping[str, int | float] | None = None,
        game: str = "bfme2",
    ) -> dict[str, Any]:
        """Compile one map-referenced object type into a descriptor document.
    
        The descriptor carries the authored health, armor, geometry and module
        contracts exactly as the playable compilers extract them; no production
        routes are required because map objects are placed, never constructed.
        """
    
        if raw is None:
            try:
                raw = _object_index(documents)
            except PlayableUnitCompilerError as exc:
                raise CastleFixturesError(str(exc)) from exc
        if defines is None:
            try:
                defines = _numeric_defines(documents)
            except PlayableUnitCompilerError as exc:
                raise CastleFixturesError(str(exc)) from exc
        item, ancestry = _compile_lineage(type_name, raw)
        try:
            health = _health_contract(ancestry, defines, item.name)
        except PlayableStructureCompilerError as exc:
            raise CastleFixturesError(str(exc)) from exc
        try:
            armor = compile_armor_contract(documents, ancestry, game=game)
        except ArmorCompilerError as exc:
            raise CastleFixturesError(str(exc)) from exc
        geometry = _geometry_contract(ancestry, defines)
        try:
>           modules = compile_all_module_contracts(ancestry, item.name)
                      ^^^^^^^^^^^^^^^^^^^^^^^^^^^^^^^^^^^^^^^^^^^^^^^^^

importer\openbfme_importer\castle_fixtures.py:180: 
_ _ _ _ _ _ _ _ _ _ _ _ _ _ _ _ _ _ _ _ _ _ _ _ _ _ _ _ _ _ _ _ _ _ _ _ _ _ _ _
importer\openbfme_importer\module_contracts.py:8460: in compile_all_module_contracts
    raise ModuleContractError(
importer\openbfme_importer\module_contracts.py:4203: in compile_queue_production_exit_updates
    r"\s*(\d+(?:\.\d*)?|\.\d+)\s*(%)?\s*", assignment.value
        ^^^^^^^^^^^^^^^^^^^^^^^^^^^^^^^^^^^^^^^^^^^^^^^^^^^^
_ _ _ _ _ _ _ _ _ _ _ _ _ _ _ _ _ _ _ _ _ _ _ _ _ _ _ _ _ _ _ _ _ _ _ _ _ _ _ _

assignment = SageAssignment(key='ExitDelay', value='STANDARD_HORDE_EXIT_DELAY', ordinal=2, key_ordinal=0, item_ordinal=2, source_virtual_path='data/ini/object/civilian/angfornostbuildings.ini', line=241, has_equals=True)
target_id = 'AngForStronghold', numeric_defines = None
numeric_define_provenance = None

        raise ModuleContractError(
            f"{target_id} RebuildHoleExposeDie requires ExemptStatus tokens"
        )
    hole = _required_identifier_field(
        amap.get("holename"), f"{target_id} RebuildHoleExposeDie HoleName"
    )
    health = _number_field(
        amap.get("holemaxhealth"),
        f"{target_id} RebuildHoleExposeDie HoleMaxHealth",
    )
    fade = _number_field(
        amap.get("fadeintimeseconds"),
        f"{target_id} RebuildHoleExposeDie FadeInTimeSeconds",
    )
    if health is None or float(health["value"]) <= 0:
        raise ModuleContractError(
            f"{target_id} RebuildHoleExposeDie HoleMaxHealth must be positive"
        )
    if fade is None or float(fade["value"]) < 0:
        raise ModuleContractError(
            f"{target_id} RebuildHoleExposeDie FadeInTimeSeconds must be non-negative"
        )
>   transfer = _yes_no_field(
        amap.get("transferattackers"),
        f"{target_id} RebuildHoleExposeDie TransferAttackers",
    )
E   openbfme_importer.module_contracts.ModuleContractError: AngForStronghold QueueProductionExitUpdate ExitDelay define is unresolved: STANDARD_HORDE_EXIT_DELAY

importer\openbfme_importer\module_contracts.py:4153: ModuleContractError

The above exception was the direct cause of the following exception:

documents = {'data/ini/aidata.ini': b'AIData\r\n; set the values in ini/default/aidata.ini for now.\r\nEnd\r\n', 'data/ini/ambient...tn Settings/CustomSettings\r\n\t;\r\n\tButtonMap = Skirmish/ProfileNav/bttn Skirmish/ProfileMenu/bttn\r\nEND\r\n', ...}
raw = {'cine_eagle_takeoff': SageObject(kind='Object', name='CINE_Eagle_Takeoff', parent=None, items=(SageBlock(kind='W3DScr...70, has_equals=True)), ordinal=3, source_virtual_path='data/ini/object/cinematic/cinematicobjects.ini', line=290), ...}
index = {'cine_eagle_takeoff': ObjectTypeInfo(name='CINE_Eagle_Takeoff', definition='Object', kind_of=('CAN_CAST_REFLECTIONS',...or', 'SlowDeathBehavior', 'SquishCollide'), source_virtual_path='data/ini/object/cinematic/cinematicobjects.ini'), ...}
defines = {'campness_default': 2000, 'campness_fortress': 3000, 'campness_fortress_expansion': 700, 'campness_wall': 1, ...}
catalog = <openbfme_importer.catalog.InstallCatalog object at 0x0000018EE33281D0>

    @pytest.fixture(scope="module")
    def fixtures_by_map(documents, raw, index, defines, catalog):
        return {
>           virtual_path: build_map_fixtures(
                documents,
                _parse_map(catalog, virtual_path).objects,
                raw=raw,
                index=index,
                defines=defines,
                game="rotwk",
            )
            for virtual_path in EXPECTED_ROLE_COUNTS
        }

importer\tests\test_castle_fixtures_oracle.py:138: 
_ _ _ _ _ _ _ _ _ _ _ _ _ _ _ _ _ _ _ _ _ _ _ _ _ _ _ _ _ _ _ _ _ _ _ _ _ _ _ _
importer\openbfme_importer\castle_fixtures.py:502: in build_map_fixtures
    descriptors[folded] = compile_map_object_descriptor(
_ _ _ _ _ _ _ _ _ _ _ _ _ _ _ _ _ _ _ _ _ _ _ _ _ _ _ _ _ _ _ _ _ _ _ _ _ _ _ _

type_name = 'AngForStronghold'
documents = {'data/ini/aidata.ini': b'AIData\r\n; set the values in ini/default/aidata.ini for now.\r\nEnd\r\n', 'data/ini/ambient...tn Settings/CustomSettings\r\n\t;\r\n\tButtonMap = Skirmish/ProfileNav/bttn Skirmish/ProfileMenu/bttn\r\nEND\r\n', ...}
raw = {'cine_eagle_takeoff': SageObject(kind='Object', name='CINE_Eagle_Takeoff', parent=None, items=(SageBlock(kind='W3DScr...70, has_equals=True)), ordinal=3, source_virtual_path='data/ini/object/cinematic/cinematicobjects.ini', line=290), ...}
defines = {'campness_default': 2000, 'campness_fortress': 3000, 'campness_fortress_expansion': 700, 'campness_wall': 1, ...}
game = 'rotwk'

    def compile_map_object_descriptor(
        type_name: str,
        documents: Mapping[str, bytes],
        *,
        raw: Mapping[str, Any] | None = None,
        defines: Mapping[str, int | float] | None = None,
        game: str = "bfme2",
    ) -> dict[str, Any]:
        """Compile one map-referenced object type into a descriptor document.
    
        The descriptor carries the authored health, armor, geometry and module
        contracts exactly as the playable compilers extract them; no production
        routes are required because map objects are placed, never constructed.
        """
    
        if raw is None:
            try:
                raw = _object_index(documents)
            except PlayableUnitCompilerError as exc:
                raise CastleFixturesError(str(exc)) from exc
        if defines is None:
            try:
                defines = _numeric_defines(documents)
            except PlayableUnitCompilerError as exc:
                raise CastleFixturesError(str(exc)) from exc
        item, ancestry = _compile_lineage(type_name, raw)
        try:
            health = _health_contract(ancestry, defines, item.name)
        except PlayableStructureCompilerError as exc:
            raise CastleFixturesError(str(exc)) from exc
        try:
            armor = compile_armor_contract(documents, ancestry, game=game)
        except ArmorCompilerError as exc:
            raise CastleFixturesError(str(exc)) from exc
        geometry = _geometry_contract(ancestry, defines)
        try:
            modules = compile_all_module_contracts(ancestry, item.name)
        except ModuleContractError as exc:
>           raise CastleFixturesError(str(exc)) from exc
E           openbfme_importer.castle_fixtures.CastleFixturesError: AngForStronghold QueueProductionExitUpdate ExitDelay define is unresolved: STANDARD_HORDE_EXIT_DELAY

importer\openbfme_importer\castle_fixtures.py:182: CastleFixturesError
================================== FAILURES ===================================
_______ test_admission_compiles_gate_health_armor_geometry_and_modules ________

type_name = 'TestMapGate'
documents = {'data/ini/gamedata.ini': b'#define TEST_GARRISON_HEALTH 1500\n', 'data/ini/armor.ini': b'Armor TestWallArmor\n  Armor...veBody ModuleTag_02\n    MaxHealth = 100.0\n  End\nEnd\n\nObject TestBrokenCart\n  KindOf = STRUCTURE IMMOBILE\nEnd\n'}
raw = {'testmapgate': SageObject(kind='Object', name='TestMapGate', parent=None, items=(SageAssignment(key='KindOf', value='...stle.ini', line=90, has_equals=True)), ordinal=3, source_virtual_path='data/ini/object/test/castle.ini', line=78), ...}
defines = {'test_garrison_health': 1500}, game = 'bfme2'

    def compile_map_object_descriptor(
        type_name: str,
        documents: Mapping[str, bytes],
        *,
        raw: Mapping[str, Any] | None = None,
        defines: Mapping[str, int | float] | None = None,
        game: str = "bfme2",
    ) -> dict[str, Any]:
        """Compile one map-referenced object type into a descriptor document.
    
        The descriptor carries the authored health, armor, geometry and module
        contracts exactly as the playable compilers extract them; no production
        routes are required because map objects are placed, never constructed.
        """
    
        if raw is None:
            try:
                raw = _object_index(documents)
            except PlayableUnitCompilerError as exc:
                raise CastleFixturesError(str(exc)) from exc
        if defines is None:
            try:
                defines = _numeric_defines(documents)
            except PlayableUnitCompilerError as exc:
                raise CastleFixturesError(str(exc)) from exc
        item, ancestry = _compile_lineage(type_name, raw)
        try:
            health = _health_contract(ancestry, defines, item.name)
        except PlayableStructureCompilerError as exc:
            raise CastleFixturesError(str(exc)) from exc
        try:
            armor = compile_armor_contract(documents, ancestry, game=game)
        except ArmorCompilerError as exc:
            raise CastleFixturesError(str(exc)) from exc
        geometry = _geometry_contract(ancestry, defines)
        try:
>           modules = compile_all_module_contracts(ancestry, item.name)
                      ^^^^^^^^^^^^^^^^^^^^^^^^^^^^^^^^^^^^^^^^^^^^^^^^^

importer\openbfme_importer\castle_fixtures.py:180: 
_ _ _ _ _ _ _ _ _ _ _ _ _ _ _ _ _ _ _ _ _ _ _ _ _ _ _ _ _ _ _ _ _ _ _ _ _ _ _ _
importer\openbfme_importer\module_contracts.py:8476: in compile_all_module_contracts
    rows.extend(compile_gate_open_close_behaviors(lineage, target_id))
                ^^^^^^^^^^^^^^^^^^^^^^^^^^^^^^^^^^^^^^^^^^^^^^^^^^^^^
_ _ _ _ _ _ _ _ _ _ _ _ _ _ _ _ _ _ _ _ _ _ _ _ _ _ _ _ _ _ _ _ _ _ _ _ _ _ _ _

lineage = (SageObject(kind='Object', name='TestMapGate', parent=None, items=(SageAssignment(key='KindOf', value='STRUCTURE IMMOB...st/castle.ini', line=34, has_equals=True)), ordinal=0, source_virtual_path='data/ini/object/test/castle.ini', line=1),)
target_id = 'TestMapGate'

    def compile_gate_open_close_behaviors(lineage: Sequence[SageObject], target_id: str) -> list[dict[str, object]]:
        rows=[]
        for block in _behavior_blocks(lineage,"GateOpenAndCloseBehavior"):
            if block.blocks: raise ModuleContractError(f"{target_id} GateOpenAndCloseBehavior nested blocks")
            amap=_assignment_map(block)
            if len(amap)!=len(block.assignments) or set(amap)-_GATE_FIELDS: raise ModuleContractError(f"{target_id} GateOpenAndCloseBehavior malformed fields")
            fields={}
            for key in ("ResetTimeInMilliseconds","TimeBeforePlayingOpenSound","TimeBeforePlayingClosedSound"):
                value=_milliseconds_field(amap.get(key.casefold()),f"{target_id} GateOpenAndCloseBehavior {key}")
>               if value is None: raise ModuleContractError(f"{target_id} GateOpenAndCloseBehavior requires {key}")
                                  ^^^^^^^^^^^^^^^^^^^^^^^^^^^^^^^^^^^^^^^^^^^^^^^^^^^^^^^^^^^^^^^^^^^^^^^^^^^^^^^^^
E               openbfme_importer.module_contracts.ModuleContractError: TestMapGate GateOpenAndCloseBehavior requires TimeBeforePlayingOpenSound

importer\openbfme_importer\module_contracts.py:4782: ModuleContractError

The above exception was the direct cause of the following exception:

    def test_admission_compiles_gate_health_armor_geometry_and_modules() -> None:
>       descriptor = compile_map_object_descriptor("TestMapGate", _DOCUMENTS)
                     ^^^^^^^^^^^^^^^^^^^^^^^^^^^^^^^^^^^^^^^^^^^^^^^^^^^^^^^^

importer\tests\test_castle_fixtures.py:241: 
_ _ _ _ _ _ _ _ _ _ _ _ _ _ _ _ _ _ _ _ _ _ _ _ _ _ _ _ _ _ _ _ _ _ _ _ _ _ _ _

type_name = 'TestMapGate'
documents = {'data/ini/gamedata.ini': b'#define TEST_GARRISON_HEALTH 1500\n', 'data/ini/armor.ini': b'Armor TestWallArmor\n  Armor...veBody ModuleTag_02\n    MaxHealth = 100.0\n  End\nEnd\n\nObject TestBrokenCart\n  KindOf = STRUCTURE IMMOBILE\nEnd\n'}
raw = {'testmapgate': SageObject(kind='Object', name='TestMapGate', parent=None, items=(SageAssignment(key='KindOf', value='...stle.ini', line=90, has_equals=True)), ordinal=3, source_virtual_path='data/ini/object/test/castle.ini', line=78), ...}
defines = {'test_garrison_health': 1500}, game = 'bfme2'

    def compile_map_object_descriptor(
        type_name: str,
        documents: Mapping[str, bytes],
        *,
        raw: Mapping[str, Any] | None = None,
        defines: Mapping[str, int | float] | None = None,
        game: str = "bfme2",
    ) -> dict[str, Any]:
        """Compile one map-referenced object type into a descriptor document.
    
        The descriptor carries the authored health, armor, geometry and module
        contracts exactly as the playable compilers extract them; no production
        routes are required because map objects are placed, never constructed.
        """
    
        if raw is None:
            try:
                raw = _object_index(documents)
            except PlayableUnitCompilerError as exc:
                raise CastleFixturesError(str(exc)) from exc
        if defines is None:
            try:
                defines = _numeric_defines(documents)
            except PlayableUnitCompilerError as exc:
                raise CastleFixturesError(str(exc)) from exc
        item, ancestry = _compile_lineage(type_name, raw)
        try:
            health = _health_contract(ancestry, defines, item.name)
        except PlayableStructureCompilerError as exc:
            raise CastleFixturesError(str(exc)) from exc
        try:
            armor = compile_armor_contract(documents, ancestry, game=game)
        except ArmorCompilerError as exc:
            raise CastleFixturesError(str(exc)) from exc
        geometry = _geometry_contract(ancestry, defines)
        try:
            modules = compile_all_module_contracts(ancestry, item.name)
        except ModuleContractError as exc:
>           raise CastleFixturesError(str(exc)) from exc
E           openbfme_importer.castle_fixtures.CastleFixturesError: TestMapGate GateOpenAndCloseBehavior requires TimeBeforePlayingOpenSound

importer\openbfme_importer\castle_fixtures.py:182: CastleFixturesError
___________ test_admission_resolves_health_macros_and_child_objects ___________

type_name = 'TestGarrisonTower'
documents = {'data/ini/gamedata.ini': b'#define TEST_GARRISON_HEALTH 1500\n', 'data/ini/armor.ini': b'Armor TestWallArmor\n  Armor...veBody ModuleTag_02\n    MaxHealth = 100.0\n  End\nEnd\n\nObject TestBrokenCart\n  KindOf = STRUCTURE IMMOBILE\nEnd\n'}
raw = {'testmapgate': SageObject(kind='Object', name='TestMapGate', parent=None, items=(SageAssignment(key='KindOf', value='...stle.ini', line=90, has_equals=True)), ordinal=3, source_virtual_path='data/ini/object/test/castle.ini', line=78), ...}
defines = {'test_garrison_health': 1500}, game = 'bfme2'

    def compile_map_object_descriptor(
        type_name: str,
        documents: Mapping[str, bytes],
        *,
        raw: Mapping[str, Any] | None = None,
        defines: Mapping[str, int | float] | None = None,
        game: str = "bfme2",
    ) -> dict[str, Any]:
        """Compile one map-referenced object type into a descriptor document.
    
        The descriptor carries the authored health, armor, geometry and module
        contracts exactly as the playable compilers extract them; no production
        routes are required because map objects are placed, never constructed.
        """
    
        if raw is None:
            try:
                raw = _object_index(documents)
            except PlayableUnitCompilerError as exc:
                raise CastleFixturesError(str(exc)) from exc
        if defines is None:
            try:
                defines = _numeric_defines(documents)
            except PlayableUnitCompilerError as exc:
                raise CastleFixturesError(str(exc)) from exc
        item, ancestry = _compile_lineage(type_name, raw)
        try:
            health = _health_contract(ancestry, defines, item.name)
        except PlayableStructureCompilerError as exc:
            raise CastleFixturesError(str(exc)) from exc
        try:
            armor = compile_armor_contract(documents, ancestry, game=game)
        except ArmorCompilerError as exc:
            raise CastleFixturesError(str(exc)) from exc
        geometry = _geometry_contract(ancestry, defines)
        try:
>           modules = compile_all_module_contracts(ancestry, item.name)
                      ^^^^^^^^^^^^^^^^^^^^^^^^^^^^^^^^^^^^^^^^^^^^^^^^^

importer\openbfme_importer\castle_fixtures.py:180: 
_ _ _ _ _ _ _ _ _ _ _ _ _ _ _ _ _ _ _ _ _ _ _ _ _ _ _ _ _ _ _ _ _ _ _ _ _ _ _ _
importer\openbfme_importer\module_contracts.py:8492: in compile_all_module_contracts
    rows.extend(compile_horde_garrison_contains(lineage, target_id))
                ^^^^^^^^^^^^^^^^^^^^^^^^^^^^^^^^^^^^^^^^^^^^^^^^^^^
importer\openbfme_importer\module_contracts.py:5493: in compile_horde_garrison_contains
    return _compile_garrison_like(
_ _ _ _ _ _ _ _ _ _ _ _ _ _ _ _ _ _ _ _ _ _ _ _ _ _ _ _ _ _ _ _ _ _ _ _ _ _ _ _

lineage = (SageObject(kind='Object', name='TestGarrisonTower', parent=None, items=(SageAssignment(key='KindOf', value='PRELOAD S...t/castle.ini', line=60, has_equals=True)), ordinal=1, source_virtual_path='data/ini/object/test/castle.ini', line=37),)
target_id = 'TestGarrisonTower', module = 'HordeGarrisonContain'
allowed = frozenset({'allowalliesinside', 'allowenemiesinside', 'allowneutralinside', 'allowownplayerinsideoverride', 'containmax', 'damagepercenttounits', ...})
required = ('ObjectStatusOfContained', 'ContainMax', 'DamagePercentToUnits', 'PassengerFilter', 'AllowEnemiesInside', 'EntryPosition', ...)

    def _compile_garrison_like(
        lineage: Sequence[SageObject], target_id: str, module: str,
        allowed: frozenset[str], required: tuple[str, ...],
    ) -> list[dict[str, object]]:
        rows: list[dict[str, object]] = []
        for block in _module_blocks(lineage, module):
            if block.blocks:
                raise ModuleContractError(f"{target_id} {module} nested blocks")
            grouped: dict[str, list[SageAssignment]] = {}
            for assignment in block.assignments:
                grouped.setdefault(assignment.key.casefold(), []).append(assignment)
            if set(grouped) - allowed or any(len(values) > 1 for values in grouped.values()):
                raise ModuleContractError(f"{target_id} {module} malformed fields")
            fields = _contain_common_fields(
                grouped, target_id, module, capacity_key="ContainMax"
            )
            for key in required:
                if key not in fields:
>                   raise ModuleContractError(f"{target_id} {module} requires {key}")
E                   openbfme_importer.module_contracts.ModuleContractError: TestGarrisonTower HordeGarrisonContain requires ObjectStatusOfContained

importer\openbfme_importer\module_contracts.py:5461: ModuleContractError

The above exception was the direct cause of the following exception:

    def test_admission_resolves_health_macros_and_child_objects() -> None:
>       tower = compile_map_object_descriptor("TestGarrisonTower", _DOCUMENTS)
                ^^^^^^^^^^^^^^^^^^^^^^^^^^^^^^^^^^^^^^^^^^^^^^^^^^^^^^^^^^^^^^

importer\tests\test_castle_fixtures.py:262: 
_ _ _ _ _ _ _ _ _ _ _ _ _ _ _ _ _ _ _ _ _ _ _ _ _ _ _ _ _ _ _ _ _ _ _ _ _ _ _ _

type_name = 'TestGarrisonTower'
documents = {'data/ini/gamedata.ini': b'#define TEST_GARRISON_HEALTH 1500\n', 'data/ini/armor.ini': b'Armor TestWallArmor\n  Armor...veBody ModuleTag_02\n    MaxHealth = 100.0\n  End\nEnd\n\nObject TestBrokenCart\n  KindOf = STRUCTURE IMMOBILE\nEnd\n'}
raw = {'testmapgate': SageObject(kind='Object', name='TestMapGate', parent=None, items=(SageAssignment(key='KindOf', value='...stle.ini', line=90, has_equals=True)), ordinal=3, source_virtual_path='data/ini/object/test/castle.ini', line=78), ...}
defines = {'test_garrison_health': 1500}, game = 'bfme2'

    def compile_map_object_descriptor(
        type_name: str,
        documents: Mapping[str, bytes],
        *,
        raw: Mapping[str, Any] | None = None,
        defines: Mapping[str, int | float] | None = None,
        game: str = "bfme2",
    ) -> dict[str, Any]:
        """Compile one map-referenced object type into a descriptor document.
    
        The descriptor carries the authored health, armor, geometry and module
        contracts exactly as the playable compilers extract them; no production
        routes are required because map objects are placed, never constructed.
        """
    
        if raw is None:
            try:
                raw = _object_index(documents)
            except PlayableUnitCompilerError as exc:
                raise CastleFixturesError(str(exc)) from exc
        if defines is None:
            try:
                defines = _numeric_defines(documents)
            except PlayableUnitCompilerError as exc:
                raise CastleFixturesError(str(exc)) from exc
        item, ancestry = _compile_lineage(type_name, raw)
        try:
            health = _health_contract(ancestry, defines, item.name)
        except PlayableStructureCompilerError as exc:
            raise CastleFixturesError(str(exc)) from exc
        try:
            armor = compile_armor_contract(documents, ancestry, game=game)
        except ArmorCompilerError as exc:
            raise CastleFixturesError(str(exc)) from exc
        geometry = _geometry_contract(ancestry, defines)
        try:
            modules = compile_all_module_contracts(ancestry, item.name)
        except ModuleContractError as exc:
>           raise CastleFixturesError(str(exc)) from exc
E           openbfme_importer.castle_fixtures.CastleFixturesError: TestGarrisonTower HordeGarrisonContain requires ObjectStatusOfContained

importer\openbfme_importer\castle_fixtures.py:182: CastleFixturesError
_____________________ test_fixtures_roles_and_exclusions ______________________

type_name = 'TestMapGate'
documents = {'data/ini/gamedata.ini': b'#define TEST_GARRISON_HEALTH 1500\n', 'data/ini/armor.ini': b'Armor TestWallArmor\n  Armor...veBody ModuleTag_02\n    MaxHealth = 100.0\n  End\nEnd\n\nObject TestBrokenCart\n  KindOf = STRUCTURE IMMOBILE\nEnd\n'}
raw = {'testmapgate': SageObject(kind='Object', name='TestMapGate', parent=None, items=(SageAssignment(key='KindOf', value='...stle.ini', line=90, has_equals=True)), ordinal=3, source_virtual_path='data/ini/object/test/castle.ini', line=78), ...}
defines = {'test_garrison_health': 1500}, game = 'bfme2'

    def compile_map_object_descriptor(
        type_name: str,
        documents: Mapping[str, bytes],
        *,
        raw: Mapping[str, Any] | None = None,
        defines: Mapping[str, int | float] | None = None,
        game: str = "bfme2",
    ) -> dict[str, Any]:
        """Compile one map-referenced object type into a descriptor document.
    
        The descriptor carries the authored health, armor, geometry and module
        contracts exactly as the playable compilers extract them; no production
        routes are required because map objects are placed, never constructed.
        """
    
        if raw is None:
            try:
                raw = _object_index(documents)
            except PlayableUnitCompilerError as exc:
                raise CastleFixturesError(str(exc)) from exc
        if defines is None:
            try:
                defines = _numeric_defines(documents)
            except PlayableUnitCompilerError as exc:
                raise CastleFixturesError(str(exc)) from exc
        item, ancestry = _compile_lineage(type_name, raw)
        try:
            health = _health_contract(ancestry, defines, item.name)
        except PlayableStructureCompilerError as exc:
            raise CastleFixturesError(str(exc)) from exc
        try:
            armor = compile_armor_contract(documents, ancestry, game=game)
        except ArmorCompilerError as exc:
            raise CastleFixturesError(str(exc)) from exc
        geometry = _geometry_contract(ancestry, defines)
        try:
>           modules = compile_all_module_contracts(ancestry, item.name)
                      ^^^^^^^^^^^^^^^^^^^^^^^^^^^^^^^^^^^^^^^^^^^^^^^^^

importer\openbfme_importer\castle_fixtures.py:180: 
_ _ _ _ _ _ _ _ _ _ _ _ _ _ _ _ _ _ _ _ _ _ _ _ _ _ _ _ _ _ _ _ _ _ _ _ _ _ _ _
importer\openbfme_importer\module_contracts.py:8476: in compile_all_module_contracts
    rows.extend(compile_gate_open_close_behaviors(lineage, target_id))
                ^^^^^^^^^^^^^^^^^^^^^^^^^^^^^^^^^^^^^^^^^^^^^^^^^^^^^
_ _ _ _ _ _ _ _ _ _ _ _ _ _ _ _ _ _ _ _ _ _ _ _ _ _ _ _ _ _ _ _ _ _ _ _ _ _ _ _

lineage = (SageObject(kind='Object', name='TestMapGate', parent=None, items=(SageAssignment(key='KindOf', value='STRUCTURE IMMOB...st/castle.ini', line=34, has_equals=True)), ordinal=0, source_virtual_path='data/ini/object/test/castle.ini', line=1),)
target_id = 'TestMapGate'

    def compile_gate_open_close_behaviors(lineage: Sequence[SageObject], target_id: str) -> list[dict[str, object]]:
        rows=[]
        for block in _behavior_blocks(lineage,"GateOpenAndCloseBehavior"):
            if block.blocks: raise ModuleContractError(f"{target_id} GateOpenAndCloseBehavior nested blocks")
            amap=_assignment_map(block)
            if len(amap)!=len(block.assignments) or set(amap)-_GATE_FIELDS: raise ModuleContractError(f"{target_id} GateOpenAndCloseBehavior malformed fields")
            fields={}
            for key in ("ResetTimeInMilliseconds","TimeBeforePlayingOpenSound","TimeBeforePlayingClosedSound"):
                value=_milliseconds_field(amap.get(key.casefold()),f"{target_id} GateOpenAndCloseBehavior {key}")
>               if value is None: raise ModuleContractError(f"{target_id} GateOpenAndCloseBehavior requires {key}")
                                  ^^^^^^^^^^^^^^^^^^^^^^^^^^^^^^^^^^^^^^^^^^^^^^^^^^^^^^^^^^^^^^^^^^^^^^^^^^^^^^^^^
E               openbfme_importer.module_contracts.ModuleContractError: TestMapGate GateOpenAndCloseBehavior requires TimeBeforePlayingOpenSound

importer\openbfme_importer\module_contracts.py:4782: ModuleContractError

The above exception was the direct cause of the following exception:

    def test_fixtures_roles_and_exclusions() -> None:
>       document = _fixtures()
                   ^^^^^^^^^^^

importer\tests\test_castle_fixtures.py:282: 
_ _ _ _ _ _ _ _ _ _ _ _ _ _ _ _ _ _ _ _ _ _ _ _ _ _ _ _ _ _ _ _ _ _ _ _ _ _ _ _
importer\tests\test_castle_fixtures.py:224: in _fixtures
    return build_map_fixtures(_DOCUMENTS, _placements())
           ^^^^^^^^^^^^^^^^^^^^^^^^^^^^^^^^^^^^^^^^^^^^^
importer\openbfme_importer\castle_fixtures.py:502: in build_map_fixtures
    descriptors[folded] = compile_map_object_descriptor(
_ _ _ _ _ _ _ _ _ _ _ _ _ _ _ _ _ _ _ _ _ _ _ _ _ _ _ _ _ _ _ _ _ _ _ _ _ _ _ _

type_name = 'TestMapGate'
documents = {'data/ini/gamedata.ini': b'#define TEST_GARRISON_HEALTH 1500\n', 'data/ini/armor.ini': b'Armor TestWallArmor\n  Armor...veBody ModuleTag_02\n    MaxHealth = 100.0\n  End\nEnd\n\nObject TestBrokenCart\n  KindOf = STRUCTURE IMMOBILE\nEnd\n'}
raw = {'testmapgate': SageObject(kind='Object', name='TestMapGate', parent=None, items=(SageAssignment(key='KindOf', value='...stle.ini', line=90, has_equals=True)), ordinal=3, source_virtual_path='data/ini/object/test/castle.ini', line=78), ...}
defines = {'test_garrison_health': 1500}, game = 'bfme2'

    def compile_map_object_descriptor(
        type_name: str,
        documents: Mapping[str, bytes],
        *,
        raw: Mapping[str, Any] | None = None,
        defines: Mapping[str, int | float] | None = None,
        game: str = "bfme2",
    ) -> dict[str, Any]:
        """Compile one map-referenced object type into a descriptor document.
    
        The descriptor carries the authored health, armor, geometry and module
        contracts exactly as the playable compilers extract them; no production
        routes are required because map objects are placed, never constructed.
        """
    
        if raw is None:
            try:
                raw = _object_index(documents)
            except PlayableUnitCompilerError as exc:
                raise CastleFixturesError(str(exc)) from exc
        if defines is None:
            try:
                defines = _numeric_defines(documents)
            except PlayableUnitCompilerError as exc:
                raise CastleFixturesError(str(exc)) from exc
        item, ancestry = _compile_lineage(type_name, raw)
        try:
            health = _health_contract(ancestry, defines, item.name)
        except PlayableStructureCompilerError as exc:
            raise CastleFixturesError(str(exc)) from exc
        try:
            armor = compile_armor_contract(documents, ancestry, game=game)
        except ArmorCompilerError as exc:
            raise CastleFixturesError(str(exc)) from exc
        geometry = _geometry_contract(ancestry, defines)
        try:
            modules = compile_all_module_contracts(ancestry, item.name)
        except ModuleContractError as exc:
>           raise CastleFixturesError(str(exc)) from exc
E           openbfme_importer.castle_fixtures.CastleFixturesError: TestMapGate GateOpenAndCloseBehavior requires TimeBeforePlayingOpenSound

importer\openbfme_importer\castle_fixtures.py:182: CastleFixturesError
____________ test_fixtures_capabilities_are_the_v2_requirement_set ____________

type_name = 'TestMapGate'
documents = {'data/ini/gamedata.ini': b'#define TEST_GARRISON_HEALTH 1500\n', 'data/ini/armor.ini': b'Armor TestWallArmor\n  Armor...veBody ModuleTag_02\n    MaxHealth = 100.0\n  End\nEnd\n\nObject TestBrokenCart\n  KindOf = STRUCTURE IMMOBILE\nEnd\n'}
raw = {'testmapgate': SageObject(kind='Object', name='TestMapGate', parent=None, items=(SageAssignment(key='KindOf', value='...stle.ini', line=90, has_equals=True)), ordinal=3, source_virtual_path='data/ini/object/test/castle.ini', line=78), ...}
defines = {'test_garrison_health': 1500}, game = 'bfme2'

    def compile_map_object_descriptor(
        type_name: str,
        documents: Mapping[str, bytes],
        *,
        raw: Mapping[str, Any] | None = None,
        defines: Mapping[str, int | float] | None = None,
        game: str = "bfme2",
    ) -> dict[str, Any]:
        """Compile one map-referenced object type into a descriptor document.
    
        The descriptor carries the authored health, armor, geometry and module
        contracts exactly as the playable compilers extract them; no production
        routes are required because map objects are placed, never constructed.
        """
    
        if raw is None:
            try:
                raw = _object_index(documents)
            except PlayableUnitCompilerError as exc:
                raise CastleFixturesError(str(exc)) from exc
        if defines is None:
            try:
                defines = _numeric_defines(documents)
            except PlayableUnitCompilerError as exc:
                raise CastleFixturesError(str(exc)) from exc
        item, ancestry = _compile_lineage(type_name, raw)
        try:
            health = _health_contract(ancestry, defines, item.name)
        except PlayableStructureCompilerError as exc:
            raise CastleFixturesError(str(exc)) from exc
        try:
            armor = compile_armor_contract(documents, ancestry, game=game)
        except ArmorCompilerError as exc:
            raise CastleFixturesError(str(exc)) from exc
        geometry = _geometry_contract(ancestry, defines)
        try:
>           modules = compile_all_module_contracts(ancestry, item.name)
                      ^^^^^^^^^^^^^^^^^^^^^^^^^^^^^^^^^^^^^^^^^^^^^^^^^

importer\openbfme_importer\castle_fixtures.py:180: 
_ _ _ _ _ _ _ _ _ _ _ _ _ _ _ _ _ _ _ _ _ _ _ _ _ _ _ _ _ _ _ _ _ _ _ _ _ _ _ _
importer\openbfme_importer\module_contracts.py:8476: in compile_all_module_contracts
    rows.extend(compile_gate_open_close_behaviors(lineage, target_id))
                ^^^^^^^^^^^^^^^^^^^^^^^^^^^^^^^^^^^^^^^^^^^^^^^^^^^^^
_ _ _ _ _ _ _ _ _ _ _ _ _ _ _ _ _ _ _ _ _ _ _ _ _ _ _ _ _ _ _ _ _ _ _ _ _ _ _ _

lineage = (SageObject(kind='Object', name='TestMapGate', parent=None, items=(SageAssignment(key='KindOf', value='STRUCTURE IMMOB...st/castle.ini', line=34, has_equals=True)), ordinal=0, source_virtual_path='data/ini/object/test/castle.ini', line=1),)
target_id = 'TestMapGate'

    def compile_gate_open_close_behaviors(lineage: Sequence[SageObject], target_id: str) -> list[dict[str, object]]:
        rows=[]
        for block in _behavior_blocks(lineage,"GateOpenAndCloseBehavior"):
            if block.blocks: raise ModuleContractError(f"{target_id} GateOpenAndCloseBehavior nested blocks")
            amap=_assignment_map(block)
            if len(amap)!=len(block.assignments) or set(amap)-_GATE_FIELDS: raise ModuleContractError(f"{target_id} GateOpenAndCloseBehavior malformed fields")
            fields={}
            for key in ("ResetTimeInMilliseconds","TimeBeforePlayingOpenSound","TimeBeforePlayingClosedSound"):
                value=_milliseconds_field(amap.get(key.casefold()),f"{target_id} GateOpenAndCloseBehavior {key}")
>               if value is None: raise ModuleContractError(f"{target_id} GateOpenAndCloseBehavior requires {key}")
                                  ^^^^^^^^^^^^^^^^^^^^^^^^^^^^^^^^^^^^^^^^^^^^^^^^^^^^^^^^^^^^^^^^^^^^^^^^^^^^^^^^^
E               openbfme_importer.module_contracts.ModuleContractError: TestMapGate GateOpenAndCloseBehavior requires TimeBeforePlayingOpenSound

importer\openbfme_importer\module_contracts.py:4782: ModuleContractError

The above exception was the direct cause of the following exception:

    def test_fixtures_capabilities_are_the_v2_requirement_set() -> None:
>       document = _fixtures()
                   ^^^^^^^^^^^

importer\tests\test_castle_fixtures.py:314: 
_ _ _ _ _ _ _ _ _ _ _ _ _ _ _ _ _ _ _ _ _ _ _ _ _ _ _ _ _ _ _ _ _ _ _ _ _ _ _ _
importer\tests\test_castle_fixtures.py:224: in _fixtures
    return build_map_fixtures(_DOCUMENTS, _placements())
           ^^^^^^^^^^^^^^^^^^^^^^^^^^^^^^^^^^^^^^^^^^^^^
importer\openbfme_importer\castle_fixtures.py:502: in build_map_fixtures
    descriptors[folded] = compile_map_object_descriptor(
_ _ _ _ _ _ _ _ _ _ _ _ _ _ _ _ _ _ _ _ _ _ _ _ _ _ _ _ _ _ _ _ _ _ _ _ _ _ _ _

type_name = 'TestMapGate'
documents = {'data/ini/gamedata.ini': b'#define TEST_GARRISON_HEALTH 1500\n', 'data/ini/armor.ini': b'Armor TestWallArmor\n  Armor...veBody ModuleTag_02\n    MaxHealth = 100.0\n  End\nEnd\n\nObject TestBrokenCart\n  KindOf = STRUCTURE IMMOBILE\nEnd\n'}
raw = {'testmapgate': SageObject(kind='Object', name='TestMapGate', parent=None, items=(SageAssignment(key='KindOf', value='...stle.ini', line=90, has_equals=True)), ordinal=3, source_virtual_path='data/ini/object/test/castle.ini', line=78), ...}
defines = {'test_garrison_health': 1500}, game = 'bfme2'

    def compile_map_object_descriptor(
        type_name: str,
        documents: Mapping[str, bytes],
        *,
        raw: Mapping[str, Any] | None = None,
        defines: Mapping[str, int | float] | None = None,
        game: str = "bfme2",
    ) -> dict[str, Any]:
        """Compile one map-referenced object type into a descriptor document.
    
        The descriptor carries the authored health, armor, geometry and module
        contracts exactly as the playable compilers extract them; no production
        routes are required because map objects are placed, never constructed.
        """
    
        if raw is None:
            try:
                raw = _object_index(documents)
            except PlayableUnitCompilerError as exc:
                raise CastleFixturesError(str(exc)) from exc
        if defines is None:
            try:
                defines = _numeric_defines(documents)
            except PlayableUnitCompilerError as exc:
                raise CastleFixturesError(str(exc)) from exc
        item, ancestry = _compile_lineage(type_name, raw)
        try:
            health = _health_contract(ancestry, defines, item.name)
        except PlayableStructureCompilerError as exc:
            raise CastleFixturesError(str(exc)) from exc
        try:
            armor = compile_armor_contract(documents, ancestry, game=game)
        except ArmorCompilerError as exc:
            raise CastleFixturesError(str(exc)) from exc
        geometry = _geometry_contract(ancestry, defines)
        try:
            modules = compile_all_module_contracts(ancestry, item.name)
        except ModuleContractError as exc:
>           raise CastleFixturesError(str(exc)) from exc
E           openbfme_importer.castle_fixtures.CastleFixturesError: TestMapGate GateOpenAndCloseBehavior requires TimeBeforePlayingOpenSound

importer\openbfme_importer\castle_fixtures.py:182: CastleFixturesError
_________ test_gate_fixture_carries_module_block_and_named_geometries _________

type_name = 'TestMapGate'
documents = {'data/ini/gamedata.ini': b'#define TEST_GARRISON_HEALTH 1500\n', 'data/ini/armor.ini': b'Armor TestWallArmor\n  Armor...veBody ModuleTag_02\n    MaxHealth = 100.0\n  End\nEnd\n\nObject TestBrokenCart\n  KindOf = STRUCTURE IMMOBILE\nEnd\n'}
raw = {'testmapgate': SageObject(kind='Object', name='TestMapGate', parent=None, items=(SageAssignment(key='KindOf', value='...stle.ini', line=90, has_equals=True)), ordinal=3, source_virtual_path='data/ini/object/test/castle.ini', line=78), ...}
defines = {'test_garrison_health': 1500}, game = 'bfme2'

    def compile_map_object_descriptor(
        type_name: str,
        documents: Mapping[str, bytes],
        *,
        raw: Mapping[str, Any] | None = None,
        defines: Mapping[str, int | float] | None = None,
        game: str = "bfme2",
    ) -> dict[str, Any]:
        """Compile one map-referenced object type into a descriptor document.
    
        The descriptor carries the authored health, armor, geometry and module
        contracts exactly as the playable compilers extract them; no production
        routes are required because map objects are placed, never constructed.
        """
    
        if raw is None:
            try:
                raw = _object_index(documents)
            except PlayableUnitCompilerError as exc:
                raise CastleFixturesError(str(exc)) from exc
        if defines is None:
            try:
                defines = _numeric_defines(documents)
            except PlayableUnitCompilerError as exc:
                raise CastleFixturesError(str(exc)) from exc
        item, ancestry = _compile_lineage(type_name, raw)
        try:
            health = _health_contract(ancestry, defines, item.name)
        except PlayableStructureCompilerError as exc:
            raise CastleFixturesError(str(exc)) from exc
        try:
            armor = compile_armor_contract(documents, ancestry, game=game)
        except ArmorCompilerError as exc:
            raise CastleFixturesError(str(exc)) from exc
        geometry = _geometry_contract(ancestry, defines)
        try:
>           modules = compile_all_module_contracts(ancestry, item.name)
                      ^^^^^^^^^^^^^^^^^^^^^^^^^^^^^^^^^^^^^^^^^^^^^^^^^

importer\openbfme_importer\castle_fixtures.py:180: 
_ _ _ _ _ _ _ _ _ _ _ _ _ _ _ _ _ _ _ _ _ _ _ _ _ _ _ _ _ _ _ _ _ _ _ _ _ _ _ _
importer\openbfme_importer\module_contracts.py:8476: in compile_all_module_contracts
    rows.extend(compile_gate_open_close_behaviors(lineage, target_id))
                ^^^^^^^^^^^^^^^^^^^^^^^^^^^^^^^^^^^^^^^^^^^^^^^^^^^^^
_ _ _ _ _ _ _ _ _ _ _ _ _ _ _ _ _ _ _ _ _ _ _ _ _ _ _ _ _ _ _ _ _ _ _ _ _ _ _ _

lineage = (SageObject(kind='Object', name='TestMapGate', parent=None, items=(SageAssignment(key='KindOf', value='STRUCTURE IMMOB...st/castle.ini', line=34, has_equals=True)), ordinal=0, source_virtual_path='data/ini/object/test/castle.ini', line=1),)
target_id = 'TestMapGate'

    def compile_gate_open_close_behaviors(lineage: Sequence[SageObject], target_id: str) -> list[dict[str, object]]:
        rows=[]
        for block in _behavior_blocks(lineage,"GateOpenAndCloseBehavior"):
            if block.blocks: raise ModuleContractError(f"{target_id} GateOpenAndCloseBehavior nested blocks")
            amap=_assignment_map(block)
            if len(amap)!=len(block.assignments) or set(amap)-_GATE_FIELDS: raise ModuleContractError(f"{target_id} GateOpenAndCloseBehavior malformed fields")
            fields={}
            for key in ("ResetTimeInMilliseconds","TimeBeforePlayingOpenSound","TimeBeforePlayingClosedSound"):
                value=_milliseconds_field(amap.get(key.casefold()),f"{target_id} GateOpenAndCloseBehavior {key}")
>               if value is None: raise ModuleContractError(f"{target_id} GateOpenAndCloseBehavior requires {key}")
                                  ^^^^^^^^^^^^^^^^^^^^^^^^^^^^^^^^^^^^^^^^^^^^^^^^^^^^^^^^^^^^^^^^^^^^^^^^^^^^^^^^^
E               openbfme_importer.module_contracts.ModuleContractError: TestMapGate GateOpenAndCloseBehavior requires TimeBeforePlayingOpenSound

importer\openbfme_importer\module_contracts.py:4782: ModuleContractError

The above exception was the direct cause of the following exception:

    def test_gate_fixture_carries_module_block_and_named_geometries() -> None:
>       document = _fixtures()
                   ^^^^^^^^^^^

importer\tests\test_castle_fixtures.py:325: 
_ _ _ _ _ _ _ _ _ _ _ _ _ _ _ _ _ _ _ _ _ _ _ _ _ _ _ _ _ _ _ _ _ _ _ _ _ _ _ _
importer\tests\test_castle_fixtures.py:224: in _fixtures
    return build_map_fixtures(_DOCUMENTS, _placements())
           ^^^^^^^^^^^^^^^^^^^^^^^^^^^^^^^^^^^^^^^^^^^^^
importer\openbfme_importer\castle_fixtures.py:502: in build_map_fixtures
    descriptors[folded] = compile_map_object_descriptor(
_ _ _ _ _ _ _ _ _ _ _ _ _ _ _ _ _ _ _ _ _ _ _ _ _ _ _ _ _ _ _ _ _ _ _ _ _ _ _ _

type_name = 'TestMapGate'
documents = {'data/ini/gamedata.ini': b'#define TEST_GARRISON_HEALTH 1500\n', 'data/ini/armor.ini': b'Armor TestWallArmor\n  Armor...veBody ModuleTag_02\n    MaxHealth = 100.0\n  End\nEnd\n\nObject TestBrokenCart\n  KindOf = STRUCTURE IMMOBILE\nEnd\n'}
raw = {'testmapgate': SageObject(kind='Object', name='TestMapGate', parent=None, items=(SageAssignment(key='KindOf', value='...stle.ini', line=90, has_equals=True)), ordinal=3, source_virtual_path='data/ini/object/test/castle.ini', line=78), ...}
defines = {'test_garrison_health': 1500}, game = 'bfme2'

    def compile_map_object_descriptor(
        type_name: str,
        documents: Mapping[str, bytes],
        *,
        raw: Mapping[str, Any] | None = None,
        defines: Mapping[str, int | float] | None = None,
        game: str = "bfme2",
    ) -> dict[str, Any]:
        """Compile one map-referenced object type into a descriptor document.
    
        The descriptor carries the authored health, armor, geometry and module
        contracts exactly as the playable compilers extract them; no production
        routes are required because map objects are placed, never constructed.
        """
    
        if raw is None:
            try:
                raw = _object_index(documents)
            except PlayableUnitCompilerError as exc:
                raise CastleFixturesError(str(exc)) from exc
        if defines is None:
            try:
                defines = _numeric_defines(documents)
            except PlayableUnitCompilerError as exc:
                raise CastleFixturesError(str(exc)) from exc
        item, ancestry = _compile_lineage(type_name, raw)
        try:
            health = _health_contract(ancestry, defines, item.name)
        except PlayableStructureCompilerError as exc:
            raise CastleFixturesError(str(exc)) from exc
        try:
            armor = compile_armor_contract(documents, ancestry, game=game)
        except ArmorCompilerError as exc:
            raise CastleFixturesError(str(exc)) from exc
        geometry = _geometry_contract(ancestry, defines)
        try:
            modules = compile_all_module_contracts(ancestry, item.name)
        except ModuleContractError as exc:
>           raise CastleFixturesError(str(exc)) from exc
E           openbfme_importer.castle_fixtures.CastleFixturesError: TestMapGate GateOpenAndCloseBehavior requires TimeBeforePlayingOpenSound

importer\openbfme_importer\castle_fixtures.py:182: CastleFixturesError
_________________ test_garrison_fixture_carries_contain_block _________________

type_name = 'TestMapGate'
documents = {'data/ini/gamedata.ini': b'#define TEST_GARRISON_HEALTH 1500\n', 'data/ini/armor.ini': b'Armor TestWallArmor\n  Armor...veBody ModuleTag_02\n    MaxHealth = 100.0\n  End\nEnd\n\nObject TestBrokenCart\n  KindOf = STRUCTURE IMMOBILE\nEnd\n'}
raw = {'testmapgate': SageObject(kind='Object', name='TestMapGate', parent=None, items=(SageAssignment(key='KindOf', value='...stle.ini', line=90, has_equals=True)), ordinal=3, source_virtual_path='data/ini/object/test/castle.ini', line=78), ...}
defines = {'test_garrison_health': 1500}, game = 'bfme2'

    def compile_map_object_descriptor(
        type_name: str,
        documents: Mapping[str, bytes],
        *,
        raw: Mapping[str, Any] | None = None,
        defines: Mapping[str, int | float] | None = None,
        game: str = "bfme2",
    ) -> dict[str, Any]:
        """Compile one map-referenced object type into a descriptor document.
    
        The descriptor carries the authored health, armor, geometry and module
        contracts exactly as the playable compilers extract them; no production
        routes are required because map objects are placed, never constructed.
        """
    
        if raw is None:
            try:
                raw = _object_index(documents)
            except PlayableUnitCompilerError as exc:
                raise CastleFixturesError(str(exc)) from exc
        if defines is None:
            try:
                defines = _numeric_defines(documents)
            except PlayableUnitCompilerError as exc:
                raise CastleFixturesError(str(exc)) from exc
        item, ancestry = _compile_lineage(type_name, raw)
        try:
            health = _health_contract(ancestry, defines, item.name)
        except PlayableStructureCompilerError as exc:
            raise CastleFixturesError(str(exc)) from exc
        try:
            armor = compile_armor_contract(documents, ancestry, game=game)
        except ArmorCompilerError as exc:
            raise CastleFixturesError(str(exc)) from exc
        geometry = _geometry_contract(ancestry, defines)
        try:
>           modules = compile_all_module_contracts(ancestry, item.name)
                      ^^^^^^^^^^^^^^^^^^^^^^^^^^^^^^^^^^^^^^^^^^^^^^^^^

importer\openbfme_importer\castle_fixtures.py:180: 
_ _ _ _ _ _ _ _ _ _ _ _ _ _ _ _ _ _ _ _ _ _ _ _ _ _ _ _ _ _ _ _ _ _ _ _ _ _ _ _
importer\openbfme_importer\module_contracts.py:8476: in compile_all_module_contracts
    rows.extend(compile_gate_open_close_behaviors(lineage, target_id))
                ^^^^^^^^^^^^^^^^^^^^^^^^^^^^^^^^^^^^^^^^^^^^^^^^^^^^^
_ _ _ _ _ _ _ _ _ _ _ _ _ _ _ _ _ _ _ _ _ _ _ _ _ _ _ _ _ _ _ _ _ _ _ _ _ _ _ _

lineage = (SageObject(kind='Object', name='TestMapGate', parent=None, items=(SageAssignment(key='KindOf', value='STRUCTURE IMMOB...st/castle.ini', line=34, has_equals=True)), ordinal=0, source_virtual_path='data/ini/object/test/castle.ini', line=1),)
target_id = 'TestMapGate'

    def compile_gate_open_close_behaviors(lineage: Sequence[SageObject], target_id: str) -> list[dict[str, object]]:
        rows=[]
        for block in _behavior_blocks(lineage,"GateOpenAndCloseBehavior"):
            if block.blocks: raise ModuleContractError(f"{target_id} GateOpenAndCloseBehavior nested blocks")
            amap=_assignment_map(block)
            if len(amap)!=len(block.assignments) or set(amap)-_GATE_FIELDS: raise ModuleContractError(f"{target_id} GateOpenAndCloseBehavior malformed fields")
            fields={}
            for key in ("ResetTimeInMilliseconds","TimeBeforePlayingOpenSound","TimeBeforePlayingClosedSound"):
                value=_milliseconds_field(amap.get(key.casefold()),f"{target_id} GateOpenAndCloseBehavior {key}")
>               if value is None: raise ModuleContractError(f"{target_id} GateOpenAndCloseBehavior requires {key}")
                                  ^^^^^^^^^^^^^^^^^^^^^^^^^^^^^^^^^^^^^^^^^^^^^^^^^^^^^^^^^^^^^^^^^^^^^^^^^^^^^^^^^
E               openbfme_importer.module_contracts.ModuleContractError: TestMapGate GateOpenAndCloseBehavior requires TimeBeforePlayingOpenSound

importer\openbfme_importer\module_contracts.py:4782: ModuleContractError

The above exception was the direct cause of the following exception:

    def test_garrison_fixture_carries_contain_block() -> None:
>       document = _fixtures()
                   ^^^^^^^^^^^

importer\tests\test_castle_fixtures.py:347: 
_ _ _ _ _ _ _ _ _ _ _ _ _ _ _ _ _ _ _ _ _ _ _ _ _ _ _ _ _ _ _ _ _ _ _ _ _ _ _ _
importer\tests\test_castle_fixtures.py:224: in _fixtures
    return build_map_fixtures(_DOCUMENTS, _placements())
           ^^^^^^^^^^^^^^^^^^^^^^^^^^^^^^^^^^^^^^^^^^^^^
importer\openbfme_importer\castle_fixtures.py:502: in build_map_fixtures
    descriptors[folded] = compile_map_object_descriptor(
_ _ _ _ _ _ _ _ _ _ _ _ _ _ _ _ _ _ _ _ _ _ _ _ _ _ _ _ _ _ _ _ _ _ _ _ _ _ _ _

type_name = 'TestMapGate'
documents = {'data/ini/gamedata.ini': b'#define TEST_GARRISON_HEALTH 1500\n', 'data/ini/armor.ini': b'Armor TestWallArmor\n  Armor...veBody ModuleTag_02\n    MaxHealth = 100.0\n  End\nEnd\n\nObject TestBrokenCart\n  KindOf = STRUCTURE IMMOBILE\nEnd\n'}
raw = {'testmapgate': SageObject(kind='Object', name='TestMapGate', parent=None, items=(SageAssignment(key='KindOf', value='...stle.ini', line=90, has_equals=True)), ordinal=3, source_virtual_path='data/ini/object/test/castle.ini', line=78), ...}
defines = {'test_garrison_health': 1500}, game = 'bfme2'

    def compile_map_object_descriptor(
        type_name: str,
        documents: Mapping[str, bytes],
        *,
        raw: Mapping[str, Any] | None = None,
        defines: Mapping[str, int | float] | None = None,
        game: str = "bfme2",
    ) -> dict[str, Any]:
        """Compile one map-referenced object type into a descriptor document.
    
        The descriptor carries the authored health, armor, geometry and module
        contracts exactly as the playable compilers extract them; no production
        routes are required because map objects are placed, never constructed.
        """
    
        if raw is None:
            try:
                raw = _object_index(documents)
            except PlayableUnitCompilerError as exc:
                raise CastleFixturesError(str(exc)) from exc
        if defines is None:
            try:
                defines = _numeric_defines(documents)
            except PlayableUnitCompilerError as exc:
                raise CastleFixturesError(str(exc)) from exc
        item, ancestry = _compile_lineage(type_name, raw)
        try:
            health = _health_contract(ancestry, defines, item.name)
        except PlayableStructureCompilerError as exc:
            raise CastleFixturesError(str(exc)) from exc
        try:
            armor = compile_armor_contract(documents, ancestry, game=game)
        except ArmorCompilerError as exc:
            raise CastleFixturesError(str(exc)) from exc
        geometry = _geometry_contract(ancestry, defines)
        try:
            modules = compile_all_module_contracts(ancestry, item.name)
        except ModuleContractError as exc:
>           raise CastleFixturesError(str(exc)) from exc
E           openbfme_importer.castle_fixtures.CastleFixturesError: TestMapGate GateOpenAndCloseBehavior requires TimeBeforePlayingOpenSound

importer\openbfme_importer\castle_fixtures.py:182: CastleFixturesError
_________ test_fixtures_carry_type_contracts_and_placement_properties _________

type_name = 'TestMapGate'
documents = {'data/ini/gamedata.ini': b'#define TEST_GARRISON_HEALTH 1500\n', 'data/ini/armor.ini': b'Armor TestWallArmor\n  Armor...veBody ModuleTag_02\n    MaxHealth = 100.0\n  End\nEnd\n\nObject TestBrokenCart\n  KindOf = STRUCTURE IMMOBILE\nEnd\n'}
raw = {'testmapgate': SageObject(kind='Object', name='TestMapGate', parent=None, items=(SageAssignment(key='KindOf', value='...stle.ini', line=90, has_equals=True)), ordinal=3, source_virtual_path='data/ini/object/test/castle.ini', line=78), ...}
defines = {'test_garrison_health': 1500}, game = 'bfme2'

    def compile_map_object_descriptor(
        type_name: str,
        documents: Mapping[str, bytes],
        *,
        raw: Mapping[str, Any] | None = None,
        defines: Mapping[str, int | float] | None = None,
        game: str = "bfme2",
    ) -> dict[str, Any]:
        """Compile one map-referenced object type into a descriptor document.
    
        The descriptor carries the authored health, armor, geometry and module
        contracts exactly as the playable compilers extract them; no production
        routes are required because map objects are placed, never constructed.
        """
    
        if raw is None:
            try:
                raw = _object_index(documents)
            except PlayableUnitCompilerError as exc:
                raise CastleFixturesError(str(exc)) from exc
        if defines is None:
            try:
                defines = _numeric_defines(documents)
            except PlayableUnitCompilerError as exc:
                raise CastleFixturesError(str(exc)) from exc
        item, ancestry = _compile_lineage(type_name, raw)
        try:
            health = _health_contract(ancestry, defines, item.name)
        except PlayableStructureCompilerError as exc:
            raise CastleFixturesError(str(exc)) from exc
        try:
            armor = compile_armor_contract(documents, ancestry, game=game)
        except ArmorCompilerError as exc:
            raise CastleFixturesError(str(exc)) from exc
        geometry = _geometry_contract(ancestry, defines)
        try:
>           modules = compile_all_module_contracts(ancestry, item.name)
                      ^^^^^^^^^^^^^^^^^^^^^^^^^^^^^^^^^^^^^^^^^^^^^^^^^

importer\openbfme_importer\castle_fixtures.py:180: 
_ _ _ _ _ _ _ _ _ _ _ _ _ _ _ _ _ _ _ _ _ _ _ _ _ _ _ _ _ _ _ _ _ _ _ _ _ _ _ _
importer\openbfme_importer\module_contracts.py:8476: in compile_all_module_contracts
    rows.extend(compile_gate_open_close_behaviors(lineage, target_id))
                ^^^^^^^^^^^^^^^^^^^^^^^^^^^^^^^^^^^^^^^^^^^^^^^^^^^^^
_ _ _ _ _ _ _ _ _ _ _ _ _ _ _ _ _ _ _ _ _ _ _ _ _ _ _ _ _ _ _ _ _ _ _ _ _ _ _ _

lineage = (SageObject(kind='Object', name='TestMapGate', parent=None, items=(SageAssignment(key='KindOf', value='STRUCTURE IMMOB...st/castle.ini', line=34, has_equals=True)), ordinal=0, source_virtual_path='data/ini/object/test/castle.ini', line=1),)
target_id = 'TestMapGate'

    def compile_gate_open_close_behaviors(lineage: Sequence[SageObject], target_id: str) -> list[dict[str, object]]:
        rows=[]
        for block in _behavior_blocks(lineage,"GateOpenAndCloseBehavior"):
            if block.blocks: raise ModuleContractError(f"{target_id} GateOpenAndCloseBehavior nested blocks")
            amap=_assignment_map(block)
            if len(amap)!=len(block.assignments) or set(amap)-_GATE_FIELDS: raise ModuleContractError(f"{target_id} GateOpenAndCloseBehavior malformed fields")
            fields={}
            for key in ("ResetTimeInMilliseconds","TimeBeforePlayingOpenSound","TimeBeforePlayingClosedSound"):
                value=_milliseconds_field(amap.get(key.casefold()),f"{target_id} GateOpenAndCloseBehavior {key}")
>               if value is None: raise ModuleContractError(f"{target_id} GateOpenAndCloseBehavior requires {key}")
                                  ^^^^^^^^^^^^^^^^^^^^^^^^^^^^^^^^^^^^^^^^^^^^^^^^^^^^^^^^^^^^^^^^^^^^^^^^^^^^^^^^^
E               openbfme_importer.module_contracts.ModuleContractError: TestMapGate GateOpenAndCloseBehavior requires TimeBeforePlayingOpenSound

importer\openbfme_importer\module_contracts.py:4782: ModuleContractError

The above exception was the direct cause of the following exception:

    def test_fixtures_carry_type_contracts_and_placement_properties() -> None:
>       document = _fixtures()
                   ^^^^^^^^^^^

importer\tests\test_castle_fixtures.py:363: 
_ _ _ _ _ _ _ _ _ _ _ _ _ _ _ _ _ _ _ _ _ _ _ _ _ _ _ _ _ _ _ _ _ _ _ _ _ _ _ _
importer\tests\test_castle_fixtures.py:224: in _fixtures
    return build_map_fixtures(_DOCUMENTS, _placements())
           ^^^^^^^^^^^^^^^^^^^^^^^^^^^^^^^^^^^^^^^^^^^^^
importer\openbfme_importer\castle_fixtures.py:502: in build_map_fixtures
    descriptors[folded] = compile_map_object_descriptor(
_ _ _ _ _ _ _ _ _ _ _ _ _ _ _ _ _ _ _ _ _ _ _ _ _ _ _ _ _ _ _ _ _ _ _ _ _ _ _ _

type_name = 'TestMapGate'
documents = {'data/ini/gamedata.ini': b'#define TEST_GARRISON_HEALTH 1500\n', 'data/ini/armor.ini': b'Armor TestWallArmor\n  Armor...veBody ModuleTag_02\n    MaxHealth = 100.0\n  End\nEnd\n\nObject TestBrokenCart\n  KindOf = STRUCTURE IMMOBILE\nEnd\n'}
raw = {'testmapgate': SageObject(kind='Object', name='TestMapGate', parent=None, items=(SageAssignment(key='KindOf', value='...stle.ini', line=90, has_equals=True)), ordinal=3, source_virtual_path='data/ini/object/test/castle.ini', line=78), ...}
defines = {'test_garrison_health': 1500}, game = 'bfme2'

    def compile_map_object_descriptor(
        type_name: str,
        documents: Mapping[str, bytes],
        *,
        raw: Mapping[str, Any] | None = None,
        defines: Mapping[str, int | float] | None = None,
        game: str = "bfme2",
    ) -> dict[str, Any]:
        """Compile one map-referenced object type into a descriptor document.
    
        The descriptor carries the authored health, armor, geometry and module
        contracts exactly as the playable compilers extract them; no production
        routes are required because map objects are placed, never constructed.
        """
    
        if raw is None:
            try:
                raw = _object_index(documents)
            except PlayableUnitCompilerError as exc:
                raise CastleFixturesError(str(exc)) from exc
        if defines is None:
            try:
                defines = _numeric_defines(documents)
            except PlayableUnitCompilerError as exc:
                raise CastleFixturesError(str(exc)) from exc
        item, ancestry = _compile_lineage(type_name, raw)
        try:
            health = _health_contract(ancestry, defines, item.name)
        except PlayableStructureCompilerError as exc:
            raise CastleFixturesError(str(exc)) from exc
        try:
            armor = compile_armor_contract(documents, ancestry, game=game)
        except ArmorCompilerError as exc:
            raise CastleFixturesError(str(exc)) from exc
        geometry = _geometry_contract(ancestry, defines)
        try:
            modules = compile_all_module_contracts(ancestry, item.name)
        except ModuleContractError as exc:
>           raise CastleFixturesError(str(exc)) from exc
E           openbfme_importer.castle_fixtures.CastleFixturesError: TestMapGate GateOpenAndCloseBehavior requires TimeBeforePlayingOpenSound

importer\openbfme_importer\castle_fixtures.py:182: CastleFixturesError
____________________ test_validate_accepts_builder_output _____________________

type_name = 'TestMapGate'
documents = {'data/ini/gamedata.ini': b'#define TEST_GARRISON_HEALTH 1500\n', 'data/ini/armor.ini': b'Armor TestWallArmor\n  Armor...veBody ModuleTag_02\n    MaxHealth = 100.0\n  End\nEnd\n\nObject TestBrokenCart\n  KindOf = STRUCTURE IMMOBILE\nEnd\n'}
raw = {'testmapgate': SageObject(kind='Object', name='TestMapGate', parent=None, items=(SageAssignment(key='KindOf', value='...stle.ini', line=90, has_equals=True)), ordinal=3, source_virtual_path='data/ini/object/test/castle.ini', line=78), ...}
defines = {'test_garrison_health': 1500}, game = 'bfme2'

    def compile_map_object_descriptor(
        type_name: str,
        documents: Mapping[str, bytes],
        *,
        raw: Mapping[str, Any] | None = None,
        defines: Mapping[str, int | float] | None = None,
        game: str = "bfme2",
    ) -> dict[str, Any]:
        """Compile one map-referenced object type into a descriptor document.
    
        The descriptor carries the authored health, armor, geometry and module
        contracts exactly as the playable compilers extract them; no production
        routes are required because map objects are placed, never constructed.
        """
    
        if raw is None:
            try:
                raw = _object_index(documents)
            except PlayableUnitCompilerError as exc:
                raise CastleFixturesError(str(exc)) from exc
        if defines is None:
            try:
                defines = _numeric_defines(documents)
            except PlayableUnitCompilerError as exc:
                raise CastleFixturesError(str(exc)) from exc
        item, ancestry = _compile_lineage(type_name, raw)
        try:
            health = _health_contract(ancestry, defines, item.name)
        except PlayableStructureCompilerError as exc:
            raise CastleFixturesError(str(exc)) from exc
        try:
            armor = compile_armor_contract(documents, ancestry, game=game)
        except ArmorCompilerError as exc:
            raise CastleFixturesError(str(exc)) from exc
        geometry = _geometry_contract(ancestry, defines)
        try:
>           modules = compile_all_module_contracts(ancestry, item.name)
                      ^^^^^^^^^^^^^^^^^^^^^^^^^^^^^^^^^^^^^^^^^^^^^^^^^

importer\openbfme_importer\castle_fixtures.py:180: 
_ _ _ _ _ _ _ _ _ _ _ _ _ _ _ _ _ _ _ _ _ _ _ _ _ _ _ _ _ _ _ _ _ _ _ _ _ _ _ _
importer\openbfme_importer\module_contracts.py:8476: in compile_all_module_contracts
    rows.extend(compile_gate_open_close_behaviors(lineage, target_id))
                ^^^^^^^^^^^^^^^^^^^^^^^^^^^^^^^^^^^^^^^^^^^^^^^^^^^^^
_ _ _ _ _ _ _ _ _ _ _ _ _ _ _ _ _ _ _ _ _ _ _ _ _ _ _ _ _ _ _ _ _ _ _ _ _ _ _ _

lineage = (SageObject(kind='Object', name='TestMapGate', parent=None, items=(SageAssignment(key='KindOf', value='STRUCTURE IMMOB...st/castle.ini', line=34, has_equals=True)), ordinal=0, source_virtual_path='data/ini/object/test/castle.ini', line=1),)
target_id = 'TestMapGate'

    def compile_gate_open_close_behaviors(lineage: Sequence[SageObject], target_id: str) -> list[dict[str, object]]:
        rows=[]
        for block in _behavior_blocks(lineage,"GateOpenAndCloseBehavior"):
            if block.blocks: raise ModuleContractError(f"{target_id} GateOpenAndCloseBehavior nested blocks")
            amap=_assignment_map(block)
            if len(amap)!=len(block.assignments) or set(amap)-_GATE_FIELDS: raise ModuleContractError(f"{target_id} GateOpenAndCloseBehavior malformed fields")
            fields={}
            for key in ("ResetTimeInMilliseconds","TimeBeforePlayingOpenSound","TimeBeforePlayingClosedSound"):
                value=_milliseconds_field(amap.get(key.casefold()),f"{target_id} GateOpenAndCloseBehavior {key}")
>               if value is None: raise ModuleContractError(f"{target_id} GateOpenAndCloseBehavior requires {key}")
                                  ^^^^^^^^^^^^^^^^^^^^^^^^^^^^^^^^^^^^^^^^^^^^^^^^^^^^^^^^^^^^^^^^^^^^^^^^^^^^^^^^^
E               openbfme_importer.module_contracts.ModuleContractError: TestMapGate GateOpenAndCloseBehavior requires TimeBeforePlayingOpenSound

importer\openbfme_importer\module_contracts.py:4782: ModuleContractError

The above exception was the direct cause of the following exception:

    def test_validate_accepts_builder_output() -> None:
>       validate_map_fixtures(_fixtures())
                              ^^^^^^^^^^^

importer\tests\test_castle_fixtures.py:390: 
_ _ _ _ _ _ _ _ _ _ _ _ _ _ _ _ _ _ _ _ _ _ _ _ _ _ _ _ _ _ _ _ _ _ _ _ _ _ _ _
importer\tests\test_castle_fixtures.py:224: in _fixtures
    return build_map_fixtures(_DOCUMENTS, _placements())
           ^^^^^^^^^^^^^^^^^^^^^^^^^^^^^^^^^^^^^^^^^^^^^
importer\openbfme_importer\castle_fixtures.py:502: in build_map_fixtures
    descriptors[folded] = compile_map_object_descriptor(
_ _ _ _ _ _ _ _ _ _ _ _ _ _ _ _ _ _ _ _ _ _ _ _ _ _ _ _ _ _ _ _ _ _ _ _ _ _ _ _

type_name = 'TestMapGate'
documents = {'data/ini/gamedata.ini': b'#define TEST_GARRISON_HEALTH 1500\n', 'data/ini/armor.ini': b'Armor TestWallArmor\n  Armor...veBody ModuleTag_02\n    MaxHealth = 100.0\n  End\nEnd\n\nObject TestBrokenCart\n  KindOf = STRUCTURE IMMOBILE\nEnd\n'}
raw = {'testmapgate': SageObject(kind='Object', name='TestMapGate', parent=None, items=(SageAssignment(key='KindOf', value='...stle.ini', line=90, has_equals=True)), ordinal=3, source_virtual_path='data/ini/object/test/castle.ini', line=78), ...}
defines = {'test_garrison_health': 1500}, game = 'bfme2'

    def compile_map_object_descriptor(
        type_name: str,
        documents: Mapping[str, bytes],
        *,
        raw: Mapping[str, Any] | None = None,
        defines: Mapping[str, int | float] | None = None,
        game: str = "bfme2",
    ) -> dict[str, Any]:
        """Compile one map-referenced object type into a descriptor document.
    
        The descriptor carries the authored health, armor, geometry and module
        contracts exactly as the playable compilers extract them; no production
        routes are required because map objects are placed, never constructed.
        """
    
        if raw is None:
            try:
                raw = _object_index(documents)
            except PlayableUnitCompilerError as exc:
                raise CastleFixturesError(str(exc)) from exc
        if defines is None:
            try:
                defines = _numeric_defines(documents)
            except PlayableUnitCompilerError as exc:
                raise CastleFixturesError(str(exc)) from exc
        item, ancestry = _compile_lineage(type_name, raw)
        try:
            health = _health_contract(ancestry, defines, item.name)
        except PlayableStructureCompilerError as exc:
            raise CastleFixturesError(str(exc)) from exc
        try:
            armor = compile_armor_contract(documents, ancestry, game=game)
        except ArmorCompilerError as exc:
            raise CastleFixturesError(str(exc)) from exc
        geometry = _geometry_contract(ancestry, defines)
        try:
            modules = compile_all_module_contracts(ancestry, item.name)
        except ModuleContractError as exc:
>           raise CastleFixturesError(str(exc)) from exc
E           openbfme_importer.castle_fixtures.CastleFixturesError: TestMapGate GateOpenAndCloseBehavior requires TimeBeforePlayingOpenSound

importer\openbfme_importer\castle_fixtures.py:182: CastleFixturesError
_________ test_validate_refuses_malformed_documents[<lambda>-schema0] _________

type_name = 'TestMapGate'
documents = {'data/ini/gamedata.ini': b'#define TEST_GARRISON_HEALTH 1500\n', 'data/ini/armor.ini': b'Armor TestWallArmor\n  Armor...veBody ModuleTag_02\n    MaxHealth = 100.0\n  End\nEnd\n\nObject TestBrokenCart\n  KindOf = STRUCTURE IMMOBILE\nEnd\n'}
raw = {'testmapgate': SageObject(kind='Object', name='TestMapGate', parent=None, items=(SageAssignment(key='KindOf', value='...stle.ini', line=90, has_equals=True)), ordinal=3, source_virtual_path='data/ini/object/test/castle.ini', line=78), ...}
defines = {'test_garrison_health': 1500}, game = 'bfme2'

    def compile_map_object_descriptor(
        type_name: str,
        documents: Mapping[str, bytes],
        *,
        raw: Mapping[str, Any] | None = None,
        defines: Mapping[str, int | float] | None = None,
        game: str = "bfme2",
    ) -> dict[str, Any]:
        """Compile one map-referenced object type into a descriptor document.
    
        The descriptor carries the authored health, armor, geometry and module
        contracts exactly as the playable compilers extract them; no production
        routes are required because map objects are placed, never constructed.
        """
    
        if raw is None:
            try:
                raw = _object_index(documents)
            except PlayableUnitCompilerError as exc:
                raise CastleFixturesError(str(exc)) from exc
        if defines is None:
            try:
                defines = _numeric_defines(documents)
            except PlayableUnitCompilerError as exc:
                raise CastleFixturesError(str(exc)) from exc
        item, ancestry = _compile_lineage(type_name, raw)
        try:
            health = _health_contract(ancestry, defines, item.name)
        except PlayableStructureCompilerError as exc:
            raise CastleFixturesError(str(exc)) from exc
        try:
            armor = compile_armor_contract(documents, ancestry, game=game)
        except ArmorCompilerError as exc:
            raise CastleFixturesError(str(exc)) from exc
        geometry = _geometry_contract(ancestry, defines)
        try:
>           modules = compile_all_module_contracts(ancestry, item.name)
                      ^^^^^^^^^^^^^^^^^^^^^^^^^^^^^^^^^^^^^^^^^^^^^^^^^

importer\openbfme_importer\castle_fixtures.py:180: 
_ _ _ _ _ _ _ _ _ _ _ _ _ _ _ _ _ _ _ _ _ _ _ _ _ _ _ _ _ _ _ _ _ _ _ _ _ _ _ _
importer\openbfme_importer\module_contracts.py:8476: in compile_all_module_contracts
    rows.extend(compile_gate_open_close_behaviors(lineage, target_id))
                ^^^^^^^^^^^^^^^^^^^^^^^^^^^^^^^^^^^^^^^^^^^^^^^^^^^^^
_ _ _ _ _ _ _ _ _ _ _ _ _ _ _ _ _ _ _ _ _ _ _ _ _ _ _ _ _ _ _ _ _ _ _ _ _ _ _ _

lineage = (SageObject(kind='Object', name='TestMapGate', parent=None, items=(SageAssignment(key='KindOf', value='STRUCTURE IMMOB...st/castle.ini', line=34, has_equals=True)), ordinal=0, source_virtual_path='data/ini/object/test/castle.ini', line=1),)
target_id = 'TestMapGate'

    def compile_gate_open_close_behaviors(lineage: Sequence[SageObject], target_id: str) -> list[dict[str, object]]:
        rows=[]
        for block in _behavior_blocks(lineage,"GateOpenAndCloseBehavior"):
            if block.blocks: raise ModuleContractError(f"{target_id} GateOpenAndCloseBehavior nested blocks")
            amap=_assignment_map(block)
            if len(amap)!=len(block.assignments) or set(amap)-_GATE_FIELDS: raise ModuleContractError(f"{target_id} GateOpenAndCloseBehavior malformed fields")
            fields={}
            for key in ("ResetTimeInMilliseconds","TimeBeforePlayingOpenSound","TimeBeforePlayingClosedSound"):
                value=_milliseconds_field(amap.get(key.casefold()),f"{target_id} GateOpenAndCloseBehavior {key}")
>               if value is None: raise ModuleContractError(f"{target_id} GateOpenAndCloseBehavior requires {key}")
                                  ^^^^^^^^^^^^^^^^^^^^^^^^^^^^^^^^^^^^^^^^^^^^^^^^^^^^^^^^^^^^^^^^^^^^^^^^^^^^^^^^^
E               openbfme_importer.module_contracts.ModuleContractError: TestMapGate GateOpenAndCloseBehavior requires TimeBeforePlayingOpenSound

importer\openbfme_importer\module_contracts.py:4782: ModuleContractError

The above exception was the direct cause of the following exception:

mutate = <function <lambda> at 0x0000018ECC4DE7A0>, match = 'schema'

    @pytest.mark.parametrize(
        "mutate, match",
        [
            (lambda doc: doc.update(schema="openbfme.bogus"), "schema"),
            (lambda doc: doc.update(schemaVersion=9), "schema"),
            (lambda doc: doc.update(capabilities=[]), "capabilit"),
            (
                lambda doc: doc.update(capabilities=["moonbeams"]),
                "unknown castle capability",
            ),
            (
                lambda doc: doc.update(
                    capabilities=["defendable-gates", "walkable-walls"]
                ),
                "canonical order",
            ),
            (lambda doc: doc.update(count=999), "count"),
            (lambda doc: doc["fixtures"][0].update(role="moonbeam"), "role"),
            (
                lambda doc: doc["fixtures"][0].update(typeName=""),
                "typeName",
            ),
            (
                lambda doc: doc["fixtures"][1].update(index=doc["fixtures"][0]["index"]),
                "duplicate",
            ),
            (
                lambda doc: doc["fixtures"][0].update(originalOwner=""),
                "originalOwner",
            ),
            (
                lambda doc: doc["fixtures"][0].update(maxHealth=0),
                "maxHealth",
            ),
            (lambda doc: doc["fixtures"][0].update(armor=""), "armor"),
            (
                lambda doc: doc["fixtures"][0]["gate"].update(geometries={}),
                "geometries",
            ),
            (
                lambda doc: doc["fixtures"][1]["garrison"].update(containMax=0),
                "containMax",
            ),
            (
                lambda doc: doc["fixtures"][1].pop("garrison"),
                "garrison",
            ),
        ],
    )
    def test_validate_refuses_malformed_documents(mutate, match) -> None:
>       document = json.loads(json.dumps(_fixtures()))
                                         ^^^^^^^^^^^

importer\tests\test_castle_fixtures.py:443: 
_ _ _ _ _ _ _ _ _ _ _ _ _ _ _ _ _ _ _ _ _ _ _ _ _ _ _ _ _ _ _ _ _ _ _ _ _ _ _ _
importer\tests\test_castle_fixtures.py:224: in _fixtures
    return build_map_fixtures(_DOCUMENTS, _placements())
           ^^^^^^^^^^^^^^^^^^^^^^^^^^^^^^^^^^^^^^^^^^^^^
importer\openbfme_importer\castle_fixtures.py:502: in build_map_fixtures
    descriptors[folded] = compile_map_object_descriptor(
_ _ _ _ _ _ _ _ _ _ _ _ _ _ _ _ _ _ _ _ _ _ _ _ _ _ _ _ _ _ _ _ _ _ _ _ _ _ _ _

type_name = 'TestMapGate'
documents = {'data/ini/gamedata.ini': b'#define TEST_GARRISON_HEALTH 1500\n', 'data/ini/armor.ini': b'Armor TestWallArmor\n  Armor...veBody ModuleTag_02\n    MaxHealth = 100.0\n  End\nEnd\n\nObject TestBrokenCart\n  KindOf = STRUCTURE IMMOBILE\nEnd\n'}
raw = {'testmapgate': SageObject(kind='Object', name='TestMapGate', parent=None, items=(SageAssignment(key='KindOf', value='...stle.ini', line=90, has_equals=True)), ordinal=3, source_virtual_path='data/ini/object/test/castle.ini', line=78), ...}
defines = {'test_garrison_health': 1500}, game = 'bfme2'

    def compile_map_object_descriptor(
        type_name: str,
        documents: Mapping[str, bytes],
        *,
        raw: Mapping[str, Any] | None = None,
        defines: Mapping[str, int | float] | None = None,
        game: str = "bfme2",
    ) -> dict[str, Any]:
        """Compile one map-referenced object type into a descriptor document.
    
        The descriptor carries the authored health, armor, geometry and module
        contracts exactly as the playable compilers extract them; no production
        routes are required because map objects are placed, never constructed.
        """
    
        if raw is None:
            try:
                raw = _object_index(documents)
            except PlayableUnitCompilerError as exc:
                raise CastleFixturesError(str(exc)) from exc
        if defines is None:
            try:
                defines = _numeric_defines(documents)
            except PlayableUnitCompilerError as exc:
                raise CastleFixturesError(str(exc)) from exc
        item, ancestry = _compile_lineage(type_name, raw)
        try:
            health = _health_contract(ancestry, defines, item.name)
        except PlayableStructureCompilerError as exc:
            raise CastleFixturesError(str(exc)) from exc
        try:
            armor = compile_armor_contract(documents, ancestry, game=game)
        except ArmorCompilerError as exc:
            raise CastleFixturesError(str(exc)) from exc
        geometry = _geometry_contract(ancestry, defines)
        try:
            modules = compile_all_module_contracts(ancestry, item.name)
        except ModuleContractError as exc:
>           raise CastleFixturesError(str(exc)) from exc
E           openbfme_importer.castle_fixtures.CastleFixturesError: TestMapGate GateOpenAndCloseBehavior requires TimeBeforePlayingOpenSound

importer\openbfme_importer\castle_fixtures.py:182: CastleFixturesError
_________ test_validate_refuses_malformed_documents[<lambda>-schema1] _________

type_name = 'TestMapGate'
documents = {'data/ini/gamedata.ini': b'#define TEST_GARRISON_HEALTH 1500\n', 'data/ini/armor.ini': b'Armor TestWallArmor\n  Armor...veBody ModuleTag_02\n    MaxHealth = 100.0\n  End\nEnd\n\nObject TestBrokenCart\n  KindOf = STRUCTURE IMMOBILE\nEnd\n'}
raw = {'testmapgate': SageObject(kind='Object', name='TestMapGate', parent=None, items=(SageAssignment(key='KindOf', value='...stle.ini', line=90, has_equals=True)), ordinal=3, source_virtual_path='data/ini/object/test/castle.ini', line=78), ...}
defines = {'test_garrison_health': 1500}, game = 'bfme2'

    def compile_map_object_descriptor(
        type_name: str,
        documents: Mapping[str, bytes],
        *,
        raw: Mapping[str, Any] | None = None,
        defines: Mapping[str, int | float] | None = None,
        game: str = "bfme2",
    ) -> dict[str, Any]:
        """Compile one map-referenced object type into a descriptor document.
    
        The descriptor carries the authored health, armor, geometry and module
        contracts exactly as the playable compilers extract them; no production
        routes are required because map objects are placed, never constructed.
        """
    
        if raw is None:
            try:
                raw = _object_index(documents)
            except PlayableUnitCompilerError as exc:
                raise CastleFixturesError(str(exc)) from exc
        if defines is None:
            try:
                defines = _numeric_defines(documents)
            except PlayableUnitCompilerError as exc:
                raise CastleFixturesError(str(exc)) from exc
        item, ancestry = _compile_lineage(type_name, raw)
        try:
            health = _health_contract(ancestry, defines, item.name)
        except PlayableStructureCompilerError as exc:
            raise CastleFixturesError(str(exc)) from exc
        try:
            armor = compile_armor_contract(documents, ancestry, game=game)
        except ArmorCompilerError as exc:
            raise CastleFixturesError(str(exc)) from exc
        geometry = _geometry_contract(ancestry, defines)
        try:
>           modules = compile_all_module_contracts(ancestry, item.name)
                      ^^^^^^^^^^^^^^^^^^^^^^^^^^^^^^^^^^^^^^^^^^^^^^^^^

importer\openbfme_importer\castle_fixtures.py:180: 
_ _ _ _ _ _ _ _ _ _ _ _ _ _ _ _ _ _ _ _ _ _ _ _ _ _ _ _ _ _ _ _ _ _ _ _ _ _ _ _
importer\openbfme_importer\module_contracts.py:8476: in compile_all_module_contracts
    rows.extend(compile_gate_open_close_behaviors(lineage, target_id))
                ^^^^^^^^^^^^^^^^^^^^^^^^^^^^^^^^^^^^^^^^^^^^^^^^^^^^^
_ _ _ _ _ _ _ _ _ _ _ _ _ _ _ _ _ _ _ _ _ _ _ _ _ _ _ _ _ _ _ _ _ _ _ _ _ _ _ _

lineage = (SageObject(kind='Object', name='TestMapGate', parent=None, items=(SageAssignment(key='KindOf', value='STRUCTURE IMMOB...st/castle.ini', line=34, has_equals=True)), ordinal=0, source_virtual_path='data/ini/object/test/castle.ini', line=1),)
target_id = 'TestMapGate'

    def compile_gate_open_close_behaviors(lineage: Sequence[SageObject], target_id: str) -> list[dict[str, object]]:
        rows=[]
        for block in _behavior_blocks(lineage,"GateOpenAndCloseBehavior"):
            if block.blocks: raise ModuleContractError(f"{target_id} GateOpenAndCloseBehavior nested blocks")
            amap=_assignment_map(block)
            if len(amap)!=len(block.assignments) or set(amap)-_GATE_FIELDS: raise ModuleContractError(f"{target_id} GateOpenAndCloseBehavior malformed fields")
            fields={}
            for key in ("ResetTimeInMilliseconds","TimeBeforePlayingOpenSound","TimeBeforePlayingClosedSound"):
                value=_milliseconds_field(amap.get(key.casefold()),f"{target_id} GateOpenAndCloseBehavior {key}")
>               if value is None: raise ModuleContractError(f"{target_id} GateOpenAndCloseBehavior requires {key}")
                                  ^^^^^^^^^^^^^^^^^^^^^^^^^^^^^^^^^^^^^^^^^^^^^^^^^^^^^^^^^^^^^^^^^^^^^^^^^^^^^^^^^
E               openbfme_importer.module_contracts.ModuleContractError: TestMapGate GateOpenAndCloseBehavior requires TimeBeforePlayingOpenSound

importer\openbfme_importer\module_contracts.py:4782: ModuleContractError

The above exception was the direct cause of the following exception:

mutate = <function <lambda> at 0x0000018ECC4DE840>, match = 'schema'

    @pytest.mark.parametrize(
        "mutate, match",
        [
            (lambda doc: doc.update(schema="openbfme.bogus"), "schema"),
            (lambda doc: doc.update(schemaVersion=9), "schema"),
            (lambda doc: doc.update(capabilities=[]), "capabilit"),
            (
                lambda doc: doc.update(capabilities=["moonbeams"]),
                "unknown castle capability",
            ),
            (
                lambda doc: doc.update(
                    capabilities=["defendable-gates", "walkable-walls"]
                ),
                "canonical order",
            ),
            (lambda doc: doc.update(count=999), "count"),
            (lambda doc: doc["fixtures"][0].update(role="moonbeam"), "role"),
            (
                lambda doc: doc["fixtures"][0].update(typeName=""),
                "typeName",
            ),
            (
                lambda doc: doc["fixtures"][1].update(index=doc["fixtures"][0]["index"]),
                "duplicate",
            ),
            (
                lambda doc: doc["fixtures"][0].update(originalOwner=""),
                "originalOwner",
            ),
            (
                lambda doc: doc["fixtures"][0].update(maxHealth=0),
                "maxHealth",
            ),
            (lambda doc: doc["fixtures"][0].update(armor=""), "armor"),
            (
                lambda doc: doc["fixtures"][0]["gate"].update(geometries={}),
                "geometries",
            ),
            (
                lambda doc: doc["fixtures"][1]["garrison"].update(containMax=0),
                "containMax",
            ),
            (
                lambda doc: doc["fixtures"][1].pop("garrison"),
                "garrison",
            ),
        ],
    )
    def test_validate_refuses_malformed_documents(mutate, match) -> None:
>       document = json.loads(json.dumps(_fixtures()))
                                         ^^^^^^^^^^^

importer\tests\test_castle_fixtures.py:443: 
_ _ _ _ _ _ _ _ _ _ _ _ _ _ _ _ _ _ _ _ _ _ _ _ _ _ _ _ _ _ _ _ _ _ _ _ _ _ _ _
importer\tests\test_castle_fixtures.py:224: in _fixtures
    return build_map_fixtures(_DOCUMENTS, _placements())
           ^^^^^^^^^^^^^^^^^^^^^^^^^^^^^^^^^^^^^^^^^^^^^
importer\openbfme_importer\castle_fixtures.py:502: in build_map_fixtures
    descriptors[folded] = compile_map_object_descriptor(
_ _ _ _ _ _ _ _ _ _ _ _ _ _ _ _ _ _ _ _ _ _ _ _ _ _ _ _ _ _ _ _ _ _ _ _ _ _ _ _

type_name = 'TestMapGate'
documents = {'data/ini/gamedata.ini': b'#define TEST_GARRISON_HEALTH 1500\n', 'data/ini/armor.ini': b'Armor TestWallArmor\n  Armor...veBody ModuleTag_02\n    MaxHealth = 100.0\n  End\nEnd\n\nObject TestBrokenCart\n  KindOf = STRUCTURE IMMOBILE\nEnd\n'}
raw = {'testmapgate': SageObject(kind='Object', name='TestMapGate', parent=None, items=(SageAssignment(key='KindOf', value='...stle.ini', line=90, has_equals=True)), ordinal=3, source_virtual_path='data/ini/object/test/castle.ini', line=78), ...}
defines = {'test_garrison_health': 1500}, game = 'bfme2'

    def compile_map_object_descriptor(
        type_name: str,
        documents: Mapping[str, bytes],
        *,
        raw: Mapping[str, Any] | None = None,
        defines: Mapping[str, int | float] | None = None,
        game: str = "bfme2",
    ) -> dict[str, Any]:
        """Compile one map-referenced object type into a descriptor document.
    
        The descriptor carries the authored health, armor, geometry and module
        contracts exactly as the playable compilers extract them; no production
        routes are required because map objects are placed, never constructed.
        """
    
        if raw is None:
            try:
                raw = _object_index(documents)
            except PlayableUnitCompilerError as exc:
                raise CastleFixturesError(str(exc)) from exc
        if defines is None:
            try:
                defines = _numeric_defines(documents)
            except PlayableUnitCompilerError as exc:
                raise CastleFixturesError(str(exc)) from exc
        item, ancestry = _compile_lineage(type_name, raw)
        try:
            health = _health_contract(ancestry, defines, item.name)
        except PlayableStructureCompilerError as exc:
            raise CastleFixturesError(str(exc)) from exc
        try:
            armor = compile_armor_contract(documents, ancestry, game=game)
        except ArmorCompilerError as exc:
            raise CastleFixturesError(str(exc)) from exc
        geometry = _geometry_contract(ancestry, defines)
        try:
            modules = compile_all_module_contracts(ancestry, item.name)
        except ModuleContractError as exc:
>           raise CastleFixturesError(str(exc)) from exc
E           openbfme_importer.castle_fixtures.CastleFixturesError: TestMapGate GateOpenAndCloseBehavior requires TimeBeforePlayingOpenSound

importer\openbfme_importer\castle_fixtures.py:182: CastleFixturesError
________ test_validate_refuses_malformed_documents[<lambda>-capabilit] ________

type_name = 'TestMapGate'
documents = {'data/ini/gamedata.ini': b'#define TEST_GARRISON_HEALTH 1500\n', 'data/ini/armor.ini': b'Armor TestWallArmor\n  Armor...veBody ModuleTag_02\n    MaxHealth = 100.0\n  End\nEnd\n\nObject TestBrokenCart\n  KindOf = STRUCTURE IMMOBILE\nEnd\n'}
raw = {'testmapgate': SageObject(kind='Object', name='TestMapGate', parent=None, items=(SageAssignment(key='KindOf', value='...stle.ini', line=90, has_equals=True)), ordinal=3, source_virtual_path='data/ini/object/test/castle.ini', line=78), ...}
defines = {'test_garrison_health': 1500}, game = 'bfme2'

    def compile_map_object_descriptor(
        type_name: str,
        documents: Mapping[str, bytes],
        *,
        raw: Mapping[str, Any] | None = None,
        defines: Mapping[str, int | float] | None = None,
        game: str = "bfme2",
    ) -> dict[str, Any]:
        """Compile one map-referenced object type into a descriptor document.
    
        The descriptor carries the authored health, armor, geometry and module
        contracts exactly as the playable compilers extract them; no production
        routes are required because map objects are placed, never constructed.
        """
    
        if raw is None:
            try:
                raw = _object_index(documents)
            except PlayableUnitCompilerError as exc:
                raise CastleFixturesError(str(exc)) from exc
        if defines is None:
            try:
                defines = _numeric_defines(documents)
            except PlayableUnitCompilerError as exc:
                raise CastleFixturesError(str(exc)) from exc
        item, ancestry = _compile_lineage(type_name, raw)
        try:
            health = _health_contract(ancestry, defines, item.name)
        except PlayableStructureCompilerError as exc:
            raise CastleFixturesError(str(exc)) from exc
        try:
            armor = compile_armor_contract(documents, ancestry, game=game)
        except ArmorCompilerError as exc:
            raise CastleFixturesError(str(exc)) from exc
        geometry = _geometry_contract(ancestry, defines)
        try:
>           modules = compile_all_module_contracts(ancestry, item.name)
                      ^^^^^^^^^^^^^^^^^^^^^^^^^^^^^^^^^^^^^^^^^^^^^^^^^

importer\openbfme_importer\castle_fixtures.py:180: 
_ _ _ _ _ _ _ _ _ _ _ _ _ _ _ _ _ _ _ _ _ _ _ _ _ _ _ _ _ _ _ _ _ _ _ _ _ _ _ _
importer\openbfme_importer\module_contracts.py:8476: in compile_all_module_contracts
    rows.extend(compile_gate_open_close_behaviors(lineage, target_id))
                ^^^^^^^^^^^^^^^^^^^^^^^^^^^^^^^^^^^^^^^^^^^^^^^^^^^^^
_ _ _ _ _ _ _ _ _ _ _ _ _ _ _ _ _ _ _ _ _ _ _ _ _ _ _ _ _ _ _ _ _ _ _ _ _ _ _ _

lineage = (SageObject(kind='Object', name='TestMapGate', parent=None, items=(SageAssignment(key='KindOf', value='STRUCTURE IMMOB...st/castle.ini', line=34, has_equals=True)), ordinal=0, source_virtual_path='data/ini/object/test/castle.ini', line=1),)
target_id = 'TestMapGate'

    def compile_gate_open_close_behaviors(lineage: Sequence[SageObject], target_id: str) -> list[dict[str, object]]:
        rows=[]
        for block in _behavior_blocks(lineage,"GateOpenAndCloseBehavior"):
            if block.blocks: raise ModuleContractError(f"{target_id} GateOpenAndCloseBehavior nested blocks")
            amap=_assignment_map(block)
            if len(amap)!=len(block.assignments) or set(amap)-_GATE_FIELDS: raise ModuleContractError(f"{target_id} GateOpenAndCloseBehavior malformed fields")
            fields={}
            for key in ("ResetTimeInMilliseconds","TimeBeforePlayingOpenSound","TimeBeforePlayingClosedSound"):
                value=_milliseconds_field(amap.get(key.casefold()),f"{target_id} GateOpenAndCloseBehavior {key}")
>               if value is None: raise ModuleContractError(f"{target_id} GateOpenAndCloseBehavior requires {key}")
                                  ^^^^^^^^^^^^^^^^^^^^^^^^^^^^^^^^^^^^^^^^^^^^^^^^^^^^^^^^^^^^^^^^^^^^^^^^^^^^^^^^^
E               openbfme_importer.module_contracts.ModuleContractError: TestMapGate GateOpenAndCloseBehavior requires TimeBeforePlayingOpenSound

importer\openbfme_importer\module_contracts.py:4782: ModuleContractError

The above exception was the direct cause of the following exception:

mutate = <function <lambda> at 0x0000018ECC4DE8E0>, match = 'capabilit'

    @pytest.mark.parametrize(
        "mutate, match",
        [
            (lambda doc: doc.update(schema="openbfme.bogus"), "schema"),
            (lambda doc: doc.update(schemaVersion=9), "schema"),
            (lambda doc: doc.update(capabilities=[]), "capabilit"),
            (
                lambda doc: doc.update(capabilities=["moonbeams"]),
                "unknown castle capability",
            ),
            (
                lambda doc: doc.update(
                    capabilities=["defendable-gates", "walkable-walls"]
                ),
                "canonical order",
            ),
            (lambda doc: doc.update(count=999), "count"),
            (lambda doc: doc["fixtures"][0].update(role="moonbeam"), "role"),
            (
                lambda doc: doc["fixtures"][0].update(typeName=""),
                "typeName",
            ),
            (
                lambda doc: doc["fixtures"][1].update(index=doc["fixtures"][0]["index"]),
                "duplicate",
            ),
            (
                lambda doc: doc["fixtures"][0].update(originalOwner=""),
                "originalOwner",
            ),
            (
                lambda doc: doc["fixtures"][0].update(maxHealth=0),
                "maxHealth",
            ),
            (lambda doc: doc["fixtures"][0].update(armor=""), "armor"),
            (
                lambda doc: doc["fixtures"][0]["gate"].update(geometries={}),
                "geometries",
            ),
            (
                lambda doc: doc["fixtures"][1]["garrison"].update(containMax=0),
                "containMax",
            ),
            (
                lambda doc: doc["fixtures"][1].pop("garrison"),
                "garrison",
            ),
        ],
    )
    def test_validate_refuses_malformed_documents(mutate, match) -> None:
>       document = json.loads(json.dumps(_fixtures()))
                                         ^^^^^^^^^^^

importer\tests\test_castle_fixtures.py:443: 
_ _ _ _ _ _ _ _ _ _ _ _ _ _ _ _ _ _ _ _ _ _ _ _ _ _ _ _ _ _ _ _ _ _ _ _ _ _ _ _
importer\tests\test_castle_fixtures.py:224: in _fixtures
    return build_map_fixtures(_DOCUMENTS, _placements())
           ^^^^^^^^^^^^^^^^^^^^^^^^^^^^^^^^^^^^^^^^^^^^^
importer\openbfme_importer\castle_fixtures.py:502: in build_map_fixtures
    descriptors[folded] = compile_map_object_descriptor(
_ _ _ _ _ _ _ _ _ _ _ _ _ _ _ _ _ _ _ _ _ _ _ _ _ _ _ _ _ _ _ _ _ _ _ _ _ _ _ _

type_name = 'TestMapGate'
documents = {'data/ini/gamedata.ini': b'#define TEST_GARRISON_HEALTH 1500\n', 'data/ini/armor.ini': b'Armor TestWallArmor\n  Armor...veBody ModuleTag_02\n    MaxHealth = 100.0\n  End\nEnd\n\nObject TestBrokenCart\n  KindOf = STRUCTURE IMMOBILE\nEnd\n'}
raw = {'testmapgate': SageObject(kind='Object', name='TestMapGate', parent=None, items=(SageAssignment(key='KindOf', value='...stle.ini', line=90, has_equals=True)), ordinal=3, source_virtual_path='data/ini/object/test/castle.ini', line=78), ...}
defines = {'test_garrison_health': 1500}, game = 'bfme2'

    def compile_map_object_descriptor(
        type_name: str,
        documents: Mapping[str, bytes],
        *,
        raw: Mapping[str, Any] | None = None,
        defines: Mapping[str, int | float] | None = None,
        game: str = "bfme2",
    ) -> dict[str, Any]:
        """Compile one map-referenced object type into a descriptor document.
    
        The descriptor carries the authored health, armor, geometry and module
        contracts exactly as the playable compilers extract them; no production
        routes are required because map objects are placed, never constructed.
        """
    
        if raw is None:
            try:
                raw = _object_index(documents)
            except PlayableUnitCompilerError as exc:
                raise CastleFixturesError(str(exc)) from exc
        if defines is None:
            try:
                defines = _numeric_defines(documents)
            except PlayableUnitCompilerError as exc:
                raise CastleFixturesError(str(exc)) from exc
        item, ancestry = _compile_lineage(type_name, raw)
        try:
            health = _health_contract(ancestry, defines, item.name)
        except PlayableStructureCompilerError as exc:
            raise CastleFixturesError(str(exc)) from exc
        try:
            armor = compile_armor_contract(documents, ancestry, game=game)
        except ArmorCompilerError as exc:
            raise CastleFixturesError(str(exc)) from exc
        geometry = _geometry_contract(ancestry, defines)
        try:
            modules = compile_all_module_contracts(ancestry, item.name)
        except ModuleContractError as exc:
>           raise CastleFixturesError(str(exc)) from exc
E           openbfme_importer.castle_fixtures.CastleFixturesError: TestMapGate GateOpenAndCloseBehavior requires TimeBeforePlayingOpenSound

importer\openbfme_importer\castle_fixtures.py:182: CastleFixturesError
_ test_validate_refuses_malformed_documents[<lambda>-unknown castle capability] _

type_name = 'TestMapGate'
documents = {'data/ini/gamedata.ini': b'#define TEST_GARRISON_HEALTH 1500\n', 'data/ini/armor.ini': b'Armor TestWallArmor\n  Armor...veBody ModuleTag_02\n    MaxHealth = 100.0\n  End\nEnd\n\nObject TestBrokenCart\n  KindOf = STRUCTURE IMMOBILE\nEnd\n'}
raw = {'testmapgate': SageObject(kind='Object', name='TestMapGate', parent=None, items=(SageAssignment(key='KindOf', value='...stle.ini', line=90, has_equals=True)), ordinal=3, source_virtual_path='data/ini/object/test/castle.ini', line=78), ...}
defines = {'test_garrison_health': 1500}, game = 'bfme2'

    def compile_map_object_descriptor(
        type_name: str,
        documents: Mapping[str, bytes],
        *,
        raw: Mapping[str, Any] | None = None,
        defines: Mapping[str, int | float] | None = None,
        game: str = "bfme2",
    ) -> dict[str, Any]:
        """Compile one map-referenced object type into a descriptor document.
    
        The descriptor carries the authored health, armor, geometry and module
        contracts exactly as the playable compilers extract them; no production
        routes are required because map objects are placed, never constructed.
        """
    
        if raw is None:
            try:
                raw = _object_index(documents)
            except PlayableUnitCompilerError as exc:
                raise CastleFixturesError(str(exc)) from exc
        if defines is None:
            try:
                defines = _numeric_defines(documents)
            except PlayableUnitCompilerError as exc:
                raise CastleFixturesError(str(exc)) from exc
        item, ancestry = _compile_lineage(type_name, raw)
        try:
            health = _health_contract(ancestry, defines, item.name)
        except PlayableStructureCompilerError as exc:
            raise CastleFixturesError(str(exc)) from exc
        try:
            armor = compile_armor_contract(documents, ancestry, game=game)
        except ArmorCompilerError as exc:
            raise CastleFixturesError(str(exc)) from exc
        geometry = _geometry_contract(ancestry, defines)
        try:
>           modules = compile_all_module_contracts(ancestry, item.name)
                      ^^^^^^^^^^^^^^^^^^^^^^^^^^^^^^^^^^^^^^^^^^^^^^^^^

importer\openbfme_importer\castle_fixtures.py:180: 
_ _ _ _ _ _ _ _ _ _ _ _ _ _ _ _ _ _ _ _ _ _ _ _ _ _ _ _ _ _ _ _ _ _ _ _ _ _ _ _
importer\openbfme_importer\module_contracts.py:8476: in compile_all_module_contracts
    rows.extend(compile_gate_open_close_behaviors(lineage, target_id))
                ^^^^^^^^^^^^^^^^^^^^^^^^^^^^^^^^^^^^^^^^^^^^^^^^^^^^^
_ _ _ _ _ _ _ _ _ _ _ _ _ _ _ _ _ _ _ _ _ _ _ _ _ _ _ _ _ _ _ _ _ _ _ _ _ _ _ _

lineage = (SageObject(kind='Object', name='TestMapGate', parent=None, items=(SageAssignment(key='KindOf', value='STRUCTURE IMMOB...st/castle.ini', line=34, has_equals=True)), ordinal=0, source_virtual_path='data/ini/object/test/castle.ini', line=1),)
target_id = 'TestMapGate'

    def compile_gate_open_close_behaviors(lineage: Sequence[SageObject], target_id: str) -> list[dict[str, object]]:
        rows=[]
        for block in _behavior_blocks(lineage,"GateOpenAndCloseBehavior"):
            if block.blocks: raise ModuleContractError(f"{target_id} GateOpenAndCloseBehavior nested blocks")
            amap=_assignment_map(block)
            if len(amap)!=len(block.assignments) or set(amap)-_GATE_FIELDS: raise ModuleContractError(f"{target_id} GateOpenAndCloseBehavior malformed fields")
            fields={}
            for key in ("ResetTimeInMilliseconds","TimeBeforePlayingOpenSound","TimeBeforePlayingClosedSound"):
                value=_milliseconds_field(amap.get(key.casefold()),f"{target_id} GateOpenAndCloseBehavior {key}")
>               if value is None: raise ModuleContractError(f"{target_id} GateOpenAndCloseBehavior requires {key}")
                                  ^^^^^^^^^^^^^^^^^^^^^^^^^^^^^^^^^^^^^^^^^^^^^^^^^^^^^^^^^^^^^^^^^^^^^^^^^^^^^^^^^
E               openbfme_importer.module_contracts.ModuleContractError: TestMapGate GateOpenAndCloseBehavior requires TimeBeforePlayingOpenSound

importer\openbfme_importer\module_contracts.py:4782: ModuleContractError

The above exception was the direct cause of the following exception:

mutate = <function <lambda> at 0x0000018ECC4DE980>
match = 'unknown castle capability'

    @pytest.mark.parametrize(
        "mutate, match",
        [
            (lambda doc: doc.update(schema="openbfme.bogus"), "schema"),
            (lambda doc: doc.update(schemaVersion=9), "schema"),
            (lambda doc: doc.update(capabilities=[]), "capabilit"),
            (
                lambda doc: doc.update(capabilities=["moonbeams"]),
                "unknown castle capability",
            ),
            (
                lambda doc: doc.update(
                    capabilities=["defendable-gates", "walkable-walls"]
                ),
                "canonical order",
            ),
            (lambda doc: doc.update(count=999), "count"),
            (lambda doc: doc["fixtures"][0].update(role="moonbeam"), "role"),
            (
                lambda doc: doc["fixtures"][0].update(typeName=""),
                "typeName",
            ),
            (
                lambda doc: doc["fixtures"][1].update(index=doc["fixtures"][0]["index"]),
                "duplicate",
            ),
            (
                lambda doc: doc["fixtures"][0].update(originalOwner=""),
                "originalOwner",
            ),
            (
                lambda doc: doc["fixtures"][0].update(maxHealth=0),
                "maxHealth",
            ),
            (lambda doc: doc["fixtures"][0].update(armor=""), "armor"),
            (
                lambda doc: doc["fixtures"][0]["gate"].update(geometries={}),
                "geometries",
            ),
            (
                lambda doc: doc["fixtures"][1]["garrison"].update(containMax=0),
                "containMax",
            ),
            (
                lambda doc: doc["fixtures"][1].pop("garrison"),
                "garrison",
            ),
        ],
    )
    def test_validate_refuses_malformed_documents(mutate, match) -> None:
>       document = json.loads(json.dumps(_fixtures()))
                                         ^^^^^^^^^^^

importer\tests\test_castle_fixtures.py:443: 
_ _ _ _ _ _ _ _ _ _ _ _ _ _ _ _ _ _ _ _ _ _ _ _ _ _ _ _ _ _ _ _ _ _ _ _ _ _ _ _
importer\tests\test_castle_fixtures.py:224: in _fixtures
    return build_map_fixtures(_DOCUMENTS, _placements())
           ^^^^^^^^^^^^^^^^^^^^^^^^^^^^^^^^^^^^^^^^^^^^^
importer\openbfme_importer\castle_fixtures.py:502: in build_map_fixtures
    descriptors[folded] = compile_map_object_descriptor(
_ _ _ _ _ _ _ _ _ _ _ _ _ _ _ _ _ _ _ _ _ _ _ _ _ _ _ _ _ _ _ _ _ _ _ _ _ _ _ _

type_name = 'TestMapGate'
documents = {'data/ini/gamedata.ini': b'#define TEST_GARRISON_HEALTH 1500\n', 'data/ini/armor.ini': b'Armor TestWallArmor\n  Armor...veBody ModuleTag_02\n    MaxHealth = 100.0\n  End\nEnd\n\nObject TestBrokenCart\n  KindOf = STRUCTURE IMMOBILE\nEnd\n'}
raw = {'testmapgate': SageObject(kind='Object', name='TestMapGate', parent=None, items=(SageAssignment(key='KindOf', value='...stle.ini', line=90, has_equals=True)), ordinal=3, source_virtual_path='data/ini/object/test/castle.ini', line=78), ...}
defines = {'test_garrison_health': 1500}, game = 'bfme2'

    def compile_map_object_descriptor(
        type_name: str,
        documents: Mapping[str, bytes],
        *,
        raw: Mapping[str, Any] | None = None,
        defines: Mapping[str, int | float] | None = None,
        game: str = "bfme2",
    ) -> dict[str, Any]:
        """Compile one map-referenced object type into a descriptor document.
    
        The descriptor carries the authored health, armor, geometry and module
        contracts exactly as the playable compilers extract them; no production
        routes are required because map objects are placed, never constructed.
        """
    
        if raw is None:
            try:
                raw = _object_index(documents)
            except PlayableUnitCompilerError as exc:
                raise CastleFixturesError(str(exc)) from exc
        if defines is None:
            try:
                defines = _numeric_defines(documents)
            except PlayableUnitCompilerError as exc:
                raise CastleFixturesError(str(exc)) from exc
        item, ancestry = _compile_lineage(type_name, raw)
        try:
            health = _health_contract(ancestry, defines, item.name)
        except PlayableStructureCompilerError as exc:
            raise CastleFixturesError(str(exc)) from exc
        try:
            armor = compile_armor_contract(documents, ancestry, game=game)
        except ArmorCompilerError as exc:
            raise CastleFixturesError(str(exc)) from exc
        geometry = _geometry_contract(ancestry, defines)
        try:
            modules = compile_all_module_contracts(ancestry, item.name)
        except ModuleContractError as exc:
>           raise CastleFixturesError(str(exc)) from exc
E           openbfme_importer.castle_fixtures.CastleFixturesError: TestMapGate GateOpenAndCloseBehavior requires TimeBeforePlayingOpenSound

importer\openbfme_importer\castle_fixtures.py:182: CastleFixturesError
_____ test_validate_refuses_malformed_documents[<lambda>-canonical order] _____

type_name = 'TestMapGate'
documents = {'data/ini/gamedata.ini': b'#define TEST_GARRISON_HEALTH 1500\n', 'data/ini/armor.ini': b'Armor TestWallArmor\n  Armor...veBody ModuleTag_02\n    MaxHealth = 100.0\n  End\nEnd\n\nObject TestBrokenCart\n  KindOf = STRUCTURE IMMOBILE\nEnd\n'}
raw = {'testmapgate': SageObject(kind='Object', name='TestMapGate', parent=None, items=(SageAssignment(key='KindOf', value='...stle.ini', line=90, has_equals=True)), ordinal=3, source_virtual_path='data/ini/object/test/castle.ini', line=78), ...}
defines = {'test_garrison_health': 1500}, game = 'bfme2'

    def compile_map_object_descriptor(
        type_name: str,
        documents: Mapping[str, bytes],
        *,
        raw: Mapping[str, Any] | None = None,
        defines: Mapping[str, int | float] | None = None,
        game: str = "bfme2",
    ) -> dict[str, Any]:
        """Compile one map-referenced object type into a descriptor document.
    
        The descriptor carries the authored health, armor, geometry and module
        contracts exactly as the playable compilers extract them; no production
        routes are required because map objects are placed, never constructed.
        """
    
        if raw is None:
            try:
                raw = _object_index(documents)
            except PlayableUnitCompilerError as exc:
                raise CastleFixturesError(str(exc)) from exc
        if defines is None:
            try:
                defines = _numeric_defines(documents)
            except PlayableUnitCompilerError as exc:
                raise CastleFixturesError(str(exc)) from exc
        item, ancestry = _compile_lineage(type_name, raw)
        try:
            health = _health_contract(ancestry, defines, item.name)
        except PlayableStructureCompilerError as exc:
            raise CastleFixturesError(str(exc)) from exc
        try:
            armor = compile_armor_contract(documents, ancestry, game=game)
        except ArmorCompilerError as exc:
            raise CastleFixturesError(str(exc)) from exc
        geometry = _geometry_contract(ancestry, defines)
        try:
>           modules = compile_all_module_contracts(ancestry, item.name)
                      ^^^^^^^^^^^^^^^^^^^^^^^^^^^^^^^^^^^^^^^^^^^^^^^^^

importer\openbfme_importer\castle_fixtures.py:180: 
_ _ _ _ _ _ _ _ _ _ _ _ _ _ _ _ _ _ _ _ _ _ _ _ _ _ _ _ _ _ _ _ _ _ _ _ _ _ _ _
importer\openbfme_importer\module_contracts.py:8476: in compile_all_module_contracts
    rows.extend(compile_gate_open_close_behaviors(lineage, target_id))
                ^^^^^^^^^^^^^^^^^^^^^^^^^^^^^^^^^^^^^^^^^^^^^^^^^^^^^
_ _ _ _ _ _ _ _ _ _ _ _ _ _ _ _ _ _ _ _ _ _ _ _ _ _ _ _ _ _ _ _ _ _ _ _ _ _ _ _

lineage = (SageObject(kind='Object', name='TestMapGate', parent=None, items=(SageAssignment(key='KindOf', value='STRUCTURE IMMOB...st/castle.ini', line=34, has_equals=True)), ordinal=0, source_virtual_path='data/ini/object/test/castle.ini', line=1),)
target_id = 'TestMapGate'

    def compile_gate_open_close_behaviors(lineage: Sequence[SageObject], target_id: str) -> list[dict[str, object]]:
        rows=[]
        for block in _behavior_blocks(lineage,"GateOpenAndCloseBehavior"):
            if block.blocks: raise ModuleContractError(f"{target_id} GateOpenAndCloseBehavior nested blocks")
            amap=_assignment_map(block)
            if len(amap)!=len(block.assignments) or set(amap)-_GATE_FIELDS: raise ModuleContractError(f"{target_id} GateOpenAndCloseBehavior malformed fields")
            fields={}
            for key in ("ResetTimeInMilliseconds","TimeBeforePlayingOpenSound","TimeBeforePlayingClosedSound"):
                value=_milliseconds_field(amap.get(key.casefold()),f"{target_id} GateOpenAndCloseBehavior {key}")
>               if value is None: raise ModuleContractError(f"{target_id} GateOpenAndCloseBehavior requires {key}")
                                  ^^^^^^^^^^^^^^^^^^^^^^^^^^^^^^^^^^^^^^^^^^^^^^^^^^^^^^^^^^^^^^^^^^^^^^^^^^^^^^^^^
E               openbfme_importer.module_contracts.ModuleContractError: TestMapGate GateOpenAndCloseBehavior requires TimeBeforePlayingOpenSound

importer\openbfme_importer\module_contracts.py:4782: ModuleContractError

The above exception was the direct cause of the following exception:

mutate = <function <lambda> at 0x0000018ECC4DEA20>, match = 'canonical order'

    @pytest.mark.parametrize(
        "mutate, match",
        [
            (lambda doc: doc.update(schema="openbfme.bogus"), "schema"),
            (lambda doc: doc.update(schemaVersion=9), "schema"),
            (lambda doc: doc.update(capabilities=[]), "capabilit"),
            (
                lambda doc: doc.update(capabilities=["moonbeams"]),
                "unknown castle capability",
            ),
            (
                lambda doc: doc.update(
                    capabilities=["defendable-gates", "walkable-walls"]
                ),
                "canonical order",
            ),
            (lambda doc: doc.update(count=999), "count"),
            (lambda doc: doc["fixtures"][0].update(role="moonbeam"), "role"),
            (
                lambda doc: doc["fixtures"][0].update(typeName=""),
                "typeName",
            ),
            (
                lambda doc: doc["fixtures"][1].update(index=doc["fixtures"][0]["index"]),
                "duplicate",
            ),
            (
                lambda doc: doc["fixtures"][0].update(originalOwner=""),
                "originalOwner",
            ),
            (
                lambda doc: doc["fixtures"][0].update(maxHealth=0),
                "maxHealth",
            ),
            (lambda doc: doc["fixtures"][0].update(armor=""), "armor"),
            (
                lambda doc: doc["fixtures"][0]["gate"].update(geometries={}),
                "geometries",
            ),
            (
                lambda doc: doc["fixtures"][1]["garrison"].update(containMax=0),
                "containMax",
            ),
            (
                lambda doc: doc["fixtures"][1].pop("garrison"),
                "garrison",
            ),
        ],
    )
    def test_validate_refuses_malformed_documents(mutate, match) -> None:
>       document = json.loads(json.dumps(_fixtures()))
                                         ^^^^^^^^^^^

importer\tests\test_castle_fixtures.py:443: 
_ _ _ _ _ _ _ _ _ _ _ _ _ _ _ _ _ _ _ _ _ _ _ _ _ _ _ _ _ _ _ _ _ _ _ _ _ _ _ _
importer\tests\test_castle_fixtures.py:224: in _fixtures
    return build_map_fixtures(_DOCUMENTS, _placements())
           ^^^^^^^^^^^^^^^^^^^^^^^^^^^^^^^^^^^^^^^^^^^^^
importer\openbfme_importer\castle_fixtures.py:502: in build_map_fixtures
    descriptors[folded] = compile_map_object_descriptor(
_ _ _ _ _ _ _ _ _ _ _ _ _ _ _ _ _ _ _ _ _ _ _ _ _ _ _ _ _ _ _ _ _ _ _ _ _ _ _ _

type_name = 'TestMapGate'
documents = {'data/ini/gamedata.ini': b'#define TEST_GARRISON_HEALTH 1500\n', 'data/ini/armor.ini': b'Armor TestWallArmor\n  Armor...veBody ModuleTag_02\n    MaxHealth = 100.0\n  End\nEnd\n\nObject TestBrokenCart\n  KindOf = STRUCTURE IMMOBILE\nEnd\n'}
raw = {'testmapgate': SageObject(kind='Object', name='TestMapGate', parent=None, items=(SageAssignment(key='KindOf', value='...stle.ini', line=90, has_equals=True)), ordinal=3, source_virtual_path='data/ini/object/test/castle.ini', line=78), ...}
defines = {'test_garrison_health': 1500}, game = 'bfme2'

    def compile_map_object_descriptor(
        type_name: str,
        documents: Mapping[str, bytes],
        *,
        raw: Mapping[str, Any] | None = None,
        defines: Mapping[str, int | float] | None = None,
        game: str = "bfme2",
    ) -> dict[str, Any]:
        """Compile one map-referenced object type into a descriptor document.
    
        The descriptor carries the authored health, armor, geometry and module
        contracts exactly as the playable compilers extract them; no production
        routes are required because map objects are placed, never constructed.
        """
    
        if raw is None:
            try:
                raw = _object_index(documents)
            except PlayableUnitCompilerError as exc:
                raise CastleFixturesError(str(exc)) from exc
        if defines is None:
            try:
                defines = _numeric_defines(documents)
            except PlayableUnitCompilerError as exc:
                raise CastleFixturesError(str(exc)) from exc
        item, ancestry = _compile_lineage(type_name, raw)
        try:
            health = _health_contract(ancestry, defines, item.name)
        except PlayableStructureCompilerError as exc:
            raise CastleFixturesError(str(exc)) from exc
        try:
            armor = compile_armor_contract(documents, ancestry, game=game)
        except ArmorCompilerError as exc:
            raise CastleFixturesError(str(exc)) from exc
        geometry = _geometry_contract(ancestry, defines)
        try:
            modules = compile_all_module_contracts(ancestry, item.name)
        except ModuleContractError as exc:
>           raise CastleFixturesError(str(exc)) from exc
E           openbfme_importer.castle_fixtures.CastleFixturesError: TestMapGate GateOpenAndCloseBehavior requires TimeBeforePlayingOpenSound

importer\openbfme_importer\castle_fixtures.py:182: CastleFixturesError
__________ test_validate_refuses_malformed_documents[<lambda>-count] __________

type_name = 'TestMapGate'
documents = {'data/ini/gamedata.ini': b'#define TEST_GARRISON_HEALTH 1500\n', 'data/ini/armor.ini': b'Armor TestWallArmor\n  Armor...veBody ModuleTag_02\n    MaxHealth = 100.0\n  End\nEnd\n\nObject TestBrokenCart\n  KindOf = STRUCTURE IMMOBILE\nEnd\n'}
raw = {'testmapgate': SageObject(kind='Object', name='TestMapGate', parent=None, items=(SageAssignment(key='KindOf', value='...stle.ini', line=90, has_equals=True)), ordinal=3, source_virtual_path='data/ini/object/test/castle.ini', line=78), ...}
defines = {'test_garrison_health': 1500}, game = 'bfme2'

    def compile_map_object_descriptor(
        type_name: str,
        documents: Mapping[str, bytes],
        *,
        raw: Mapping[str, Any] | None = None,
        defines: Mapping[str, int | float] | None = None,
        game: str = "bfme2",
    ) -> dict[str, Any]:
        """Compile one map-referenced object type into a descriptor document.
    
        The descriptor carries the authored health, armor, geometry and module
        contracts exactly as the playable compilers extract them; no production
        routes are required because map objects are placed, never constructed.
        """
    
        if raw is None:
            try:
                raw = _object_index(documents)
            except PlayableUnitCompilerError as exc:
                raise CastleFixturesError(str(exc)) from exc
        if defines is None:
            try:
                defines = _numeric_defines(documents)
            except PlayableUnitCompilerError as exc:
                raise CastleFixturesError(str(exc)) from exc
        item, ancestry = _compile_lineage(type_name, raw)
        try:
            health = _health_contract(ancestry, defines, item.name)
        except PlayableStructureCompilerError as exc:
            raise CastleFixturesError(str(exc)) from exc
        try:
            armor = compile_armor_contract(documents, ancestry, game=game)
        except ArmorCompilerError as exc:
            raise CastleFixturesError(str(exc)) from exc
        geometry = _geometry_contract(ancestry, defines)
        try:
>           modules = compile_all_module_contracts(ancestry, item.name)
                      ^^^^^^^^^^^^^^^^^^^^^^^^^^^^^^^^^^^^^^^^^^^^^^^^^

importer\openbfme_importer\castle_fixtures.py:180: 
_ _ _ _ _ _ _ _ _ _ _ _ _ _ _ _ _ _ _ _ _ _ _ _ _ _ _ _ _ _ _ _ _ _ _ _ _ _ _ _
importer\openbfme_importer\module_contracts.py:8476: in compile_all_module_contracts
    rows.extend(compile_gate_open_close_behaviors(lineage, target_id))
                ^^^^^^^^^^^^^^^^^^^^^^^^^^^^^^^^^^^^^^^^^^^^^^^^^^^^^
_ _ _ _ _ _ _ _ _ _ _ _ _ _ _ _ _ _ _ _ _ _ _ _ _ _ _ _ _ _ _ _ _ _ _ _ _ _ _ _

lineage = (SageObject(kind='Object', name='TestMapGate', parent=None, items=(SageAssignment(key='KindOf', value='STRUCTURE IMMOB...st/castle.ini', line=34, has_equals=True)), ordinal=0, source_virtual_path='data/ini/object/test/castle.ini', line=1),)
target_id = 'TestMapGate'

    def compile_gate_open_close_behaviors(lineage: Sequence[SageObject], target_id: str) -> list[dict[str, object]]:
        rows=[]
        for block in _behavior_blocks(lineage,"GateOpenAndCloseBehavior"):
            if block.blocks: raise ModuleContractError(f"{target_id} GateOpenAndCloseBehavior nested blocks")
            amap=_assignment_map(block)
            if len(amap)!=len(block.assignments) or set(amap)-_GATE_FIELDS: raise ModuleContractError(f"{target_id} GateOpenAndCloseBehavior malformed fields")
            fields={}
            for key in ("ResetTimeInMilliseconds","TimeBeforePlayingOpenSound","TimeBeforePlayingClosedSound"):
                value=_milliseconds_field(amap.get(key.casefold()),f"{target_id} GateOpenAndCloseBehavior {key}")
>               if value is None: raise ModuleContractError(f"{target_id} GateOpenAndCloseBehavior requires {key}")
                                  ^^^^^^^^^^^^^^^^^^^^^^^^^^^^^^^^^^^^^^^^^^^^^^^^^^^^^^^^^^^^^^^^^^^^^^^^^^^^^^^^^
E               openbfme_importer.module_contracts.ModuleContractError: TestMapGate GateOpenAndCloseBehavior requires TimeBeforePlayingOpenSound

importer\openbfme_importer\module_contracts.py:4782: ModuleContractError

The above exception was the direct cause of the following exception:

mutate = <function <lambda> at 0x0000018ECC4DEAC0>, match = 'count'

    @pytest.mark.parametrize(
        "mutate, match",
        [
            (lambda doc: doc.update(schema="openbfme.bogus"), "schema"),
            (lambda doc: doc.update(schemaVersion=9), "schema"),
            (lambda doc: doc.update(capabilities=[]), "capabilit"),
            (
                lambda doc: doc.update(capabilities=["moonbeams"]),
                "unknown castle capability",
            ),
            (
                lambda doc: doc.update(
                    capabilities=["defendable-gates", "walkable-walls"]
                ),
                "canonical order",
            ),
            (lambda doc: doc.update(count=999), "count"),
            (lambda doc: doc["fixtures"][0].update(role="moonbeam"), "role"),
            (
                lambda doc: doc["fixtures"][0].update(typeName=""),
                "typeName",
            ),
            (
                lambda doc: doc["fixtures"][1].update(index=doc["fixtures"][0]["index"]),
                "duplicate",
            ),
            (
                lambda doc: doc["fixtures"][0].update(originalOwner=""),
                "originalOwner",
            ),
            (
                lambda doc: doc["fixtures"][0].update(maxHealth=0),
                "maxHealth",
            ),
            (lambda doc: doc["fixtures"][0].update(armor=""), "armor"),
            (
                lambda doc: doc["fixtures"][0]["gate"].update(geometries={}),
                "geometries",
            ),
            (
                lambda doc: doc["fixtures"][1]["garrison"].update(containMax=0),
                "containMax",
            ),
            (
                lambda doc: doc["fixtures"][1].pop("garrison"),
                "garrison",
            ),
        ],
    )
    def test_validate_refuses_malformed_documents(mutate, match) -> None:
>       document = json.loads(json.dumps(_fixtures()))
                                         ^^^^^^^^^^^

importer\tests\test_castle_fixtures.py:443: 
_ _ _ _ _ _ _ _ _ _ _ _ _ _ _ _ _ _ _ _ _ _ _ _ _ _ _ _ _ _ _ _ _ _ _ _ _ _ _ _
importer\tests\test_castle_fixtures.py:224: in _fixtures
    return build_map_fixtures(_DOCUMENTS, _placements())
           ^^^^^^^^^^^^^^^^^^^^^^^^^^^^^^^^^^^^^^^^^^^^^
importer\openbfme_importer\castle_fixtures.py:502: in build_map_fixtures
    descriptors[folded] = compile_map_object_descriptor(
_ _ _ _ _ _ _ _ _ _ _ _ _ _ _ _ _ _ _ _ _ _ _ _ _ _ _ _ _ _ _ _ _ _ _ _ _ _ _ _

type_name = 'TestMapGate'
documents = {'data/ini/gamedata.ini': b'#define TEST_GARRISON_HEALTH 1500\n', 'data/ini/armor.ini': b'Armor TestWallArmor\n  Armor...veBody ModuleTag_02\n    MaxHealth = 100.0\n  End\nEnd\n\nObject TestBrokenCart\n  KindOf = STRUCTURE IMMOBILE\nEnd\n'}
raw = {'testmapgate': SageObject(kind='Object', name='TestMapGate', parent=None, items=(SageAssignment(key='KindOf', value='...stle.ini', line=90, has_equals=True)), ordinal=3, source_virtual_path='data/ini/object/test/castle.ini', line=78), ...}
defines = {'test_garrison_health': 1500}, game = 'bfme2'

    def compile_map_object_descriptor(
        type_name: str,
        documents: Mapping[str, bytes],
        *,
        raw: Mapping[str, Any] | None = None,
        defines: Mapping[str, int | float] | None = None,
        game: str = "bfme2",
    ) -> dict[str, Any]:
        """Compile one map-referenced object type into a descriptor document.
    
        The descriptor carries the authored health, armor, geometry and module
        contracts exactly as the playable compilers extract them; no production
        routes are required because map objects are placed, never constructed.
        """
    
        if raw is None:
            try:
                raw = _object_index(documents)
            except PlayableUnitCompilerError as exc:
                raise CastleFixturesError(str(exc)) from exc
        if defines is None:
            try:
                defines = _numeric_defines(documents)
            except PlayableUnitCompilerError as exc:
                raise CastleFixturesError(str(exc)) from exc
        item, ancestry = _compile_lineage(type_name, raw)
        try:
            health = _health_contract(ancestry, defines, item.name)
        except PlayableStructureCompilerError as exc:
            raise CastleFixturesError(str(exc)) from exc
        try:
            armor = compile_armor_contract(documents, ancestry, game=game)
        except ArmorCompilerError as exc:
            raise CastleFixturesError(str(exc)) from exc
        geometry = _geometry_contract(ancestry, defines)
        try:
            modules = compile_all_module_contracts(ancestry, item.name)
        except ModuleContractError as exc:
>           raise CastleFixturesError(str(exc)) from exc
E           openbfme_importer.castle_fixtures.CastleFixturesError: TestMapGate GateOpenAndCloseBehavior requires TimeBeforePlayingOpenSound

importer\openbfme_importer\castle_fixtures.py:182: CastleFixturesError
__________ test_validate_refuses_malformed_documents[<lambda>-role] ___________

type_name = 'TestMapGate'
documents = {'data/ini/gamedata.ini': b'#define TEST_GARRISON_HEALTH 1500\n', 'data/ini/armor.ini': b'Armor TestWallArmor\n  Armor...veBody ModuleTag_02\n    MaxHealth = 100.0\n  End\nEnd\n\nObject TestBrokenCart\n  KindOf = STRUCTURE IMMOBILE\nEnd\n'}
raw = {'testmapgate': SageObject(kind='Object', name='TestMapGate', parent=None, items=(SageAssignment(key='KindOf', value='...stle.ini', line=90, has_equals=True)), ordinal=3, source_virtual_path='data/ini/object/test/castle.ini', line=78), ...}
defines = {'test_garrison_health': 1500}, game = 'bfme2'

    def compile_map_object_descriptor(
        type_name: str,
        documents: Mapping[str, bytes],
        *,
        raw: Mapping[str, Any] | None = None,
        defines: Mapping[str, int | float] | None = None,
        game: str = "bfme2",
    ) -> dict[str, Any]:
        """Compile one map-referenced object type into a descriptor document.
    
        The descriptor carries the authored health, armor, geometry and module
        contracts exactly as the playable compilers extract them; no production
        routes are required because map objects are placed, never constructed.
        """
    
        if raw is None:
            try:
                raw = _object_index(documents)
            except PlayableUnitCompilerError as exc:
                raise CastleFixturesError(str(exc)) from exc
        if defines is None:
            try:
                defines = _numeric_defines(documents)
            except PlayableUnitCompilerError as exc:
                raise CastleFixturesError(str(exc)) from exc
        item, ancestry = _compile_lineage(type_name, raw)
        try:
            health = _health_contract(ancestry, defines, item.name)
        except PlayableStructureCompilerError as exc:
            raise CastleFixturesError(str(exc)) from exc
        try:
            armor = compile_armor_contract(documents, ancestry, game=game)
        except ArmorCompilerError as exc:
            raise CastleFixturesError(str(exc)) from exc
        geometry = _geometry_contract(ancestry, defines)
        try:
>           modules = compile_all_module_contracts(ancestry, item.name)
                      ^^^^^^^^^^^^^^^^^^^^^^^^^^^^^^^^^^^^^^^^^^^^^^^^^

importer\openbfme_importer\castle_fixtures.py:180: 
_ _ _ _ _ _ _ _ _ _ _ _ _ _ _ _ _ _ _ _ _ _ _ _ _ _ _ _ _ _ _ _ _ _ _ _ _ _ _ _
importer\openbfme_importer\module_contracts.py:8476: in compile_all_module_contracts
    rows.extend(compile_gate_open_close_behaviors(lineage, target_id))
                ^^^^^^^^^^^^^^^^^^^^^^^^^^^^^^^^^^^^^^^^^^^^^^^^^^^^^
_ _ _ _ _ _ _ _ _ _ _ _ _ _ _ _ _ _ _ _ _ _ _ _ _ _ _ _ _ _ _ _ _ _ _ _ _ _ _ _

lineage = (SageObject(kind='Object', name='TestMapGate', parent=None, items=(SageAssignment(key='KindOf', value='STRUCTURE IMMOB...st/castle.ini', line=34, has_equals=True)), ordinal=0, source_virtual_path='data/ini/object/test/castle.ini', line=1),)
target_id = 'TestMapGate'

    def compile_gate_open_close_behaviors(lineage: Sequence[SageObject], target_id: str) -> list[dict[str, object]]:
        rows=[]
        for block in _behavior_blocks(lineage,"GateOpenAndCloseBehavior"):
            if block.blocks: raise ModuleContractError(f"{target_id} GateOpenAndCloseBehavior nested blocks")
            amap=_assignment_map(block)
            if len(amap)!=len(block.assignments) or set(amap)-_GATE_FIELDS: raise ModuleContractError(f"{target_id} GateOpenAndCloseBehavior malformed fields")
            fields={}
            for key in ("ResetTimeInMilliseconds","TimeBeforePlayingOpenSound","TimeBeforePlayingClosedSound"):
                value=_milliseconds_field(amap.get(key.casefold()),f"{target_id} GateOpenAndCloseBehavior {key}")
>               if value is None: raise ModuleContractError(f"{target_id} GateOpenAndCloseBehavior requires {key}")
                                  ^^^^^^^^^^^^^^^^^^^^^^^^^^^^^^^^^^^^^^^^^^^^^^^^^^^^^^^^^^^^^^^^^^^^^^^^^^^^^^^^^
E               openbfme_importer.module_contracts.ModuleContractError: TestMapGate GateOpenAndCloseBehavior requires TimeBeforePlayingOpenSound

importer\openbfme_importer\module_contracts.py:4782: ModuleContractError

The above exception was the direct cause of the following exception:

mutate = <function <lambda> at 0x0000018ECC4DEB60>, match = 'role'

    @pytest.mark.parametrize(
        "mutate, match",
        [
            (lambda doc: doc.update(schema="openbfme.bogus"), "schema"),
            (lambda doc: doc.update(schemaVersion=9), "schema"),
            (lambda doc: doc.update(capabilities=[]), "capabilit"),
            (
                lambda doc: doc.update(capabilities=["moonbeams"]),
                "unknown castle capability",
            ),
            (
                lambda doc: doc.update(
                    capabilities=["defendable-gates", "walkable-walls"]
                ),
                "canonical order",
            ),
            (lambda doc: doc.update(count=999), "count"),
            (lambda doc: doc["fixtures"][0].update(role="moonbeam"), "role"),
            (
                lambda doc: doc["fixtures"][0].update(typeName=""),
                "typeName",
            ),
            (
                lambda doc: doc["fixtures"][1].update(index=doc["fixtures"][0]["index"]),
                "duplicate",
            ),
            (
                lambda doc: doc["fixtures"][0].update(originalOwner=""),
                "originalOwner",
            ),
            (
                lambda doc: doc["fixtures"][0].update(maxHealth=0),
                "maxHealth",
            ),
            (lambda doc: doc["fixtures"][0].update(armor=""), "armor"),
            (
                lambda doc: doc["fixtures"][0]["gate"].update(geometries={}),
                "geometries",
            ),
            (
                lambda doc: doc["fixtures"][1]["garrison"].update(containMax=0),
                "containMax",
            ),
            (
                lambda doc: doc["fixtures"][1].pop("garrison"),
                "garrison",
            ),
        ],
    )
    def test_validate_refuses_malformed_documents(mutate, match) -> None:
>       document = json.loads(json.dumps(_fixtures()))
                                         ^^^^^^^^^^^

importer\tests\test_castle_fixtures.py:443: 
_ _ _ _ _ _ _ _ _ _ _ _ _ _ _ _ _ _ _ _ _ _ _ _ _ _ _ _ _ _ _ _ _ _ _ _ _ _ _ _
importer\tests\test_castle_fixtures.py:224: in _fixtures
    return build_map_fixtures(_DOCUMENTS, _placements())
           ^^^^^^^^^^^^^^^^^^^^^^^^^^^^^^^^^^^^^^^^^^^^^
importer\openbfme_importer\castle_fixtures.py:502: in build_map_fixtures
    descriptors[folded] = compile_map_object_descriptor(
_ _ _ _ _ _ _ _ _ _ _ _ _ _ _ _ _ _ _ _ _ _ _ _ _ _ _ _ _ _ _ _ _ _ _ _ _ _ _ _

type_name = 'TestMapGate'
documents = {'data/ini/gamedata.ini': b'#define TEST_GARRISON_HEALTH 1500\n', 'data/ini/armor.ini': b'Armor TestWallArmor\n  Armor...veBody ModuleTag_02\n    MaxHealth = 100.0\n  End\nEnd\n\nObject TestBrokenCart\n  KindOf = STRUCTURE IMMOBILE\nEnd\n'}
raw = {'testmapgate': SageObject(kind='Object', name='TestMapGate', parent=None, items=(SageAssignment(key='KindOf', value='...stle.ini', line=90, has_equals=True)), ordinal=3, source_virtual_path='data/ini/object/test/castle.ini', line=78), ...}
defines = {'test_garrison_health': 1500}, game = 'bfme2'

    def compile_map_object_descriptor(
        type_name: str,
        documents: Mapping[str, bytes],
        *,
        raw: Mapping[str, Any] | None = None,
        defines: Mapping[str, int | float] | None = None,
        game: str = "bfme2",
    ) -> dict[str, Any]:
        """Compile one map-referenced object type into a descriptor document.
    
        The descriptor carries the authored health, armor, geometry and module
        contracts exactly as the playable compilers extract them; no production
        routes are required because map objects are placed, never constructed.
        """
    
        if raw is None:
            try:
                raw = _object_index(documents)
            except PlayableUnitCompilerError as exc:
                raise CastleFixturesError(str(exc)) from exc
        if defines is None:
            try:
                defines = _numeric_defines(documents)
            except PlayableUnitCompilerError as exc:
                raise CastleFixturesError(str(exc)) from exc
        item, ancestry = _compile_lineage(type_name, raw)
        try:
            health = _health_contract(ancestry, defines, item.name)
        except PlayableStructureCompilerError as exc:
            raise CastleFixturesError(str(exc)) from exc
        try:
            armor = compile_armor_contract(documents, ancestry, game=game)
        except ArmorCompilerError as exc:
            raise CastleFixturesError(str(exc)) from exc
        geometry = _geometry_contract(ancestry, defines)
        try:
            modules = compile_all_module_contracts(ancestry, item.name)
        except ModuleContractError as exc:
>           raise CastleFixturesError(str(exc)) from exc
E           openbfme_importer.castle_fixtures.CastleFixturesError: TestMapGate GateOpenAndCloseBehavior requires TimeBeforePlayingOpenSound

importer\openbfme_importer\castle_fixtures.py:182: CastleFixturesError
________ test_validate_refuses_malformed_documents[<lambda>-typeName] _________

type_name = 'TestMapGate'
documents = {'data/ini/gamedata.ini': b'#define TEST_GARRISON_HEALTH 1500\n', 'data/ini/armor.ini': b'Armor TestWallArmor\n  Armor...veBody ModuleTag_02\n    MaxHealth = 100.0\n  End\nEnd\n\nObject TestBrokenCart\n  KindOf = STRUCTURE IMMOBILE\nEnd\n'}
raw = {'testmapgate': SageObject(kind='Object', name='TestMapGate', parent=None, items=(SageAssignment(key='KindOf', value='...stle.ini', line=90, has_equals=True)), ordinal=3, source_virtual_path='data/ini/object/test/castle.ini', line=78), ...}
defines = {'test_garrison_health': 1500}, game = 'bfme2'

    def compile_map_object_descriptor(
        type_name: str,
        documents: Mapping[str, bytes],
        *,
        raw: Mapping[str, Any] | None = None,
        defines: Mapping[str, int | float] | None = None,
        game: str = "bfme2",
    ) -> dict[str, Any]:
        """Compile one map-referenced object type into a descriptor document.
    
        The descriptor carries the authored health, armor, geometry and module
        contracts exactly as the playable compilers extract them; no production
        routes are required because map objects are placed, never constructed.
        """
    
        if raw is None:
            try:
                raw = _object_index(documents)
            except PlayableUnitCompilerError as exc:
                raise CastleFixturesError(str(exc)) from exc
        if defines is None:
            try:
                defines = _numeric_defines(documents)
            except PlayableUnitCompilerError as exc:
                raise CastleFixturesError(str(exc)) from exc
        item, ancestry = _compile_lineage(type_name, raw)
        try:
            health = _health_contract(ancestry, defines, item.name)
        except PlayableStructureCompilerError as exc:
            raise CastleFixturesError(str(exc)) from exc
        try:
            armor = compile_armor_contract(documents, ancestry, game=game)
        except ArmorCompilerError as exc:
            raise CastleFixturesError(str(exc)) from exc
        geometry = _geometry_contract(ancestry, defines)
        try:
>           modules = compile_all_module_contracts(ancestry, item.name)
                      ^^^^^^^^^^^^^^^^^^^^^^^^^^^^^^^^^^^^^^^^^^^^^^^^^

importer\openbfme_importer\castle_fixtures.py:180: 
_ _ _ _ _ _ _ _ _ _ _ _ _ _ _ _ _ _ _ _ _ _ _ _ _ _ _ _ _ _ _ _ _ _ _ _ _ _ _ _
importer\openbfme_importer\module_contracts.py:8476: in compile_all_module_contracts
    rows.extend(compile_gate_open_close_behaviors(lineage, target_id))
                ^^^^^^^^^^^^^^^^^^^^^^^^^^^^^^^^^^^^^^^^^^^^^^^^^^^^^
_ _ _ _ _ _ _ _ _ _ _ _ _ _ _ _ _ _ _ _ _ _ _ _ _ _ _ _ _ _ _ _ _ _ _ _ _ _ _ _

lineage = (SageObject(kind='Object', name='TestMapGate', parent=None, items=(SageAssignment(key='KindOf', value='STRUCTURE IMMOB...st/castle.ini', line=34, has_equals=True)), ordinal=0, source_virtual_path='data/ini/object/test/castle.ini', line=1),)
target_id = 'TestMapGate'

    def compile_gate_open_close_behaviors(lineage: Sequence[SageObject], target_id: str) -> list[dict[str, object]]:
        rows=[]
        for block in _behavior_blocks(lineage,"GateOpenAndCloseBehavior"):
            if block.blocks: raise ModuleContractError(f"{target_id} GateOpenAndCloseBehavior nested blocks")
            amap=_assignment_map(block)
            if len(amap)!=len(block.assignments) or set(amap)-_GATE_FIELDS: raise ModuleContractError(f"{target_id} GateOpenAndCloseBehavior malformed fields")
            fields={}
            for key in ("ResetTimeInMilliseconds","TimeBeforePlayingOpenSound","TimeBeforePlayingClosedSound"):
                value=_milliseconds_field(amap.get(key.casefold()),f"{target_id} GateOpenAndCloseBehavior {key}")
>               if value is None: raise ModuleContractError(f"{target_id} GateOpenAndCloseBehavior requires {key}")
                                  ^^^^^^^^^^^^^^^^^^^^^^^^^^^^^^^^^^^^^^^^^^^^^^^^^^^^^^^^^^^^^^^^^^^^^^^^^^^^^^^^^
E               openbfme_importer.module_contracts.ModuleContractError: TestMapGate GateOpenAndCloseBehavior requires TimeBeforePlayingOpenSound

importer\openbfme_importer\module_contracts.py:4782: ModuleContractError

The above exception was the direct cause of the following exception:

mutate = <function <lambda> at 0x0000018ECC4DEC00>, match = 'typeName'

    @pytest.mark.parametrize(
        "mutate, match",
        [
            (lambda doc: doc.update(schema="openbfme.bogus"), "schema"),
            (lambda doc: doc.update(schemaVersion=9), "schema"),
            (lambda doc: doc.update(capabilities=[]), "capabilit"),
            (
                lambda doc: doc.update(capabilities=["moonbeams"]),
                "unknown castle capability",
            ),
            (
                lambda doc: doc.update(
                    capabilities=["defendable-gates", "walkable-walls"]
                ),
                "canonical order",
            ),
            (lambda doc: doc.update(count=999), "count"),
            (lambda doc: doc["fixtures"][0].update(role="moonbeam"), "role"),
            (
                lambda doc: doc["fixtures"][0].update(typeName=""),
                "typeName",
            ),
            (
                lambda doc: doc["fixtures"][1].update(index=doc["fixtures"][0]["index"]),
                "duplicate",
            ),
            (
                lambda doc: doc["fixtures"][0].update(originalOwner=""),
                "originalOwner",
            ),
            (
                lambda doc: doc["fixtures"][0].update(maxHealth=0),
                "maxHealth",
            ),
            (lambda doc: doc["fixtures"][0].update(armor=""), "armor"),
            (
                lambda doc: doc["fixtures"][0]["gate"].update(geometries={}),
                "geometries",
            ),
            (
                lambda doc: doc["fixtures"][1]["garrison"].update(containMax=0),
                "containMax",
            ),
            (
                lambda doc: doc["fixtures"][1].pop("garrison"),
                "garrison",
            ),
        ],
    )
    def test_validate_refuses_malformed_documents(mutate, match) -> None:
>       document = json.loads(json.dumps(_fixtures()))
                                         ^^^^^^^^^^^

importer\tests\test_castle_fixtures.py:443: 
_ _ _ _ _ _ _ _ _ _ _ _ _ _ _ _ _ _ _ _ _ _ _ _ _ _ _ _ _ _ _ _ _ _ _ _ _ _ _ _
importer\tests\test_castle_fixtures.py:224: in _fixtures
    return build_map_fixtures(_DOCUMENTS, _placements())
           ^^^^^^^^^^^^^^^^^^^^^^^^^^^^^^^^^^^^^^^^^^^^^
importer\openbfme_importer\castle_fixtures.py:502: in build_map_fixtures
    descriptors[folded] = compile_map_object_descriptor(
_ _ _ _ _ _ _ _ _ _ _ _ _ _ _ _ _ _ _ _ _ _ _ _ _ _ _ _ _ _ _ _ _ _ _ _ _ _ _ _

type_name = 'TestMapGate'
documents = {'data/ini/gamedata.ini': b'#define TEST_GARRISON_HEALTH 1500\n', 'data/ini/armor.ini': b'Armor TestWallArmor\n  Armor...veBody ModuleTag_02\n    MaxHealth = 100.0\n  End\nEnd\n\nObject TestBrokenCart\n  KindOf = STRUCTURE IMMOBILE\nEnd\n'}
raw = {'testmapgate': SageObject(kind='Object', name='TestMapGate', parent=None, items=(SageAssignment(key='KindOf', value='...stle.ini', line=90, has_equals=True)), ordinal=3, source_virtual_path='data/ini/object/test/castle.ini', line=78), ...}
defines = {'test_garrison_health': 1500}, game = 'bfme2'

    def compile_map_object_descriptor(
        type_name: str,
        documents: Mapping[str, bytes],
        *,
        raw: Mapping[str, Any] | None = None,
        defines: Mapping[str, int | float] | None = None,
        game: str = "bfme2",
    ) -> dict[str, Any]:
        """Compile one map-referenced object type into a descriptor document.
    
        The descriptor carries the authored health, armor, geometry and module
        contracts exactly as the playable compilers extract them; no production
        routes are required because map objects are placed, never constructed.
        """
    
        if raw is None:
            try:
                raw = _object_index(documents)
            except PlayableUnitCompilerError as exc:
                raise CastleFixturesError(str(exc)) from exc
        if defines is None:
            try:
                defines = _numeric_defines(documents)
            except PlayableUnitCompilerError as exc:
                raise CastleFixturesError(str(exc)) from exc
        item, ancestry = _compile_lineage(type_name, raw)
        try:
            health = _health_contract(ancestry, defines, item.name)
        except PlayableStructureCompilerError as exc:
            raise CastleFixturesError(str(exc)) from exc
        try:
            armor = compile_armor_contract(documents, ancestry, game=game)
        except ArmorCompilerError as exc:
            raise CastleFixturesError(str(exc)) from exc
        geometry = _geometry_contract(ancestry, defines)
        try:
            modules = compile_all_module_contracts(ancestry, item.name)
        except ModuleContractError as exc:
>           raise CastleFixturesError(str(exc)) from exc
E           openbfme_importer.castle_fixtures.CastleFixturesError: TestMapGate GateOpenAndCloseBehavior requires TimeBeforePlayingOpenSound

importer\openbfme_importer\castle_fixtures.py:182: CastleFixturesError
________ test_validate_refuses_malformed_documents[<lambda>-duplicate] ________

type_name = 'TestMapGate'
documents = {'data/ini/gamedata.ini': b'#define TEST_GARRISON_HEALTH 1500\n', 'data/ini/armor.ini': b'Armor TestWallArmor\n  Armor...veBody ModuleTag_02\n    MaxHealth = 100.0\n  End\nEnd\n\nObject TestBrokenCart\n  KindOf = STRUCTURE IMMOBILE\nEnd\n'}
raw = {'testmapgate': SageObject(kind='Object', name='TestMapGate', parent=None, items=(SageAssignment(key='KindOf', value='...stle.ini', line=90, has_equals=True)), ordinal=3, source_virtual_path='data/ini/object/test/castle.ini', line=78), ...}
defines = {'test_garrison_health': 1500}, game = 'bfme2'

    def compile_map_object_descriptor(
        type_name: str,
        documents: Mapping[str, bytes],
        *,
        raw: Mapping[str, Any] | None = None,
        defines: Mapping[str, int | float] | None = None,
        game: str = "bfme2",
    ) -> dict[str, Any]:
        """Compile one map-referenced object type into a descriptor document.
    
        The descriptor carries the authored health, armor, geometry and module
        contracts exactly as the playable compilers extract them; no production
        routes are required because map objects are placed, never constructed.
        """
    
        if raw is None:
            try:
                raw = _object_index(documents)
            except PlayableUnitCompilerError as exc:
                raise CastleFixturesError(str(exc)) from exc
        if defines is None:
            try:
                defines = _numeric_defines(documents)
            except PlayableUnitCompilerError as exc:
                raise CastleFixturesError(str(exc)) from exc
        item, ancestry = _compile_lineage(type_name, raw)
        try:
            health = _health_contract(ancestry, defines, item.name)
        except PlayableStructureCompilerError as exc:
            raise CastleFixturesError(str(exc)) from exc
        try:
            armor = compile_armor_contract(documents, ancestry, game=game)
        except ArmorCompilerError as exc:
            raise CastleFixturesError(str(exc)) from exc
        geometry = _geometry_contract(ancestry, defines)
        try:
>           modules = compile_all_module_contracts(ancestry, item.name)
                      ^^^^^^^^^^^^^^^^^^^^^^^^^^^^^^^^^^^^^^^^^^^^^^^^^

importer\openbfme_importer\castle_fixtures.py:180: 
_ _ _ _ _ _ _ _ _ _ _ _ _ _ _ _ _ _ _ _ _ _ _ _ _ _ _ _ _ _ _ _ _ _ _ _ _ _ _ _
importer\openbfme_importer\module_contracts.py:8476: in compile_all_module_contracts
    rows.extend(compile_gate_open_close_behaviors(lineage, target_id))
                ^^^^^^^^^^^^^^^^^^^^^^^^^^^^^^^^^^^^^^^^^^^^^^^^^^^^^
_ _ _ _ _ _ _ _ _ _ _ _ _ _ _ _ _ _ _ _ _ _ _ _ _ _ _ _ _ _ _ _ _ _ _ _ _ _ _ _

lineage = (SageObject(kind='Object', name='TestMapGate', parent=None, items=(SageAssignment(key='KindOf', value='STRUCTURE IMMOB...st/castle.ini', line=34, has_equals=True)), ordinal=0, source_virtual_path='data/ini/object/test/castle.ini', line=1),)
target_id = 'TestMapGate'

    def compile_gate_open_close_behaviors(lineage: Sequence[SageObject], target_id: str) -> list[dict[str, object]]:
        rows=[]
        for block in _behavior_blocks(lineage,"GateOpenAndCloseBehavior"):
            if block.blocks: raise ModuleContractError(f"{target_id} GateOpenAndCloseBehavior nested blocks")
            amap=_assignment_map(block)
            if len(amap)!=len(block.assignments) or set(amap)-_GATE_FIELDS: raise ModuleContractError(f"{target_id} GateOpenAndCloseBehavior malformed fields")
            fields={}
            for key in ("ResetTimeInMilliseconds","TimeBeforePlayingOpenSound","TimeBeforePlayingClosedSound"):
                value=_milliseconds_field(amap.get(key.casefold()),f"{target_id} GateOpenAndCloseBehavior {key}")
>               if value is None: raise ModuleContractError(f"{target_id} GateOpenAndCloseBehavior requires {key}")
                                  ^^^^^^^^^^^^^^^^^^^^^^^^^^^^^^^^^^^^^^^^^^^^^^^^^^^^^^^^^^^^^^^^^^^^^^^^^^^^^^^^^
E               openbfme_importer.module_contracts.ModuleContractError: TestMapGate GateOpenAndCloseBehavior requires TimeBeforePlayingOpenSound

importer\openbfme_importer\module_contracts.py:4782: ModuleContractError

The above exception was the direct cause of the following exception:

mutate = <function <lambda> at 0x0000018ECC4DECA0>, match = 'duplicate'

    @pytest.mark.parametrize(
        "mutate, match",
        [
            (lambda doc: doc.update(schema="openbfme.bogus"), "schema"),
            (lambda doc: doc.update(schemaVersion=9), "schema"),
            (lambda doc: doc.update(capabilities=[]), "capabilit"),
            (
                lambda doc: doc.update(capabilities=["moonbeams"]),
                "unknown castle capability",
            ),
            (
                lambda doc: doc.update(
                    capabilities=["defendable-gates", "walkable-walls"]
                ),
                "canonical order",
            ),
            (lambda doc: doc.update(count=999), "count"),
            (lambda doc: doc["fixtures"][0].update(role="moonbeam"), "role"),
            (
                lambda doc: doc["fixtures"][0].update(typeName=""),
                "typeName",
            ),
            (
                lambda doc: doc["fixtures"][1].update(index=doc["fixtures"][0]["index"]),
                "duplicate",
            ),
            (
                lambda doc: doc["fixtures"][0].update(originalOwner=""),
                "originalOwner",
            ),
            (
                lambda doc: doc["fixtures"][0].update(maxHealth=0),
                "maxHealth",
            ),
            (lambda doc: doc["fixtures"][0].update(armor=""), "armor"),
            (
                lambda doc: doc["fixtures"][0]["gate"].update(geometries={}),
                "geometries",
            ),
            (
                lambda doc: doc["fixtures"][1]["garrison"].update(containMax=0),
                "containMax",
            ),
            (
                lambda doc: doc["fixtures"][1].pop("garrison"),
                "garrison",
            ),
        ],
    )
    def test_validate_refuses_malformed_documents(mutate, match) -> None:
>       document = json.loads(json.dumps(_fixtures()))
                                         ^^^^^^^^^^^

importer\tests\test_castle_fixtures.py:443: 
_ _ _ _ _ _ _ _ _ _ _ _ _ _ _ _ _ _ _ _ _ _ _ _ _ _ _ _ _ _ _ _ _ _ _ _ _ _ _ _
importer\tests\test_castle_fixtures.py:224: in _fixtures
    return build_map_fixtures(_DOCUMENTS, _placements())
           ^^^^^^^^^^^^^^^^^^^^^^^^^^^^^^^^^^^^^^^^^^^^^
importer\openbfme_importer\castle_fixtures.py:502: in build_map_fixtures
    descriptors[folded] = compile_map_object_descriptor(
_ _ _ _ _ _ _ _ _ _ _ _ _ _ _ _ _ _ _ _ _ _ _ _ _ _ _ _ _ _ _ _ _ _ _ _ _ _ _ _

type_name = 'TestMapGate'
documents = {'data/ini/gamedata.ini': b'#define TEST_GARRISON_HEALTH 1500\n', 'data/ini/armor.ini': b'Armor TestWallArmor\n  Armor...veBody ModuleTag_02\n    MaxHealth = 100.0\n  End\nEnd\n\nObject TestBrokenCart\n  KindOf = STRUCTURE IMMOBILE\nEnd\n'}
raw = {'testmapgate': SageObject(kind='Object', name='TestMapGate', parent=None, items=(SageAssignment(key='KindOf', value='...stle.ini', line=90, has_equals=True)), ordinal=3, source_virtual_path='data/ini/object/test/castle.ini', line=78), ...}
defines = {'test_garrison_health': 1500}, game = 'bfme2'

    def compile_map_object_descriptor(
        type_name: str,
        documents: Mapping[str, bytes],
        *,
        raw: Mapping[str, Any] | None = None,
        defines: Mapping[str, int | float] | None = None,
        game: str = "bfme2",
    ) -> dict[str, Any]:
        """Compile one map-referenced object type into a descriptor document.
    
        The descriptor carries the authored health, armor, geometry and module
        contracts exactly as the playable compilers extract them; no production
        routes are required because map objects are placed, never constructed.
        """
    
        if raw is None:
            try:
                raw = _object_index(documents)
            except PlayableUnitCompilerError as exc:
                raise CastleFixturesError(str(exc)) from exc
        if defines is None:
            try:
                defines = _numeric_defines(documents)
            except PlayableUnitCompilerError as exc:
                raise CastleFixturesError(str(exc)) from exc
        item, ancestry = _compile_lineage(type_name, raw)
        try:
            health = _health_contract(ancestry, defines, item.name)
        except PlayableStructureCompilerError as exc:
            raise CastleFixturesError(str(exc)) from exc
        try:
            armor = compile_armor_contract(documents, ancestry, game=game)
        except ArmorCompilerError as exc:
            raise CastleFixturesError(str(exc)) from exc
        geometry = _geometry_contract(ancestry, defines)
        try:
            modules = compile_all_module_contracts(ancestry, item.name)
        except ModuleContractError as exc:
>           raise CastleFixturesError(str(exc)) from exc
E           openbfme_importer.castle_fixtures.CastleFixturesError: TestMapGate GateOpenAndCloseBehavior requires TimeBeforePlayingOpenSound

importer\openbfme_importer\castle_fixtures.py:182: CastleFixturesError
______ test_validate_refuses_malformed_documents[<lambda>-originalOwner] ______

type_name = 'TestMapGate'
documents = {'data/ini/gamedata.ini': b'#define TEST_GARRISON_HEALTH 1500\n', 'data/ini/armor.ini': b'Armor TestWallArmor\n  Armor...veBody ModuleTag_02\n    MaxHealth = 100.0\n  End\nEnd\n\nObject TestBrokenCart\n  KindOf = STRUCTURE IMMOBILE\nEnd\n'}
raw = {'testmapgate': SageObject(kind='Object', name='TestMapGate', parent=None, items=(SageAssignment(key='KindOf', value='...stle.ini', line=90, has_equals=True)), ordinal=3, source_virtual_path='data/ini/object/test/castle.ini', line=78), ...}
defines = {'test_garrison_health': 1500}, game = 'bfme2'

    def compile_map_object_descriptor(
        type_name: str,
        documents: Mapping[str, bytes],
        *,
        raw: Mapping[str, Any] | None = None,
        defines: Mapping[str, int | float] | None = None,
        game: str = "bfme2",
    ) -> dict[str, Any]:
        """Compile one map-referenced object type into a descriptor document.
    
        The descriptor carries the authored health, armor, geometry and module
        contracts exactly as the playable compilers extract them; no production
        routes are required because map objects are placed, never constructed.
        """
    
        if raw is None:
            try:
                raw = _object_index(documents)
            except PlayableUnitCompilerError as exc:
                raise CastleFixturesError(str(exc)) from exc
        if defines is None:
            try:
                defines = _numeric_defines(documents)
            except PlayableUnitCompilerError as exc:
                raise CastleFixturesError(str(exc)) from exc
        item, ancestry = _compile_lineage(type_name, raw)
        try:
            health = _health_contract(ancestry, defines, item.name)
        except PlayableStructureCompilerError as exc:
            raise CastleFixturesError(str(exc)) from exc
        try:
            armor = compile_armor_contract(documents, ancestry, game=game)
        except ArmorCompilerError as exc:
            raise CastleFixturesError(str(exc)) from exc
        geometry = _geometry_contract(ancestry, defines)
        try:
>           modules = compile_all_module_contracts(ancestry, item.name)
                      ^^^^^^^^^^^^^^^^^^^^^^^^^^^^^^^^^^^^^^^^^^^^^^^^^

importer\openbfme_importer\castle_fixtures.py:180: 
_ _ _ _ _ _ _ _ _ _ _ _ _ _ _ _ _ _ _ _ _ _ _ _ _ _ _ _ _ _ _ _ _ _ _ _ _ _ _ _
importer\openbfme_importer\module_contracts.py:8476: in compile_all_module_contracts
    rows.extend(compile_gate_open_close_behaviors(lineage, target_id))
                ^^^^^^^^^^^^^^^^^^^^^^^^^^^^^^^^^^^^^^^^^^^^^^^^^^^^^
_ _ _ _ _ _ _ _ _ _ _ _ _ _ _ _ _ _ _ _ _ _ _ _ _ _ _ _ _ _ _ _ _ _ _ _ _ _ _ _

lineage = (SageObject(kind='Object', name='TestMapGate', parent=None, items=(SageAssignment(key='KindOf', value='STRUCTURE IMMOB...st/castle.ini', line=34, has_equals=True)), ordinal=0, source_virtual_path='data/ini/object/test/castle.ini', line=1),)
target_id = 'TestMapGate'

    def compile_gate_open_close_behaviors(lineage: Sequence[SageObject], target_id: str) -> list[dict[str, object]]:
        rows=[]
        for block in _behavior_blocks(lineage,"GateOpenAndCloseBehavior"):
            if block.blocks: raise ModuleContractError(f"{target_id} GateOpenAndCloseBehavior nested blocks")
            amap=_assignment_map(block)
            if len(amap)!=len(block.assignments) or set(amap)-_GATE_FIELDS: raise ModuleContractError(f"{target_id} GateOpenAndCloseBehavior malformed fields")
            fields={}
            for key in ("ResetTimeInMilliseconds","TimeBeforePlayingOpenSound","TimeBeforePlayingClosedSound"):
                value=_milliseconds_field(amap.get(key.casefold()),f"{target_id} GateOpenAndCloseBehavior {key}")
>               if value is None: raise ModuleContractError(f"{target_id} GateOpenAndCloseBehavior requires {key}")
                                  ^^^^^^^^^^^^^^^^^^^^^^^^^^^^^^^^^^^^^^^^^^^^^^^^^^^^^^^^^^^^^^^^^^^^^^^^^^^^^^^^^
E               openbfme_importer.module_contracts.ModuleContractError: TestMapGate GateOpenAndCloseBehavior requires TimeBeforePlayingOpenSound

importer\openbfme_importer\module_contracts.py:4782: ModuleContractError

The above exception was the direct cause of the following exception:

mutate = <function <lambda> at 0x0000018ECC4DED40>, match = 'originalOwner'

    @pytest.mark.parametrize(
        "mutate, match",
        [
            (lambda doc: doc.update(schema="openbfme.bogus"), "schema"),
            (lambda doc: doc.update(schemaVersion=9), "schema"),
            (lambda doc: doc.update(capabilities=[]), "capabilit"),
            (
                lambda doc: doc.update(capabilities=["moonbeams"]),
                "unknown castle capability",
            ),
            (
                lambda doc: doc.update(
                    capabilities=["defendable-gates", "walkable-walls"]
                ),
                "canonical order",
            ),
            (lambda doc: doc.update(count=999), "count"),
            (lambda doc: doc["fixtures"][0].update(role="moonbeam"), "role"),
            (
                lambda doc: doc["fixtures"][0].update(typeName=""),
                "typeName",
            ),
            (
                lambda doc: doc["fixtures"][1].update(index=doc["fixtures"][0]["index"]),
                "duplicate",
            ),
            (
                lambda doc: doc["fixtures"][0].update(originalOwner=""),
                "originalOwner",
            ),
            (
                lambda doc: doc["fixtures"][0].update(maxHealth=0),
                "maxHealth",
            ),
            (lambda doc: doc["fixtures"][0].update(armor=""), "armor"),
            (
                lambda doc: doc["fixtures"][0]["gate"].update(geometries={}),
                "geometries",
            ),
            (
                lambda doc: doc["fixtures"][1]["garrison"].update(containMax=0),
                "containMax",
            ),
            (
                lambda doc: doc["fixtures"][1].pop("garrison"),
                "garrison",
            ),
        ],
    )
    def test_validate_refuses_malformed_documents(mutate, match) -> None:
>       document = json.loads(json.dumps(_fixtures()))
                                         ^^^^^^^^^^^

importer\tests\test_castle_fixtures.py:443: 
_ _ _ _ _ _ _ _ _ _ _ _ _ _ _ _ _ _ _ _ _ _ _ _ _ _ _ _ _ _ _ _ _ _ _ _ _ _ _ _
importer\tests\test_castle_fixtures.py:224: in _fixtures
    return build_map_fixtures(_DOCUMENTS, _placements())
           ^^^^^^^^^^^^^^^^^^^^^^^^^^^^^^^^^^^^^^^^^^^^^
importer\openbfme_importer\castle_fixtures.py:502: in build_map_fixtures
    descriptors[folded] = compile_map_object_descriptor(
_ _ _ _ _ _ _ _ _ _ _ _ _ _ _ _ _ _ _ _ _ _ _ _ _ _ _ _ _ _ _ _ _ _ _ _ _ _ _ _

type_name = 'TestMapGate'
documents = {'data/ini/gamedata.ini': b'#define TEST_GARRISON_HEALTH 1500\n', 'data/ini/armor.ini': b'Armor TestWallArmor\n  Armor...veBody ModuleTag_02\n    MaxHealth = 100.0\n  End\nEnd\n\nObject TestBrokenCart\n  KindOf = STRUCTURE IMMOBILE\nEnd\n'}
raw = {'testmapgate': SageObject(kind='Object', name='TestMapGate', parent=None, items=(SageAssignment(key='KindOf', value='...stle.ini', line=90, has_equals=True)), ordinal=3, source_virtual_path='data/ini/object/test/castle.ini', line=78), ...}
defines = {'test_garrison_health': 1500}, game = 'bfme2'

    def compile_map_object_descriptor(
        type_name: str,
        documents: Mapping[str, bytes],
        *,
        raw: Mapping[str, Any] | None = None,
        defines: Mapping[str, int | float] | None = None,
        game: str = "bfme2",
    ) -> dict[str, Any]:
        """Compile one map-referenced object type into a descriptor document.
    
        The descriptor carries the authored health, armor, geometry and module
        contracts exactly as the playable compilers extract them; no production
        routes are required because map objects are placed, never constructed.
        """
    
        if raw is None:
            try:
                raw = _object_index(documents)
            except PlayableUnitCompilerError as exc:
                raise CastleFixturesError(str(exc)) from exc
        if defines is None:
            try:
                defines = _numeric_defines(documents)
            except PlayableUnitCompilerError as exc:
                raise CastleFixturesError(str(exc)) from exc
        item, ancestry = _compile_lineage(type_name, raw)
        try:
            health = _health_contract(ancestry, defines, item.name)
        except PlayableStructureCompilerError as exc:
            raise CastleFixturesError(str(exc)) from exc
        try:
            armor = compile_armor_contract(documents, ancestry, game=game)
        except ArmorCompilerError as exc:
            raise CastleFixturesError(str(exc)) from exc
        geometry = _geometry_contract(ancestry, defines)
        try:
            modules = compile_all_module_contracts(ancestry, item.name)
        except ModuleContractError as exc:
>           raise CastleFixturesError(str(exc)) from exc
E           openbfme_importer.castle_fixtures.CastleFixturesError: TestMapGate GateOpenAndCloseBehavior requires TimeBeforePlayingOpenSound

importer\openbfme_importer\castle_fixtures.py:182: CastleFixturesError
________ test_validate_refuses_malformed_documents[<lambda>-maxHealth] ________

type_name = 'TestMapGate'
documents = {'data/ini/gamedata.ini': b'#define TEST_GARRISON_HEALTH 1500\n', 'data/ini/armor.ini': b'Armor TestWallArmor\n  Armor...veBody ModuleTag_02\n    MaxHealth = 100.0\n  End\nEnd\n\nObject TestBrokenCart\n  KindOf = STRUCTURE IMMOBILE\nEnd\n'}
raw = {'testmapgate': SageObject(kind='Object', name='TestMapGate', parent=None, items=(SageAssignment(key='KindOf', value='...stle.ini', line=90, has_equals=True)), ordinal=3, source_virtual_path='data/ini/object/test/castle.ini', line=78), ...}
defines = {'test_garrison_health': 1500}, game = 'bfme2'

    def compile_map_object_descriptor(
        type_name: str,
        documents: Mapping[str, bytes],
        *,
        raw: Mapping[str, Any] | None = None,
        defines: Mapping[str, int | float] | None = None,
        game: str = "bfme2",
    ) -> dict[str, Any]:
        """Compile one map-referenced object type into a descriptor document.
    
        The descriptor carries the authored health, armor, geometry and module
        contracts exactly as the playable compilers extract them; no production
        routes are required because map objects are placed, never constructed.
        """
    
        if raw is None:
            try:
                raw = _object_index(documents)
            except PlayableUnitCompilerError as exc:
                raise CastleFixturesError(str(exc)) from exc
        if defines is None:
            try:
                defines = _numeric_defines(documents)
            except PlayableUnitCompilerError as exc:
                raise CastleFixturesError(str(exc)) from exc
        item, ancestry = _compile_lineage(type_name, raw)
        try:
            health = _health_contract(ancestry, defines, item.name)
        except PlayableStructureCompilerError as exc:
            raise CastleFixturesError(str(exc)) from exc
        try:
            armor = compile_armor_contract(documents, ancestry, game=game)
        except ArmorCompilerError as exc:
            raise CastleFixturesError(str(exc)) from exc
        geometry = _geometry_contract(ancestry, defines)
        try:
>           modules = compile_all_module_contracts(ancestry, item.name)
                      ^^^^^^^^^^^^^^^^^^^^^^^^^^^^^^^^^^^^^^^^^^^^^^^^^

importer\openbfme_importer\castle_fixtures.py:180: 
_ _ _ _ _ _ _ _ _ _ _ _ _ _ _ _ _ _ _ _ _ _ _ _ _ _ _ _ _ _ _ _ _ _ _ _ _ _ _ _
importer\openbfme_importer\module_contracts.py:8476: in compile_all_module_contracts
    rows.extend(compile_gate_open_close_behaviors(lineage, target_id))
                ^^^^^^^^^^^^^^^^^^^^^^^^^^^^^^^^^^^^^^^^^^^^^^^^^^^^^
_ _ _ _ _ _ _ _ _ _ _ _ _ _ _ _ _ _ _ _ _ _ _ _ _ _ _ _ _ _ _ _ _ _ _ _ _ _ _ _

lineage = (SageObject(kind='Object', name='TestMapGate', parent=None, items=(SageAssignment(key='KindOf', value='STRUCTURE IMMOB...st/castle.ini', line=34, has_equals=True)), ordinal=0, source_virtual_path='data/ini/object/test/castle.ini', line=1),)
target_id = 'TestMapGate'

    def compile_gate_open_close_behaviors(lineage: Sequence[SageObject], target_id: str) -> list[dict[str, object]]:
        rows=[]
        for block in _behavior_blocks(lineage,"GateOpenAndCloseBehavior"):
            if block.blocks: raise ModuleContractError(f"{target_id} GateOpenAndCloseBehavior nested blocks")
            amap=_assignment_map(block)
            if len(amap)!=len(block.assignments) or set(amap)-_GATE_FIELDS: raise ModuleContractError(f"{target_id} GateOpenAndCloseBehavior malformed fields")
            fields={}
            for key in ("ResetTimeInMilliseconds","TimeBeforePlayingOpenSound","TimeBeforePlayingClosedSound"):
                value=_milliseconds_field(amap.get(key.casefold()),f"{target_id} GateOpenAndCloseBehavior {key}")
>               if value is None: raise ModuleContractError(f"{target_id} GateOpenAndCloseBehavior requires {key}")
                                  ^^^^^^^^^^^^^^^^^^^^^^^^^^^^^^^^^^^^^^^^^^^^^^^^^^^^^^^^^^^^^^^^^^^^^^^^^^^^^^^^^
E               openbfme_importer.module_contracts.ModuleContractError: TestMapGate GateOpenAndCloseBehavior requires TimeBeforePlayingOpenSound

importer\openbfme_importer\module_contracts.py:4782: ModuleContractError

The above exception was the direct cause of the following exception:

mutate = <function <lambda> at 0x0000018ECC4DEDE0>, match = 'maxHealth'

    @pytest.mark.parametrize(
        "mutate, match",
        [
            (lambda doc: doc.update(schema="openbfme.bogus"), "schema"),
            (lambda doc: doc.update(schemaVersion=9), "schema"),
            (lambda doc: doc.update(capabilities=[]), "capabilit"),
            (
                lambda doc: doc.update(capabilities=["moonbeams"]),
                "unknown castle capability",
            ),
            (
                lambda doc: doc.update(
                    capabilities=["defendable-gates", "walkable-walls"]
                ),
                "canonical order",
            ),
            (lambda doc: doc.update(count=999), "count"),
            (lambda doc: doc["fixtures"][0].update(role="moonbeam"), "role"),
            (
                lambda doc: doc["fixtures"][0].update(typeName=""),
                "typeName",
            ),
            (
                lambda doc: doc["fixtures"][1].update(index=doc["fixtures"][0]["index"]),
                "duplicate",
            ),
            (
                lambda doc: doc["fixtures"][0].update(originalOwner=""),
                "originalOwner",
            ),
            (
                lambda doc: doc["fixtures"][0].update(maxHealth=0),
                "maxHealth",
            ),
            (lambda doc: doc["fixtures"][0].update(armor=""), "armor"),
            (
                lambda doc: doc["fixtures"][0]["gate"].update(geometries={}),
                "geometries",
            ),
            (
                lambda doc: doc["fixtures"][1]["garrison"].update(containMax=0),
                "containMax",
            ),
            (
                lambda doc: doc["fixtures"][1].pop("garrison"),
                "garrison",
            ),
        ],
    )
    def test_validate_refuses_malformed_documents(mutate, match) -> None:
>       document = json.loads(json.dumps(_fixtures()))
                                         ^^^^^^^^^^^

importer\tests\test_castle_fixtures.py:443: 
_ _ _ _ _ _ _ _ _ _ _ _ _ _ _ _ _ _ _ _ _ _ _ _ _ _ _ _ _ _ _ _ _ _ _ _ _ _ _ _
importer\tests\test_castle_fixtures.py:224: in _fixtures
    return build_map_fixtures(_DOCUMENTS, _placements())
           ^^^^^^^^^^^^^^^^^^^^^^^^^^^^^^^^^^^^^^^^^^^^^
importer\openbfme_importer\castle_fixtures.py:502: in build_map_fixtures
    descriptors[folded] = compile_map_object_descriptor(
_ _ _ _ _ _ _ _ _ _ _ _ _ _ _ _ _ _ _ _ _ _ _ _ _ _ _ _ _ _ _ _ _ _ _ _ _ _ _ _

type_name = 'TestMapGate'
documents = {'data/ini/gamedata.ini': b'#define TEST_GARRISON_HEALTH 1500\n', 'data/ini/armor.ini': b'Armor TestWallArmor\n  Armor...veBody ModuleTag_02\n    MaxHealth = 100.0\n  End\nEnd\n\nObject TestBrokenCart\n  KindOf = STRUCTURE IMMOBILE\nEnd\n'}
raw = {'testmapgate': SageObject(kind='Object', name='TestMapGate', parent=None, items=(SageAssignment(key='KindOf', value='...stle.ini', line=90, has_equals=True)), ordinal=3, source_virtual_path='data/ini/object/test/castle.ini', line=78), ...}
defines = {'test_garrison_health': 1500}, game = 'bfme2'

    def compile_map_object_descriptor(
        type_name: str,
        documents: Mapping[str, bytes],
        *,
        raw: Mapping[str, Any] | None = None,
        defines: Mapping[str, int | float] | None = None,
        game: str = "bfme2",
    ) -> dict[str, Any]:
        """Compile one map-referenced object type into a descriptor document.
    
        The descriptor carries the authored health, armor, geometry and module
        contracts exactly as the playable compilers extract them; no production
        routes are required because map objects are placed, never constructed.
        """
    
        if raw is None:
            try:
                raw = _object_index(documents)
            except PlayableUnitCompilerError as exc:
                raise CastleFixturesError(str(exc)) from exc
        if defines is None:
            try:
                defines = _numeric_defines(documents)
            except PlayableUnitCompilerError as exc:
                raise CastleFixturesError(str(exc)) from exc
        item, ancestry = _compile_lineage(type_name, raw)
        try:
            health = _health_contract(ancestry, defines, item.name)
        except PlayableStructureCompilerError as exc:
            raise CastleFixturesError(str(exc)) from exc
        try:
            armor = compile_armor_contract(documents, ancestry, game=game)
        except ArmorCompilerError as exc:
            raise CastleFixturesError(str(exc)) from exc
        geometry = _geometry_contract(ancestry, defines)
        try:
            modules = compile_all_module_contracts(ancestry, item.name)
        except ModuleContractError as exc:
>           raise CastleFixturesError(str(exc)) from exc
E           openbfme_importer.castle_fixtures.CastleFixturesError: TestMapGate GateOpenAndCloseBehavior requires TimeBeforePlayingOpenSound

importer\openbfme_importer\castle_fixtures.py:182: CastleFixturesError
__________ test_validate_refuses_malformed_documents[<lambda>-armor] __________

type_name = 'TestMapGate'
documents = {'data/ini/gamedata.ini': b'#define TEST_GARRISON_HEALTH 1500\n', 'data/ini/armor.ini': b'Armor TestWallArmor\n  Armor...veBody ModuleTag_02\n    MaxHealth = 100.0\n  End\nEnd\n\nObject TestBrokenCart\n  KindOf = STRUCTURE IMMOBILE\nEnd\n'}
raw = {'testmapgate': SageObject(kind='Object', name='TestMapGate', parent=None, items=(SageAssignment(key='KindOf', value='...stle.ini', line=90, has_equals=True)), ordinal=3, source_virtual_path='data/ini/object/test/castle.ini', line=78), ...}
defines = {'test_garrison_health': 1500}, game = 'bfme2'

    def compile_map_object_descriptor(
        type_name: str,
        documents: Mapping[str, bytes],
        *,
        raw: Mapping[str, Any] | None = None,
        defines: Mapping[str, int | float] | None = None,
        game: str = "bfme2",
    ) -> dict[str, Any]:
        """Compile one map-referenced object type into a descriptor document.
    
        The descriptor carries the authored health, armor, geometry and module
        contracts exactly as the playable compilers extract them; no production
        routes are required because map objects are placed, never constructed.
        """
    
        if raw is None:
            try:
                raw = _object_index(documents)
            except PlayableUnitCompilerError as exc:
                raise CastleFixturesError(str(exc)) from exc
        if defines is None:
            try:
                defines = _numeric_defines(documents)
            except PlayableUnitCompilerError as exc:
                raise CastleFixturesError(str(exc)) from exc
        item, ancestry = _compile_lineage(type_name, raw)
        try:
            health = _health_contract(ancestry, defines, item.name)
        except PlayableStructureCompilerError as exc:
            raise CastleFixturesError(str(exc)) from exc
        try:
            armor = compile_armor_contract(documents, ancestry, game=game)
        except ArmorCompilerError as exc:
            raise CastleFixturesError(str(exc)) from exc
        geometry = _geometry_contract(ancestry, defines)
        try:
>           modules = compile_all_module_contracts(ancestry, item.name)
                      ^^^^^^^^^^^^^^^^^^^^^^^^^^^^^^^^^^^^^^^^^^^^^^^^^

importer\openbfme_importer\castle_fixtures.py:180: 
_ _ _ _ _ _ _ _ _ _ _ _ _ _ _ _ _ _ _ _ _ _ _ _ _ _ _ _ _ _ _ _ _ _ _ _ _ _ _ _
importer\openbfme_importer\module_contracts.py:8476: in compile_all_module_contracts
    rows.extend(compile_gate_open_close_behaviors(lineage, target_id))
                ^^^^^^^^^^^^^^^^^^^^^^^^^^^^^^^^^^^^^^^^^^^^^^^^^^^^^
_ _ _ _ _ _ _ _ _ _ _ _ _ _ _ _ _ _ _ _ _ _ _ _ _ _ _ _ _ _ _ _ _ _ _ _ _ _ _ _

lineage = (SageObject(kind='Object', name='TestMapGate', parent=None, items=(SageAssignment(key='KindOf', value='STRUCTURE IMMOB...st/castle.ini', line=34, has_equals=True)), ordinal=0, source_virtual_path='data/ini/object/test/castle.ini', line=1),)
target_id = 'TestMapGate'

    def compile_gate_open_close_behaviors(lineage: Sequence[SageObject], target_id: str) -> list[dict[str, object]]:
        rows=[]
        for block in _behavior_blocks(lineage,"GateOpenAndCloseBehavior"):
            if block.blocks: raise ModuleContractError(f"{target_id} GateOpenAndCloseBehavior nested blocks")
            amap=_assignment_map(block)
            if len(amap)!=len(block.assignments) or set(amap)-_GATE_FIELDS: raise ModuleContractError(f"{target_id} GateOpenAndCloseBehavior malformed fields")
            fields={}
            for key in ("ResetTimeInMilliseconds","TimeBeforePlayingOpenSound","TimeBeforePlayingClosedSound"):
                value=_milliseconds_field(amap.get(key.casefold()),f"{target_id} GateOpenAndCloseBehavior {key}")
>               if value is None: raise ModuleContractError(f"{target_id} GateOpenAndCloseBehavior requires {key}")
                                  ^^^^^^^^^^^^^^^^^^^^^^^^^^^^^^^^^^^^^^^^^^^^^^^^^^^^^^^^^^^^^^^^^^^^^^^^^^^^^^^^^
E               openbfme_importer.module_contracts.ModuleContractError: TestMapGate GateOpenAndCloseBehavior requires TimeBeforePlayingOpenSound

importer\openbfme_importer\module_contracts.py:4782: ModuleContractError

The above exception was the direct cause of the following exception:

mutate = <function <lambda> at 0x0000018ECC4DEE80>, match = 'armor'

    @pytest.mark.parametrize(
        "mutate, match",
        [
            (lambda doc: doc.update(schema="openbfme.bogus"), "schema"),
            (lambda doc: doc.update(schemaVersion=9), "schema"),
            (lambda doc: doc.update(capabilities=[]), "capabilit"),
            (
                lambda doc: doc.update(capabilities=["moonbeams"]),
                "unknown castle capability",
            ),
            (
                lambda doc: doc.update(
                    capabilities=["defendable-gates", "walkable-walls"]
                ),
                "canonical order",
            ),
            (lambda doc: doc.update(count=999), "count"),
            (lambda doc: doc["fixtures"][0].update(role="moonbeam"), "role"),
            (
                lambda doc: doc["fixtures"][0].update(typeName=""),
                "typeName",
            ),
            (
                lambda doc: doc["fixtures"][1].update(index=doc["fixtures"][0]["index"]),
                "duplicate",
            ),
            (
                lambda doc: doc["fixtures"][0].update(originalOwner=""),
                "originalOwner",
            ),
            (
                lambda doc: doc["fixtures"][0].update(maxHealth=0),
                "maxHealth",
            ),
            (lambda doc: doc["fixtures"][0].update(armor=""), "armor"),
            (
                lambda doc: doc["fixtures"][0]["gate"].update(geometries={}),
                "geometries",
            ),
            (
                lambda doc: doc["fixtures"][1]["garrison"].update(containMax=0),
                "containMax",
            ),
            (
                lambda doc: doc["fixtures"][1].pop("garrison"),
                "garrison",
            ),
        ],
    )
    def test_validate_refuses_malformed_documents(mutate, match) -> None:
>       document = json.loads(json.dumps(_fixtures()))
                                         ^^^^^^^^^^^

importer\tests\test_castle_fixtures.py:443: 
_ _ _ _ _ _ _ _ _ _ _ _ _ _ _ _ _ _ _ _ _ _ _ _ _ _ _ _ _ _ _ _ _ _ _ _ _ _ _ _
importer\tests\test_castle_fixtures.py:224: in _fixtures
    return build_map_fixtures(_DOCUMENTS, _placements())
           ^^^^^^^^^^^^^^^^^^^^^^^^^^^^^^^^^^^^^^^^^^^^^
importer\openbfme_importer\castle_fixtures.py:502: in build_map_fixtures
    descriptors[folded] = compile_map_object_descriptor(
_ _ _ _ _ _ _ _ _ _ _ _ _ _ _ _ _ _ _ _ _ _ _ _ _ _ _ _ _ _ _ _ _ _ _ _ _ _ _ _

type_name = 'TestMapGate'
documents = {'data/ini/gamedata.ini': b'#define TEST_GARRISON_HEALTH 1500\n', 'data/ini/armor.ini': b'Armor TestWallArmor\n  Armor...veBody ModuleTag_02\n    MaxHealth = 100.0\n  End\nEnd\n\nObject TestBrokenCart\n  KindOf = STRUCTURE IMMOBILE\nEnd\n'}
raw = {'testmapgate': SageObject(kind='Object', name='TestMapGate', parent=None, items=(SageAssignment(key='KindOf', value='...stle.ini', line=90, has_equals=True)), ordinal=3, source_virtual_path='data/ini/object/test/castle.ini', line=78), ...}
defines = {'test_garrison_health': 1500}, game = 'bfme2'

    def compile_map_object_descriptor(
        type_name: str,
        documents: Mapping[str, bytes],
        *,
        raw: Mapping[str, Any] | None = None,
        defines: Mapping[str, int | float] | None = None,
        game: str = "bfme2",
    ) -> dict[str, Any]:
        """Compile one map-referenced object type into a descriptor document.
    
        The descriptor carries the authored health, armor, geometry and module
        contracts exactly as the playable compilers extract them; no production
        routes are required because map objects are placed, never constructed.
        """
    
        if raw is None:
            try:
                raw = _object_index(documents)
            except PlayableUnitCompilerError as exc:
                raise CastleFixturesError(str(exc)) from exc
        if defines is None:
            try:
                defines = _numeric_defines(documents)
            except PlayableUnitCompilerError as exc:
                raise CastleFixturesError(str(exc)) from exc
        item, ancestry = _compile_lineage(type_name, raw)
        try:
            health = _health_contract(ancestry, defines, item.name)
        except PlayableStructureCompilerError as exc:
            raise CastleFixturesError(str(exc)) from exc
        try:
            armor = compile_armor_contract(documents, ancestry, game=game)
        except ArmorCompilerError as exc:
            raise CastleFixturesError(str(exc)) from exc
        geometry = _geometry_contract(ancestry, defines)
        try:
            modules = compile_all_module_contracts(ancestry, item.name)
        except ModuleContractError as exc:
>           raise CastleFixturesError(str(exc)) from exc
E           openbfme_importer.castle_fixtures.CastleFixturesError: TestMapGate GateOpenAndCloseBehavior requires TimeBeforePlayingOpenSound

importer\openbfme_importer\castle_fixtures.py:182: CastleFixturesError
_______ test_validate_refuses_malformed_documents[<lambda>-geometries] ________

type_name = 'TestMapGate'
documents = {'data/ini/gamedata.ini': b'#define TEST_GARRISON_HEALTH 1500\n', 'data/ini/armor.ini': b'Armor TestWallArmor\n  Armor...veBody ModuleTag_02\n    MaxHealth = 100.0\n  End\nEnd\n\nObject TestBrokenCart\n  KindOf = STRUCTURE IMMOBILE\nEnd\n'}
raw = {'testmapgate': SageObject(kind='Object', name='TestMapGate', parent=None, items=(SageAssignment(key='KindOf', value='...stle.ini', line=90, has_equals=True)), ordinal=3, source_virtual_path='data/ini/object/test/castle.ini', line=78), ...}
defines = {'test_garrison_health': 1500}, game = 'bfme2'

    def compile_map_object_descriptor(
        type_name: str,
        documents: Mapping[str, bytes],
        *,
        raw: Mapping[str, Any] | None = None,
        defines: Mapping[str, int | float] | None = None,
        game: str = "bfme2",
    ) -> dict[str, Any]:
        """Compile one map-referenced object type into a descriptor document.
    
        The descriptor carries the authored health, armor, geometry and module
        contracts exactly as the playable compilers extract them; no production
        routes are required because map objects are placed, never constructed.
        """
    
        if raw is None:
            try:
                raw = _object_index(documents)
            except PlayableUnitCompilerError as exc:
                raise CastleFixturesError(str(exc)) from exc
        if defines is None:
            try:
                defines = _numeric_defines(documents)
            except PlayableUnitCompilerError as exc:
                raise CastleFixturesError(str(exc)) from exc
        item, ancestry = _compile_lineage(type_name, raw)
        try:
            health = _health_contract(ancestry, defines, item.name)
        except PlayableStructureCompilerError as exc:
            raise CastleFixturesError(str(exc)) from exc
        try:
            armor = compile_armor_contract(documents, ancestry, game=game)
        except ArmorCompilerError as exc:
            raise CastleFixturesError(str(exc)) from exc
        geometry = _geometry_contract(ancestry, defines)
        try:
>           modules = compile_all_module_contracts(ancestry, item.name)
                      ^^^^^^^^^^^^^^^^^^^^^^^^^^^^^^^^^^^^^^^^^^^^^^^^^

importer\openbfme_importer\castle_fixtures.py:180: 
_ _ _ _ _ _ _ _ _ _ _ _ _ _ _ _ _ _ _ _ _ _ _ _ _ _ _ _ _ _ _ _ _ _ _ _ _ _ _ _
importer\openbfme_importer\module_contracts.py:8476: in compile_all_module_contracts
    rows.extend(compile_gate_open_close_behaviors(lineage, target_id))
                ^^^^^^^^^^^^^^^^^^^^^^^^^^^^^^^^^^^^^^^^^^^^^^^^^^^^^
_ _ _ _ _ _ _ _ _ _ _ _ _ _ _ _ _ _ _ _ _ _ _ _ _ _ _ _ _ _ _ _ _ _ _ _ _ _ _ _

lineage = (SageObject(kind='Object', name='TestMapGate', parent=None, items=(SageAssignment(key='KindOf', value='STRUCTURE IMMOB...st/castle.ini', line=34, has_equals=True)), ordinal=0, source_virtual_path='data/ini/object/test/castle.ini', line=1),)
target_id = 'TestMapGate'

    def compile_gate_open_close_behaviors(lineage: Sequence[SageObject], target_id: str) -> list[dict[str, object]]:
        rows=[]
        for block in _behavior_blocks(lineage,"GateOpenAndCloseBehavior"):
            if block.blocks: raise ModuleContractError(f"{target_id} GateOpenAndCloseBehavior nested blocks")
            amap=_assignment_map(block)
            if len(amap)!=len(block.assignments) or set(amap)-_GATE_FIELDS: raise ModuleContractError(f"{target_id} GateOpenAndCloseBehavior malformed fields")
            fields={}
            for key in ("ResetTimeInMilliseconds","TimeBeforePlayingOpenSound","TimeBeforePlayingClosedSound"):
                value=_milliseconds_field(amap.get(key.casefold()),f"{target_id} GateOpenAndCloseBehavior {key}")
>               if value is None: raise ModuleContractError(f"{target_id} GateOpenAndCloseBehavior requires {key}")
                                  ^^^^^^^^^^^^^^^^^^^^^^^^^^^^^^^^^^^^^^^^^^^^^^^^^^^^^^^^^^^^^^^^^^^^^^^^^^^^^^^^^
E               openbfme_importer.module_contracts.ModuleContractError: TestMapGate GateOpenAndCloseBehavior requires TimeBeforePlayingOpenSound

importer\openbfme_importer\module_contracts.py:4782: ModuleContractError

The above exception was the direct cause of the following exception:

mutate = <function <lambda> at 0x0000018ECC4DEF20>, match = 'geometries'

    @pytest.mark.parametrize(
        "mutate, match",
        [
            (lambda doc: doc.update(schema="openbfme.bogus"), "schema"),
            (lambda doc: doc.update(schemaVersion=9), "schema"),
            (lambda doc: doc.update(capabilities=[]), "capabilit"),
            (
                lambda doc: doc.update(capabilities=["moonbeams"]),
                "unknown castle capability",
            ),
            (
                lambda doc: doc.update(
                    capabilities=["defendable-gates", "walkable-walls"]
                ),
                "canonical order",
            ),
            (lambda doc: doc.update(count=999), "count"),
            (lambda doc: doc["fixtures"][0].update(role="moonbeam"), "role"),
            (
                lambda doc: doc["fixtures"][0].update(typeName=""),
                "typeName",
            ),
            (
                lambda doc: doc["fixtures"][1].update(index=doc["fixtures"][0]["index"]),
                "duplicate",
            ),
            (
                lambda doc: doc["fixtures"][0].update(originalOwner=""),
                "originalOwner",
            ),
            (
                lambda doc: doc["fixtures"][0].update(maxHealth=0),
                "maxHealth",
            ),
            (lambda doc: doc["fixtures"][0].update(armor=""), "armor"),
            (
                lambda doc: doc["fixtures"][0]["gate"].update(geometries={}),
                "geometries",
            ),
            (
                lambda doc: doc["fixtures"][1]["garrison"].update(containMax=0),
                "containMax",
            ),
            (
                lambda doc: doc["fixtures"][1].pop("garrison"),
                "garrison",
            ),
        ],
    )
    def test_validate_refuses_malformed_documents(mutate, match) -> None:
>       document = json.loads(json.dumps(_fixtures()))
                                         ^^^^^^^^^^^

importer\tests\test_castle_fixtures.py:443: 
_ _ _ _ _ _ _ _ _ _ _ _ _ _ _ _ _ _ _ _ _ _ _ _ _ _ _ _ _ _ _ _ _ _ _ _ _ _ _ _
importer\tests\test_castle_fixtures.py:224: in _fixtures
    return build_map_fixtures(_DOCUMENTS, _placements())
           ^^^^^^^^^^^^^^^^^^^^^^^^^^^^^^^^^^^^^^^^^^^^^
importer\openbfme_importer\castle_fixtures.py:502: in build_map_fixtures
    descriptors[folded] = compile_map_object_descriptor(
_ _ _ _ _ _ _ _ _ _ _ _ _ _ _ _ _ _ _ _ _ _ _ _ _ _ _ _ _ _ _ _ _ _ _ _ _ _ _ _

type_name = 'TestMapGate'
documents = {'data/ini/gamedata.ini': b'#define TEST_GARRISON_HEALTH 1500\n', 'data/ini/armor.ini': b'Armor TestWallArmor\n  Armor...veBody ModuleTag_02\n    MaxHealth = 100.0\n  End\nEnd\n\nObject TestBrokenCart\n  KindOf = STRUCTURE IMMOBILE\nEnd\n'}
raw = {'testmapgate': SageObject(kind='Object', name='TestMapGate', parent=None, items=(SageAssignment(key='KindOf', value='...stle.ini', line=90, has_equals=True)), ordinal=3, source_virtual_path='data/ini/object/test/castle.ini', line=78), ...}
defines = {'test_garrison_health': 1500}, game = 'bfme2'

    def compile_map_object_descriptor(
        type_name: str,
        documents: Mapping[str, bytes],
        *,
        raw: Mapping[str, Any] | None = None,
        defines: Mapping[str, int | float] | None = None,
        game: str = "bfme2",
    ) -> dict[str, Any]:
        """Compile one map-referenced object type into a descriptor document.
    
        The descriptor carries the authored health, armor, geometry and module
        contracts exactly as the playable compilers extract them; no production
        routes are required because map objects are placed, never constructed.
        """
    
        if raw is None:
            try:
                raw = _object_index(documents)
            except PlayableUnitCompilerError as exc:
                raise CastleFixturesError(str(exc)) from exc
        if defines is None:
            try:
                defines = _numeric_defines(documents)
            except PlayableUnitCompilerError as exc:
                raise CastleFixturesError(str(exc)) from exc
        item, ancestry = _compile_lineage(type_name, raw)
        try:
            health = _health_contract(ancestry, defines, item.name)
        except PlayableStructureCompilerError as exc:
            raise CastleFixturesError(str(exc)) from exc
        try:
            armor = compile_armor_contract(documents, ancestry, game=game)
        except ArmorCompilerError as exc:
            raise CastleFixturesError(str(exc)) from exc
        geometry = _geometry_contract(ancestry, defines)
        try:
            modules = compile_all_module_contracts(ancestry, item.name)
        except ModuleContractError as exc:
>           raise CastleFixturesError(str(exc)) from exc
E           openbfme_importer.castle_fixtures.CastleFixturesError: TestMapGate GateOpenAndCloseBehavior requires TimeBeforePlayingOpenSound

importer\openbfme_importer\castle_fixtures.py:182: CastleFixturesError
_______ test_validate_refuses_malformed_documents[<lambda>-containMax] ________

type_name = 'TestMapGate'
documents = {'data/ini/gamedata.ini': b'#define TEST_GARRISON_HEALTH 1500\n', 'data/ini/armor.ini': b'Armor TestWallArmor\n  Armor...veBody ModuleTag_02\n    MaxHealth = 100.0\n  End\nEnd\n\nObject TestBrokenCart\n  KindOf = STRUCTURE IMMOBILE\nEnd\n'}
raw = {'testmapgate': SageObject(kind='Object', name='TestMapGate', parent=None, items=(SageAssignment(key='KindOf', value='...stle.ini', line=90, has_equals=True)), ordinal=3, source_virtual_path='data/ini/object/test/castle.ini', line=78), ...}
defines = {'test_garrison_health': 1500}, game = 'bfme2'

    def compile_map_object_descriptor(
        type_name: str,
        documents: Mapping[str, bytes],
        *,
        raw: Mapping[str, Any] | None = None,
        defines: Mapping[str, int | float] | None = None,
        game: str = "bfme2",
    ) -> dict[str, Any]:
        """Compile one map-referenced object type into a descriptor document.
    
        The descriptor carries the authored health, armor, geometry and module
        contracts exactly as the playable compilers extract them; no production
        routes are required because map objects are placed, never constructed.
        """
    
        if raw is None:
            try:
                raw = _object_index(documents)
            except PlayableUnitCompilerError as exc:
                raise CastleFixturesError(str(exc)) from exc
        if defines is None:
            try:
                defines = _numeric_defines(documents)
            except PlayableUnitCompilerError as exc:
                raise CastleFixturesError(str(exc)) from exc
        item, ancestry = _compile_lineage(type_name, raw)
        try:
            health = _health_contract(ancestry, defines, item.name)
        except PlayableStructureCompilerError as exc:
            raise CastleFixturesError(str(exc)) from exc
        try:
            armor = compile_armor_contract(documents, ancestry, game=game)
        except ArmorCompilerError as exc:
            raise CastleFixturesError(str(exc)) from exc
        geometry = _geometry_contract(ancestry, defines)
        try:
>           modules = compile_all_module_contracts(ancestry, item.name)
                      ^^^^^^^^^^^^^^^^^^^^^^^^^^^^^^^^^^^^^^^^^^^^^^^^^

importer\openbfme_importer\castle_fixtures.py:180: 
_ _ _ _ _ _ _ _ _ _ _ _ _ _ _ _ _ _ _ _ _ _ _ _ _ _ _ _ _ _ _ _ _ _ _ _ _ _ _ _
importer\openbfme_importer\module_contracts.py:8476: in compile_all_module_contracts
    rows.extend(compile_gate_open_close_behaviors(lineage, target_id))
                ^^^^^^^^^^^^^^^^^^^^^^^^^^^^^^^^^^^^^^^^^^^^^^^^^^^^^
_ _ _ _ _ _ _ _ _ _ _ _ _ _ _ _ _ _ _ _ _ _ _ _ _ _ _ _ _ _ _ _ _ _ _ _ _ _ _ _

lineage = (SageObject(kind='Object', name='TestMapGate', parent=None, items=(SageAssignment(key='KindOf', value='STRUCTURE IMMOB...st/castle.ini', line=34, has_equals=True)), ordinal=0, source_virtual_path='data/ini/object/test/castle.ini', line=1),)
target_id = 'TestMapGate'

    def compile_gate_open_close_behaviors(lineage: Sequence[SageObject], target_id: str) -> list[dict[str, object]]:
        rows=[]
        for block in _behavior_blocks(lineage,"GateOpenAndCloseBehavior"):
            if block.blocks: raise ModuleContractError(f"{target_id} GateOpenAndCloseBehavior nested blocks")
            amap=_assignment_map(block)
            if len(amap)!=len(block.assignments) or set(amap)-_GATE_FIELDS: raise ModuleContractError(f"{target_id} GateOpenAndCloseBehavior malformed fields")
            fields={}
            for key in ("ResetTimeInMilliseconds","TimeBeforePlayingOpenSound","TimeBeforePlayingClosedSound"):
                value=_milliseconds_field(amap.get(key.casefold()),f"{target_id} GateOpenAndCloseBehavior {key}")
>               if value is None: raise ModuleContractError(f"{target_id} GateOpenAndCloseBehavior requires {key}")
                                  ^^^^^^^^^^^^^^^^^^^^^^^^^^^^^^^^^^^^^^^^^^^^^^^^^^^^^^^^^^^^^^^^^^^^^^^^^^^^^^^^^
E               openbfme_importer.module_contracts.ModuleContractError: TestMapGate GateOpenAndCloseBehavior requires TimeBeforePlayingOpenSound

importer\openbfme_importer\module_contracts.py:4782: ModuleContractError

The above exception was the direct cause of the following exception:

mutate = <function <lambda> at 0x0000018ECC4DEFC0>, match = 'containMax'

    @pytest.mark.parametrize(
        "mutate, match",
        [
            (lambda doc: doc.update(schema="openbfme.bogus"), "schema"),
            (lambda doc: doc.update(schemaVersion=9), "schema"),
            (lambda doc: doc.update(capabilities=[]), "capabilit"),
            (
                lambda doc: doc.update(capabilities=["moonbeams"]),
                "unknown castle capability",
            ),
            (
                lambda doc: doc.update(
                    capabilities=["defendable-gates", "walkable-walls"]
                ),
                "canonical order",
            ),
            (lambda doc: doc.update(count=999), "count"),
            (lambda doc: doc["fixtures"][0].update(role="moonbeam"), "role"),
            (
                lambda doc: doc["fixtures"][0].update(typeName=""),
                "typeName",
            ),
            (
                lambda doc: doc["fixtures"][1].update(index=doc["fixtures"][0]["index"]),
                "duplicate",
            ),
            (
                lambda doc: doc["fixtures"][0].update(originalOwner=""),
                "originalOwner",
            ),
            (
                lambda doc: doc["fixtures"][0].update(maxHealth=0),
                "maxHealth",
            ),
            (lambda doc: doc["fixtures"][0].update(armor=""), "armor"),
            (
                lambda doc: doc["fixtures"][0]["gate"].update(geometries={}),
                "geometries",
            ),
            (
                lambda doc: doc["fixtures"][1]["garrison"].update(containMax=0),
                "containMax",
            ),
            (
                lambda doc: doc["fixtures"][1].pop("garrison"),
                "garrison",
            ),
        ],
    )
    def test_validate_refuses_malformed_documents(mutate, match) -> None:
>       document = json.loads(json.dumps(_fixtures()))
                                         ^^^^^^^^^^^

importer\tests\test_castle_fixtures.py:443: 
_ _ _ _ _ _ _ _ _ _ _ _ _ _ _ _ _ _ _ _ _ _ _ _ _ _ _ _ _ _ _ _ _ _ _ _ _ _ _ _
importer\tests\test_castle_fixtures.py:224: in _fixtures
    return build_map_fixtures(_DOCUMENTS, _placements())
           ^^^^^^^^^^^^^^^^^^^^^^^^^^^^^^^^^^^^^^^^^^^^^
importer\openbfme_importer\castle_fixtures.py:502: in build_map_fixtures
    descriptors[folded] = compile_map_object_descriptor(
_ _ _ _ _ _ _ _ _ _ _ _ _ _ _ _ _ _ _ _ _ _ _ _ _ _ _ _ _ _ _ _ _ _ _ _ _ _ _ _

type_name = 'TestMapGate'
documents = {'data/ini/gamedata.ini': b'#define TEST_GARRISON_HEALTH 1500\n', 'data/ini/armor.ini': b'Armor TestWallArmor\n  Armor...veBody ModuleTag_02\n    MaxHealth = 100.0\n  End\nEnd\n\nObject TestBrokenCart\n  KindOf = STRUCTURE IMMOBILE\nEnd\n'}
raw = {'testmapgate': SageObject(kind='Object', name='TestMapGate', parent=None, items=(SageAssignment(key='KindOf', value='...stle.ini', line=90, has_equals=True)), ordinal=3, source_virtual_path='data/ini/object/test/castle.ini', line=78), ...}
defines = {'test_garrison_health': 1500}, game = 'bfme2'

    def compile_map_object_descriptor(
        type_name: str,
        documents: Mapping[str, bytes],
        *,
        raw: Mapping[str, Any] | None = None,
        defines: Mapping[str, int | float] | None = None,
        game: str = "bfme2",
    ) -> dict[str, Any]:
        """Compile one map-referenced object type into a descriptor document.
    
        The descriptor carries the authored health, armor, geometry and module
        contracts exactly as the playable compilers extract them; no production
        routes are required because map objects are placed, never constructed.
        """
    
        if raw is None:
            try:
                raw = _object_index(documents)
            except PlayableUnitCompilerError as exc:
                raise CastleFixturesError(str(exc)) from exc
        if defines is None:
            try:
                defines = _numeric_defines(documents)
            except PlayableUnitCompilerError as exc:
                raise CastleFixturesError(str(exc)) from exc
        item, ancestry = _compile_lineage(type_name, raw)
        try:
            health = _health_contract(ancestry, defines, item.name)
        except PlayableStructureCompilerError as exc:
            raise CastleFixturesError(str(exc)) from exc
        try:
            armor = compile_armor_contract(documents, ancestry, game=game)
        except ArmorCompilerError as exc:
            raise CastleFixturesError(str(exc)) from exc
        geometry = _geometry_contract(ancestry, defines)
        try:
            modules = compile_all_module_contracts(ancestry, item.name)
        except ModuleContractError as exc:
>           raise CastleFixturesError(str(exc)) from exc
E           openbfme_importer.castle_fixtures.CastleFixturesError: TestMapGate GateOpenAndCloseBehavior requires TimeBeforePlayingOpenSound

importer\openbfme_importer\castle_fixtures.py:182: CastleFixturesError
________ test_validate_refuses_malformed_documents[<lambda>-garrison] _________

type_name = 'TestMapGate'
documents = {'data/ini/gamedata.ini': b'#define TEST_GARRISON_HEALTH 1500\n', 'data/ini/armor.ini': b'Armor TestWallArmor\n  Armor...veBody ModuleTag_02\n    MaxHealth = 100.0\n  End\nEnd\n\nObject TestBrokenCart\n  KindOf = STRUCTURE IMMOBILE\nEnd\n'}
raw = {'testmapgate': SageObject(kind='Object', name='TestMapGate', parent=None, items=(SageAssignment(key='KindOf', value='...stle.ini', line=90, has_equals=True)), ordinal=3, source_virtual_path='data/ini/object/test/castle.ini', line=78), ...}
defines = {'test_garrison_health': 1500}, game = 'bfme2'

    def compile_map_object_descriptor(
        type_name: str,
        documents: Mapping[str, bytes],
        *,
        raw: Mapping[str, Any] | None = None,
        defines: Mapping[str, int | float] | None = None,
        game: str = "bfme2",
    ) -> dict[str, Any]:
        """Compile one map-referenced object type into a descriptor document.
    
        The descriptor carries the authored health, armor, geometry and module
        contracts exactly as the playable compilers extract them; no production
        routes are required because map objects are placed, never constructed.
        """
    
        if raw is None:
            try:
                raw = _object_index(documents)
            except PlayableUnitCompilerError as exc:
                raise CastleFixturesError(str(exc)) from exc
        if defines is None:
            try:
                defines = _numeric_defines(documents)
            except PlayableUnitCompilerError as exc:
                raise CastleFixturesError(str(exc)) from exc
        item, ancestry = _compile_lineage(type_name, raw)
        try:
            health = _health_contract(ancestry, defines, item.name)
        except PlayableStructureCompilerError as exc:
            raise CastleFixturesError(str(exc)) from exc
        try:
            armor = compile_armor_contract(documents, ancestry, game=game)
        except ArmorCompilerError as exc:
            raise CastleFixturesError(str(exc)) from exc
        geometry = _geometry_contract(ancestry, defines)
        try:
>           modules = compile_all_module_contracts(ancestry, item.name)
                      ^^^^^^^^^^^^^^^^^^^^^^^^^^^^^^^^^^^^^^^^^^^^^^^^^

importer\openbfme_importer\castle_fixtures.py:180: 
_ _ _ _ _ _ _ _ _ _ _ _ _ _ _ _ _ _ _ _ _ _ _ _ _ _ _ _ _ _ _ _ _ _ _ _ _ _ _ _
importer\openbfme_importer\module_contracts.py:8476: in compile_all_module_contracts
    rows.extend(compile_gate_open_close_behaviors(lineage, target_id))
                ^^^^^^^^^^^^^^^^^^^^^^^^^^^^^^^^^^^^^^^^^^^^^^^^^^^^^
_ _ _ _ _ _ _ _ _ _ _ _ _ _ _ _ _ _ _ _ _ _ _ _ _ _ _ _ _ _ _ _ _ _ _ _ _ _ _ _

lineage = (SageObject(kind='Object', name='TestMapGate', parent=None, items=(SageAssignment(key='KindOf', value='STRUCTURE IMMOB...st/castle.ini', line=34, has_equals=True)), ordinal=0, source_virtual_path='data/ini/object/test/castle.ini', line=1),)
target_id = 'TestMapGate'

    def compile_gate_open_close_behaviors(lineage: Sequence[SageObject], target_id: str) -> list[dict[str, object]]:
        rows=[]
        for block in _behavior_blocks(lineage,"GateOpenAndCloseBehavior"):
            if block.blocks: raise ModuleContractError(f"{target_id} GateOpenAndCloseBehavior nested blocks")
            amap=_assignment_map(block)
            if len(amap)!=len(block.assignments) or set(amap)-_GATE_FIELDS: raise ModuleContractError(f"{target_id} GateOpenAndCloseBehavior malformed fields")
            fields={}
            for key in ("ResetTimeInMilliseconds","TimeBeforePlayingOpenSound","TimeBeforePlayingClosedSound"):
                value=_milliseconds_field(amap.get(key.casefold()),f"{target_id} GateOpenAndCloseBehavior {key}")
>               if value is None: raise ModuleContractError(f"{target_id} GateOpenAndCloseBehavior requires {key}")
                                  ^^^^^^^^^^^^^^^^^^^^^^^^^^^^^^^^^^^^^^^^^^^^^^^^^^^^^^^^^^^^^^^^^^^^^^^^^^^^^^^^^
E               openbfme_importer.module_contracts.ModuleContractError: TestMapGate GateOpenAndCloseBehavior requires TimeBeforePlayingOpenSound

importer\openbfme_importer\module_contracts.py:4782: ModuleContractError

The above exception was the direct cause of the following exception:

mutate = <function <lambda> at 0x0000018ECC4DF060>, match = 'garrison'

    @pytest.mark.parametrize(
        "mutate, match",
        [
            (lambda doc: doc.update(schema="openbfme.bogus"), "schema"),
            (lambda doc: doc.update(schemaVersion=9), "schema"),
            (lambda doc: doc.update(capabilities=[]), "capabilit"),
            (
                lambda doc: doc.update(capabilities=["moonbeams"]),
                "unknown castle capability",
            ),
            (
                lambda doc: doc.update(
                    capabilities=["defendable-gates", "walkable-walls"]
                ),
                "canonical order",
            ),
            (lambda doc: doc.update(count=999), "count"),
            (lambda doc: doc["fixtures"][0].update(role="moonbeam"), "role"),
            (
                lambda doc: doc["fixtures"][0].update(typeName=""),
                "typeName",
            ),
            (
                lambda doc: doc["fixtures"][1].update(index=doc["fixtures"][0]["index"]),
                "duplicate",
            ),
            (
                lambda doc: doc["fixtures"][0].update(originalOwner=""),
                "originalOwner",
            ),
            (
                lambda doc: doc["fixtures"][0].update(maxHealth=0),
                "maxHealth",
            ),
            (lambda doc: doc["fixtures"][0].update(armor=""), "armor"),
            (
                lambda doc: doc["fixtures"][0]["gate"].update(geometries={}),
                "geometries",
            ),
            (
                lambda doc: doc["fixtures"][1]["garrison"].update(containMax=0),
                "containMax",
            ),
            (
                lambda doc: doc["fixtures"][1].pop("garrison"),
                "garrison",
            ),
        ],
    )
    def test_validate_refuses_malformed_documents(mutate, match) -> None:
>       document = json.loads(json.dumps(_fixtures()))
                                         ^^^^^^^^^^^

importer\tests\test_castle_fixtures.py:443: 
_ _ _ _ _ _ _ _ _ _ _ _ _ _ _ _ _ _ _ _ _ _ _ _ _ _ _ _ _ _ _ _ _ _ _ _ _ _ _ _
importer\tests\test_castle_fixtures.py:224: in _fixtures
    return build_map_fixtures(_DOCUMENTS, _placements())
           ^^^^^^^^^^^^^^^^^^^^^^^^^^^^^^^^^^^^^^^^^^^^^
importer\openbfme_importer\castle_fixtures.py:502: in build_map_fixtures
    descriptors[folded] = compile_map_object_descriptor(
_ _ _ _ _ _ _ _ _ _ _ _ _ _ _ _ _ _ _ _ _ _ _ _ _ _ _ _ _ _ _ _ _ _ _ _ _ _ _ _

type_name = 'TestMapGate'
documents = {'data/ini/gamedata.ini': b'#define TEST_GARRISON_HEALTH 1500\n', 'data/ini/armor.ini': b'Armor TestWallArmor\n  Armor...veBody ModuleTag_02\n    MaxHealth = 100.0\n  End\nEnd\n\nObject TestBrokenCart\n  KindOf = STRUCTURE IMMOBILE\nEnd\n'}
raw = {'testmapgate': SageObject(kind='Object', name='TestMapGate', parent=None, items=(SageAssignment(key='KindOf', value='...stle.ini', line=90, has_equals=True)), ordinal=3, source_virtual_path='data/ini/object/test/castle.ini', line=78), ...}
defines = {'test_garrison_health': 1500}, game = 'bfme2'

    def compile_map_object_descriptor(
        type_name: str,
        documents: Mapping[str, bytes],
        *,
        raw: Mapping[str, Any] | None = None,
        defines: Mapping[str, int | float] | None = None,
        game: str = "bfme2",
    ) -> dict[str, Any]:
        """Compile one map-referenced object type into a descriptor document.
    
        The descriptor carries the authored health, armor, geometry and module
        contracts exactly as the playable compilers extract them; no production
        routes are required because map objects are placed, never constructed.
        """
    
        if raw is None:
            try:
                raw = _object_index(documents)
            except PlayableUnitCompilerError as exc:
                raise CastleFixturesError(str(exc)) from exc
        if defines is None:
            try:
                defines = _numeric_defines(documents)
            except PlayableUnitCompilerError as exc:
                raise CastleFixturesError(str(exc)) from exc
        item, ancestry = _compile_lineage(type_name, raw)
        try:
            health = _health_contract(ancestry, defines, item.name)
        except PlayableStructureCompilerError as exc:
            raise CastleFixturesError(str(exc)) from exc
        try:
            armor = compile_armor_contract(documents, ancestry, game=game)
        except ArmorCompilerError as exc:
            raise CastleFixturesError(str(exc)) from exc
        geometry = _geometry_contract(ancestry, defines)
        try:
            modules = compile_all_module_contracts(ancestry, item.name)
        except ModuleContractError as exc:
>           raise CastleFixturesError(str(exc)) from exc
E           openbfme_importer.castle_fixtures.CastleFixturesError: TestMapGate GateOpenAndCloseBehavior requires TimeBeforePlayingOpenSound

importer\openbfme_importer\castle_fixtures.py:182: CastleFixturesError
________________ test_convert_sage_map_emits_fixtures_document ________________

type_name = 'TestMapGate'
documents = {'data/ini/gamedata.ini': b'#define TEST_GARRISON_HEALTH 1500\n', 'data/ini/armor.ini': b'Armor TestWallArmor\n  Armor...veBody ModuleTag_02\n    MaxHealth = 100.0\n  End\nEnd\n\nObject TestBrokenCart\n  KindOf = STRUCTURE IMMOBILE\nEnd\n'}
raw = {'testmapgate': SageObject(kind='Object', name='TestMapGate', parent=None, items=(SageAssignment(key='KindOf', value='...stle.ini', line=90, has_equals=True)), ordinal=3, source_virtual_path='data/ini/object/test/castle.ini', line=78), ...}
defines = {'test_garrison_health': 1500}, game = 'bfme2'

    def compile_map_object_descriptor(
        type_name: str,
        documents: Mapping[str, bytes],
        *,
        raw: Mapping[str, Any] | None = None,
        defines: Mapping[str, int | float] | None = None,
        game: str = "bfme2",
    ) -> dict[str, Any]:
        """Compile one map-referenced object type into a descriptor document.
    
        The descriptor carries the authored health, armor, geometry and module
        contracts exactly as the playable compilers extract them; no production
        routes are required because map objects are placed, never constructed.
        """
    
        if raw is None:
            try:
                raw = _object_index(documents)
            except PlayableUnitCompilerError as exc:
                raise CastleFixturesError(str(exc)) from exc
        if defines is None:
            try:
                defines = _numeric_defines(documents)
            except PlayableUnitCompilerError as exc:
                raise CastleFixturesError(str(exc)) from exc
        item, ancestry = _compile_lineage(type_name, raw)
        try:
            health = _health_contract(ancestry, defines, item.name)
        except PlayableStructureCompilerError as exc:
            raise CastleFixturesError(str(exc)) from exc
        try:
            armor = compile_armor_contract(documents, ancestry, game=game)
        except ArmorCompilerError as exc:
            raise CastleFixturesError(str(exc)) from exc
        geometry = _geometry_contract(ancestry, defines)
        try:
>           modules = compile_all_module_contracts(ancestry, item.name)
                      ^^^^^^^^^^^^^^^^^^^^^^^^^^^^^^^^^^^^^^^^^^^^^^^^^

importer\openbfme_importer\castle_fixtures.py:180: 
_ _ _ _ _ _ _ _ _ _ _ _ _ _ _ _ _ _ _ _ _ _ _ _ _ _ _ _ _ _ _ _ _ _ _ _ _ _ _ _
importer\openbfme_importer\module_contracts.py:8476: in compile_all_module_contracts
    rows.extend(compile_gate_open_close_behaviors(lineage, target_id))
                ^^^^^^^^^^^^^^^^^^^^^^^^^^^^^^^^^^^^^^^^^^^^^^^^^^^^^
_ _ _ _ _ _ _ _ _ _ _ _ _ _ _ _ _ _ _ _ _ _ _ _ _ _ _ _ _ _ _ _ _ _ _ _ _ _ _ _

lineage = (SageObject(kind='Object', name='TestMapGate', parent=None, items=(SageAssignment(key='KindOf', value='STRUCTURE IMMOB...st/castle.ini', line=34, has_equals=True)), ordinal=0, source_virtual_path='data/ini/object/test/castle.ini', line=1),)
target_id = 'TestMapGate'

    def compile_gate_open_close_behaviors(lineage: Sequence[SageObject], target_id: str) -> list[dict[str, object]]:
        rows=[]
        for block in _behavior_blocks(lineage,"GateOpenAndCloseBehavior"):
            if block.blocks: raise ModuleContractError(f"{target_id} GateOpenAndCloseBehavior nested blocks")
            amap=_assignment_map(block)
            if len(amap)!=len(block.assignments) or set(amap)-_GATE_FIELDS: raise ModuleContractError(f"{target_id} GateOpenAndCloseBehavior malformed fields")
            fields={}
            for key in ("ResetTimeInMilliseconds","TimeBeforePlayingOpenSound","TimeBeforePlayingClosedSound"):
                value=_milliseconds_field(amap.get(key.casefold()),f"{target_id} GateOpenAndCloseBehavior {key}")
>               if value is None: raise ModuleContractError(f"{target_id} GateOpenAndCloseBehavior requires {key}")
                                  ^^^^^^^^^^^^^^^^^^^^^^^^^^^^^^^^^^^^^^^^^^^^^^^^^^^^^^^^^^^^^^^^^^^^^^^^^^^^^^^^^
E               openbfme_importer.module_contracts.ModuleContractError: TestMapGate GateOpenAndCloseBehavior requires TimeBeforePlayingOpenSound

importer\openbfme_importer\module_contracts.py:4782: ModuleContractError

The above exception was the direct cause of the following exception:

tmp_path = WindowsPath('C:/Users/Jonathan/AppData/Local/Temp/pytest-of-Jonathan/pytest-1800/test_convert_sage_map_emits_fi0')

    def test_convert_sage_map_emits_fixtures_document(tmp_path) -> None:
        source, _ = _synthetic_map()
        source_path = tmp_path / "castle.map"
        source_path.write_bytes(source)
>       fixtures = _fixtures()
                   ^^^^^^^^^^^

importer\tests\test_castle_fixtures.py:456: 
_ _ _ _ _ _ _ _ _ _ _ _ _ _ _ _ _ _ _ _ _ _ _ _ _ _ _ _ _ _ _ _ _ _ _ _ _ _ _ _
importer\tests\test_castle_fixtures.py:224: in _fixtures
    return build_map_fixtures(_DOCUMENTS, _placements())
           ^^^^^^^^^^^^^^^^^^^^^^^^^^^^^^^^^^^^^^^^^^^^^
importer\openbfme_importer\castle_fixtures.py:502: in build_map_fixtures
    descriptors[folded] = compile_map_object_descriptor(
_ _ _ _ _ _ _ _ _ _ _ _ _ _ _ _ _ _ _ _ _ _ _ _ _ _ _ _ _ _ _ _ _ _ _ _ _ _ _ _

type_name = 'TestMapGate'
documents = {'data/ini/gamedata.ini': b'#define TEST_GARRISON_HEALTH 1500\n', 'data/ini/armor.ini': b'Armor TestWallArmor\n  Armor...veBody ModuleTag_02\n    MaxHealth = 100.0\n  End\nEnd\n\nObject TestBrokenCart\n  KindOf = STRUCTURE IMMOBILE\nEnd\n'}
raw = {'testmapgate': SageObject(kind='Object', name='TestMapGate', parent=None, items=(SageAssignment(key='KindOf', value='...stle.ini', line=90, has_equals=True)), ordinal=3, source_virtual_path='data/ini/object/test/castle.ini', line=78), ...}
defines = {'test_garrison_health': 1500}, game = 'bfme2'

    def compile_map_object_descriptor(
        type_name: str,
        documents: Mapping[str, bytes],
        *,
        raw: Mapping[str, Any] | None = None,
        defines: Mapping[str, int | float] | None = None,
        game: str = "bfme2",
    ) -> dict[str, Any]:
        """Compile one map-referenced object type into a descriptor document.
    
        The descriptor carries the authored health, armor, geometry and module
        contracts exactly as the playable compilers extract them; no production
        routes are required because map objects are placed, never constructed.
        """
    
        if raw is None:
            try:
                raw = _object_index(documents)
            except PlayableUnitCompilerError as exc:
                raise CastleFixturesError(str(exc)) from exc
        if defines is None:
            try:
                defines = _numeric_defines(documents)
            except PlayableUnitCompilerError as exc:
                raise CastleFixturesError(str(exc)) from exc
        item, ancestry = _compile_lineage(type_name, raw)
        try:
            health = _health_contract(ancestry, defines, item.name)
        except PlayableStructureCompilerError as exc:
            raise CastleFixturesError(str(exc)) from exc
        try:
            armor = compile_armor_contract(documents, ancestry, game=game)
        except ArmorCompilerError as exc:
            raise CastleFixturesError(str(exc)) from exc
        geometry = _geometry_contract(ancestry, defines)
        try:
            modules = compile_all_module_contracts(ancestry, item.name)
        except ModuleContractError as exc:
>           raise CastleFixturesError(str(exc)) from exc
E           openbfme_importer.castle_fixtures.CastleFixturesError: TestMapGate GateOpenAndCloseBehavior requires TimeBeforePlayingOpenSound

importer\openbfme_importer\castle_fixtures.py:182: CastleFixturesError
______________ test_convert_sage_map_refuses_malformed_fixtures _______________

type_name = 'TestMapGate'
documents = {'data/ini/gamedata.ini': b'#define TEST_GARRISON_HEALTH 1500\n', 'data/ini/armor.ini': b'Armor TestWallArmor\n  Armor...veBody ModuleTag_02\n    MaxHealth = 100.0\n  End\nEnd\n\nObject TestBrokenCart\n  KindOf = STRUCTURE IMMOBILE\nEnd\n'}
raw = {'testmapgate': SageObject(kind='Object', name='TestMapGate', parent=None, items=(SageAssignment(key='KindOf', value='...stle.ini', line=90, has_equals=True)), ordinal=3, source_virtual_path='data/ini/object/test/castle.ini', line=78), ...}
defines = {'test_garrison_health': 1500}, game = 'bfme2'

    def compile_map_object_descriptor(
        type_name: str,
        documents: Mapping[str, bytes],
        *,
        raw: Mapping[str, Any] | None = None,
        defines: Mapping[str, int | float] | None = None,
        game: str = "bfme2",
    ) -> dict[str, Any]:
        """Compile one map-referenced object type into a descriptor document.
    
        The descriptor carries the authored health, armor, geometry and module
        contracts exactly as the playable compilers extract them; no production
        routes are required because map objects are placed, never constructed.
        """
    
        if raw is None:
            try:
                raw = _object_index(documents)
            except PlayableUnitCompilerError as exc:
                raise CastleFixturesError(str(exc)) from exc
        if defines is None:
            try:
                defines = _numeric_defines(documents)
            except PlayableUnitCompilerError as exc:
                raise CastleFixturesError(str(exc)) from exc
        item, ancestry = _compile_lineage(type_name, raw)
        try:
            health = _health_contract(ancestry, defines, item.name)
        except PlayableStructureCompilerError as exc:
            raise CastleFixturesError(str(exc)) from exc
        try:
            armor = compile_armor_contract(documents, ancestry, game=game)
        except ArmorCompilerError as exc:
            raise CastleFixturesError(str(exc)) from exc
        geometry = _geometry_contract(ancestry, defines)
        try:
>           modules = compile_all_module_contracts(ancestry, item.name)
                      ^^^^^^^^^^^^^^^^^^^^^^^^^^^^^^^^^^^^^^^^^^^^^^^^^

importer\openbfme_importer\castle_fixtures.py:180: 
_ _ _ _ _ _ _ _ _ _ _ _ _ _ _ _ _ _ _ _ _ _ _ _ _ _ _ _ _ _ _ _ _ _ _ _ _ _ _ _
importer\openbfme_importer\module_contracts.py:8476: in compile_all_module_contracts
    rows.extend(compile_gate_open_close_behaviors(lineage, target_id))
                ^^^^^^^^^^^^^^^^^^^^^^^^^^^^^^^^^^^^^^^^^^^^^^^^^^^^^
_ _ _ _ _ _ _ _ _ _ _ _ _ _ _ _ _ _ _ _ _ _ _ _ _ _ _ _ _ _ _ _ _ _ _ _ _ _ _ _

lineage = (SageObject(kind='Object', name='TestMapGate', parent=None, items=(SageAssignment(key='KindOf', value='STRUCTURE IMMOB...st/castle.ini', line=34, has_equals=True)), ordinal=0, source_virtual_path='data/ini/object/test/castle.ini', line=1),)
target_id = 'TestMapGate'

    def compile_gate_open_close_behaviors(lineage: Sequence[SageObject], target_id: str) -> list[dict[str, object]]:
        rows=[]
        for block in _behavior_blocks(lineage,"GateOpenAndCloseBehavior"):
            if block.blocks: raise ModuleContractError(f"{target_id} GateOpenAndCloseBehavior nested blocks")
            amap=_assignment_map(block)
            if len(amap)!=len(block.assignments) or set(amap)-_GATE_FIELDS: raise ModuleContractError(f"{target_id} GateOpenAndCloseBehavior malformed fields")
            fields={}
            for key in ("ResetTimeInMilliseconds","TimeBeforePlayingOpenSound","TimeBeforePlayingClosedSound"):
                value=_milliseconds_field(amap.get(key.casefold()),f"{target_id} GateOpenAndCloseBehavior {key}")
>               if value is None: raise ModuleContractError(f"{target_id} GateOpenAndCloseBehavior requires {key}")
                                  ^^^^^^^^^^^^^^^^^^^^^^^^^^^^^^^^^^^^^^^^^^^^^^^^^^^^^^^^^^^^^^^^^^^^^^^^^^^^^^^^^
E               openbfme_importer.module_contracts.ModuleContractError: TestMapGate GateOpenAndCloseBehavior requires TimeBeforePlayingOpenSound

importer\openbfme_importer\module_contracts.py:4782: ModuleContractError

The above exception was the direct cause of the following exception:

tmp_path = WindowsPath('C:/Users/Jonathan/AppData/Local/Temp/pytest-of-Jonathan/pytest-1800/test_convert_sage_map_refuses_0')

    def test_convert_sage_map_refuses_malformed_fixtures(tmp_path) -> None:
        source, _ = _synthetic_map()
        source_path = tmp_path / "castle.map"
        source_path.write_bytes(source)
>       fixtures = json.loads(json.dumps(_fixtures()))
                                         ^^^^^^^^^^^

importer\tests\test_castle_fixtures.py:491: 
_ _ _ _ _ _ _ _ _ _ _ _ _ _ _ _ _ _ _ _ _ _ _ _ _ _ _ _ _ _ _ _ _ _ _ _ _ _ _ _
importer\tests\test_castle_fixtures.py:224: in _fixtures
    return build_map_fixtures(_DOCUMENTS, _placements())
           ^^^^^^^^^^^^^^^^^^^^^^^^^^^^^^^^^^^^^^^^^^^^^
importer\openbfme_importer\castle_fixtures.py:502: in build_map_fixtures
    descriptors[folded] = compile_map_object_descriptor(
_ _ _ _ _ _ _ _ _ _ _ _ _ _ _ _ _ _ _ _ _ _ _ _ _ _ _ _ _ _ _ _ _ _ _ _ _ _ _ _

type_name = 'TestMapGate'
documents = {'data/ini/gamedata.ini': b'#define TEST_GARRISON_HEALTH 1500\n', 'data/ini/armor.ini': b'Armor TestWallArmor\n  Armor...veBody ModuleTag_02\n    MaxHealth = 100.0\n  End\nEnd\n\nObject TestBrokenCart\n  KindOf = STRUCTURE IMMOBILE\nEnd\n'}
raw = {'testmapgate': SageObject(kind='Object', name='TestMapGate', parent=None, items=(SageAssignment(key='KindOf', value='...stle.ini', line=90, has_equals=True)), ordinal=3, source_virtual_path='data/ini/object/test/castle.ini', line=78), ...}
defines = {'test_garrison_health': 1500}, game = 'bfme2'

    def compile_map_object_descriptor(
        type_name: str,
        documents: Mapping[str, bytes],
        *,
        raw: Mapping[str, Any] | None = None,
        defines: Mapping[str, int | float] | None = None,
        game: str = "bfme2",
    ) -> dict[str, Any]:
        """Compile one map-referenced object type into a descriptor document.
    
        The descriptor carries the authored health, armor, geometry and module
        contracts exactly as the playable compilers extract them; no production
        routes are required because map objects are placed, never constructed.
        """
    
        if raw is None:
            try:
                raw = _object_index(documents)
            except PlayableUnitCompilerError as exc:
                raise CastleFixturesError(str(exc)) from exc
        if defines is None:
            try:
                defines = _numeric_defines(documents)
            except PlayableUnitCompilerError as exc:
                raise CastleFixturesError(str(exc)) from exc
        item, ancestry = _compile_lineage(type_name, raw)
        try:
            health = _health_contract(ancestry, defines, item.name)
        except PlayableStructureCompilerError as exc:
            raise CastleFixturesError(str(exc)) from exc
        try:
            armor = compile_armor_contract(documents, ancestry, game=game)
        except ArmorCompilerError as exc:
            raise CastleFixturesError(str(exc)) from exc
        geometry = _geometry_contract(ancestry, defines)
        try:
            modules = compile_all_module_contracts(ancestry, item.name)
        except ModuleContractError as exc:
>           raise CastleFixturesError(str(exc)) from exc
E           openbfme_importer.castle_fixtures.CastleFixturesError: TestMapGate GateOpenAndCloseBehavior requires TimeBeforePlayingOpenSound

importer\openbfme_importer\castle_fixtures.py:182: CastleFixturesError
____________________ test_module_invocation_help_runs_main ____________________

    def test_module_invocation_help_runs_main() -> None:
        # --help must print the argparse usage text and exit 0. Before the
        # __main__ hook existed this produced NO output at all, which is exactly
        # the silent no-op this test exists to catch.
        result = _run_module_cli("--help")
>       assert result.returncode == 0, result.stderr
E       AssertionError: Traceback (most recent call last):
E           File "<frozen runpy>", line 198, in _run_module_as_main
E           File "<frozen runpy>", line 88, in _run_code
E           File "C:\Users\Jonathan\Desktop\open-bfme\importer\openbfme_importer\cli.py", line 30, in <module>
E             from .hero_catalog import compile_hero_catalog
E           File "C:\Users\Jonathan\Desktop\open-bfme\importer\openbfme_importer\hero_catalog.py", line 13, in <module>
E             from .playable_unit_compiler import (
E           File "C:\Users\Jonathan\Desktop\open-bfme\importer\openbfme_importer\playable_unit_compiler.py", line 5447
E             if len(channels) != 3 or any(channel > 255 for channel in channels):
E         IndentationError: unexpected indent
E         
E       assert 1 == 0
E        +  where 1 = CompletedProcess(args=['c:\\Users\\Jonathan\\Desktop\\open-bfme\\.private\\retail-work\\tools\\python-3.12-env\\Scripts\\python.exe', '-m', 'openbfme_importer.cli', '--help'], returncode=1, stdout='', stderr='Traceback (most recent call last):\n  File "<frozen runpy>", line 198, in _run_module_as_main\n  File "<frozen runpy>", line 88, in _run_code\n  File "C:\\Users\\Jonathan\\Desktop\\open-bfme\\importer\\openbfme_importer\\cli.py", line 30, in <module>\n    from .hero_catalog import compile_hero_catalog\n  File "C:\\Users\\Jonathan\\Desktop\\open-bfme\\importer\\openbfme_importer\\hero_catalog.py", line 13, in <module>\n    from .playable_unit_compiler import (\n  File "C:\\Users\\Jonathan\\Desktop\\open-bfme\\importer\\openbfme_importer\\playable_unit_compiler.py", line 5447\n    if len(channels) != 3 or any(channel > 255 for channel in channels):\nIndentationError: unexpected indent\n').returncode

importer\tests\test_cli_module_entrypoint.py:39: AssertionError
__________ test_cli_recipe_assets_root_compiles_all_neutral_domains ___________

tmp_path = WindowsPath('C:/Users/Jonathan/AppData/Local/Temp/pytest-of-Jonathan/pytest-1800/test_cli_recipe_assets_root_co0')
capsys = <_pytest.capture.CaptureFixture object at 0x0000018ECFE940E0>

    def test_cli_recipe_assets_root_compiles_all_neutral_domains(
        tmp_path: Path, capsys,
    ) -> None:
        output = tmp_path / "neutral-mobs.json"
        assets = tmp_path / "assets"
        assets.mkdir()
        unit_descriptor = {
            "objectId": "NeutralWolf",
            "descriptorSha256": "a" * 64,
            "scenarioAdmission": {"role": "creature"},
        }
        expected = {
            "schema": "openbfme.neutral-mob-catalog",
            "schemaVersion": 2,
            "game": "bfme2",
            "neutralMobs": [
                {
                    "objectId": "NeutralWolf",
                    "runtimeDomain": "unit",
                    "runtimeStatus": "descriptor-ready",
                    "descriptor": unit_descriptor,
                },
                {
                    "objectId": "NeutralLair",
                    "role": "lair",
                    "runtimeDomain": "structure",
                    "runtimeStatus": "descriptor-ready",
                    "descriptor": {"descriptorSha256": "b" * 64},
                },
                {
                    "objectId": "SpiderWebs01",
                    "role": "ambient-or-scenario",
                    "runtimeDomain": "prop",
                    "runtimeStatus": "descriptor-ready",
                    "descriptor": {"descriptorSha256": "6" * 64},
                },
            ],
            "summary": {
                "neutralMobCount": 3,
                "descriptorReadyCount": 3,
                "runtimeDeferredCount": 0,
                "lairCount": 1,
                "hordeCount": 0,
                "unitDomainCount": 1,
                "structureDomainCount": 1,
                "propDomainCount": 1,
            },
            "catalogSha256": "d" * 64,
        }
        integrated_descriptor = {
            "objectId": "NeutralWolf",
            "descriptorSha256": "c" * 64,
        }
        closure = {"aggregateSha256": "e" * 64}
        recipe = {"recipeSha256": "f" * 64}
        structure_artifact = {
            "descriptor": {"descriptorSha256": "1" * 64},
            "visualRecipe": {"recipeSha256": "2" * 64},
            "lifecycleEvidence": {"evidenceSha256": "3" * 64},
            "runtime": {"runtimeSha256": "4" * 64},
            "artifactSha256": "5" * 64,
        }
        prop_artifact = {
            "descriptor": {"descriptorSha256": "6" * 64},
            "visualRecipe": {"recipeSha256": "7" * 64},
            "runtime": {"descriptorSha256": "8" * 64},
            "artifactSha256": "9" * 64,
        }
        unit_artifact = {
            "schema": "openbfme.neutral-unit-pack-artifact",
            "objectId": "NeutralWolf",
            "artifactSha256": "0" * 64,
        }
        profile = {
            "schema": "openbfme.import-profile",
            "profileSha256": "a" * 64,
        }
        dependency_plan = {
            "pickupObjectIds": ["TreasureChest1"],
            "planSha256": "1" * 64,
        }
        dependency_artifact = {
            "artifactSha256": "2" * 64,
            "pickupArtifacts": [
                {
                    "objectId": "TreasureChest1",
                    "descriptor": {},
                    "visualRecipe": {},
                    "runtime": {},
                }
            ],
            "summary": {"pickupObjectCount": 1},
            "runtimeSummary": {
                "contractCount": 1,
                "executableCount": 1,
                "deferredCount": 0,
                "ready": True,
            },
        }
        prepared = SimpleNamespace(documents={"neutral.ini": b"x"})
        with (
            mock.patch.object(cli, "_load_or_build_catalog", return_value=object()),
            mock.patch.object(
                cli, "read_catalog_documents", return_value=iter((("neutral.ini", b"x"),))
            ),
            mock.patch.object(
                cli, "prepare_playable_unit_compiler", return_value=prepared
            ),
            mock.patch.object(cli, "compile_neutral_mob_catalog", return_value=expected),
            mock.patch.object(
                cli,
                "compile_scenario_unit_recipe",
                return_value=(integrated_descriptor, closure, recipe),
            ) as compile_recipe,
            mock.patch.object(
                cli,
                "build_scenario_unit_visual_closure_batch",
                return_value={"NeutralWolf": closure},
            ) as build_unit_closures,
            mock.patch.object(
                cli,
                "compile_neutral_unit_pack_artifact",
                return_value=unit_artifact,
            ) as compile_unit_artifact,
            mock.patch.object(
                cli, "build_retail_visual_closure", side_effect=[closure, closure, closure]
            ) as build_visual_closure,
            mock.patch.object(
                cli,
                "compile_neutral_structure_pack_artifact",
                return_value=structure_artifact,
            ) as compile_structure,
            mock.patch.object(
                cli,
                "compile_neutral_prop_pack_artifact",
                return_value=prop_artifact,
            ) as compile_prop,
            mock.patch.object(
                cli, "compose_neutral_pack_profile", return_value=profile
            ) as compose_profile,
            mock.patch.object(
                cli, "discover_neutral_dependencies", return_value=dependency_plan
            ) as discover_dependencies,
            mock.patch.object(
                cli,
                "compile_neutral_dependency_pack_artifact",
                return_value=dependency_artifact,
            ) as compile_dependencies,
        ):
            result = cli.main(
                [
                    "--state-root",
                    str(tmp_path / "state"),
                    "--json",
                    "compile-neutral-mob-catalog",
                    "--install",
                    str(tmp_path / "install"),
                    "--game",
                    "bfme2",
                    "--output",
                    str(output),
                    "--recipe-assets-root",
                    str(assets),
                ]
            )
    
>       assert result == 0
E       assert 1 == 0

importer\tests\test_cli_neutral_mob_catalog.py:262: AssertionError
---------------------------- Captured stderr call -----------------------------
{
  "error": "[Errno 2] No such file or directory: 'C:\\\\Users\\\\Jonathan\\\\AppData\\\\Local\\\\Temp\\\\pytest-of-Jonathan\\\\pytest-1800\\\\test_cli_recipe_assets_root_co0\\\\assets\\\\data\\\\ini\\\\fxlist.ini'"
}
____ test_cli_routes_buildable_and_scenario_ships_through_recipe_pipeline _____

tmp_path = WindowsPath('C:/Users/Jonathan/AppData/Local/Temp/pytest-of-Jonathan/pytest-1800/test_cli_routes_buildable_and_0')

    def test_cli_routes_buildable_and_scenario_ships_through_recipe_pipeline(
        tmp_path: Path,
    ) -> None:
        output = tmp_path / "ships.json"
        assets = tmp_path / "assets"
        assets.mkdir()
        graph = {"schema": "graph"}
        descriptor = {"descriptorSha256": "d" * 64}
        closure = {"schema": "closure"}
        recipe = {"recipeSha256": "e" * 64}
        with (
            mock.patch.object(cli, "_load_or_build_catalog", return_value=object()),
            mock.patch.object(cli, "read_catalog_documents", return_value=iter(())),
            mock.patch.object(cli, "compile_ship_catalog", return_value=_catalog("bfme2")),
            mock.patch.object(
                cli,
                "compile_unit_recipe",
                return_value=(graph, descriptor, closure, recipe),
            ) as compile_recipe,
        ):
            result = cli.main(
                [
                    "--state-root",
                    str(tmp_path / "state"),
                    "compile-ship-catalog",
                    "--install",
                    str(tmp_path / "install"),
                    "--game",
                    "bfme2",
                    "--output",
                    str(output),
                    "--recipe-assets-root",
                    str(assets),
                ]
            )
    
        assert result == 0
>       assert compile_recipe.call_args_list == [
            mock.call(
                mock.ANY,
                assets.resolve(),
                "BuildableShip",
                faction="Elves",
                admitted_producer_ids=(),
                scenario_admission_role=None,
            ),
            mock.call(
                mock.ANY,
                assets.resolve(),
                "ShipInterface",
                faction="Elves",
                admitted_producer_ids=(),
                scenario_admission_role="inheritance-template",
            ),
        ]
E       AssertionError: assert [call(<object...ce-template')] == [call(<ANY>, ...ce-template')]
E         
E         At index 0 diff: call(<object object at 0x0000018EDD5386C0>, WindowsPath('C:/Users/Jonathan/AppData/Local/Temp/pytest-of-Jonathan/pytest-1800/test_cli_routes_buildable_and_0/assets'), 'BuildableShip', game='bfme2', faction='Elves', admitted_producer_ids=(), scenario_admission_role=None) != call(<ANY>, WindowsPath('C:/Users/Jonathan/AppData/Local/Temp/pytest-of-Jonathan/pytest-1800/test_cli_routes_buildable_and_0/assets'), 'BuildableShip', faction='Elves', admitted_producer_ids=(), scenario_admission_role=None)
E         
E         Full diff:
E         - [
E         -     call(<ANY>, WindowsPath('C:/Users/Jonathan...
E         
E         ...Full output truncated (9 lines hidden), use '-vv' to show

importer\tests\test_cli_ship_catalog.py:113: AssertionError
---------------------------- Captured stdout call -----------------------------
ready: True
catalog_complete: True
game: bfme2
report: C:\Users\Jonathan\AppData\Local\Temp\pytest-of-Jonathan\pytest-1800\test_cli_routes_buildable_and_0\ships.json
catalog_sha256: cccccccccccccccccccccccccccccccccccccccccccccccccccccccccccccccc
ship_count: 2
buildable_descriptor_count: 1
runtime_deferred_count: 0
recipe_integration: C:\Users\Jonathan\AppData\Local\Temp\pytest-of-Jonathan\pytest-1800\test_cli_routes_buildable_and_0\ships-recipe-integration.json
recipe_ready_count: 2
recipe_deferred_count: 0
_ test_effective_retail_direct_hero_family_is_completely_accounted_for[bfme2.json-bfme2-113] _

documents = {'data/ini/aidata.ini': b'AIData\r\n; set the values in ini/default/aidata.ini for now.\r\nEnd\r\n', 'data/ini/ambient...reshNAT/bttn RefreshNAT\r\n\tButtonMap = Options/Main/FrameLeft/Advanced/bttn Settings/CustomSettings\r\nEND\r\n', ...}
game = 'bfme2'

    def compile_hero_catalog(
        documents: Mapping[str, bytes], *, game: str = "bfme2"
    ) -> dict[str, object]:
        if game not in {"bfme2", "rotwk"}:
            raise HeroCatalogError(f"unsupported game {game!r}")
        prepared = prepare_playable_unit_compiler(documents)
        objects = dict(prepared.objects)
        # Retail also declares a few hero-family Objects in crate.ini and
        # formationassistant.ini. The playable-unit compiler intentionally indexes
        # data/ini/object only, but the exhaustive coverage denominator does not.
        for path, source in sorted(documents.items(), key=lambda item: item[0].casefold()):
            folded_path = path.replace("\\", "/").casefold()
            if folded_path.startswith("data/ini/object/") or not folded_path.endswith((".ini", ".inc")):
                continue
            try:
                parsed = parse_sage_document(source, path).objects
            except SageCstError:
                if re.search(rb"(?im)^\s*(?:Object|ChildObject)\s+\S*(?:hero|levelup)", source):
                    raise HeroCatalogError(
                        f"hero-family object document cannot be parsed: {path}"
                    )
                continue
            for target in parsed:
                objects[target.name.casefold()] = target
        targets = []
        for target in objects.values():
            authored_kind_of = _tokens(target, "KindOf")
            if is_hero_family_object(
                object_id=target.name,
                source_ini=target.source_virtual_path,
                side=_side(target),
                kind_of=authored_kind_of,
            ):
                targets.append(target)
        targets.sort(key=lambda item: (item.name.casefold(), item.name))
        rows: list[dict[str, object]] = []
        for target in targets:
            try:
                lineage = _ancestry(objects, target)
                if target.name.casefold() in prepared.objects:
                    kind_of = playable_object_kind_of(prepared, target.name)
                else:
                    kind_of = tuple(
                        sorted(
                            {
                                token.upper().lstrip("+")
                                for item in lineage
                                for token in _tokens(item, "KindOf")
                                if not token.startswith("-")
                            }
                        )
                    )
            except PlayableUnitCompilerError as exc:
                raise HeroCatalogError(f"hero {target.name} has invalid inheritance: {exc}") from exc
            role = _role(target)
            reason: str | None = None
            try:
                if target.name.casefold() not in prepared.objects:
                    raise PlayableUnitCompilerError(_NO_BUILD_ROUTE)
>               descriptor = compile_playable_unit_descriptor(
                    target.name, documents, prepared=prepared, game=game
                )

importer\openbfme_importer\hero_catalog.py:170: 
_ _ _ _ _ _ _ _ _ _ _ _ _ _ _ _ _ _ _ _ _ _ _ _ _ _ _ _ _ _ _ _ _ _ _ _ _ _ _ _
importer\openbfme_importer\playable_unit_compiler.py:10128: in compile_playable_unit_descriptor
    if (
        ^
importer\openbfme_importer\playable_unit_compiler.py:9908: in compile_playable_unit_descriptor
    (
_ _ _ _ _ _ _ _ _ _ _ _ _ _ _ _ _ _ _ _ _ _ _ _ _ _ _ _ _ _ _ _ _ _ _ _ _ _ _ _

target_id = 'CINE_Gloin_TEMP'
objects = {'cine_eagle_takeoff': SageObject(kind='Object', name='CINE_Eagle_Takeoff', parent=None, items=(SageBlock(kind='W3DScr...70, has_equals=True)), ordinal=3, source_virtual_path='data/ini/object/cinematic/cinematicobjects.ini', line=290), ...}
command_sets = {'genericcommandset': IniBlock(kind='CommandSet', name='GenericCommandSet', parent=None, assignments=(('1', 'Command_T...gleStance'), ('2', 'Command_SpecialAbilityShelobWebbing'), ('13', 'Command_AttackMove'), ('14', 'Command_Stop'))), ...}
command_buttons = {'command_placebeacon': IniBlock(kind='CommandButton', name='Command_PlaceBeacon', parent=None, assignments=(('Command...=None, assignments=(('Command', 'HORDE_TOGGLE_FORMATION'), ('ButtonBorderType', 'NONE'), ('DoubleClick', 'Yes'))), ...}
reachable_object_ids = None

    def _producer_bindings(
        target_id: str,
        objects: Mapping[str, SageObject],
        command_sets: Mapping[str, IniBlock],
        command_buttons: Mapping[str, IniBlock],
        reachable_object_ids: frozenset[str] | None = None,
    ) -> tuple[dict[str, object], ...]:
        train_commands: dict[str, dict[str, object]] = {}
        for button in command_buttons.values():
            commands = {value.casefold() for value in _block_values(button, "Command")}
            targets = tuple(
                filter(
                    None, (_first((value,)) for value in _block_values(button, "Object"))
                )
            )
            if commands in ({"unit_build"}, {"hero_build"}) and any(
                value.casefold() == target_id.casefold() for value in targets
            ):
                train_commands[button.name.casefold()] = {
                    "id": button.name,
                    "button": button,
                }
        if not train_commands:
>           raise PlayableUnitCompilerError(
                f"Object {target_id} is not targeted by an authored UNIT_BUILD command"
            )
E           openbfme_importer.playable_unit_compiler.PlayableUnitCompilerError: Object CINE_Gloin_TEMP is not targeted by an authored UNIT_BUILD command

importer\openbfme_importer\playable_unit_compiler.py:2811: PlayableUnitCompilerError

During handling of the above exception, another exception occurred:

target = SageObject(kind='Object', name='CINE_Gloin_TEMP', parent=None, items=(SageAssignment(key='SelectPortrait', value='', o...e=6629, has_equals=True)), ordinal=47, source_virtual_path='data/ini/object/cinematic/cinematicobjects.ini', line=6124)
lineage = (SageObject(kind='Object', name='CINE_Gloin_TEMP', parent=None, items=(SageAssignment(key='SelectPortrait', value='', ...6629, has_equals=True)), ordinal=47, source_virtual_path='data/ini/object/cinematic/cinematicobjects.ini', line=6124),)
kind_of = ('ATTACK_NEEDS_LINE_OF_SIGHT', 'CAN_CAST_REFLECTIONS', 'HERO', 'IMMOBILE', 'INFANTRY', 'PATH_THROUGH_EACH_OTHER', ...)
role = 'hero'

    def _template(
        target: Any, lineage: Sequence[Any], kind_of: Sequence[str], role: str
    ) -> dict[str, object]:
        semantics_by_path: dict[str, list[dict[str, object]]] = defaultdict(list)
        for item in lineage:
            semantics_by_path[item.source_virtual_path].append(_object_semantic(item))
        try:
>           contracts = compile_all_module_contracts(lineage, target.name)
                        ^^^^^^^^^^^^^^^^^^^^^^^^^^^^^^^^^^^^^^^^^^^^^^^^^^

importer\openbfme_importer\hero_catalog.py:85: 
_ _ _ _ _ _ _ _ _ _ _ _ _ _ _ _ _ _ _ _ _ _ _ _ _ _ _ _ _ _ _ _ _ _ _ _ _ _ _ _
importer\openbfme_importer\module_contracts.py:8426: in compile_all_module_contracts
    rows.extend(compile_large_group_bonus_updates(lineage, target_id))
importer\openbfme_importer\module_contracts.py:1647: in compile_auto_heal_behaviors
    for key, assignments in grouped.items()
_ _ _ _ _ _ _ _ _ _ _ _ _ _ _ _ _ _ _ _ _ _ _ _ _ _ _ _ _ _ _ _ _ _ _ _ _ _ _ _

assignment = SageAssignment(key='HealingAmount', value='HERO_HEAL_AMOUNT', ordinal=1, key_ordinal=0, item_ordinal=1, source_virtual_path='data/ini/object/cinematic/cinematicobjects.ini', line=6535, has_equals=True)
label = 'CINE_Gloin_TEMP AutoHealBehavior HealingAmount', numeric_defines = None
numeric_define_provenance = None

                "phase": tokens[0].upper(),
                "references": references,
                "authored": assignment.value,
                "sourceIni": assignment.source_virtual_path,
                "line": assignment.line,
                "runtimeStatus": "deferred",
            }
            if field in {"FX", "Sound"}:
                receipt["deferredReason"] = "presentation-system-not-bound"
            elif field == "OCL":
                receipt["deferredReason"] = "object-creation-side-effect-not-bound"
            else:
                receipt["deferredReason"] = "weapon-side-effect-not-bound"
            rows.append(receipt)
        return rows
    
    
    def _slow_death_milliseconds_field(
        assignment: SageAssignment | None,
        *,
        label: str,
        numeric_defines: Mapping[str, int | float] | None,
        numeric_define_provenance: Mapping[str, Mapping[str, object]] | None,
    ) -> dict[str, object] | None:
        if assignment is None:
            return None
        expression = assignment.value.strip()
        if re.fullmatch(r"\d+", expression):
            return _milliseconds_field(assignment, label)
>       if re.fullmatch(r"[A-Za-z_][A-Za-z0-9_]*", expression) is None:
            ^^^^^^^^^^^^^^^^^^^^^^^^^^^^^^^^^^^^^^^^^^^^^^^^^^^^^^^^^^^^
E       openbfme_importer.module_contracts.ModuleContractError: CINE_Gloin_TEMP AutoHealBehavior HealingAmount define is unresolved: HERO_HEAL_AMOUNT

importer\openbfme_importer\module_contracts.py:1572: ModuleContractError

The above exception was the direct cause of the following exception:

catalog_name = 'bfme2.json', game = 'bfme2', expected_count = 113

    @pytest.mark.parametrize(
        ("catalog_name", "game", "expected_count"),
        (("bfme2.json", "bfme2", 113), ("rotwk-layered.json", "rotwk", 139)),
    )
    def test_effective_retail_direct_hero_family_is_completely_accounted_for(
        catalog_name: str, game: str, expected_count: int
    ) -> None:
        repo = Path(__file__).resolve().parents[2]
        path = repo / ".private" / "retail-work" / "catalog" / catalog_name
        if not path.is_file():
            pytest.skip("operator retail catalog is not available")
        documents = dict(read_catalog_documents(InstallCatalog.load(path)))
>       result = compile_hero_catalog(documents, game=game)
                 ^^^^^^^^^^^^^^^^^^^^^^^^^^^^^^^^^^^^^^^^^^

importer\tests\test_hero_catalog.py:71: 
_ _ _ _ _ _ _ _ _ _ _ _ _ _ _ _ _ _ _ _ _ _ _ _ _ _ _ _ _ _ _ _ _ _ _ _ _ _ _ _
importer\openbfme_importer\hero_catalog.py:178: in compile_hero_catalog
    descriptor = _template(target, lineage, kind_of, role)
                 ^^^^^^^^^^^^^^^^^^^^^^^^^^^^^^^^^^^^^^^^^
_ _ _ _ _ _ _ _ _ _ _ _ _ _ _ _ _ _ _ _ _ _ _ _ _ _ _ _ _ _ _ _ _ _ _ _ _ _ _ _

target = SageObject(kind='Object', name='CINE_Gloin_TEMP', parent=None, items=(SageAssignment(key='SelectPortrait', value='', o...e=6629, has_equals=True)), ordinal=47, source_virtual_path='data/ini/object/cinematic/cinematicobjects.ini', line=6124)
lineage = (SageObject(kind='Object', name='CINE_Gloin_TEMP', parent=None, items=(SageAssignment(key='SelectPortrait', value='', ...6629, has_equals=True)), ordinal=47, source_virtual_path='data/ini/object/cinematic/cinematicobjects.ini', line=6124),)
kind_of = ('ATTACK_NEEDS_LINE_OF_SIGHT', 'CAN_CAST_REFLECTIONS', 'HERO', 'IMMOBILE', 'INFANTRY', 'PATH_THROUGH_EACH_OTHER', ...)
role = 'hero'

    def _template(
        target: Any, lineage: Sequence[Any], kind_of: Sequence[str], role: str
    ) -> dict[str, object]:
        semantics_by_path: dict[str, list[dict[str, object]]] = defaultdict(list)
        for item in lineage:
            semantics_by_path[item.source_virtual_path].append(_object_semantic(item))
        try:
            contracts = compile_all_module_contracts(lineage, target.name)
        except ModuleContractError as exc:
>           raise HeroCatalogError(
                f"hero {target.name} has an invalid authored module contract: {exc}"
            ) from exc
E           openbfme_importer.hero_catalog.HeroCatalogError: hero CINE_Gloin_TEMP has an invalid authored module contract: CINE_Gloin_TEMP AutoHealBehavior HealingAmount define is unresolved: HERO_HEAL_AMOUNT

importer\openbfme_importer\hero_catalog.py:87: HeroCatalogError
_ test_effective_retail_direct_hero_family_is_completely_accounted_for[rotwk-layered.json-rotwk-139] _

documents = {'data/ini/aidata.ini': b'AIData\r\n; set the values in ini/default/aidata.ini for now.\r\nEnd\r\n', 'data/ini/ambient...tn Settings/CustomSettings\r\n\t;\r\n\tButtonMap = Skirmish/ProfileNav/bttn Skirmish/ProfileMenu/bttn\r\nEND\r\n', ...}
game = 'rotwk'

    def compile_hero_catalog(
        documents: Mapping[str, bytes], *, game: str = "bfme2"
    ) -> dict[str, object]:
        if game not in {"bfme2", "rotwk"}:
            raise HeroCatalogError(f"unsupported game {game!r}")
        prepared = prepare_playable_unit_compiler(documents)
        objects = dict(prepared.objects)
        # Retail also declares a few hero-family Objects in crate.ini and
        # formationassistant.ini. The playable-unit compiler intentionally indexes
        # data/ini/object only, but the exhaustive coverage denominator does not.
        for path, source in sorted(documents.items(), key=lambda item: item[0].casefold()):
            folded_path = path.replace("\\", "/").casefold()
            if folded_path.startswith("data/ini/object/") or not folded_path.endswith((".ini", ".inc")):
                continue
            try:
                parsed = parse_sage_document(source, path).objects
            except SageCstError:
                if re.search(rb"(?im)^\s*(?:Object|ChildObject)\s+\S*(?:hero|levelup)", source):
                    raise HeroCatalogError(
                        f"hero-family object document cannot be parsed: {path}"
                    )
                continue
            for target in parsed:
                objects[target.name.casefold()] = target
        targets = []
        for target in objects.values():
            authored_kind_of = _tokens(target, "KindOf")
            if is_hero_family_object(
                object_id=target.name,
                source_ini=target.source_virtual_path,
                side=_side(target),
                kind_of=authored_kind_of,
            ):
                targets.append(target)
        targets.sort(key=lambda item: (item.name.casefold(), item.name))
        rows: list[dict[str, object]] = []
        for target in targets:
            try:
                lineage = _ancestry(objects, target)
                if target.name.casefold() in prepared.objects:
                    kind_of = playable_object_kind_of(prepared, target.name)
                else:
                    kind_of = tuple(
                        sorted(
                            {
                                token.upper().lstrip("+")
                                for item in lineage
                                for token in _tokens(item, "KindOf")
                                if not token.startswith("-")
                            }
                        )
                    )
            except PlayableUnitCompilerError as exc:
                raise HeroCatalogError(f"hero {target.name} has invalid inheritance: {exc}") from exc
            role = _role(target)
            reason: str | None = None
            try:
                if target.name.casefold() not in prepared.objects:
                    raise PlayableUnitCompilerError(_NO_BUILD_ROUTE)
>               descriptor = compile_playable_unit_descriptor(
                    target.name, documents, prepared=prepared, game=game
                )

importer\openbfme_importer\hero_catalog.py:170: 
_ _ _ _ _ _ _ _ _ _ _ _ _ _ _ _ _ _ _ _ _ _ _ _ _ _ _ _ _ _ _ _ _ _ _ _ _ _ _ _
importer\openbfme_importer\playable_unit_compiler.py:10128: in compile_playable_unit_descriptor
    if (
        ^
importer\openbfme_importer\playable_unit_compiler.py:9908: in compile_playable_unit_descriptor
    (
_ _ _ _ _ _ _ _ _ _ _ _ _ _ _ _ _ _ _ _ _ _ _ _ _ _ _ _ _ _ _ _ _ _ _ _ _ _ _ _

target_id = 'AngmarHwaldar'
objects = {'cine_eagle_takeoff': SageObject(kind='Object', name='CINE_Eagle_Takeoff', parent=None, items=(SageBlock(kind='W3DScr...70, has_equals=True)), ordinal=3, source_virtual_path='data/ini/object/cinematic/cinematicobjects.ini', line=290), ...}
command_sets = {'genericcommandset': IniBlock(kind='CommandSet', name='GenericCommandSet', parent=None, assignments=(('1', 'Command_T...('16', 'Command_SetStanceBattle'), ('17', 'Command_SetStanceAggressive'), ('18', 'Command_SetStanceHoldGround'))), ...}
command_buttons = {'command_placebeacon': IniBlock(kind='CommandButton', name='Command_PlaceBeacon', parent=None, assignments=(('Command...=None, assignments=(('Command', 'HORDE_TOGGLE_FORMATION'), ('ButtonBorderType', 'NONE'), ('DoubleClick', 'Yes'))), ...}
reachable_object_ids = None

    def _producer_bindings(
        target_id: str,
        objects: Mapping[str, SageObject],
        command_sets: Mapping[str, IniBlock],
        command_buttons: Mapping[str, IniBlock],
        reachable_object_ids: frozenset[str] | None = None,
    ) -> tuple[dict[str, object], ...]:
        train_commands: dict[str, dict[str, object]] = {}
        for button in command_buttons.values():
            commands = {value.casefold() for value in _block_values(button, "Command")}
            targets = tuple(
                filter(
                    None, (_first((value,)) for value in _block_values(button, "Object"))
                )
            )
            if commands in ({"unit_build"}, {"hero_build"}) and any(
                value.casefold() == target_id.casefold() for value in targets
            ):
                train_commands[button.name.casefold()] = {
                    "id": button.name,
                    "button": button,
                }
        if not train_commands:
>           raise PlayableUnitCompilerError(
                f"Object {target_id} is not targeted by an authored UNIT_BUILD command"
            )
E           openbfme_importer.playable_unit_compiler.PlayableUnitCompilerError: Object AngmarHwaldar is not targeted by an authored UNIT_BUILD command

importer\openbfme_importer\playable_unit_compiler.py:2811: PlayableUnitCompilerError

During handling of the above exception, another exception occurred:

target = SageObject(kind='Object', name='AngmarHwaldar', parent=None, items=(SageAssignment(key='SelectPortrait', value='KUHwal...has_equals=True)), ordinal=0, source_virtual_path='data/ini/object/evilfaction/units/angmar/angmarhwaldir.ini', line=3)
lineage = (SageObject(kind='Object', name='AngmarHwaldar', parent=None, items=(SageAssignment(key='SelectPortrait', value='KUHwa...s_equals=True)), ordinal=0, source_virtual_path='data/ini/object/evilfaction/units/angmar/angmarhwaldir.ini', line=3),)
kind_of = ('ARCHER', 'ARMY_SUMMARY', 'ATTACK_NEEDS_LINE_OF_SIGHT', 'CAN_CAST_REFLECTIONS', 'HEAVY_MELEE_HITTER', 'HERO', ...)
role = 'hero'

    def _template(
        target: Any, lineage: Sequence[Any], kind_of: Sequence[str], role: str
    ) -> dict[str, object]:
        semantics_by_path: dict[str, list[dict[str, object]]] = defaultdict(list)
        for item in lineage:
            semantics_by_path[item.source_virtual_path].append(_object_semantic(item))
        try:
>           contracts = compile_all_module_contracts(lineage, target.name)
                        ^^^^^^^^^^^^^^^^^^^^^^^^^^^^^^^^^^^^^^^^^^^^^^^^^^

importer\openbfme_importer\hero_catalog.py:85: 
_ _ _ _ _ _ _ _ _ _ _ _ _ _ _ _ _ _ _ _ _ _ _ _ _ _ _ _ _ _ _ _ _ _ _ _ _ _ _ _
importer\openbfme_importer\module_contracts.py:8426: in compile_all_module_contracts
    rows.extend(compile_large_group_bonus_updates(lineage, target_id))
importer\openbfme_importer\module_contracts.py:1647: in compile_auto_heal_behaviors
    for key, assignments in grouped.items()
_ _ _ _ _ _ _ _ _ _ _ _ _ _ _ _ _ _ _ _ _ _ _ _ _ _ _ _ _ _ _ _ _ _ _ _ _ _ _ _

assignment = SageAssignment(key='HealingAmount', value='HERO_HEAL_AMOUNT', ordinal=1, key_ordinal=0, item_ordinal=1, source_virtual_path='data/ini/object/evilfaction/units/angmar/angmarhwaldir.ini', line=404, has_equals=True)
label = 'AngmarHwaldar AutoHealBehavior HealingAmount', numeric_defines = None
numeric_define_provenance = None

                "phase": tokens[0].upper(),
                "references": references,
                "authored": assignment.value,
                "sourceIni": assignment.source_virtual_path,
                "line": assignment.line,
                "runtimeStatus": "deferred",
            }
            if field in {"FX", "Sound"}:
                receipt["deferredReason"] = "presentation-system-not-bound"
            elif field == "OCL":
                receipt["deferredReason"] = "object-creation-side-effect-not-bound"
            else:
                receipt["deferredReason"] = "weapon-side-effect-not-bound"
            rows.append(receipt)
        return rows
    
    
    def _slow_death_milliseconds_field(
        assignment: SageAssignment | None,
        *,
        label: str,
        numeric_defines: Mapping[str, int | float] | None,
        numeric_define_provenance: Mapping[str, Mapping[str, object]] | None,
    ) -> dict[str, object] | None:
        if assignment is None:
            return None
        expression = assignment.value.strip()
        if re.fullmatch(r"\d+", expression):
            return _milliseconds_field(assignment, label)
>       if re.fullmatch(r"[A-Za-z_][A-Za-z0-9_]*", expression) is None:
            ^^^^^^^^^^^^^^^^^^^^^^^^^^^^^^^^^^^^^^^^^^^^^^^^^^^^^^^^^^^^
E       openbfme_importer.module_contracts.ModuleContractError: AngmarHwaldar AutoHealBehavior HealingAmount define is unresolved: HERO_HEAL_AMOUNT

importer\openbfme_importer\module_contracts.py:1572: ModuleContractError

The above exception was the direct cause of the following exception:

catalog_name = 'rotwk-layered.json', game = 'rotwk', expected_count = 139

    @pytest.mark.parametrize(
        ("catalog_name", "game", "expected_count"),
        (("bfme2.json", "bfme2", 113), ("rotwk-layered.json", "rotwk", 139)),
    )
    def test_effective_retail_direct_hero_family_is_completely_accounted_for(
        catalog_name: str, game: str, expected_count: int
    ) -> None:
        repo = Path(__file__).resolve().parents[2]
        path = repo / ".private" / "retail-work" / "catalog" / catalog_name
        if not path.is_file():
            pytest.skip("operator retail catalog is not available")
        documents = dict(read_catalog_documents(InstallCatalog.load(path)))
>       result = compile_hero_catalog(documents, game=game)
                 ^^^^^^^^^^^^^^^^^^^^^^^^^^^^^^^^^^^^^^^^^^

importer\tests\test_hero_catalog.py:71: 
_ _ _ _ _ _ _ _ _ _ _ _ _ _ _ _ _ _ _ _ _ _ _ _ _ _ _ _ _ _ _ _ _ _ _ _ _ _ _ _
importer\openbfme_importer\hero_catalog.py:178: in compile_hero_catalog
    descriptor = _template(target, lineage, kind_of, role)
                 ^^^^^^^^^^^^^^^^^^^^^^^^^^^^^^^^^^^^^^^^^
_ _ _ _ _ _ _ _ _ _ _ _ _ _ _ _ _ _ _ _ _ _ _ _ _ _ _ _ _ _ _ _ _ _ _ _ _ _ _ _

target = SageObject(kind='Object', name='AngmarHwaldar', parent=None, items=(SageAssignment(key='SelectPortrait', value='KUHwal...has_equals=True)), ordinal=0, source_virtual_path='data/ini/object/evilfaction/units/angmar/angmarhwaldir.ini', line=3)
lineage = (SageObject(kind='Object', name='AngmarHwaldar', parent=None, items=(SageAssignment(key='SelectPortrait', value='KUHwa...s_equals=True)), ordinal=0, source_virtual_path='data/ini/object/evilfaction/units/angmar/angmarhwaldir.ini', line=3),)
kind_of = ('ARCHER', 'ARMY_SUMMARY', 'ATTACK_NEEDS_LINE_OF_SIGHT', 'CAN_CAST_REFLECTIONS', 'HEAVY_MELEE_HITTER', 'HERO', ...)
role = 'hero'

    def _template(
        target: Any, lineage: Sequence[Any], kind_of: Sequence[str], role: str
    ) -> dict[str, object]:
        semantics_by_path: dict[str, list[dict[str, object]]] = defaultdict(list)
        for item in lineage:
            semantics_by_path[item.source_virtual_path].append(_object_semantic(item))
        try:
            contracts = compile_all_module_contracts(lineage, target.name)
        except ModuleContractError as exc:
>           raise HeroCatalogError(
                f"hero {target.name} has an invalid authored module contract: {exc}"
            ) from exc
E           openbfme_importer.hero_catalog.HeroCatalogError: hero AngmarHwaldar has an invalid authored module contract: AngmarHwaldar AutoHealBehavior HealingAmount define is unresolved: HERO_HEAL_AMOUNT

importer\openbfme_importer\hero_catalog.py:87: HeroCatalogError
________ test_committed_census_statuses_match_current_importer_source _________

    def test_committed_census_statuses_match_current_importer_source() -> None:
        """Statuses are measurements; they must track the live pipeline source.
    
        If this fails after an importer change, a module type gained or lost
        named consumption: regenerate the census rather than editing it.
        """
    
        census = _committed_census()
        vocabulary = [member["name"] for member in census["members"]]
        support = scan_module_support(vocabulary)
>       assert list(support.consumer_files) == census["supportedScan"]["consumerFiles"]
E       AssertionError: assert ['armor_compi...ilities', ...] == ['armor_compi...ixtures', ...]
E         
E         At index 1 diff: 'auto_heal_contract' != 'big'
E         Left contains one more item: 'w3d_string_leaves'
E         
E         Full diff:
E           [
E               'armor_compiler',...
E         
E         ...Full output truncated (78 lines hidden), use '-vv' to show

importer\tests\test_module_census.py:401: AssertionError
_______ test_retail_regeneration_is_byte_identical_to_committed_census ________

    @pytest.mark.skipif(
        not _RETAIL_AVAILABLE,
        reason="retail catalogs are not available in this workspace",
    )
    def test_retail_regeneration_is_byte_identical_to_committed_census() -> None:
        # Regenerate from the state root whose catalogs the skip guard actually
        # probed at import time. Re-resolving it here instead would let any
        # earlier in-process CLI run decide which corpus this assertion measures.
        first = census_json_bytes(generate_retail_module_census(_RETAIL_STATE_ROOT))
        second = census_json_bytes(generate_retail_module_census(_RETAIL_STATE_ROOT))
        assert first == second
>       assert first == CENSUS_PATH.read_bytes()
E       assert b'{\n\t"$comm...\t}\n\t]\n}\n' == b'{\n\t"$comm...\t}\n\t]\n}\n'
E         
E         At index 1931 diff: b'8' != b'7'
E         
E         Full diff:
E           (b'{\n\t"$comment": "Retail module-type census. Regenerate with `python -m op'
E            b'enbfme_importer.module_census`; do not hand-edit. The denominator for usage-'
E            b'weighted behaviour coverage. Module type NAMES and COUNTS only - no retail I'...
E         
E         ...Full output truncated (5254 lines hidden), use '-vv' to show

importer\tests\test_module_census.py:654: AssertionError
_____________________ test_opaque_and_typed_sets_disjoint _____________________

    def test_opaque_and_typed_sets_disjoint() -> None:
        from openbfme_importer.module_contracts import (
            EXECUTABLE_TYPED_MODULE_EVIDENCE,
            EXECUTABLE_TYPED_MODULE_KINDS,
            ROW_EXECUTABLE_TYPED_MODULE_EVIDENCE,
            OPAQUE_DEFERRED_MODULE_KINDS,
            TYPED_MODULE_KINDS,
        )
    
        assert not (OPAQUE_DEFERRED_MODULE_KINDS & TYPED_MODULE_KINDS)
        assert len(OPAQUE_DEFERRED_MODULE_KINDS) == 89
        assert len(EXECUTABLE_TYPED_MODULE_KINDS) == 65
        assert {
            "DeployStyleAIUpdate",
            "ToggleDeploySpecialAbilityUpdate",
        } <= EXECUTABLE_TYPED_MODULE_KINDS
        assert EXECUTABLE_TYPED_MODULE_KINDS <= TYPED_MODULE_KINDS
        assert not (EXECUTABLE_TYPED_MODULE_KINDS & OPAQUE_DEFERRED_MODULE_KINDS)
        assert set(EXECUTABLE_TYPED_MODULE_EVIDENCE) == set(EXECUTABLE_TYPED_MODULE_KINDS)
        root = Path(__file__).resolve().parents[2]
        for module, (consumer_path, test_path) in EXECUTABLE_TYPED_MODULE_EVIDENCE.items():
            consumer = root / consumer_path
            focused_test = root / test_path
            assert consumer.is_file(), f"{module} missing consumer evidence {consumer_path}"
            assert focused_test.is_file(), f"{module} missing test evidence {test_path}"
            assert module in focused_test.read_text(encoding="utf-8"), (
                f"{module} is not named by focused runtime evidence {test_path}"
            )
>       assert set(ROW_EXECUTABLE_TYPED_MODULE_EVIDENCE) == {
            "AutoHealBehavior", "BezierProjectileBehavior", "GeometryUpgrade", "QueueProductionExitUpdate", "SlowDeathBehavior", "SpawnBehavior",
            "SpecialDisguiseUpdate", "definition-kind:Science",
            "field:science.IsGrantable", "field:science.PrerequisiteSciences",
            "field:science.SciencePurchasePointCost", "field:science.SciencePurchasePointCostMP",
            "field:specialpower.ReloadTime", "field:specialpower.RequiredSciences",
            "field:specialpower.ObjectFilter", "field:specialpower.ForbiddenObjectFilter",
            "field:specialpower.ForbiddenObjectRange",
            "field:experiencelevel.RequiredExperience", "field:experiencelevel.ExperienceAward",
            "field:experiencelevel.AttributeModifiers", "field:rank.SciencePurchasePointsGranted",
            "field:object.IncomeAmount", "field:object.IncomeInterval",
            "field:object.HealingDelay",
        }
E       AssertionError: assert {'AutoHealBeh...ehavior', ...} == {'BezierProje...sguiseUpdate'}
E         
E         Extra items in the left set:
E         'AutoHealBehavior'
E         
E         Full diff:
E           {
E         +     'AutoHealBehavior',...
E         
E         ...Full output truncated (7 lines hidden), use '-vv' to show

importer\tests\test_module_contracts_batch.py:3908: AssertionError
__________ test_manifest_is_exactly_the_executable_evidence_registry __________

    def test_manifest_is_exactly_the_executable_evidence_registry() -> None:
        document = _load_tool().build_manifest()
        expected = {
            evidence[1]
            for evidence in (
                *EXECUTABLE_TYPED_MODULE_EVIDENCE.values(),
                *ROW_EXECUTABLE_TYPED_MODULE_EVIDENCE.values(),
            )
        }
        actual = {row["runner"] for row in document["runners"]}
        assert document["schema"] == "openbfme.module-runtime-evidence-gate"
>       assert document["runnerCount"] == 60
E       assert 44 == 43

importer\tests\test_module_runtime_evidence_gate.py:37: AssertionError
____________ test_gate_runs_every_dynamic_runner_and_fails_closed _____________

    def test_gate_runs_every_dynamic_runner_and_fails_closed() -> None:
        text = GATE.read_text(encoding="utf-8")
        assert "module-runtime-evidence-manifest.py" in text
>       assert "--require-count 60" in text
E       assert '--require-count 43' in '[CmdletBinding()]\nparam(\n    [string]$GodotPath = "",\n    [int]$TimeoutSeconds = 180,\n    [string]$Runner = "",\n    [string]$ReportPath = "",\n    [switch]$ListOnly\n)\n\nSet-StrictMode -Version Latest\n$ErrorActionPreference = "Stop"\n. (Join-Path $PSScriptRoot "proof-gate-common.ps1")\n\n$gate = "MODULE_RUNTIME_EVIDENCE_GATE"\n$repoRoot = [IO.Path]::GetFullPath((Join-Path $PSScriptRoot ".."))\n$gameRoot = Join-Path $repoRoot "game"\n$manifestTool = Join-Path $PSScriptRoot "module-runtime-evidence-manifest.py"\n$stateRoot = if (-not [string]::IsNullOrWhiteSpace($env:OPENBFME_IMPORT_ROOT)) {\n    [IO.Path]::GetFullPath($env:OPENBFME_IMPORT_ROOT)\n} else { Join-Path $repoRoot ".private\\retail-work" }\n$python = Join-Path $stateRoot "tools\\python-3.12-env\\Scripts\\python.exe"\n$resolvedReportPath = if ([string]::IsNullOrWhiteSpace($ReportPath)) {\n    Join-Path $repoRoot ".private\\retail-work\\reports\\module-runtime-evidence-gate.json"\n} else { [IO.Path]::GetFullPath($ReportPath) }\n$forbiddenDiagnostics = \'(?i)(?:SCRIPT ERROR|Parse Error|ObjectDB instances leaked|RID allocations|watchdog (?:abort|timeout)|Parameter [^\\r\\n]+ is null)\'\n\nfunction Invoke-EvidenceRunn...            scopes = @($row.scopes)\n            passed = $passed\n        })\n    }\n    $finalIdentity = Get-ProofWorkingTreeIdentity $repoRoot\n    Assert-ProofTrue (\n        [string]$finalIdentity.revision -eq [string]$initialIdentity.revision -and\n        [string]$finalIdentity.dirtyStateDigest -eq [string]$initialIdentity.dirtyStateDigest\n    ) "Working-tree identity changed while executable evidence ran."\n    New-Item -ItemType Directory -Force -Path (Split-Path -Parent $resolvedReportPath) | Out-Null\n    [ordered]@{\n        schema = "openbfme.module-runtime-evidence-gate-result"\n        version = 1\n        gitRevision = [string]$finalIdentity.revision\n        dirtyStateDigest = [string]$finalIdentity.dirtyStateDigest\n        registeredRunnerCount = [int]$manifest.runnerCount\n        executedRunnerCount = $runners.Count\n        passedCheckCount = $checks\n        runners = @($resultRows)\n    } | ConvertTo-Json -Depth 8 | Set-Content -LiteralPath $resolvedReportPath -Encoding UTF8\n    Write-Host "$gate PASS runners=$($runners.Count) checks=$checks registered=$($manifest.runnerCount)"\n    exit 0\n}\ncatch {\n    Write-ProofGateFailure $gate $_\n    exit 1\n}\n'

importer\tests\test_module_runtime_evidence_gate.py:45: AssertionError
__________ test_retail_gate_invokes_the_module_runtime_evidence_gate __________

    def test_retail_gate_invokes_the_module_runtime_evidence_gate() -> None:
        text = RETAIL_GATE.read_text(encoding="utf-8")
        assert '"gate-module-runtime-evidence.ps1"' in text
>       assert "MODULE_RUNTIME_EVIDENCE_GATE PASS runners=58" in text
E       assert 'MODULE_RUNTIME_EVIDENCE_GATE PASS runners=43' in '[CmdletBinding()]\nparam(\n    [string]$Install = "$env:BFME2_INSTALL",\n    [string]$GodotPath = "",\n    [switch]$IntegrationOwnerPublish,\n    # Developer-only escape hatch. The default remains the cold A/B proof.\n    # This switch performs one build and the pack provenance records that the\n    # reproducibility comparison was not attested.\n    [switch]$SingleBuild,\n    # Run only SECTION A (the deterministic BFME2 proof-pack gate). SECTION B\n    # asserts about a maintainer\'s private multi-pack selection and cannot run\n    # on a machine that does not have one.\n    [switch]$SkipPrivateSelection\n)\n\nSet-StrictMode -Version Latest\n$ErrorActionPreference = "Stop"\n. (Join-Path $PSScriptRoot "proof-gate-common.ps1")\n\n$gate = "RETAIL_PIPELINE_GATE"\n$repoRoot = [IO.Path]::GetFullPath((Join-Path $PSScriptRoot ".."))\n$gameRoot = Join-Path $repoRoot "game"\n$cli = Join-Path $repoRoot "tools\\openbfme_import.py"\n$pythonBootstrap = Join-Path $PSScriptRoot "bootstrap-importer-python.ps1"\n$profilePath = [IO.Path]::GetFullPath((Join-Path $repoRoot ".private\\retail-work\\profiles\\men-fords-v0-complete.generated.json"))\n$expectedProfileId = "men-fords-v0-complete-generat...$fortressFaction" "fortress_command_surface_runner.gd" (\'(?m)^RESULT fortress_command_surface faction=\' + $fortressFaction + \' passed=([0-9]+) failed=0\\s*$\') $fortressSurfaceFloors[$fortressFaction]\n            }\n        }\n        finally {\n            $env:OPENBFME_SLICE_FACTION = $priorSliceFaction\n        }\n        # NOT WIRED: banner_castle_silent_playtest_runner.gd. Measured\n        # 2026-08-04 it reports passed=37 failed=5 against this same root.\n        # Wiring a known-red runner into a gate only teaches people to ignore\n        # the gate; it is named here so the omission is deliberate and\n        # visible rather than an oversight.\n    }\n    finally {\n        $env:OPENBFME_CONTENT = $packScopedContentRoot\n    }\n\n    Write-Host "$gate SECTION_B_PRIVATE_SELECTION PASS selection_sha256=$selectionSha256"\n    if ($SingleBuild) {\n        Write-Host "$gate PASS attested=false mode=single-build bundle_sha256=$($second.bundle_sha256) sections=A+B"\n    } else {\n        Write-Host "$gate PASS attested=true mode=cold-a-b bundle_sha256=$($second.bundle_sha256) sections=A+B"\n    }\n    exit 0\n}\ncatch {\n    Write-ProofGateFailure $gate $_\n    exit 1\n}\n'

importer\tests\test_module_runtime_evidence_gate.py:57: AssertionError
_ test_effective_retail_neutral_mob_family_is_completely_accounted_for[bfme2.json-bfme2-69-expected_domains0-37] _

catalog_name = 'bfme2.json', game = 'bfme2', expected_count = 69
expected_domains = (42, 15, 12), expected_unsupported = 37

    @pytest.mark.parametrize(
        (
            "catalog_name", "game", "expected_count", "expected_domains",
            "expected_unsupported",
        ),
        (
            ("bfme2.json", "bfme2", 69, (42, 15, 12), 37),
            ("rotwk-layered.json", "rotwk", 83, (48, 23, 12), 60),
        ),
    )
    def test_effective_retail_neutral_mob_family_is_completely_accounted_for(
        catalog_name: str,
        game: str,
        expected_count: int,
        expected_domains: tuple[int, int, int],
        expected_unsupported: int,
    ) -> None:
        repo = Path(__file__).resolve().parents[2]
        catalog_path = repo / ".private" / "retail-work" / "catalog" / catalog_name
        if not catalog_path.is_file():
            pytest.skip("operator retail catalog is not available")
        documents = dict(read_catalog_documents(InstallCatalog.load(catalog_path)))
    
        result = compile_neutral_mob_catalog(documents, game=game)
    
        assert result["summary"]["neutralMobCount"] == expected_count
        assert (
            result["summary"]["descriptorReadyCount"]
            + result["summary"]["runtimeDeferredCount"]
            == expected_count
        )
        assert len({row["objectId"].casefold() for row in result["neutralMobs"]}) == expected_count
        assert (
            result["summary"]["unitDomainCount"],
            result["summary"]["structureDomainCount"],
            result["summary"]["propDomainCount"],
        ) == expected_domains
        assert result["summary"]["descriptorReadyCount"] == expected_count
        assert result["summary"]["runtimeDeferredCount"] == 0
        assert not {
            row["objectId"] for row in result["neutralMobs"]
            if row["runtimeStatus"] == "deferred"
        }
        for row in result["neutralMobs"]:
            if row["runtimeDomain"] == "unit":
                assert row["runtimeStatus"] == "descriptor-ready"
                assert row["descriptor"]["objectId"] == row["objectId"]
                assert row["descriptor"]["production"] == [] or "scenarioAdmission" not in row["descriptor"]
            elif row["runtimeDomain"] == "structure":
                assert row["runtimeStatus"] == "descriptor-ready"
                assert row["descriptor"]["objectId"] == row["objectId"]
                assert row["descriptor"]["production"]["routes"] == []
                assert row["descriptor"]["production"]["evidence"] == "authored-neutral-map"
                assert row["descriptor"]["scenarioAdmission"]["buildCommandExposed"] is False
            else:
                assert row["runtimeStatus"] == "descriptor-ready"
                assert row["descriptor"]["objectId"] == row["objectId"]
                assert row["descriptor"]["production"] == []
                assert row["descriptor"]["scenarioAdmission"]["buildCommandExposed"] is False
>       _assert_unit_unsupported_capabilities_are_untyped(
            result, expected_count=expected_unsupported
        )

importer\tests\test_neutral_mob_catalog.py:456: 
_ _ _ _ _ _ _ _ _ _ _ _ _ _ _ _ _ _ _ _ _ _ _ _ _ _ _ _ _ _ _ _ _ _ _ _ _ _ _ _

result = {'schema': 'openbfme.neutral-mob-catalog', 'schemaVersion': 3, 'game': 'bfme2', 'neutralMobs': [{'objectId': 'AragornO......}, {'objectId': 'BarrowWightLair', 'side': 'Neutral', 'role': 'lair', 'runtimeDomain': 'structure', ...}, ...], ...}
expected_count = 37

    def _assert_unit_unsupported_capabilities_are_untyped(
        result: dict[str, object], *, expected_count: int
    ) -> None:
        unsupported_count = 0
        for catalog_row in result["neutralMobs"]:
            if catalog_row["runtimeDomain"] != "unit":
                continue
            descriptor = catalog_row["descriptor"]
            contracts = descriptor["gameplay"]["simulation"]["resolved"].get(
                "moduleContracts", []
            )
            typed = {
                (
                    row["sourceIni"].casefold(),
                    row["line"],
                    row["tag"].casefold(),
                    row["module"].casefold(),
                )
                for row in contracts
            }
            evidence_by_id = {
                "module:%s:%s:%s"
                % (row["ownerRole"], row["kind"], row["instanceTag"]): row
                for row in descriptor["runtimeModuleEvidence"]
            }
            unsupported = descriptor["unsupportedCapabilities"]
            unsupported_count += len(unsupported)
            for row in unsupported:
                evidence = evidence_by_id[row["id"]]
                assert (
                    evidence["sourceIni"].casefold(),
                    evidence["line"],
                    evidence["instanceTag"].casefold(),
                    evidence["kind"].casefold(),
                ) not in typed
            assert descriptor["specialCapabilities"] == sorted(
                {evidence_by_id[row["id"]]["kind"] for row in unsupported},
                key=str.casefold,
            )
>       assert unsupported_count == expected_count
E       assert 34 == 37

importer\tests\test_neutral_mob_catalog.py:123: AssertionError
_ test_effective_retail_neutral_mob_family_is_completely_accounted_for[rotwk-layered.json-rotwk-83-expected_domains1-60] _

catalog_name = 'rotwk-layered.json', game = 'rotwk', expected_count = 83
expected_domains = (48, 23, 12), expected_unsupported = 60

    @pytest.mark.parametrize(
        (
            "catalog_name", "game", "expected_count", "expected_domains",
            "expected_unsupported",
        ),
        (
            ("bfme2.json", "bfme2", 69, (42, 15, 12), 37),
            ("rotwk-layered.json", "rotwk", 83, (48, 23, 12), 60),
        ),
    )
    def test_effective_retail_neutral_mob_family_is_completely_accounted_for(
        catalog_name: str,
        game: str,
        expected_count: int,
        expected_domains: tuple[int, int, int],
        expected_unsupported: int,
    ) -> None:
        repo = Path(__file__).resolve().parents[2]
        catalog_path = repo / ".private" / "retail-work" / "catalog" / catalog_name
        if not catalog_path.is_file():
            pytest.skip("operator retail catalog is not available")
        documents = dict(read_catalog_documents(InstallCatalog.load(catalog_path)))
    
        result = compile_neutral_mob_catalog(documents, game=game)
    
        assert result["summary"]["neutralMobCount"] == expected_count
        assert (
            result["summary"]["descriptorReadyCount"]
            + result["summary"]["runtimeDeferredCount"]
            == expected_count
        )
        assert len({row["objectId"].casefold() for row in result["neutralMobs"]}) == expected_count
        assert (
            result["summary"]["unitDomainCount"],
            result["summary"]["structureDomainCount"],
            result["summary"]["propDomainCount"],
        ) == expected_domains
        assert result["summary"]["descriptorReadyCount"] == expected_count
        assert result["summary"]["runtimeDeferredCount"] == 0
        assert not {
            row["objectId"] for row in result["neutralMobs"]
            if row["runtimeStatus"] == "deferred"
        }
        for row in result["neutralMobs"]:
            if row["runtimeDomain"] == "unit":
                assert row["runtimeStatus"] == "descriptor-ready"
                assert row["descriptor"]["objectId"] == row["objectId"]
                assert row["descriptor"]["production"] == [] or "scenarioAdmission" not in row["descriptor"]
            elif row["runtimeDomain"] == "structure":
                assert row["runtimeStatus"] == "descriptor-ready"
                assert row["descriptor"]["objectId"] == row["objectId"]
                assert row["descriptor"]["production"]["routes"] == []
                assert row["descriptor"]["production"]["evidence"] == "authored-neutral-map"
                assert row["descriptor"]["scenarioAdmission"]["buildCommandExposed"] is False
            else:
                assert row["runtimeStatus"] == "descriptor-ready"
                assert row["descriptor"]["objectId"] == row["objectId"]
                assert row["descriptor"]["production"] == []
                assert row["descriptor"]["scenarioAdmission"]["buildCommandExposed"] is False
>       _assert_unit_unsupported_capabilities_are_untyped(
            result, expected_count=expected_unsupported
        )

importer\tests\test_neutral_mob_catalog.py:456: 
_ _ _ _ _ _ _ _ _ _ _ _ _ _ _ _ _ _ _ _ _ _ _ _ _ _ _ _ _ _ _ _ _ _ _ _ _ _ _ _

result = {'schema': 'openbfme.neutral-mob-catalog', 'schemaVersion': 3, 'game': 'rotwk', 'neutralMobs': [{'objectId': 'AngmarOr...', ...}, {'objectId': 'BarrowWight_Slaved', 'side': None, 'role': 'creature', 'runtimeDomain': 'unit', ...}, ...], ...}
expected_count = 60

    def _assert_unit_unsupported_capabilities_are_untyped(
        result: dict[str, object], *, expected_count: int
    ) -> None:
        unsupported_count = 0
        for catalog_row in result["neutralMobs"]:
            if catalog_row["runtimeDomain"] != "unit":
                continue
            descriptor = catalog_row["descriptor"]
            contracts = descriptor["gameplay"]["simulation"]["resolved"].get(
                "moduleContracts", []
            )
            typed = {
                (
                    row["sourceIni"].casefold(),
                    row["line"],
                    row["tag"].casefold(),
                    row["module"].casefold(),
                )
                for row in contracts
            }
            evidence_by_id = {
                "module:%s:%s:%s"
                % (row["ownerRole"], row["kind"], row["instanceTag"]): row
                for row in descriptor["runtimeModuleEvidence"]
            }
            unsupported = descriptor["unsupportedCapabilities"]
            unsupported_count += len(unsupported)
            for row in unsupported:
                evidence = evidence_by_id[row["id"]]
                assert (
                    evidence["sourceIni"].casefold(),
                    evidence["line"],
                    evidence["instanceTag"].casefold(),
                    evidence["kind"].casefold(),
                ) not in typed
            assert descriptor["specialCapabilities"] == sorted(
                {evidence_by_id[row["id"]]["kind"] for row in unsupported},
                key=str.casefold,
            )
>       assert unsupported_count == expected_count
E       assert 58 == 60

importer\tests\test_neutral_mob_catalog.py:123: AssertionError
__ test_rotwk_canonical_effective_assets_preserve_exact_domains_and_prop_ids __

    def test_rotwk_canonical_effective_assets_preserve_exact_domains_and_prop_ids() -> None:
        repo = Path(__file__).resolve().parents[2]
        effective_root = (
            repo
            / ".private"
            / "retail-work"
            / "editions"
            / "rotwk"
            / "cache"
            / "effective-assets"
        )
        if not effective_root.is_dir():
            pytest.skip("operator canonical RotWK 2.01 effective assets are unavailable")
        documents = _source_documents(effective_root)
        prepared = prepare_playable_unit_compiler(documents)
    
        result = compile_neutral_mob_catalog(
            documents, game="rotwk", prepared=prepared
        )
    
        assert result["summary"] == {
            "neutralMobCount": 83,
            "descriptorReadyCount": 83,
            "runtimeDeferredCount": 0,
            "lairCount": 22,
            "hordeCount": 5,
            "unitDomainCount": 48,
            "structureDomainCount": 23,
            "propDomainCount": 12,
            "mapPlacementRootCount": 0,
            "mapPlacementAddedCount": 0,
        }
>       _assert_unit_unsupported_capabilities_are_untyped(
            result, expected_count=60
        )

importer\tests\test_neutral_mob_catalog.py:505: 
_ _ _ _ _ _ _ _ _ _ _ _ _ _ _ _ _ _ _ _ _ _ _ _ _ _ _ _ _ _ _ _ _ _ _ _ _ _ _ _

result = {'schema': 'openbfme.neutral-mob-catalog', 'schemaVersion': 3, 'game': 'rotwk', 'neutralMobs': [{'objectId': 'AngmarOr...', ...}, {'objectId': 'BarrowWight_Slaved', 'side': None, 'role': 'creature', 'runtimeDomain': 'unit', ...}, ...], ...}
expected_count = 60

    def _assert_unit_unsupported_capabilities_are_untyped(
        result: dict[str, object], *, expected_count: int
    ) -> None:
        unsupported_count = 0
        for catalog_row in result["neutralMobs"]:
            if catalog_row["runtimeDomain"] != "unit":
                continue
            descriptor = catalog_row["descriptor"]
            contracts = descriptor["gameplay"]["simulation"]["resolved"].get(
                "moduleContracts", []
            )
            typed = {
                (
                    row["sourceIni"].casefold(),
                    row["line"],
                    row["tag"].casefold(),
                    row["module"].casefold(),
                )
                for row in contracts
            }
            evidence_by_id = {
                "module:%s:%s:%s"
                % (row["ownerRole"], row["kind"], row["instanceTag"]): row
                for row in descriptor["runtimeModuleEvidence"]
            }
            unsupported = descriptor["unsupportedCapabilities"]
            unsupported_count += len(unsupported)
            for row in unsupported:
                evidence = evidence_by_id[row["id"]]
                assert (
                    evidence["sourceIni"].casefold(),
                    evidence["line"],
                    evidence["instanceTag"].casefold(),
                    evidence["kind"].casefold(),
                ) not in typed
            assert descriptor["specialCapabilities"] == sorted(
                {evidence_by_id[row["id"]]["kind"] for row in unsupported},
                key=str.casefold,
            )
>       assert unsupported_count == expected_count
E       assert 58 == 60

importer\tests\test_neutral_mob_catalog.py:123: AssertionError
______ test_unaffected_recipes_stay_byte_identical[InfantryHorde-False] _______

target = 'InfantryHorde', conditional_death = False

    @pytest.mark.parametrize(
        ("target", "conditional_death"),
        sorted(PINNED_UNAFFECTED_DIGESTS, key=str),
    )
    def test_unaffected_recipes_stay_byte_identical(
        target: str, conditional_death: bool
    ) -> None:
        descriptor = _descriptor(target)
        recipe = compile_playable_unit_pack_recipe(
            descriptor, _closure(descriptor, conditional_death=conditional_death)
        )
        assert isinstance(
            recipe["runtimeRegistration"]["visual"]["coreAnimations"]["death"], list
        )
>       assert (
            recipe["recipeSha256"]
            == PINNED_UNAFFECTED_DIGESTS[(target, conditional_death)]
        )
E       AssertionError: assert '6b668bf71b50...ce47844bb9ce0' == 'ee66bf03da4e...520f10d7bc474'
E         
E         - ee66bf03da4e5092749572093c13aa1f71a2e592fe9752180cc520f10d7bc474
E         + 6b668bf71b505f83834c0a8481ec82a029218af2f52187190afce47844bb9ce0

importer\tests\test_playable_unit_death_model.py:137: AssertionError
_________ test_unaffected_recipes_stay_byte_identical[SiegeUnit-True] _________

target = 'SiegeUnit', conditional_death = True

    @pytest.mark.parametrize(
        ("target", "conditional_death"),
        sorted(PINNED_UNAFFECTED_DIGESTS, key=str),
    )
    def test_unaffected_recipes_stay_byte_identical(
        target: str, conditional_death: bool
    ) -> None:
        descriptor = _descriptor(target)
        recipe = compile_playable_unit_pack_recipe(
            descriptor, _closure(descriptor, conditional_death=conditional_death)
        )
        assert isinstance(
            recipe["runtimeRegistration"]["visual"]["coreAnimations"]["death"], list
        )
>       assert (
            recipe["recipeSha256"]
            == PINNED_UNAFFECTED_DIGESTS[(target, conditional_death)]
        )
E       AssertionError: assert '92d923cc0763...44b223dd5cd7e' == '6467e4d1193c...0b24b1bd48e07'
E         
E         - 6467e4d1193ccb08a72abbf5c0ee00d915fc2d9c54ed8924ac80b24b1bd48e07
E         + 92d923cc0763b1db9f4378362fcbfef7e09c8e6ef5fb7bd353f44b223dd5cd7e

importer\tests\test_playable_unit_death_model.py:137: AssertionError
___________ test_effective_bfme2_neutral_recipe_blockers_are_closed ___________

monkeypatch = <_pytest.monkeypatch.MonkeyPatch object at 0x0000018EE2F2E780>

    def test_effective_bfme2_neutral_recipe_blockers_are_closed(
        monkeypatch: pytest.MonkeyPatch,
    ) -> None:
        repo = Path(__file__).resolve().parents[2]
        catalog_path = repo / ".private" / "retail-work" / "catalog" / "bfme2.json"
        effective_root = (
            repo / ".private" / "retail-work" / "cache" / "effective-assets"
        )
        if not catalog_path.is_file() or not effective_root.is_dir():
            pytest.skip("operator BFME2 retail recipe inputs are not available")
        catalog = InstallCatalog.load(catalog_path)
        documents = _source_documents(effective_root)
        prepared = prepare_playable_unit_compiler(documents)
        neutral = compile_neutral_mob_catalog(
            documents, game="bfme2", prepared=prepared
        )
        rows = {row["objectId"]: row for row in neutral["neutralMobs"]}
    
        compiled = {
            object_id: compile_scenario_unit_recipe(
                catalog,
                effective_root,
                rows[object_id]["descriptor"],
                game="bfme2",
                prepared=prepared,
            )
            for object_id in (
                "RohanPeasant",
                "RohanPeasant1",
                "RohanPeasantHorde",
                "MordorShelob",
                "HobbitCivilianHorde",
            )
        }
        recipes = {object_id: result[2] for object_id, result in compiled.items()}
        artifacts = {
            object_id: compile_neutral_unit_pack_artifact(
                *result,
                game="bfme2",
                catalog_descriptor=rows[object_id]["descriptor"],
            )
            for object_id, result in compiled.items()
        }
        assert set(artifacts) == set(compiled)
        assert artifacts["RohanPeasantHorde"]["objectId"] == "RohanPeasantHorde"
        for object_id, artifact in artifacts.items():
            assert artifact["catalogDescriptorSha256"] == rows[object_id][
                "descriptor"
            ]["descriptorSha256"]
            assert artifact["integratedDescriptorSha256"] == compiled[object_id][0][
                "descriptorSha256"
            ]
            assert artifact["catalogDescriptor"]["scenarioAdmission"] == artifact[
                "descriptor"
            ]["scenarioAdmission"]
            assert artifact["catalogDescriptor"]["production"] == artifact[
                "descriptor"
            ]["production"] == []
    
        real_row = deepcopy(rows["RohanPeasant"])
        mini_catalog = {
            "game": "bfme2",
            "neutralMobs": [real_row],
            "catalogSha256": "d" * 64,
        }
        monkeypatch.setitem(neutral_profile_subject.EXPECTED_COUNTS, "bfme2", 1)
        monkeypatch.setattr(
            neutral_profile_subject, "validate_neutral_mob_catalog", lambda value: None
        )
        monkeypatch.setattr(
            neutral_profile_subject,
            "validate_neutral_dependency_pack_artifact",
            lambda value: None,
        )
        from importer.tests.test_neutral_pack_profile import _dependency_artifact
    
>       real_profile = compose_neutral_pack_profile(
            mini_catalog,
            [artifacts["RohanPeasant"]],
            dependency_artifact=_dependency_artifact(mini_catalog),
            version="retail-regression",
        )

importer\tests\test_playable_unit_import.py:1085: 
_ _ _ _ _ _ _ _ _ _ _ _ _ _ _ _ _ _ _ _ _ _ _ _ _ _ _ _ _ _ _ _ _ _ _ _ _ _ _ _
importer\openbfme_importer\neutral_pack_profile.py:296: in compose_neutral_pack_profile
    game, rows = _validate_catalog(catalog)
                 ^^^^^^^^^^^^^^^^^^^^^^^^^^
_ _ _ _ _ _ _ _ _ _ _ _ _ _ _ _ _ _ _ _ _ _ _ _ _ _ _ _ _ _ _ _ _ _ _ _ _ _ _ _

catalog = {'game': 'bfme2', 'neutralMobs': [{'objectId': 'RohanPeasant', 'side': 'Neutral', 'role': 'creature', 'runtimeDomain': 'unit', ...}], 'catalogSha256': 'dddddddddddddddddddddddddddddddddddddddddddddddddddddddddddddddd'}

    def _validate_catalog(catalog: Mapping[str, object]) -> tuple[str, list[Mapping[str, object]]]:
        try:
            validate_neutral_mob_catalog(catalog)
        except ValueError as exc:
            raise NeutralPackProfileError(f"neutral catalog is invalid: {exc}") from exc
        game = str(catalog.get("game", ""))
        rows = catalog.get("neutralMobs")
        assert isinstance(rows, list)
        baseline = EXPECTED_COUNTS.get(game)
        summary = catalog.get("summary")
        if not isinstance(summary, Mapping):
>           raise NeutralPackProfileError("neutral catalog summary is invalid")
E           openbfme_importer.neutral_pack_profile.NeutralPackProfileError: neutral catalog summary is invalid

importer\openbfme_importer\neutral_pack_profile.py:245: NeutralPackProfileError
_______ test_drawable_script_aliases_promote_only_executable_operations _______

    def test_drawable_script_aliases_promote_only_executable_operations() -> None:
        tool_path = Path(__file__).resolve().parents[2] / "tools" / "retail-ini-coverage.py"
        spec = importlib.util.spec_from_file_location(
            "retail_ini_coverage_tool_script_aliases", tool_path
        )
        assert spec is not None and spec.loader is not None
        module = importlib.util.module_from_spec(spec)
        sys.modules[spec.name] = module
        spec.loader.exec_module(module)
    
        selected = module.SelectedIndex()
        selected.values["hide-sub-object"] = ["pack/data/unit.json"]
        evidence = module._feature_evidence(
            "CurDrawableHideSubObject",
            {"curdrawablehidesubobject": ["typed_visual_graph.py"]},
            selected,
            {"hide-sub-object": ["asset_factory.gd"]},
            {"hide-sub-object": ["drawable_script_runtime_runner.gd"]},
            aliases=module._EXECUTABLE_SCRIPT_OPERATION_ALIASES[
                "curdrawablehidesubobject"
            ],
        )
        assert evidence["status"] == "runtime-tested"
        assert evidence["evidence"]["descriptors"] == ["pack/data/unit.json"]
    
        selected.values["play-sound"] = ["pack/data/unit.json"]
        sound = module._feature_evidence(
            "CurDrawablePlaySound",
            {"curdrawableplaysound": ["typed_visual_graph.py"]},
            selected,
            {"audio_intents": ["asset_factory.gd"]},
            {"audio_intents": ["drawable_script_runtime_runner.gd"]},
            aliases=module._EXECUTABLE_SCRIPT_OPERATION_ALIASES[
                "curdrawableplaysound"
            ],
        )
        assert sound["status"] == "runtime-tested"
    
        selected.values["set-transition-animation-state"] = ["pack/data/unit.json"]
        transition = module._feature_evidence(
>           "CurDrawableSetTransitionAnimState",
            {"curdrawablesettransitionanimstate": ["typed_visual_graph.py"]},
            selected,
            {"set-transition-animation-state": ["asset_factory.gd"]},
            {"set-transition-animation-state": ["drawable_script_runtime_runner.gd"]},
            aliases=module._EXECUTABLE_SCRIPT_OPERATION_ALIASES[
                "curdrawablesettransitionanimstate"
            ],
        )
E       AssertionError: assert 'curdrawablesettransitionanimstate' not in {'curdrawablehidesubobject': ('hide-sub-object',), 'curdrawableshowsubobject': ('show-sub-object',), 'curdrawableplaysound': ('play-sound', 'audio_intents'), 'curdrawablehidesubobjectpermanently': ('hide-sub-object-permanently',), ...}
E        +  where {'curdrawablehidesubobject': ('hide-sub-object',), 'curdrawableshowsubobject': ('show-sub-object',), 'curdrawableplaysound': ('play-sound', 'audio_intents'), 'curdrawablehidesubobjectpermanently': ('hide-sub-object-permanently',), ...} = <module 'retail_ini_coverage_tool_script_aliases' from 'C:\\Users\\Jonathan\\Desktop\\open-bfme\\tools\\retail-ini-coverage.py'>._EXECUTABLE_SCRIPT_OPERATION_ALIASES

importer\tests\test_retail_ini_coverage.py:488: AssertionError
_ OfficialRotwkMapCorpusTests.test_official_corpus_is_72_maps_split_22_skirmish_50_wotr _

self = <tests.test_rotwk_official_map_corpus.OfficialRotwkMapCorpusTests testMethod=test_official_corpus_is_72_maps_split_22_skirmish_50_wotr>

    def test_official_corpus_is_72_maps_split_22_skirmish_50_wotr(self) -> None:
        targets, rejections = discover_registry_map_targets(
            self.catalog, categories=MAP_SETS["playable"]
        )
        self.assertEqual(len(self.official_mp), 72)
        self.assertEqual(len(targets), 72)
        self.assertEqual(rejections, ())
        categories = {}
        for target in targets:
            categories[target.category] = categories.get(target.category, 0) + 1
>       self.assertEqual(categories, {"skirmish": 22, "wotr-battle": 50})
E       AssertionError: {'skirmish': 32, 'wotr-battle': 40} != {'skirmish': 22, 'wotr-battle': 50}
E       - {'skirmish': 32, 'wotr-battle': 40}
E       ?              ^                  ^
E       
E       + {'skirmish': 22, 'wotr-battle': 50}
E       ?              ^                  ^

importer\tests\test_rotwk_official_map_corpus.py:91: AssertionError
_ InheritanceMarkerRealCorpusTests.test_effective_official_skirmish_inheritance_teams_are_attested _

self = <tests.test_scripts_converter.InheritanceMarkerRealCorpusTests testMethod=test_effective_official_skirmish_inheritance_teams_are_attested>

    def test_effective_official_skirmish_inheritance_teams_are_attested(
        self,
    ) -> None:
        from openbfme_importer.catalog import InstallCatalog
    
        for tree, expected in self.EXPECTED.items():
            catalog = InstallCatalog.load(expected["catalog"])
            stale = catalog.stale_reasons()
            if stale:
                self.skipTest(f"stale {tree} catalog: {stale}")
            targets, rejections = discover_registry_map_targets(catalog)
            map_team_counts: Counter = Counter()
            type_counts: Counter = Counter()
            team_count = 0
            object_count = 0
    
>           self.assertEqual(len(targets), expected["maps"], tree)
E           AssertionError: 16 != 8 : BFME2

importer\tests\test_scripts_converter.py:809: AssertionError
_______ test_retail_rotwk_catalog_emits_all_effective_ship_descriptors ________

>   ???

importer\tests\test_ships_emission.py:140: 
_ _ _ _ _ _ _ _ _ _ _ _ _ _ _ _ _ _ _ _ _ _ _ _ _ _ _ _ _ _ _ _ _ _ _ _ _ _ _ _

.0 = <dict_valueiterator object at 0x0000018EEE1C7920>

>   ???
E   KeyError: 'particleAttachments'

importer\tests\test_ships_emission.py:141: KeyError
____ test_current_selected_rotwk_eowyn_pack_fails_new_prerequisite_closure ____

    def test_current_selected_rotwk_eowyn_pack_fails_new_prerequisite_closure() -> None:
        selection_path = REPO / ".private/content-packs/selection.json"
        if not selection_path.is_file():
            pytest.skip("selected private packs are unavailable")
        selection = json.loads(selection_path.read_text(encoding="utf-8"))
        active = str(selection.get("activePack", ""))
        if not active.startswith("rotwk-men-vslice/"):
            pytest.skip("RotWK Men is not the selected active pack")
        runtime_path = (
            REPO / ".private/content-packs" / active
            / "data/playable-units/rohaneowyn.json"
        )
        runtime = json.loads(runtime_path.read_text(encoding="utf-8"))
        registration = runtime["registration"]
    
>       assert "specialDisguisePresentationPrerequisite" not in registration
E       AssertionError: assert 'specialDisguisePresentationPrerequisite' not in {'abilities': [{'button': {'commandId': 'Command_EowynSmite', 'iconIds': ['HSEowynSmite'], 'labelIds': ['CONTROLBAR:Smite'], 'options': ['NEED_TARGET_ENEMY_OBJECT'], ...}, 'cooldownMs': 60000, 'effect': {'attackRange': 300.0, 'awardXpForTriggering': 0, 'components': [{'constantSourceIni': 'data/ini/gamedata.ini', 'damageType': 'MAGIC', 'expression': 'EOWYN_SMITE_DAMAGE', 'line': 14372, ...}], 'damage': 500, ...}, 'enum': 'SPECIAL_SMITE_CANCELDISGUISE', ...}, {'button': {'commandId': 'Command_MountHorseEowyn', 'iconIds': ['HSTheodenMountDismount'], 'labelIds': ['CONTROLBAR:TheodenMount'], 'options': ['ON_GROUND_ONLY', 'TOGGLE_IMAGE_ON_WEAPONSET'], ...}, 'cooldownMs': 1000, 'effect': {'kind': 'mount-toggle', 'line': 1186, 'mountedLocomotorId': 'HeroHorseLocomotor', 'mountedSpeed': 90, ...}, 'enum': 'SPECIAL_TOGGLE_MOUNTED', ...}, {'button': {'commandId': 'Command_Disguise', 'iconIds': ['HSEowynDisguise'], 'labelIds': ['CONTROLBAR:Disguise'], 'tooltipIds': ['CONTROLBAR:ToolTipDisguise']}, 'cooldownMs': 10000, 'effect': {'deferredBoundaries': ['critical-hit-ordering', 'death-reset-ordering', 'user1-stealth-ordering', 'viewer-perspective'], 'disguiseFxId': 'FX_DisguiseExit', 'forceMou...], ...}, 'primaryMember': {'AnimationSound': [{'id': 'FootstepDirtA', 'line': 967, 'sourceIni': 'data/ini/object/goodfaction/units/men/eowyn.ini'}, {'id': 'FootstepDirtA', 'line': 968, 'sourceIni': 'data/ini/object/goodfaction/units/men/eowyn.ini'}, {'id': 'SwordIntoScabbard1', 'line': 970, 'sourceIni': 'data/ini/object/goodfaction/units/men/eowyn.ini'}, {'id': 'EowynVoiceAttackSmite', 'line': 971, 'sourceIni': 'data/ini/object/goodfaction/units/men/eowyn.ini'}, {'id': 'SwordShingClean1', 'line': 972, 'sourceIni': 'data/ini/object/goodfaction/units/men/eowyn.ini'}, {'id': 'BodyFallGenericNoArmor', 'line': 974, 'sourceIni': 'data/ini/object/goodfaction/units/men/eowyn.ini'}, ...], 'InitiateSound': [{'id': 'EowynVoiceAttackSpear', 'line': 1069, 'sourceIni': 'data/ini/object/goodfaction/units/men/eowyn.ini'}], 'Sound': [{'id': 'EowynVoiceDie', 'line': 1158, 'sourceIni': 'data/ini/object/goodfaction/units/men/eowyn.ini'}], 'SoundImpact': [{'id': 'ImpactHorse', 'line': 938, 'sourceIni': 'data/ini/object/goodfaction/units/men/eowyn.ini'}], ...}, 'weapon': {'FireFX': [{'defaultSet': True, 'fxLine': 7586, 'fxListId': 'FX_GondorSwordHit', 'fxSourceIni': 'data/ini/fxlist.ini', ...}]}}, ...}

importer\tests\test_special_disguise_prerequisite.py:380: AssertionError
_ CommittedCensusProvenanceTests.test_committed_census_dates_itself_and_is_current _

self = <tests.test_w3d_chunk_backlog.CommittedCensusProvenanceTests testMethod=test_committed_census_dates_itself_and_is_current>

    def test_committed_census_dates_itself_and_is_current(self) -> None:
        census = self._census()
        own = census.get("provenance")
        self.assertIsInstance(
            own,
            dict,
            "committed census carries no provenance block: regenerate it "
            "with python -m openbfme_importer.w3d_chunk_backlog",
        )
        current = measurement_fingerprint(CENSUS_MEASUREMENT_MODULE)
        recorded_modules = {
            row["module"]: row["sha256"] for row in own.get("modules", [])
        }
        current_modules = {
            row["module"]: row["sha256"] for row in current["modules"]
        }
        moved = sorted(
            module
            for module in set(recorded_modules) | set(current_modules)
            if recorded_modules.get(module) != current_modules.get(module)
        )
>       self.assertEqual(
            own.get("fingerprintSha256"),
            current["fingerprintSha256"],
            "the committed census predates the census-measurement code now "
            f"on disk (moved modules: {moved}); its figures can no longer "
            "be trusted -- regenerate game/data/retail_w3d_chunk_backlog"
            ".json with python -m openbfme_importer.w3d_chunk_backlog",
        )
E       AssertionError: 'debd2d99b7439eeac714c46f9a68bc0e17042fbdd7a7c066b0d6600c6afbd094' != '166e8bc26b44375414f3d29fe1aeb1fea5b71e6bfc656e6c1d715c61af5eb58e'
E       - debd2d99b7439eeac714c46f9a68bc0e17042fbdd7a7c066b0d6600c6afbd094
E       + 166e8bc26b44375414f3d29fe1aeb1fea5b71e6bfc656e6c1d715c61af5eb58e
E        : the committed census predates the census-measurement code now on disk (moved modules: ['paths']); its figures can no longer be trusted -- regenerate game/data/retail_w3d_chunk_backlog.json with python -m openbfme_importer.w3d_chunk_backlog

importer\tests\test_w3d_chunk_backlog.py:645: AssertionError
_ CommittedCensusProvenanceTests.test_committed_census_decode_corpus_figures_are_dated_fresh _

self = <tests.test_w3d_chunk_backlog.CommittedCensusProvenanceTests testMethod=test_committed_census_decode_corpus_figures_are_dated_fresh>

    def test_committed_census_decode_corpus_figures_are_dated_fresh(
        self,
    ) -> None:
        census = self._census()
        corpus = census.get("corpus")
        self.assertIsInstance(corpus, dict)
        decode = corpus.get("decodeCorpus")
        self.assertIsInstance(
            decode,
            dict,
            "committed census republishes no decode-corpus section; if that "
            "is intentional, update this test with the reasoning",
        )
        verdict = decode.get("provenance")
        self.assertIsInstance(
            verdict,
            dict,
            "committed census republishes decode-corpus figures it cannot "
            "date: regenerate the stored decode-corpus report with python "
            "-m openbfme_importer.w3d_decode_corpus_report and rebuild the "
            "census",
        )
        self.assertEqual(
            verdict.get("status"),
            "fresh",
            "the committed census knowingly republishes STALE decode-corpus "
            f"figures (stale modules: {verdict.get('staleModules')}); "
            "regenerate the stored report and rebuild the census",
        )
        current = measurement_fingerprint(DECODE_CORPUS_MEASUREMENT_MODULE)
>       self.assertEqual(
            verdict.get("currentFingerprintSha256"),
            current["fingerprintSha256"],
            "the decode-measurement code moved after the committed census "
            "was generated; the stored decode-corpus report (and then the "
            "census) must be regenerated before its figures are trusted",
        )
E       AssertionError: '9513ce227a7833c87ff7e863b204ff99eafe4c1edd60c82cd6f7ffabd57fd295' != '36592e0a8c2b4502beb063053c59e757fce408b743ba57007d3fa95eaefe43dd'
E       - 9513ce227a7833c87ff7e863b204ff99eafe4c1edd60c82cd6f7ffabd57fd295
E       + 36592e0a8c2b4502beb063053c59e757fce408b743ba57007d3fa95eaefe43dd
E        : the decode-measurement code moved after the committed census was generated; the stored decode-corpus report (and then the census) must be regenerated before its figures are trusted

importer\tests\test_w3d_chunk_backlog.py:684: AssertionError
============================== warnings summary ===============================
importer/tests/test_interface_art_lane.py::test_emit_writes_exact_pixels_and_a_consumable_index
importer/tests/test_interface_art_lane.py::test_emit_writes_exact_pixels_and_a_consumable_index
  C:\Users\Jonathan\Desktop\open-bfme\importer\tests\test_interface_art_lane.py:88: DeprecationWarning: Image.Image.getdata is deprecated and will be removed in Pillow 14 (2027-10-15). Use get_flattened_data instead.
    assert list(cropped.convert("RGBA").getdata()) == list(expected.getdata())

-- Docs: https://docs.pytest.org/en/stable/how-to/capture-warnings.html
=========================== short test summary info ===========================
FAILED importer/tests/test_castle_fixtures.py::test_admission_compiles_gate_health_armor_geometry_and_modules
FAILED importer/tests/test_castle_fixtures.py::test_admission_resolves_health_macros_and_child_objects
FAILED importer/tests/test_castle_fixtures.py::test_fixtures_roles_and_exclusions
FAILED importer/tests/test_castle_fixtures.py::test_fixtures_capabilities_are_the_v2_requirement_set
FAILED importer/tests/test_castle_fixtures.py::test_gate_fixture_carries_module_block_and_named_geometries
FAILED importer/tests/test_castle_fixtures.py::test_garrison_fixture_carries_contain_block
FAILED importer/tests/test_castle_fixtures.py::test_fixtures_carry_type_contracts_and_placement_properties
FAILED importer/tests/test_castle_fixtures.py::test_validate_accepts_builder_output
FAILED importer/tests/test_castle_fixtures.py::test_validate_refuses_malformed_documents[<lambda>-schema0]
FAILED importer/tests/test_castle_fixtures.py::test_validate_refuses_malformed_documents[<lambda>-schema1]
FAILED importer/tests/test_castle_fixtures.py::test_validate_refuses_malformed_documents[<lambda>-capabilit]
FAILED importer/tests/test_castle_fixtures.py::test_validate_refuses_malformed_documents[<lambda>-unknown castle capability]
FAILED importer/tests/test_castle_fixtures.py::test_validate_refuses_malformed_documents[<lambda>-canonical order]
FAILED importer/tests/test_castle_fixtures.py::test_validate_refuses_malformed_documents[<lambda>-count]
FAILED importer/tests/test_castle_fixtures.py::test_validate_refuses_malformed_documents[<lambda>-role]
FAILED importer/tests/test_castle_fixtures.py::test_validate_refuses_malformed_documents[<lambda>-typeName]
FAILED importer/tests/test_castle_fixtures.py::test_validate_refuses_malformed_documents[<lambda>-duplicate]
FAILED importer/tests/test_castle_fixtures.py::test_validate_refuses_malformed_documents[<lambda>-originalOwner]
FAILED importer/tests/test_castle_fixtures.py::test_validate_refuses_malformed_documents[<lambda>-maxHealth]
FAILED importer/tests/test_castle_fixtures.py::test_validate_refuses_malformed_documents[<lambda>-armor]
FAILED importer/tests/test_castle_fixtures.py::test_validate_refuses_malformed_documents[<lambda>-geometries]
FAILED importer/tests/test_castle_fixtures.py::test_validate_refuses_malformed_documents[<lambda>-containMax]
FAILED importer/tests/test_castle_fixtures.py::test_validate_refuses_malformed_documents[<lambda>-garrison]
FAILED importer/tests/test_castle_fixtures.py::test_convert_sage_map_emits_fixtures_document
FAILED importer/tests/test_castle_fixtures.py::test_convert_sage_map_refuses_malformed_fixtures
FAILED importer/tests/test_cli_module_entrypoint.py::test_module_invocation_help_runs_main
FAILED importer/tests/test_cli_neutral_mob_catalog.py::test_cli_recipe_assets_root_compiles_all_neutral_domains
FAILED importer/tests/test_cli_ship_catalog.py::test_cli_routes_buildable_and_scenario_ships_through_recipe_pipeline
FAILED importer/tests/test_hero_catalog.py::test_effective_retail_direct_hero_family_is_completely_accounted_for[bfme2.json-bfme2-113]
FAILED importer/tests/test_hero_catalog.py::test_effective_retail_direct_hero_family_is_completely_accounted_for[rotwk-layered.json-rotwk-139]
FAILED importer/tests/test_module_census.py::test_committed_census_statuses_match_current_importer_source
FAILED importer/tests/test_module_census.py::test_retail_regeneration_is_byte_identical_to_committed_census
FAILED importer/tests/test_module_contracts_batch.py::test_opaque_and_typed_sets_disjoint
FAILED importer/tests/test_module_runtime_evidence_gate.py::test_manifest_is_exactly_the_executable_evidence_registry
FAILED importer/tests/test_module_runtime_evidence_gate.py::test_gate_runs_every_dynamic_runner_and_fails_closed
FAILED importer/tests/test_module_runtime_evidence_gate.py::test_retail_gate_invokes_the_module_runtime_evidence_gate
FAILED importer/tests/test_neutral_mob_catalog.py::test_effective_retail_neutral_mob_family_is_completely_accounted_for[bfme2.json-bfme2-69-expected_domains0-37]
FAILED importer/tests/test_neutral_mob_catalog.py::test_effective_retail_neutral_mob_family_is_completely_accounted_for[rotwk-layered.json-rotwk-83-expected_domains1-60]
FAILED importer/tests/test_neutral_mob_catalog.py::test_rotwk_canonical_effective_assets_preserve_exact_domains_and_prop_ids
FAILED importer/tests/test_playable_unit_death_model.py::test_unaffected_recipes_stay_byte_identical[InfantryHorde-False]
FAILED importer/tests/test_playable_unit_death_model.py::test_unaffected_recipes_stay_byte_identical[SiegeUnit-True]
FAILED importer/tests/test_playable_unit_import.py::test_effective_bfme2_neutral_recipe_blockers_are_closed
FAILED importer/tests/test_retail_ini_coverage.py::test_drawable_script_aliases_promote_only_executable_operations
FAILED importer/tests/test_rotwk_official_map_corpus.py::OfficialRotwkMapCorpusTests::test_official_corpus_is_72_maps_split_22_skirmish_50_wotr
FAILED importer/tests/test_scripts_converter.py::InheritanceMarkerRealCorpusTests::test_effective_official_skirmish_inheritance_teams_are_attested
FAILED importer/tests/test_ships_emission.py::test_retail_rotwk_catalog_emits_all_effective_ship_descriptors
FAILED importer/tests/test_special_disguise_prerequisite.py::test_current_selected_rotwk_eowyn_pack_fails_new_prerequisite_closure
FAILED importer/tests/test_w3d_chunk_backlog.py::CommittedCensusProvenanceTests::test_committed_census_dates_itself_and_is_current
FAILED importer/tests/test_w3d_chunk_backlog.py::CommittedCensusProvenanceTests::test_committed_census_decode_corpus_figures_are_dated_fresh
ERROR importer/tests/test_castle_fixtures_oracle.py::test_erebor_emits_one_gate_fixture_with_authored_contract
ERROR importer/tests/test_castle_fixtures_oracle.py::test_erebor_emits_six_garrison_fixtures_with_contain_max_3
ERROR importer/tests/test_castle_fixtures_oracle.py::test_every_castle_map_fixtures_validate_and_match_the_matrix[maps/map wor ang carn dum/map wor ang carn dum.map]
ERROR importer/tests/test_castle_fixtures_oracle.py::test_every_castle_map_fixtures_validate_and_match_the_matrix[maps/map wor ang fornost/map wor ang fornost.map]
ERROR importer/tests/test_castle_fixtures_oracle.py::test_every_castle_map_fixtures_validate_and_match_the_matrix[maps/map wor black gate/map wor black gate.map]
ERROR importer/tests/test_castle_fixtures_oracle.py::test_every_castle_map_fixtures_validate_and_match_the_matrix[maps/map wor dol guldur/map wor dol guldur.map]
ERROR importer/tests/test_castle_fixtures_oracle.py::test_every_castle_map_fixtures_validate_and_match_the_matrix[maps/map wor erebor/map wor erebor.map]
ERROR importer/tests/test_castle_fixtures_oracle.py::test_every_castle_map_fixtures_validate_and_match_the_matrix[maps/map wor grey havens/map wor grey havens.map]
ERROR importer/tests/test_castle_fixtures_oracle.py::test_every_castle_map_fixtures_validate_and_match_the_matrix[maps/map wor helms deep/map wor helms deep.map]
ERROR importer/tests/test_castle_fixtures_oracle.py::test_every_castle_map_fixtures_validate_and_match_the_matrix[maps/map wor isengard/map wor isengard.map]
ERROR importer/tests/test_castle_fixtures_oracle.py::test_every_castle_map_fixtures_validate_and_match_the_matrix[maps/map wor minas morgul/map wor minas morgul.map]
ERROR importer/tests/test_castle_fixtures_oracle.py::test_every_castle_map_fixtures_validate_and_match_the_matrix[maps/map wor minas tirith/map wor minas tirith.map]
ERROR importer/tests/test_castle_fixtures_oracle.py::test_fixture_seed_disposition_matches_oracle[maps/map wor ang carn dum/map wor ang carn dum.map]
ERROR importer/tests/test_castle_fixtures_oracle.py::test_fixture_seed_disposition_matches_oracle[maps/map wor ang fornost/map wor ang fornost.map]
ERROR importer/tests/test_castle_fixtures_oracle.py::test_fixture_seed_disposition_matches_oracle[maps/map wor black gate/map wor black gate.map]
ERROR importer/tests/test_castle_fixtures_oracle.py::test_fixture_seed_disposition_matches_oracle[maps/map wor dol guldur/map wor dol guldur.map]
ERROR importer/tests/test_castle_fixtures_oracle.py::test_fixture_seed_disposition_matches_oracle[maps/map wor erebor/map wor erebor.map]
ERROR importer/tests/test_castle_fixtures_oracle.py::test_fixture_seed_disposition_matches_oracle[maps/map wor grey havens/map wor grey havens.map]
ERROR importer/tests/test_castle_fixtures_oracle.py::test_fixture_seed_disposition_matches_oracle[maps/map wor helms deep/map wor helms deep.map]
ERROR importer/tests/test_castle_fixtures_oracle.py::test_fixture_seed_disposition_matches_oracle[maps/map wor isengard/map wor isengard.map]
ERROR importer/tests/test_castle_fixtures_oracle.py::test_fixture_seed_disposition_matches_oracle[maps/map wor minas morgul/map wor minas morgul.map]
ERROR importer/tests/test_castle_fixtures_oracle.py::test_fixture_seed_disposition_matches_oracle[maps/map wor minas tirith/map wor minas tirith.map]
ERROR importer/tests/test_castle_fixtures_oracle.py::test_cooked_erebor_bindings_classify_seeded_types_as_lifecycle_structures
= 49 failed, 3560 passed, 17 skipped, 2 warnings, 23 errors, 972 subtests passed in 3723.96s (1:02:03) =
