Godot Engine v4.7.stable.official.5b4e0cb0f - https://godotengine.org

[ModLoader] content source=workspace active=C:/Users/Jonathan/Desktop/open-bfme/.private/content-packs/rotwk-men-vslice/da68d2a8f00905e4d4c73b562eabf7581e281991eba805f83560e108df244981
[ContentDB] interface-art: 915 images from C:/Users/Jonathan/Desktop/open-bfme/.private/content-packs/bfme2-men-vslice/add586a4e0fa044cd3f95ad03785c05e455d6797dda161d22417399b105c3eeb/data/interface-art/index.json
[ContentDB] interface-art: 1115 images from C:/Users/Jonathan/Desktop/open-bfme/.private/content-packs/rotwk-men-vslice/da68d2a8f00905e4d4c73b562eabf7581e281991eba805f83560e108df244981/data/interface-art/index.json
[ContentDB] legacy-demo: packs=21 units=33 buildings=42 factions=4 powers=10 research=7 maps=4
[ContentDB] playable: factions=7 (angmar, dwarves, elves, isengard, men, mordor, wild) units=137 structures=148 skipped_units=0
[RetailSliceSim] structure armor: kind 'farm' has no compiled armor.ini table; structure damage uses the recorded provisional scalar 0.25
[RetailSliceSim] structure armor: kind 'barracks' has no compiled armor.ini table; structure damage uses the recorded provisional scalar 0.25
[RetailSliceSim] structure armor: kind 'archery_range' has no compiled armor.ini table; structure damage uses the recorded provisional scalar 0.25
[RetailSliceSim] structure armor: kind 'stable' has no compiled armor.ini table; structure damage uses the recorded provisional scalar 0.25
[RetailSliceSim] structure armor: kind 'farm' has no compiled armor.ini table; structure damage uses the recorded provisional scalar 0.25
[RetailSliceSim] structure armor: kind 'barracks' has no compiled armor.ini table; structure damage uses the recorded provisional scalar 0.25
[RetailSliceSim] structure armor: kind 'archery_range' has no compiled armor.ini table; structure damage uses the recorded provisional scalar 0.25
[RetailSliceSim] structure armor: kind 'stable' has no compiled armor.ini table; structure damage uses the recorded provisional scalar 0.25
[RetailSliceSim] structure armor: kind 'farm' has no compiled armor.ini table; structure damage uses the recorded provisional scalar 0.25
[RetailSliceSim] structure armor: kind 'barracks' has no compiled armor.ini table; structure damage uses the recorded provisional scalar 0.25
[RetailSliceSim] structure armor: kind 'archery_range' has no compiled armor.ini table; structure damage uses the recorded provisional scalar 0.25
[RetailSliceSim] structure armor: kind 'stable' has no compiled armor.ini table; structure damage uses the recorded provisional scalar 0.25
[RetailSliceSim] structure armor: kind 'farm' has no compiled armor.ini table; structure damage uses the recorded provisional scalar 0.25
[RetailSliceSim] structure armor: kind 'barracks' has no compiled armor.ini table; structure damage uses the recorded provisional scalar 0.25
[RetailSliceSim] structure armor: kind 'archery_range' has no compiled armor.ini table; structure damage uses the recorded provisional scalar 0.25
[RetailSliceSim] structure armor: kind 'stable' has no compiled armor.ini table; structure damage uses the recorded provisional scalar 0.25
[RetailSliceSim] structure armor: kind 'farm' has no compiled armor.ini table; structure damage uses the recorded provisional scalar 0.25
[RetailSliceSim] structure armor: kind 'barracks' has no compiled armor.ini table; structure damage uses the recorded provisional scalar 0.25
[RetailSliceSim] structure armor: kind 'archery_range' has no compiled armor.ini table; structure damage uses the recorded provisional scalar 0.25
[RetailSliceSim] structure armor: kind 'stable' has no compiled armor.ini table; structure damage uses the recorded provisional scalar 0.25
[RetailSliceSim] structure armor: kind 'farm' has no compiled armor.ini table; structure damage uses the recorded provisional scalar 0.25
[RetailSliceSim] structure armor: kind 'barracks' has no compiled armor.ini table; structure damage uses the recorded provisional scalar 0.25
[RetailSliceSim] structure armor: kind 'archery_range' has no compiled armor.ini table; structure damage uses the recorded provisional scalar 0.25
[RetailSliceSim] structure armor: kind 'stable' has no compiled armor.ini table; structure damage uses the recorded provisional scalar 0.25
DYNAMIC_PORTAL_RUNTIME_RESULT passed=25 failed=0
