Godot Engine v4.7.stable.official.5b4e0cb0f - https://godotengine.org

[   0% ] first_scan_filesystem | Started Project initialization (5 steps)
[   0% ] first_scan_filesystem | Scanning file structure...
[  16% ] first_scan_filesystem | Loading global class names...
[  33% ] first_scan_filesystem | Verifying GDExtensions...
[  50% ] first_scan_filesystem | Creating autoload scripts...
[  66% ] first_scan_filesystem | Initializing plugins...
[  83% ] first_scan_filesystem | Starting file scan...
[ DONE ] first_scan_filesystem

[   0% ] update_scripts_classes | Started Registering global classes... (10 steps)
[   0% ] update_scripts_classes | RetailFactionManifest
[   9% ] update_scripts_classes | RetailSliceScriptWorld
[  18% ] update_scripts_classes | RetailSliceSim
[  27% ] update_scripts_classes | 
[  36% ] update_scripts_classes | SageScriptExecutor
[  45% ] update_scripts_classes | 
[  54% ] update_scripts_classes | 
[  63% ] update_scripts_classes | 
[  72% ] update_scripts_classes | 
[  81% ] update_scripts_classes | 
[ DONE ] update_scripts_classes

[   0% ] _update_scan_actions | Started Scanning actions... (12 steps)
[   0% ] _update_scan_actions | archery.glb
[   7% ] _update_scan_actions | barracks.glb
[  15% ] _update_scan_actions | elvenbarracks.glb
[  23% ] _update_scan_actions | farm.glb
[  30% ] _update_scan_actions | goblinden.glb
[  38% ] _update_scan_actions | lumbermill.glb
[  46% ] _update_scan_actions | mallorntree.glb
[  53% ] _update_scan_actions | mineshaft.glb
[  61% ] _update_scan_actions | orcpit.glb
[  69% ] _update_scan_actions | stables.glb
[  76% ] _update_scan_actions | wargpen.glb
[  84% ] _update_scan_actions | workshop.glb
[ DONE ] _update_scan_actions

[   0% ] loading_editor_layout | Started Loading editor (5 steps)
[   0% ] loading_editor_layout | Loading editor layout...
[  16% ] loading_editor_layout | Loading docks...
[  33% ] loading_editor_layout | Reopening scenes...
[  50% ] loading_editor_layout | Loading central editor layout...
[  66% ] loading_editor_layout | Loading plugin window layout...
[  83% ] loading_editor_layout | Editor layout ready.
[ DONE ] loading_editor_layout

